
Input file             : ES_CPI_m10.inp
Output file            : ES_CPI_m10.out
Estimation method      : exact maximum likelihood
Check for invertibility: constrained search

Observations: 216.
Parameters  : 13.

**** GRADIENT STOPPING CRITERIUM SATISFIED TO WITHIN TOLERANCE LIMITS
**** CONVERGENCE OBTAINED AFTER 9 ITERATIONS [GRADIENT NORM = 0.0000]

Omegas for deterministic variable 1:
     -0.161111  (0.095522) [ 1]
Omegas for deterministic variable 2:
     -0.166262  (0.096189) [ 2]
Omegas for deterministic variable 3:
      0.289306  (0.080039) [ 3]
Omegas for deterministic variable 4:
     -0.577289  (0.082032) [ 4]
Omegas for deterministic variable 5:
      0.086116  (0.072239) [ 5]
Omegas for deterministic variable 6:
     -0.033312  (0.065226) [ 6]
Omegas for deterministic variable 7:
      0.058589  (0.011301) [ 7]
Omegas for deterministic variable 8:
     -0.017333  (0.011267) [ 8]
Omegas for deterministic variable 9:
     -0.002610  (0.009769) [ 9]
Omegas for deterministic variable 10:
      0.011549  (0.010512) [10]
Omegas for deterministic variable 11:
      0.114945  (0.006097) [11]
Coefficients for regular AR factor 1:
      0.402839  (0.062333) [12]
Mean parameter (mu):
      0.154472  (0.073304) [13]

Box-Cox lambda     :  0.0
Seasonal period    : 12
Regular differences:  1
Annual differences :  0
Irreducible factors:  0 0 0 0 0 0 0

Coefficients of the non-stationary operator: 
  u[ 1]     =    1.0000000000
Coefficients of the Autoregressive operator: 
  phi[ 1]   =    0.4028388964
Coefficients of the Moving-Average operator: 

Transformed-Differenced-Stochastic series: 
  w[  1]    =    0.1902442314
  w[  2]    =    0.4230517785
  w[  3]    =    0.4424502391
  w[  4]    =    0.2569599312
  w[  5]    =    0.0065007777
  w[  6]    =    0.1095045426
  w[  7]    =    0.2422988911
  w[  8]    =    0.3763978642
  w[  9]    =    0.3480626330
  w[ 10]    =    0.0791712522
  w[ 11]    =    0.4344304047
  w[ 12]    =    0.7347472586
  w[ 13]    =    0.3166758060
  w[ 14]    =    0.2919154824
  w[ 15]    =   -0.0965944519
  w[ 16]    =   -0.1941007284
  w[ 17]    =    0.0677461259
  w[ 18]    =    0.1786018617
  w[ 19]    =    0.4125189908
  w[ 20]    =    0.2994485828
  w[ 21]    =    0.0356051998
  w[ 22]    =    0.2494124222
  w[ 23]    =    0.2742282137
  w[ 24]    =    0.4439359643
  w[ 25]    =    0.1499627545
  w[ 26]    =    0.2966448844
  w[ 27]    =    0.4523531572
  w[ 28]    =    0.4871946035
  w[ 29]    =    0.1592142020
  w[ 30]    =    0.0459767601
  w[ 31]    =    0.3961181357
  w[ 32]    =    0.1805446831
  w[ 33]    =    0.3865256202
  w[ 34]    =    0.1718323250
  w[ 35]    =    0.0063100331
  w[ 36]    =    0.3010919698
  w[ 37]    =    0.3631347374
  w[ 38]    =    0.3885956159
  w[ 39]    =    0.5235234421
  w[ 40]    =    0.0891719555
  w[ 41]    =    0.2347404647
  w[ 42]    =    0.1925564369
  w[ 43]    =    0.3942444903
  w[ 44]    =    0.6141026739
  w[ 45]    =    0.1737690445
  w[ 46]    =    0.0739438735
  w[ 47]    =    0.3181042925
  w[ 48]    =    0.7420335919
  w[ 49]    =    0.1512372007
  w[ 50]    =    0.3067190759
  w[ 51]    =    0.4937613028
  w[ 52]    =    0.2571192204
  w[ 53]    =    0.1529792395
  w[ 54]    =    0.2101002596
  w[ 55]    =    0.1601025178
  w[ 56]    =   -0.1629344757
  w[ 57]    =   -0.2258526932
  w[ 58]    =    0.1691622100
  w[ 59]    =    0.3779219578
  w[ 60]    =    0.4727431019
  w[ 61]    =    0.1720022245
  w[ 62]    =    0.3567683960
  w[ 63]    =    0.4645934419
  w[ 64]    =    0.1717341467
  w[ 65]    =    0.1850503878
  w[ 66]    =    0.0780785043
  w[ 67]    =    0.0912911531
  w[ 68]    =    0.3306090768
  w[ 69]    =    0.6509359431
  w[ 70]    =    0.6381436298
  w[ 71]    =    0.5217323651
  w[ 72]    =    0.5267626611
  w[ 73]    =    0.2586748364
  w[ 74]    =    0.4846988421
  w[ 75]    =    0.1636199115
  w[ 76]    =    0.5713468217
  w[ 77]    =    0.5757112753
  w[ 78]    =    0.3253954077
  w[ 79]    =   -0.2597569736
  w[ 80]    =   -0.0181610307
  w[ 81]    =   -0.2932515690
  w[ 82]    =   -0.5016112333
  w[ 83]    =   -0.4107923195
  w[ 84]    =   -0.0928583597
  w[ 85]    =    0.1145323370
  w[ 86]    =   -0.2351448105
  w[ 87]    =    0.0654836131
  w[ 88]    =   -0.1377438316
  w[ 89]    =    0.4413497870
  w[ 90]    =   -0.0497155361
  w[ 91]    =    0.3036263565
  w[ 92]    =   -0.2343452051
  w[ 93]    =    0.0747484710
  w[ 94]    =    0.4632955630
  w[ 95]    =    0.0776891148
  w[ 96]    =    0.1398763392
  w[ 97]    =   -0.0781610039
  w[ 98]    =    0.3392006175
  w[ 99]    =    0.1521037521
  w[100]    =    0.1208460484
  w[101]    =    0.1794812188
  w[102]    =    0.3588608135
  w[103]    =    0.2067089060
  w[104]    =    0.0710928173
  w[105]    =    0.2740496355
  w[106]    =    0.4643137949
  w[107]    =    0.7157762191
  w[108]    =    0.4131084890
  w[109]    =    0.2311079791
  w[110]    =    0.3453859512
  w[111]    =    0.3294685020
  w[112]    =   -0.1346304632
  w[113]    =   -0.1393581991
  w[114]    =    0.2677876386
  w[115]    =    0.0799682849
  w[116]    =    0.2457989288
  w[117]    =    0.1491935749
  w[118]    =    0.3284338139
  w[119]    =    0.2339585694
  w[120]    =    0.0408516960
  w[121]    =    0.2077556666
  w[122]    =    0.2714921220
  w[123]    =    0.4880428167
  w[124]    =   -0.2502673041
  w[125]    =   -0.1853420621
  w[126]    =    0.5736237620
  w[127]    =    0.5162210524
  w[128]    =    0.9819696297
  w[129]    =    0.2099218335
  w[130]    =   -0.2010301852
  w[131]    =    0.1738133603
  w[132]    =   -0.1388471461
  w[133]    =    0.2773630928
  w[134]    =   -0.0480762351
  w[135]    =   -0.5335157648
  w[136]    =    0.0816514902
  w[137]    =    0.1497462542
  w[138]    =    0.2898362107
  w[139]    =    0.2652622954
  w[140]    =   -0.1853018520
  w[141]    =   -0.2300014759
  w[142]    =    0.1312957915
  w[143]    =    0.1924214132
  w[144]    =   -0.1913755490
  w[145]    =    0.0602965583
  w[146]    =   -0.1757901843
  w[147]    =   -0.0209804162
  w[148]    =   -0.0794642018
  w[149]    =    0.0291181543
  w[150]    =   -0.1379877400
  w[151]    =    0.1134930124
  w[152]    =    0.1551168114
  w[153]    =   -0.1715730903
  w[154]    =   -0.1459436689
  w[155]    =   -0.4814732819
  w[156]    =   -0.4725136286
  w[157]    =    0.3088373044
  w[158]    =    0.2378193363
  w[159]    =    0.0076421985
  w[160]    =    0.3741441823
  w[161]    =    0.2688581782
  w[162]    =   -0.1260650313
  w[163]    =   -0.3766599184
  w[164]    =   -0.3066486123
  w[165]    =    0.0022212786
  w[166]    =    0.2894099663
  w[167]    =   -0.1893438997
  w[168]    =   -0.7785034694
  w[169]    =   -0.2503478235
  w[170]    =    0.2406500985
  w[171]    =   -0.2090022525
  w[172]    =    0.4426982643
  w[173]    =    0.4637516430
  w[174]    =    0.0766443949
  w[175]    =    0.0838261823
  w[176]    =    0.0073701440
  w[177]    =    0.4999605824
  w[178]    =    0.2844387727
  w[179]    =    0.6952921687
  w[180]    =    0.5960191150
  w[181]    =   -0.2576952567
  w[182]    =   -0.4189409935
  w[183]    =    0.0483329546
  w[184]    =   -0.1617992232
  w[185]    =    0.0450963601
  w[186]    =    0.1138707280
  w[187]    =    0.1544440011
  w[188]    =    0.1760001515
  w[189]    =    0.2823195972
  w[190]    =    0.3786768749
  w[191]    =    0.1490970210
  w[192]    =    0.0634506924
  w[193]    =    0.2377379477
  w[194]    =   -0.2808434467
  w[195]    =   -0.0836499750
  w[196]    =    0.7951275969
  w[197]    =    0.2622990527
  w[198]    =    0.0876679382
  w[199]    =    0.0974531852
  w[200]    =    0.2467938026
  w[201]    =    0.2838789433
  w[202]    =   -0.1869842113
  w[203]    =   -0.3456122672
  w[204]    =   -0.1392297421
  w[205]    =    0.3471440276
  w[206]    =   -0.0355964254
  w[207]    =    0.0961011104
  w[208]    =    0.0918006265
  w[209]    =   -0.1159517352
  w[210]    =    0.1859019754
  w[211]    =   -0.1007415652
  w[212]    =    0.0022859355
  w[213]    =    0.3290455631
  w[214]    =    0.0921948824
  w[215]    =    0.0311349724

sigma2:   0.0626657397 (   0.0060440206)
sigma :   0.2503312600
logelf:  -7.3917271423

Selection Model Criterium:
Hannan-Quinn =  -2.74
Schwarz   =  -2.67

Estimated covariance matrix:

x[ 1] ->  0.009124403
x[ 2] ->  0.000094318  0.009252279
x[ 3] ->  0.000724249 -0.000376367  0.006406314
x[ 4] ->  0.000622160 -0.000323375 -0.002727743  0.006729293
x[ 5] ->  0.000385506 -0.000209057 -0.000373699 -0.000404050  0.005218412
x[ 6] ->  0.000342087 -0.000169779 -0.000429178 -0.000340413  0.004457479  0.004254474
x[ 7] -> -0.000005789 -0.000005817 -0.000012557 -0.000058439 -0.000085976 -0.000078576  0.000127710
x[ 8] ->  0.000011339  0.000001287  0.000017912  0.000040059  0.000096073  0.000086738 -0.000003441  0.000126954
x[ 9] ->  0.000008761 -0.000014354  0.000138897  0.000070218  0.000082051  0.000067892 -0.000003498  0.000003713  0.000095436
x[10] ->  0.000007735 -0.000001625  0.000176673  0.000157258  0.000132357  0.000114512 -0.000008010  0.000007380  0.000016486  0.000110506
x[11] ->  0.000001988 -0.000005925  0.000013562 -0.000009722  0.000002281  0.000000689  0.000000563 -0.000000291  0.000000858  0.000000185  0.000037176
x[12] -> -0.000034960  0.000026663 -0.000150279 -0.000116399 -0.000091297 -0.000079815  0.000007197 -0.000004857 -0.000011774 -0.000019936  0.000000120  0.003885345
x[13] -> -0.000826246  0.000434131 -0.002618523 -0.002528143 -0.000312160 -0.000210891  0.000078304 -0.000068476 -0.000206898 -0.000325316 -0.000005215  0.000253729  0.005373522


Estimated correlation matrix:

x[ 1] ->  1.00
x[ 2] ->  0.01  1.00
x[ 3] ->  0.09 -0.05  1.00
x[ 4] ->  0.08 -0.04 -0.42  1.00
x[ 5] ->  0.06 -0.03 -0.06 -0.07  1.00
x[ 6] ->  0.05 -0.03 -0.08 -0.06  0.95  1.00
x[ 7] -> -0.01 -0.01 -0.01 -0.06 -0.11 -0.11  1.00
x[ 8] ->  0.01  0.00  0.02  0.04  0.12  0.12 -0.03  1.00
x[ 9] ->  0.01 -0.02  0.18  0.09  0.12  0.11 -0.03  0.03  1.00
x[10] ->  0.01 -0.00  0.21  0.18  0.17  0.17 -0.07  0.06  0.16  1.00
x[11] ->  0.00 -0.01  0.03 -0.02  0.01  0.00  0.01 -0.00  0.01  0.00  1.00
x[12] -> -0.01  0.00 -0.03 -0.02 -0.02 -0.02  0.01 -0.01 -0.02 -0.03  0.00  1.00
x[13] -> -0.12  0.06 -0.45 -0.42 -0.06 -0.04  0.09 -0.08 -0.29 -0.42 -0.01  0.06  1.00

Correlations greater than or equal to 0.7 in absolute value:

corr[ 6][ 5] =  0.95

Unconditional residuals (seasonal period: 12)
215 observations: from 2/2002 to 12/2019

                  Mean:          -0.000094
Standard error of mean:           0.017072
              Variance:           0.062665
    Standard deviation:           0.250330
              Skewness:          -0.135008
              Kurtosis:           0.111421
           Jarque-Bera:           0.746577
               Minimum:          -0.794473 at  1/2016 (observation 168)
               Maximum:           0.736581 at  5/2018 (observation 196)

Standardized time series plot (original values on right-side column):

              -3      -2      -1       0      +1      +2      +3  
-------------+-+-------+-------+-------+-------+-------+-------+-+--------------
   1  2/2002 |         :       :       |*      :       :         |  0.0299673698
   2  3/2002 |         :       :       |       *       :         |  0.2541694938
   3  4/2002 |         :       :       |     * :       :         |  0.1797840191
   4  5/2002 |         :       :       *       :       :         | -0.0135207432
   5  6/2002 |         :       : *     |       :       :         | -0.1892571858
   6  7/2002 |         :       :       *       :       :         |  0.0146412681
   7  8/2002 |         :       :       |  *    :       :         |  0.1059416936
   8  9/2002 |         :       :       |     * :       :         |  0.1865459379
   9 10/2002 |         :       :       |  *    :       :         |  0.1041904243
  10 11/2002 |         :       :  *    |       :       :         | -0.1532864231
  11 12/2002 +         :       :       |       : *     :         +  0.3102926365
  12  1/2003 |         :       :       |       :      *:         |  0.4674972853
  13  2/2003 |         :       :     * |       :       :         | -0.0715534772
  14  3/2003 |         :       :       | *     :       :         |  0.0721016418
  15  4/2003 |         :     * :       |       :       :         | -0.3064338711
  16  5/2003 |         :       *       |       :       :         | -0.2474332344
  17  6/2003 |         :       :       | *     :       :         |  0.0536929408
  18  7/2003 |         :       :       | *     :       :         |  0.0590665787
  19  8/2003 |         :       :       |       *       :         |  0.2483267055
  20  9/2003 |         :       :       |*      :       :         |  0.0410253794
  21 10/2003 |         :       : *     |       :       :         | -0.1772688453
  22 11/2003 |         :       :       |   *   :       :         |  0.1428247544
  23 12/2003 +         :       :       |  *    :       :         +  0.0815106804
  24  1/2004 |         :       :       |       *       :         |  0.2412216649
  25  2/2004 |         :       :   *   |       :       :         | -0.1211164278
  26  3/2004 |         :       :       |    *  :       :         |  0.1439895455
  27  4/2004 |         :       :       |       *       :         |  0.2406085509
  28  5/2004 |         :       :       |      *:       :         |  0.2127246485
  29  6/2004 |         :       :   *   |       :       :         | -0.1292912429
  30  7/2004 |         :       :    *  |       :       :         | -0.1104054217
  31  8/2004 |         :       :       |       :*      :         |  0.2853524000
  32  9/2004 |         :       :     * |       :       :         | -0.0712716180
  33 10/2004 |         :       :       |      *:       :         |  0.2215506909
  34 11/2004 |         :       :     * |       :       :         | -0.0761197377
  35 12/2004 +         :       :  *    |       :       :         + -0.1551552195
  36  1/2005 |         :       :       |     * :       :         |  0.2063055347
  37  2/2005 |         :       :       |    *  :       :         |  0.1495986721
  38  3/2005 |         :       :       |    *  :       :         |  0.1500663106
  39  4/2005 |         :       :       |       :*      :         |  0.2747375047
  40  5/2005 |         :       :*      |       :       :         | -0.2139681585
  41  6/2005 |         :       :       |  *    :       :         |  0.1065740242
  42  7/2005 |         :       :       *       :       :         |  0.0057493387
  43  8/2005 |         :       :       |      *:       :         |  0.2244307594
  44  9/2005 |         :       :       |       :  *    :         |  0.3630411501
  45 10/2005 |         :       :  *    |       :       :         | -0.1658599074
  46 11/2005 |         :       :    *  |       :       :         | -0.0883015651
  47 12/2005 +         :       :       |     * :       :         +  0.1960723157
  48  1/2006@|         :       :       |       :       *         |@ 0.5216443014
  49  2/2006 |         :       *       |       :       :         | -0.2399273010
  50  3/2006 |         :       :       |    *  :       :         |  0.1535503405
  51  4/2006 |         :       :       |       :*      :         |  0.2779584204
  52  5/2006 |         :       :      *|       :       :         | -0.0340315463
  53  6/2006 |         :       :      *|       :       :         | -0.0428428919
  54  7/2006 |         :       :       | *     :       :         |  0.0562297632
  55  8/2006 |         :       :      *|       :       :         | -0.0167785473
  56  9/2006 |         :     * :       |       :       :         | -0.3196745057
  57 10/2006 |         :       *       |       :       :         | -0.2524608573
  58 11/2006 |         :       :       |    *  :       :         |  0.1678999513
  59 12/2006 +         :       :       |      *:       :         +  0.2175323314
  60  1/2007 |         :       :       |      *:       :         |  0.2282569291
  61  2/2007 |         :       :    *  |       :       :         | -0.1106815934
  62  3/2007 |         :       :       |     * :       :         |  0.1952347013
  63  4/2007 |         :       :       |      *:       :         |  0.2286287466
  64  5/2007 |         :       :    *  |       :       :         | -0.1076666712
  65  6/2007 |         :       :       |*      :       :         |  0.0236246853
  66  7/2007 |         :       :    *  |       :       :         | -0.0887114981
  67  8/2007 |         :       :      *|       :       :         | -0.0324064138
  68  9/2007 |         :       :       |     * :       :         |  0.2015889410
  69 10/2007 |         :       :       |       :    *  :         |  0.4255092391
  70 11/2007 |         :       :       |       :*      :         |  0.2836768044
  71 12/2007 +         :       :       |    *  :       :         +  0.1724187811
  72  1/2008 |         :       :       |      *:       :         |  0.2243440626
  73  2/2008 |         :       :      *|       :       :         | -0.0457701611
  74  3/2008 |         :       :       |       :*      :         |  0.2882500481
  75  4/2008 |         :       :   *   |       :       :         | -0.1238801436
  76  5/2008 |         :       :       |       :    *  :         |  0.4131898487
  77  6/2008 |         :       :       |       *       :         |  0.2533060438
  78  7/2008 |         :       :       *       :       :         |  0.0012320045
  79  8/2008 |         :*      :       |       :       :         | -0.4830834090
  80  9/2008 |         :       :       *       :       :         | -0.0057653265
  81 10/2008 |         :   *   :       |       :       :         | -0.3781801078
  82 11/2008 |         :*      :       |       :       :         | -0.4757226033
  83 12/2008 +         :      *:       |       :       :         + -0.3009683123
  84  1/2009 |         :       :      *|       :       :         | -0.0196197435
  85  2/2009 |         :       :       | *     :       :         |  0.0596947877
  86  3/2009 |         :   *   :       |       :       :         | -0.3735273992
  87  4/2009 |         :       :       | *     :       :         |  0.0679645806
  88  5/2009 |         :       *       |       :       :         | -0.2563676864
  89  6/2009 |         :       :       |       :    *  :         |  0.4045938517
  90  7/2009 |         :     * :       |       :       :         | -0.3197529057
  91  8/2009 |         :       :       |      *:       :         |  0.2314091998
  92  9/2009 |         : *     :       |       :       :         | -0.4489022199
  93 10/2009 |         :       :       | *     :       :         |  0.0769073264
  94 11/2009 |         :       :       |       :  *    :         |  0.3409394630
  95 12/2009 +         :       : *     |       :       :         + -0.2011888669
  96  1/2010 |         :       :       |*      :       :         |  0.0163356335
  97  2/2010 |         :       :*      |       :       :         | -0.2267531425
  98  3/2010 |         :       :       |       :*      :         |  0.2784424016
  99  4/2010 |         :       :     * |       :       :         | -0.0767839587
 100  5/2010 |         :       :      *|       :       :         | -0.0326717677
 101  6/2010 |         :       :       |*      :       :         |  0.0385552216
 102  7/2010 |         :       :       |     * :       :         |  0.1943142890
 103  8/2010 |         :       :      *|       :       :         | -0.0300986965
 104  9/2010 |         :       :    *  |       :       :         | -0.1044220787
 105 10/2010 |         :       :       |    *  :       :         |  0.1531661751
 106 11/2010 |         :       :       |       *       :         |  0.2616714338
 107 12/2010 +         :       :       |       :     * :         +  0.4364880540
 108  1/2011 |         :       :       |*      :       :         |  0.0325214784
 109  2/2011 |         :       :      *|       :       :         | -0.0275526971
 110  3/2011 |         :       :       |    *  :       :         |  0.1600421596
 111  4/2011 |         :       :       |  *    :       :         |  0.0980890981
 112  5/2011 |         :    *  :       |       :       :         | -0.3595976993
 113  6/2011 |         :       : *     |       :       :         | -0.1773683203
 114  7/2011 |         :       :       |      *:       :         |  0.2316820334
 115  8/2011 |         :       :   *   |       :       :         | -0.1201515003
 116  9/2011 |         :       :       |   *   :       :         |  0.1213400847
 117 10/2011 |         :       :      *|       :       :         | -0.0420683028
 118 11/2011 |         :       :       |     * :       :         |  0.1760883304
 119 12/2011 +         :       :       *       :       :         +  0.0094081459
 120  1/2012 |         :       :  *    |       :       :         | -0.1456404243
 121  2/2012 |         :       :       |  *    :       :         |  0.0990545060
 122  3/2012 |         :       :       |  *    :       :         |  0.0955555501
 123  4/2012 |         :       :       |       :*      :         |  0.2864307215
 124  5/2012@|        *:       :       |       :       :         |@-0.5391144422
 125  6/2012 |         :       : *     |       :       :         | -0.1767691660
 126  7/2012@|         :       :       |       :       : *       |@ 0.5560422454
 127  8/2012 |         :       :       |     * :       :         |  0.1928985807
 128  9/2012@|         :       :       |       :       :    *    |@ 0.6817712023
 129 10/2012 |         :      *:       |       :       :         | -0.2778982369
 130 11/2012 |         :   *   :       |       :       :         | -0.3778393733
 131 12/2012 +         :       :       |    *  :       :         +  0.1625516298
 132  1/2013 |         :      *:       |       :       :         | -0.3011104368
 133  2/2013 |         :       :       |       *       :         |  0.2410516155
 134  3/2013 |         :       *       |       :       :         | -0.2520533857
 135  4/2013@|      *  :       :       |       :       :         |@-0.6063932958
 136  5/2013 |         :       :       |     * :       :         |  0.2043278837
 137  6/2013 |         :       :       |*      :       :         |  0.0246093496
 138  7/2013 |         :       :       |   *   :       :         |  0.1372680866
 139  8/2013 |         :       :       | *     :       :         |  0.0562604877
 140  9/2013 |         :   *   :       |       :       :         | -0.3844043307
 141 10/2013 |         :       *       |       :       :         | -0.2475991907
 142 11/2013 |         :       :       |   *   :       :         |  0.1317048238
 143 12/2013 +         :       :       |*      :       :         +  0.0472858531
 144  1/2014 |         :    *  :       |       :       :         | -0.3611348872
 145  2/2014 |         :       :       |*      :       :         |  0.0451455649
 146  3/2014 |         :      *:       |       :       :         | -0.2923244917
 147  4/2014 |         :       :      *|       :       :         | -0.0424098008
 148  5/2014 |         :       :  *    |       :       :         | -0.1632569825
 149  6/2014 |         :       :      *|       :       :         | -0.0311150828
 150  7/2014 |         :       *       |       :       :         | -0.2419621736
 151  8/2014 |         :       :       | *     :       :         |  0.0768353329
 152  9/2014 |         :       :       |*      :       :         |  0.0171529031
 153 10/2014 |         :     * :       |       :       :         | -0.3263046839
 154 11/2014 |         :       :  *    |       :       :         | -0.1690718629
 155 12/2014@+         *       :       |       :       :         +@-0.5149260038
 156  1/2015 |         :   *   :       |       :       :         | -0.3708019715
 157  2/2015 |         :       :       |       :    *  :         |  0.4069396647
 158  3/2015 |         :       :       |*      :       :         |  0.0211631490
 159  4/2015 |         :       : *     |       :       :         | -0.1804051889
 160  5/2015 |         :       :       |       :*      :         |  0.2788210991
 161  6/2015 |         :       :       |*      :       :         |  0.0258938403
 162  7/2015 |         :     * :       |       :       :         | -0.3266160715
 163  8/2015 |         :  *    :       |       :       :         | -0.4181205287
 164  9/2015 |         :       *       |       :       :         | -0.2471598548
 165 10/2015 |         :       :       |*      :       :         |  0.0335067587
 166 11/2015 |         :       :       |     * :       :         |  0.1962706405
 167 12/2015 +         :  *    :       |       :       :         + -0.3981739996
 168  1/2016@|*        :       :       |       :       :         |@-0.7944728902
 169  2/2016 |         :       :      *|       :       :         | -0.0289808535
 170  3/2016 |         :       :       |       *       :         |  0.2492554310
 171  4/2016 |         :  *    :       |       :       :         | -0.3981899810
 172  5/2016 |         :       :       |       :     * :         |  0.4346479926
 173  6/2016 |         :       :       |     * :       :         |  0.1931710544
 174  7/2016 |         :       : *     |       :       :         | -0.2024173136
 175  8/2016 |         :       :      *|       :       :         | -0.0392936695
 176  9/2016 |         :       :   *   |       :       :         | -0.1186428112
 177 10/2016 |         :       :       |       :    *  :         |  0.4047470933
 178 11/2016 |         :       :       *       :       :         | -0.0092093049
 179 12/2016 +         :       :       |       :      *:         +  0.4884646589
 180  1/2017 |         :       :       |      *:       :         |  0.2236838767
 181  2/2017@|      *  :       :       |       :       :         |@-0.5900394476
 182  3/2017 |         :  *    :       |       :       :         | -0.4073758291
 183  4/2017 |         :       :       |   *   :       :         |  0.1248541736
 184  5/2017 |         :      *:       |       :       :         | -0.2735141257
 185  6/2017 |         :       :       |*      :       :         |  0.0180308722
 186  7/2017 |         :       :       *       :       :         |  0.0034596517
 187  8/2017 |         :       :       |*      :       :         |  0.0163279343
 188  9/2017 |         :       :       |*      :       :         |  0.0215395921
 189 10/2017 |         :       :       |   *   :       :         |  0.1191753820
 190 11/2017 |         :       :       |    *  :       :         |  0.1727030516
 191 12/2017 +         :       :    *  |       :       :         + -0.0956932618
 192  1/2018 |         :       :    *  |       :       :         | -0.0888558954
 193  2/2018 |         :       :       |   *   :       :         |  0.1199330324
 194  3/2018 |         :*      :       |       :       :         | -0.4688580476
 195  4/2018 |         :       :     * |       :       :         | -0.0627598193
 196  5/2018@|         :       :       |       :       :      *  |@ 0.7365805521
 197  6/2018 |         :       :  *    |       :       :         | -0.1502537794
 198  7/2018 |         :       :    *  |       :       :         | -0.1102408311
 199  8/2018 |         :       :      *|       :       :         | -0.0301073787
 200  9/2018 |         :       :       |   *   :       :         |  0.1152913606
 201 10/2018 |         :       :       |  *    :       :         |  0.0922162918
 202 11/2018 |         :   *   :       |       :       :         | -0.3935861999
 203 12/2018 +         :    *  :       |       :       :         + -0.3625322623
 204  1/2019 |         :       :    *  |       :       :         | -0.0922481862
 205  2/2019 |         :       :       |       : *     :         |  0.3109866748
 206  3/2019 |         :       *       |       :       :         | -0.2676840508
 207  4/2019 |         :       :       |*      :       :         |  0.0181962267
 208  5/2019 |         :       :      *|       :       :         | -0.0391571472
 209  6/2019 |         :       *       |       :       :         | -0.2451771067
 210  7/2019 |         :       :       |   *   :       :         |  0.1403673360
 211  8/2019 |         :       *       |       :       :         | -0.2678746202
 212  9/2019 |         :       :     * |       :       :         | -0.0493759519
 213 10/2019 |         :       :       |      *:       :         |  0.2358801910
 214 11/2019 |         :       :   *   |       :       :         | -0.1326019775
 215 12/2019 +         :       :    *  |       :       :         + -0.0982492207
-------------+-+-------+-------+-------+-------+-------+-------+-+--------------
              -3      -2      -1       0      +1      +2      +3  

                 +------------------------------------------+
                 |       Table of standardized values       |
                 |       greater than or equal to 2.0       |
                 +------------------------------------------+
                 |                                          |
                 | Observation    Date   Standardized value |
                 |                                          |
                 |     48        1/2006         2.08        |
                 |    124        5/2012        -2.15        |
                 |    126        7/2012         2.22        |
                 |    128        9/2012         2.72        |
                 |    135        4/2013        -2.42        |
                 |    155       12/2014        -2.06        |
                 |    168        1/2016        -3.17        |
                 |    181        2/2017        -2.36        |
                 |    196        5/2018         2.94        |
                 +------------------------------------------+

Standardized time series histogram:

       -4      -3      -2      -1       0      +1      +2      +3      +4
        +---+---+---+---+---+---+---+---+---+---+---+---+---+---+---+---+
        |                                 44  42                        |
        |                             40 ........                       |
        |                            ............                       |
        |                            ............                       |
        |                            ............                       |
        |                            ............                       |
        |                            ............                       |
        |                         24 ............                       |
        |                     20 ................                       |
        |                    ....................                       |
        |                    .................... 15                    |
        |                 12 ........................                   |
        |                ............................  9                |
        |                ................................               |
        |              4 ................................               |
        |      1     ....................................  2   2        |
        |    ....    ............................................       |
        +---+---+---+---+---+---+---+---+---+---+---+---+---+---+---+---+
       -4      -3      -2      -1       0      +1      +2      +3      +4

              65 values outside (-1,+1): 30.23 % (31.74 % expected)
               9 values outside (-2,+2):  4.19 % ( 4.56 % expected)

Autocorrelation function (acf bands = +- 0.136):

            -1                         0                         1  L-B Q  DF
-------------+-------------------------+-------------------------+--------------
   1   0.030 |                      :  |* :                      | 
   2  -0.094 |                      :**|  :                      | 
   3   0.035 |                      :  |* :                      | 
   4   0.006 |                      :  |  :                      | 
   5   0.142 |                      :  |****                     | 
   6  -0.002 |                      :  |  :                      | 
   7   0.019 |                      :  |  :                      | 
   8   0.006 |                      :  |  :                      | 
   9   0.076 |                      :  |**:                      | 
  10   0.004 |                      :  |  :                      | 
  11   0.032 |                      :  |* :                      | 
  12   0.020 +                      :  |+ :                      +   8.61  11
  13   0.040 |                      :  |* :                      | 
  14  -0.033 |                      : *|  :                      | 
  15   0.036 |                      :  |* :                      | 
  16   0.015 |                      :  |  :                      | 
  17   0.055 |                      :  |* :                      | 
  18  -0.009 |                      :  |  :                      | 
  19   0.006 |                      :  |  :                      | 
  20   0.113 |                      :  |***                      | 
  21   0.064 |                      :  |**:                      | 
  22   0.004 |                      :  |  :                      | 
  23  -0.044 |                      : *|  :                      | 
  24   0.004 +                      :  |  :                      +  14.84  23
  25  -0.018 |                      :  |  :                      | 
  26   0.059 |                      :  |* :                      | 
  27   0.020 |                      :  |  :                      | 
  28  -0.053 |                      : *|  :                      | 
  29   0.035 |                      :  |* :                      | 
  30   0.053 |                      :  |* :                      | 
  31   0.026 |                      :  |* :                      | 
  32   0.030 |                      :  |* :                      | 
  33   0.010 |                      :  |  :                      | 
  34   0.019 |                      :  |  :                      | 
  35   0.021 |                      :  |* :                      | 
  36   0.012 +                      :  |  :                      +  18.25  35
  37  -0.056 |                      : *|  :                      | 
  38   0.034 |                      :  |* :                      | 
  39   0.082 |                      :  |**:                      |  21.16  38
-------------+-------------------------+-------------------------+--------------
            -1                         0                         1  L-B Q  DF

Partial autocorrelation function (pacf bands = +- 0.136):

            -1                         0                         1
-------------+-------------------------+-------------------------+--------------
   1   0.030 |                      :  |* :                      | 
   2  -0.095 |                      :**|  :                      | 
   3   0.041 |                      :  |* :                      | 
   4  -0.006 |                      :  |  :                      | 
   5   0.151 |                      :  |****                     | 
   6  -0.015 |                      :  |  :                      | 
   7   0.051 |                      :  |* :                      | 
   8  -0.012 |                      :  |  :                      | 
   9   0.089 |                      :  |**:                      | 
  10  -0.030 |                      : *|  :                      | 
  11   0.057 |                      :  |* :                      | 
  12  -0.006 +                      :  |  :                      + 
  13   0.058 |                      :  |* :                      | 
  14  -0.071 |                      :**|  :                      | 
  15   0.063 |                      :  |**:                      | 
  16  -0.029 |                      : *|  :                      | 
  17   0.082 |                      :  |**:                      | 
  18  -0.056 |                      : *|  :                      | 
  19   0.055 |                      :  |* :                      | 
  20   0.067 |                      :  |**:                      | 
  21   0.087 |                      :  |**:                      | 
  22  -0.028 |                      : *|  :                      | 
  23  -0.008 |                      :  |  :                      | 
  24  -0.033 +                      : +|  :                      + 
  25  -0.035 |                      : *|  :                      | 
  26   0.023 |                      :  |* :                      | 
  27   0.022 |                      :  |* :                      | 
  28  -0.058 |                      : *|  :                      | 
  29   0.039 |                      :  |* :                      | 
  30   0.030 |                      :  |* :                      | 
  31   0.032 |                      :  |* :                      | 
  32   0.019 |                      :  |  :                      | 
  33   0.023 |                      :  |* :                      | 
  34   0.016 |                      :  |  :                      | 
  35   0.010 |                      :  |  :                      | 
  36   0.001 +                      :  |  :                      + 
  37  -0.078 |                      :**|  :                      | 
  38   0.034 |                      :  |* :                      | 
  39   0.047 |                      :  |* :                      | 
-------------+-------------------------+-------------------------+--------------
            -1                         0                         1

      +------------------------------------------------------+
      |         Calibration of distortions of the ACF        |
      |                                                      |
      +------------------------------------------------------+
      |                                                      |
      |     Lag                 Dates          Contribution  |
      |                                                      |
      |  r(1) = 0.030       12/2015 -  1/2016        0.023    |
      |                     2/2017 -  3/2017        0.018    |
      |                    12/2014 -  1/2015        0.014    |
      |                    10/2008 - 11/2008        0.013    |
      |                                                      |
      |  r(2) = -0.094       3/2018 -  5/2018       -0.026    |
      |                     5/2012 -  7/2012       -0.022    |
      |                    12/2016 -  2/2017       -0.021    |
      |                     9/2012 - 11/2012       -0.019    |
      |                                                      |
      |  r(3) = 0.035        1/2016 -  4/2016        0.023    |
      |                     8/2008 - 11/2008        0.017    |
      |                     1/2013 -  4/2013        0.014    |
      |                     2/2017 -  5/2017        0.012    |
      |                                                      |
      |  r(4) = 0.006        9/2015 -  1/2016        0.015    |
      |                     9/2005 -  1/2006        0.014    |
      |                    11/2008 -  3/2009        0.013    |
      |                     8/2015 - 12/2015        0.012    |
      |                                                      |
      |  r(5) = 0.142        8/2015 -  1/2016        0.025    |
      |                     4/2013 -  9/2013        0.017    |
      |                    11/2012 -  4/2013        0.017    |
      |                     4/2012 -  9/2012        0.015    |
      |                                                      |
      |  r(6) = -0.002       5/2018 - 11/2018       -0.022    |
      |                     5/2008 - 11/2008       -0.015    |
      |                     9/2012 -  3/2013       -0.013    |
      |                     2/2015 -  8/2015       -0.013    |
      |                                                      |
      |  r(7) = 0.019        5/2016 - 12/2016        0.016    |
      |                     8/2008 -  3/2009        0.013    |
      |                    10/2007 -  5/2008        0.013    |
      |                    12/2014 -  7/2015        0.012    |
      |                                                      |
      |  r(8) = 0.006       12/2014 -  8/2015        0.016    |
      |                     3/2018 - 11/2018        0.014    |
      |                     8/2015 -  4/2016        0.012    |
      |                     5/2012 -  1/2013        0.012    |
      |                                                      |
      |  r(9) = 0.076        5/2018 -  2/2019        0.017    |
      |                     4/2013 -  1/2014        0.016    |
      |                     3/2018 - 12/2018        0.013    |
      |                     3/2014 - 12/2014        0.011    |
      |                                                      |
      |  r(10) = 0.004        4/2016 -  2/2017        0.017    |
      |                    11/2008 -  9/2009        0.016    |
      |                    11/2012 -  9/2013        0.011    |
      |                    10/2014 -  8/2015        0.010    |
      |                                                      |
      |  r(11) = 0.032        5/2012 -  4/2013        0.024    |
      |                     1/2014 - 12/2014        0.014    |
      |                     4/2013 -  3/2014        0.013    |
      |                    10/2008 -  9/2009        0.013    |
      |                                                      |
      |  r(12) = 0.020        1/2015 -  1/2016        0.022    |
      |                    12/2014 - 12/2015        0.015    |
      |                     5/2011 -  5/2012        0.014    |
      |                     3/2017 -  3/2018        0.014    |
      |                                                      |
      |  r(13) = 0.040        1/2016 -  2/2017        0.035    |
      |                    12/2014 -  1/2016        0.030    |
      |                     2/2017 -  3/2018        0.021    |
      |                     8/2008 -  9/2009        0.016    |
      |                                                      |
      |  r(14) = -0.033       3/2017 -  5/2018       -0.022    |
      |                     7/2012 -  9/2013       -0.016    |
      |                     5/2011 -  7/2012       -0.015    |
      |                     8/2015 - 10/2016       -0.013    |
      |                                                      |
      |  r(15) = 0.036       10/2014 -  1/2016        0.019    |
      |                     9/2013 - 12/2014        0.015    |
      |                     2/2015 -  5/2016        0.013    |
      |                    12/2015 -  3/2017        0.012    |
      |                                                      |
      |  r(16) = 0.015        1/2016 -  5/2017        0.016    |
      |                     5/2012 -  9/2013        0.015    |
      |                    12/2014 -  4/2016        0.015    |
      |                     1/2017 -  5/2018        0.012    |
      |                                                      |
      |  r(17) = 0.055       12/2016 -  5/2018        0.027    |
      |                     5/2018 - 10/2019        0.013    |
      |                     8/2004 -  1/2006        0.011    |
      |                     9/2015 -  2/2017        0.011    |
      |                                                      |
      |  r(18) = -0.009       7/2012 -  1/2014       -0.015    |
      |                     9/2012 -  3/2014       -0.015    |
      |                    11/2010 -  5/2012       -0.010    |
      |                     3/2008 -  9/2009       -0.010    |
      |                                                      |
      |  r(19) = 0.006       10/2016 -  5/2018        0.022    |
      |                    12/2010 -  7/2012        0.018    |
      |                     7/2015 -  2/2017        0.014    |
      |                     8/2015 -  3/2017        0.013    |
      |                                                      |
      |  r(20) = 0.113        4/2013 - 12/2014        0.023    |
      |                     5/2012 -  1/2014        0.014    |
      |                    10/2007 -  6/2009        0.013    |
      |                     2/2015 - 10/2016        0.012    |
      |                                                      |
      |  r(21) = 0.064       12/2010 -  9/2012        0.022    |
      |                     2/2017 - 11/2018        0.017    |
      |                     4/2013 -  1/2015        0.017    |
      |                     1/2006 - 10/2007        0.016    |
      |                                                      |
      |  r(22) = 0.004        3/2014 -  1/2016        0.017    |
      |                     2/2017 - 12/2018        0.016    |
      |                     2/2015 - 12/2016        0.015    |
      |                    11/2010 -  9/2012        0.013    |
      |                                                      |
      |  r(23) = -0.044      12/2016 - 11/2018       -0.014    |
      |                    10/2007 -  9/2009       -0.014    |
      |                     1/2015 - 12/2016       -0.013    |
      |                    12/2010 - 11/2012       -0.012    |
      |                                                      |
      |  r(24) = 0.004        5/2016 -  5/2018        0.024    |
      |                     1/2014 -  1/2016        0.021    |
      |                     1/2004 -  1/2006        0.009    |
      |                     1/2006 -  1/2008        0.009    |
      |                                                      |
      |  r(25) = -0.018       4/2016 -  5/2018       -0.022    |
      |                     9/2012 - 10/2014       -0.017    |
      |                    11/2008 - 12/2010       -0.015    |
      |                     4/2013 -  5/2015       -0.013    |
      |                                                      |
      |  r(26) = 0.059        1/2016 -  3/2018        0.028    |
      |                    12/2014 -  2/2017        0.023    |
      |                     3/2016 -  5/2018        0.014    |
      |                     9/2006 - 11/2008        0.011    |
      |                                                      |
      |  r(27) = 0.020       12/2014 -  3/2017        0.016    |
      |                     4/2013 -  7/2015        0.015    |
      |                    10/2013 -  1/2016        0.015    |
      |                    12/2015 -  3/2018        0.014    |
      |                                                      |
      |  r(28) = -0.053       1/2016 -  5/2018       -0.043    |
      |                    12/2010 -  4/2013       -0.020    |
      |                     9/2012 -  1/2015       -0.019    |
      |                     8/2008 - 12/2010       -0.016    |
      |                                                      |
      |  r(29) = 0.035        9/2012 -  2/2015        0.021    |
      |                     5/2012 - 10/2014        0.013    |
      |                     4/2013 -  9/2015        0.011    |
      |                    12/2014 -  5/2017        0.010    |
      |                                                      |
      |  r(30) = 0.053        3/2010 -  9/2012        0.014    |
      |                    11/2008 -  5/2011        0.013    |
      |                     2/2017 -  8/2019        0.012    |
      |                    11/2015 -  5/2018        0.011    |
      |                                                      |
      |  r(31) = 0.026        5/2012 - 12/2014        0.021    |
      |                     7/2012 -  2/2015        0.017    |
      |                     8/2015 -  3/2018        0.015    |
      |                     5/2008 - 12/2010        0.013    |
      |                                                      |
      |  r(32) = 0.030        9/2009 -  5/2012        0.018    |
      |                     4/2013 - 12/2015        0.018    |
      |                     5/2012 -  1/2015        0.015    |
      |                     9/2012 -  5/2015        0.014    |
      |                                                      |
      |  r(33) = 0.010        4/2013 -  1/2016        0.036    |
      |                     8/2008 -  5/2011        0.013    |
      |                    11/2012 -  8/2015        0.012    |
      |                     5/2016 -  2/2019        0.010    |
      |                                                      |
      |  r(34) = 0.019        1/2016 - 11/2018        0.023    |
      |                    11/2009 -  9/2012        0.017    |
      |                     3/2013 -  1/2016        0.015    |
      |                     7/2009 -  5/2012        0.013    |
      |                                                      |
      |  r(35) = 0.021        1/2016 - 12/2018        0.021    |
      |                     3/2014 -  2/2017        0.013    |
      |                    12/2015 - 11/2018        0.012    |
      |                     8/2009 -  7/2012        0.010    |
      |                                                      |
      |  r(36) = 0.012        1/2003 -  1/2006        0.018    |
      |                     4/2013 -  4/2016        0.018    |
      |                     1/2013 -  1/2016        0.018    |
      |                     5/2015 -  5/2018        0.015    |
      |                                                      |
      |  r(37) = -0.056       4/2013 -  5/2016       -0.020    |
      |                     1/2016 -  2/2019       -0.018    |
      |                     7/2012 -  8/2015       -0.017    |
      |                     2/2015 -  3/2018       -0.014    |
      |                                                      |
      |  r(38) = 0.034       11/2012 -  1/2016        0.022    |
      |                     1/2016 -  3/2019        0.016    |
      |                     3/2009 -  5/2012        0.015    |
      |                    10/2007 - 12/2010        0.014    |
      |                                                      |
      |  r(39) = 0.082        2/2015 -  5/2018        0.022    |
      |                     6/2009 -  9/2012        0.020    |
      |                    12/2014 -  3/2018        0.018    |
      |                     5/2012 -  8/2015        0.017    |
      |                                                      |
      +------------------------------------------------------+
