DRTRAN 1.0: Box-Jenkins transfer function models by exact ML
Copyright (C) 1995-2026 A.B. Treadway, J.A. Mauricio & D.E. Guerrero
Free software under the GNU GPL v2 or later; NO WARRANTY.

Model            : t
Series           : 2 (1 output + 1 input(s))
Output (Y)       : tests/cases/ES_CPI_m10.pre
Input  (X1)      : tests/cases/WTI_ar1.pre
Frequency        : 12
Start            : 1 2002
Observations     : 215 (raw 216)

  series 1: Box-Cox 0.00, d=1 D=0, 11 deterministic(s)
  series 2: Box-Cox 0.00, d=1 D=0, 0 deterministic(s)


Transfer function orders:
  input 1: b = 0, r = 0, s = -1

Parameters to estimate: 15

Estimating transfer function model...

**** CONVERGENCE OBTAINED AFTER 19 ITERATIONS (of 500)
**** gradient stopping criterium satisfied

Log-likelihood = -767.424341

=============================================================
  Estimated Parameters and Standard Deviations               
=============================================================

                        Parameter     Estimate    Std.Error   t-stat  p-val
--------------------------------------------------------------------
phi_1[B^1]               0.402839     0.062204    6.476 0.0000 ***
phi_2[B^1]               0.299193     0.064980    4.604 0.0000 ***
omega_d1[1,0]           -0.161111     0.068328   -2.358 0.0184 *
omega_d1[2,0]           -0.166261     0.068293   -2.435 0.0149 *
omega_d1[3,0]            0.289306     0.027692   10.447 0.0000 ***
omega_d1[4,0]           -0.577289     0.027711  -20.832 0.0000 ***
omega_d1[5,0]            0.086116     0.015848    5.434 0.0000 ***
omega_d1[6,0]           -0.033312     0.015848   -2.102 0.0356 *
omega_d1[7,0]            0.058589     0.011172    5.244 0.0000 ***
omega_d1[8,0]           -0.017333     0.011140   -1.556 0.1197 
omega_d1[9,0]           -0.002610     0.009206   -0.283 0.7768 
omega_d1[10,0]           0.011549     0.009149    1.262 0.2068 
omega_d1[11,0]           0.114945     0.006094   18.861 0.0000 ***
mu[1]                    0.154472     0.028502    5.420 0.0000 ***
mu[2]                (fixed     0.000000)
log(var2/var1)           7.001698     0.136399   51.332 0.0000 ***
--------------------------------------------------------------------
Signif. codes:  0 '***' 0.001 '**' 0.01 '*' 0.05 '.' 0.1 ' ' 1

sigma2 (concentrated) = 0.062666

Sigma = sigma2 * Q  (innovation covariance):
  Sigma[1,1] (noise)     =     0.062666
  Sigma[2,2] (input 1)   =    68.838114




=============================================================
                RESIDUAL DIAGNOSTICS                         
=============================================================

--- Residual series a[1] ---
Unconditional residuals (seasonal period: 12)
215 observations: from 1/1 to 11/18

                  Mean:          -0.000094
Standard error of mean:           0.017072
              Variance:           0.062665
    Standard deviation:           0.250330
              Skewness:          -0.135008
              Kurtosis:           0.111422
               Minimum:          -0.794473 at 12/14 (observation 168)
               Maximum:           0.736581 at  4/17 (observation 196)

Standardized time series plot (original values on right-side column):

              -3      -2      -1       0      +1      +2      +3  
-------------+-+-------+-------+-------+-------+-------+-------+-+--------------
   1  1/   1 |         :       :       |*      :       :         |  0.0299674812
   2  2/   1 |         :       :       |       *       :         |  0.2541695328
   3  3/   1 |         :       :       |     * :       :         |  0.1797840520
   4  4/   1 |         :       :       *       :       :         | -0.0135207474
   5  5/   1 |         :       : *     |       :       :         | -0.1892570505
   6  6/   1 |         :       :       *       :       :         |  0.0146413932
   7  7/   1 |         :       :       |  *    :       :         |  0.1059419101
   8  8/   1 |         :       :       |     * :       :         |  0.1865461938
   9  9/   1 |         :       :       |  *    :       :         |  0.1041905154
  10 10/   1 |         :       :  *    |       :       :         | -0.1532863737
  11 11/   1 |         :       :       |       : *     :         |  0.3102925710
  12 12/   1 +         :       :       |       :      *:         +  0.4674973463
  13  1/   2 |         :       :     * |       :       :         | -0.0715533576
  14  2/   2 |         :       :       | *     :       :         |  0.0721016825
  15  3/   2 |         :     * :       |       :       :         | -0.3064338407
  16  4/   2 |         :       *       |       :       :         | -0.2474332460
  17  5/   2 |         :       :       | *     :       :         |  0.0536930696
  18  6/   2 |         :       :       | *     :       :         |  0.0590667051
  19  7/   2 |         :       :       |       *       :         |  0.2483269236
  20  8/   2 |         :       :       |*      :       :         |  0.0410256376
  21  9/   2 |         :       : *     |       :       :         | -0.1772687551
  22 10/   2 |         :       :       |   *   :       :         |  0.1428247992
  23 11/   2 |         :       :       |  *    :       :         |  0.0815106160
  24 12/   2 +         :       :       |       *       :         +  0.2412217242
  25  1/   3 |         :       :   *   |       :       :         | -0.1211163101
  26  2/   3 |         :       :       |    *  :       :         |  0.1439895842
  27  3/   3 |         :       :       |       *       :         |  0.2406085807
  28  4/   3 |         :       :       |      *:       :         |  0.2127246434
  29  5/   3 |         :       :   *   |       :       :         | -0.1292911061
  30  6/   3 |         :       :    *  |       :       :         | -0.1104052937
  31  7/   3 |         :       :       |       :*      :         |  0.2853526172
  32  8/   3 |         :       :     * |       :       :         | -0.0712713599
  33  9/   3 |         :       :       |      *:       :         |  0.2215507795
  34 10/   3 |         :       :     * |       :       :         | -0.0761196890
  35 11/   3 |         :       :  *    |       :       :         | -0.1551552859
  36 12/   3 +         :       :       |     * :       :         +  0.2063055909
  37  1/   4 |         :       :       |    *  :       :         |  0.1495987898
  38  2/   4 |         :       :       |    *  :       :         |  0.1500663522
  39  3/   4 |         :       :       |       :*      :         |  0.2747375348
  40  4/   4 |         :       :*      |       :       :         | -0.2139681632
  41  5/   4 |         :       :       |  *    :       :         |  0.1065741552
  42  6/   4 |         :       :       *       :       :         |  0.0057494682
  43  7/   4 |         :       :       |      *:       :         |  0.2244309793
  44  8/   4 |         :       :       |       :  *    :         |  0.3630414082
  45  9/   4 |         :       :  *    |       :       :         | -0.1658598133
  46 10/   4 |         :       :    *  |       :       :         | -0.0883015197
  47 11/   4 |         :       :       |     * :       :         |  0.1960722471
  48 12/   4>+         :       :       |       :       *         +> 0.5216443620
  49  1/   5 |         :       *       |       :       :         | -0.2399271760
  50  2/   5 |         :       :       |    *  :       :         |  0.1535503796
  51  3/   5 |         :       :       |       :*      :         |  0.2779584487
  52  4/   5 |         :       :      *|       :       :         | -0.0340315519
  53  5/   5 |         :       :      *|       :       :         | -0.0428427595
  54  6/   5 |         :       :       | *     :       :         |  0.0562298921
  55  7/   5 |         :       :      *|       :       :         | -0.0167783264
  56  8/   5 |         :     * :       |       :       :         | -0.3196742505
  57  9/   5 |         :       *       |       :       :         | -0.2524607731
  58 10/   5 |         :       :       |    *  :       :         |  0.1678999909
  59 11/   5 |         :       :       |      *:       :         |  0.2175322629
  60 12/   5 +         :       :       |      *:       :         +  0.2282569908
  61  1/   6 |         :       :    *  |       :       :         | -0.1106814700
  62  2/   6 |         :       :       |     * :       :         |  0.1952347408
  63  3/   6 |         :       :       |      *:       :         |  0.2286287748
  64  4/   6 |         :       :    *  |       :       :         | -0.1076666775
  65  5/   6 |         :       :       |*      :       :         |  0.0236248160
  66  6/   6 |         :       :    *  |       :       :         | -0.0887113682
  67  7/   6 |         :       :      *|       :       :         | -0.0324061938
  68  8/   6 |         :       :       |     * :       :         |  0.2015891954
  69  9/   6 |         :       :       |       :    *  :         |  0.4255093295
  70 10/   6 |         :       :       |       :*      :         |  0.2836768546
  71 11/   6 |         :       :       |    *  :       :         |  0.1724187174
  72 12/   6 +         :       :       |      *:       :         +  0.2243441265
  73  1/   7 |         :       :      *|       :       :         | -0.0457700352
  74  2/   7 |         :       :       |       :*      :         |  0.2882500888
  75  3/   7 |         :       :   *   |       :       :         | -0.1238801146
  76  4/   7 |         :       :       |       :    *  :         |  0.4131898380
  77  5/   7 |         :       :       |       *       :         |  0.2533061788
  78  6/   7 |         :       :       *       :       :         |  0.0012321398
  79  7/   7 |         :*      :       |       :       :         | -0.4830831850
  80  8/   7 |         :       :       *       :       :         | -0.0057650765
  81  9/   7 |         :   *   :       |       :       :         | -0.3781800219
  82 10/   7 |         :*      :       |       :       :         | -0.4757225657
  83 11/   7 |         :      *:       |       :       :         | -0.3009683914
  84 12/   7 +         :       :      *|       :       :         + -0.0196196910
  85  1/   8 |         :       :       | *     :       :         |  0.0596949075
  86  2/   8 |         :   *   :       |       :       :         | -0.3735273601
  87  3/   8 |         :       :       | *     :       :         |  0.0679645998
  88  4/   8 |         :       *       |       :       :         | -0.2563676989
  89  5/   8 |         :       :       |       :    *  :         |  0.4045939770
  90  6/   8 |         :     * :       |       :       :         | -0.3197527715
  91  7/   8 |         :       :       |      *:       :         |  0.2314094198
  92  8/   8 |         : *     :       |       :       :         | -0.4489019626
  93  9/   8 |         :       :       | *     :       :         |  0.0769074096
  94 10/   8 |         :       :       |       :  *    :         |  0.3409395046
  95 11/   8 |         :       : *     |       :       :         | -0.2011889349
  96 12/   8 +         :       :       |*      :       :         +  0.0163356925
  97  1/   9 |         :       :*      |       :       :         | -0.2267530179
  98  2/   9 |         :       :       |       :*      :         |  0.2784424384
  99  3/   9 |         :       :     * |       :       :         | -0.0767839331
 100  4/   9 |         :       :      *|       :       :         | -0.0326717795
 101  5/   9 |         :       :       |*      :       :         |  0.0385553495
 102  6/   9 |         :       :       |     * :       :         |  0.1943144203
 103  7/   9 |         :       :      *|       :       :         | -0.0300984705
 104  8/   9 |         :       :    *  |       :       :         | -0.1044218225
 105  9/   9 |         :       :       |    *  :       :         |  0.1531662621
 106 10/   9 |         :       :       |       *       :         |  0.2616714773
 107 11/   9 |         :       :       |       :     * :         |  0.4364879849
 108 12/   9 +         :       :       |*      :       :         +  0.0325215459
 109  1/  10 |         :       :      *|       :       :         | -0.0275525674
 110  2/  10 |         :       :       |    *  :       :         |  0.1600422004
 111  3/  10 |         :       :       |  *    :       :         |  0.0980891231
 112  4/  10 |         :    *  :       |       :       :         | -0.3595977094
 113  5/  10 |         :       : *     |       :       :         | -0.1773681964
 114  6/  10 |         :       :       |      *:       :         |  0.2316821612
 115  7/  10 |         :       :   *   |       :       :         | -0.1201512747
 116  8/  10 |         :       :       |   *   :       :         |  0.1213403393
 117  9/  10 |         :       :      *|       :       :         | -0.0420682135
 118 10/  10 |         :       :       |     * :       :         |  0.1760883717
 119 11/  10 |         :       :       *       :       :         |  0.0094080741
 120 12/  10 +         :       :  *    |       :       :         + -0.1456403626
 121  1/  11 |         :       :       |  *    :       :         |  0.0990546329
 122  2/  11 |         :       :       |  *    :       :         |  0.0955555908
 123  3/  11 |         :       :       |       :*      :         |  0.2864307448
 124  4/  11>|        *:       :       |       :       :         |>-0.5391144508
 125  5/  11 |         :       : *     |       :       :         | -0.1767690442
 126  6/  11>|         :       :       |       :       : *       |> 0.5560423731
 127  7/  11 |         :       :       |     * :       :         |  0.1928988110
 128  8/  11>|         :       :       |       :       :    *    |> 0.6817714625
 129  9/  11 |         :      *:       |       :       :         | -0.2778981383
 130 10/  11 |         :   *   :       |       :       :         | -0.3778393319
 131 11/  11 |         :       :       |    *  :       :         |  0.1625515502
 132 12/  11 +         :      *:       |       :       :         + -0.3011103754
 133  1/  12 |         :       :       |       *       :         |  0.2410517419
 134  2/  12 |         :       *       |       :       :         | -0.2520533439
 135  3/  12>|      *  :       :       |       :       :         |>-0.6063932773
 136  4/  12 |         :       :       |     * :       :         |  0.2043278617
 137  5/  12 |         :       :       |*      :       :         |  0.0246094748
 138  6/  12 |         :       :       |   *   :       :         |  0.1372682190
 139  7/  12 |         :       :       | *     :       :         |  0.0562607152
 140  8/  12 |         :   *   :       |       :       :         | -0.3844040736
 141  9/  12 |         :       *       |       :       :         | -0.2475991070
 142 10/  12 |         :       :       |   *   :       :         |  0.1317048591
 143 11/  12 |         :       :       |*      :       :         |  0.0472857766
 144 12/  12 +         :    *  :       |       :       :         + -0.3611348252
 145  1/  13 |         :       :       |*      :       :         |  0.0451456924
 146  2/  13 |         :      *:       |       :       :         | -0.2923244526
 147  3/  13 |         :       :      *|       :       :         | -0.0424097848
 148  4/  13 |         :       :  *    |       :       :         | -0.1632569985
 149  5/  13 |         :       :      *|       :       :         | -0.0311149603
 150  6/  13 |         :       *       |       :       :         | -0.2419620421
 151  7/  13 |         :       :       | *     :       :         |  0.0768355558
 152  8/  13 |         :       :       |*      :       :         |  0.0171531584
 153  9/  13 |         :     * :       |       :       :         | -0.3263045958
 154 10/  13 |         :       :  *    |       :       :         | -0.1690718276
 155 11/  13>|         *       :       |       :       :         |>-0.5149260848
 156 12/  13 +         :   *   :       |       :       :         + -0.3708019177
 157  1/  14 |         :       :       |       :    *  :         |  0.4069397903
 158  2/  14 |         :       :       |*      :       :         |  0.0211631915
 159  3/  14 |         :       : *     |       :       :         | -0.1804051684
 160  4/  14 |         :       :       |       :*      :         |  0.2788210830
 161  5/  14 |         :       :       |*      :       :         |  0.0258939678
 162  6/  14 |         :     * :       |       :       :         | -0.3266159365
 163  7/  14 |         :  *    :       |       :       :         | -0.4181203049
 164  8/  14 |         :       *       |       :       :         | -0.2471596057
 165  9/  14 |         :       :       |*      :       :         |  0.0335068408
 166 10/  14 |         :       :       |     * :       :         |  0.1962706774
 167 11/  14 |         :  *    :       |       :       :         | -0.3981740761
 168 12/  14>+*        :       :       |       :       :         +>-0.7944728323
 169  1/  15 |         :       :      *|       :       :         | -0.0289807299
 170  2/  15 |         :       :       |       *       :         |  0.2492554665
 171  3/  15 |         :  *    :       |       :       :         | -0.3981899613
 172  4/  15 |         :       :       |       :     * :         |  0.4346479733
 173  5/  15 |         :       :       |     * :       :         |  0.1931711820
 174  6/  15 |         :       : *     |       :       :         | -0.2024171757
 175  7/  15 |         :       :      *|       :       :         | -0.0392934424
 176  8/  15 |         :       :   *   |       :       :         | -0.1186425561
 177  9/  15 |         :       :       |       :    *  :         |  0.4047471794
 178 10/  15 |         :       :       *       :       :         | -0.0092092623
 179 11/  15 |         :       :       |       :      *:         |  0.4884645812
 180 12/  15 +         :       :       |      *:       :         +  0.2236839462
 181  1/  16>|      *  :       :       |       :       :         |>-0.5900393048
 182  2/  16 |         :  *    :       |       :       :         | -0.4073757935
 183  3/  16 |         :       :       |   *   :       :         |  0.1248541843
 184  4/  16 |         :      *:       |       :       :         | -0.2735141423
 185  5/  16 |         :       :       |*      :       :         |  0.0180309915
 186  6/  16 |         :       :       *       :       :         |  0.0034597849
 187  7/  16 |         :       :       |*      :       :         |  0.0163281627
 188  8/  16 |         :       :       |*      :       :         |  0.0215398482
 189  9/  16 |         :       :       |   *   :       :         |  0.1191754701
 190 10/  16 |         :       :       |    *  :       :         |  0.1727030908
 191 11/  16 |         :       :    *  |       :       :         | -0.0956933394
 192 12/  16 +         :       :    *  |       :       :         + -0.0888558325
 193  1/  17 |         :       :       |   *   :       :         |  0.1199331702
 194  2/  17 |         :*      :       |       :       :         | -0.4688580055
 195  3/  17 |         :       :     * |       :       :         | -0.0627598077
 196  4/  17>|         :       :       |       :       :      *  |> 0.7365805333
 197  5/  17 |         :       :  *    |       :       :         | -0.1502536487
 198  6/  17 |         :       :    *  |       :       :         | -0.1102406947
 199  7/  17 |         :       :      *|       :       :         | -0.0301071498
 200  8/  17 |         :       :       |   *   :       :         |  0.1152916160
 201  9/  17 |         :       :       |  *    :       :         |  0.0922163808
 202 10/  17 |         :   *   :       |       :       :         | -0.3935861613
 203 11/  17 |         :    *  :       |       :       :         | -0.3625323481
 204 12/  17 +         :       :    *  |       :       :         + -0.0922481292
 205  1/  18 |         :       :       |       : *     :         |  0.3109868119
 206  2/  18 |         :       *       |       :       :         | -0.2676840073
 207  3/  18 |         :       :       |*      :       :         |  0.0181962407
 208  4/  18 |         :       :      *|       :       :         | -0.0391571642
 209  5/  18 |         :       *       |       :       :         | -0.2451769856
 210  6/  18 |         :       :       |   *   :       :         |  0.1403674682
 211  7/  18 |         :       *       |       :       :         | -0.2678743893
 212  8/  18 |         :       :     * |       :       :         | -0.0493756989
 213  9/  18 |         :       :       |      *:       :         |  0.2358802769
 214 10/  18 |         :       :   *   |       :       :         | -0.1326019389
 215 11/  18 |         :       :    *  |       :       :         | -0.0982493040
-------------+-+-------+-------+-------+-------+-------+-------+-+--------------
              -3      -2      -1       0      +1      +2      +3  

                 +------------------------------------------+
                 |       Table of standardized values       |
                 |       greater than or equal to 2.0       |
                 +------------------------------------------+
                 |                                          |
                 | Observation    Date   Standardized value |
                 |                                          |
                 |     48       12/   4         2.08        |
                 |    124        4/  11        -2.15        |
                 |    126        6/  11         2.22        |
                 |    128        8/  11         2.72        |
                 |    135        3/  12        -2.42        |
                 |    155       11/  13        -2.06        |
                 |    168       12/  14        -3.17        |
                 |    181        1/  16        -2.36        |
                 |    196        4/  17         2.94        |
                 +------------------------------------------+

Standardized time series histogram:

       -4      -3      -2      -1       0      +1      +2      +3      +4
        +---+---+---+---+---+---+---+---+---+---+---+---+---+---+---+---+
        |                                 44 42                        
        |                             40 ........                        |
        |                            ............                        |
        |                            ............                        |
        |                            ............                        |
        |                            ............                        |
        |                            ............                        |
        |                         24 ............                        |
        |                     20 ................                        |
        |                    ....................                        |
        |                    .................... 15                     |
        |                 12 ........................                    |
        |                ............................  9                 |
        |                ................................                |
        |              4 ................................                |
        |      1     .................................... 2  2           |
        |    ....    ............................................        |
        +---+---+---+---+---+---+---+---+---+---+---+---+---+---+---+---+
       -4      -3      -2      -1       0      +1      +2      +3      +4

              65 values outside (-1,+1): 30.23 % (31.74 % expected)
               9 values outside (-2,+2):  4.19 % ( 4.56 % expected)

Autocorrelation function (acf bands =  0.136):

            -1                         0                         1  L-B Q  DF
-------------+-------------------------+-------------------------+--------------
   1   0.030 |                      :  |* :                      | 
   2  -0.094 |                      :**|  :                      | 
   3   0.035 |                      :  |* :                      | 
   4   0.006 |                      :  |  :                      | 
   5   0.142 |                      :  |****                     | 
   6  -0.002 |                      :  |  :                      | 
   7   0.019 |                      :  |  :                      | 
   8   0.006 |                      :  |  :                      | 
   9   0.076 |                      :  |**:                      | 
  10   0.004 |                      :  |  :                      | 
  11   0.032 |                      :  |* :                      | 
  12   0.020 +                      :  |+ :                      +   8.61  12
  13   0.040 |                      :  |* :                      | 
  14  -0.033 |                      : *|  :                      | 
  15   0.036 |                      :  |* :                      | 
  16   0.015 |                      :  |  :                      | 
  17   0.055 |                      :  |* :                      | 
  18  -0.009 |                      :  |  :                      | 
  19   0.006 |                      :  |  :                      | 
  20   0.113 |                      :  |***                      | 
  21   0.064 |                      :  |**:                      | 
  22   0.004 |                      :  |  :                      | 
  23  -0.044 |                      : *|  :                      | 
  24   0.004 +                      :  |  :                      +  14.84  24
  25  -0.018 |                      :  |  :                      | 
  26   0.059 |                      :  |* :                      | 
  27   0.020 |                      :  |  :                      | 
  28  -0.053 |                      : *|  :                      | 
  29   0.035 |                      :  |* :                      | 
  30   0.053 |                      :  |* :                      | 
  31   0.026 |                      :  |* :                      | 
  32   0.030 |                      :  |* :                      | 
  33   0.010 |                      :  |  :                      | 
  34   0.019 |                      :  |  :                      | 
  35   0.021 |                      :  |* :                      | 
  36   0.012 +                      :  |  :                      +  18.25  36
  37  -0.056 |                      : *|  :                      | 
  38   0.034 |                      :  |* :                      | 
  39   0.082 |                      :  |**:                      | 
  40  -0.034 |                      : *|  :                      | 
  41   0.013 |                      :  |  :                      | 
  42  -0.066 |                      :**|  :                      |  22.69  42
-------------+-------------------------+-------------------------+--------------
            -1                         0                         1  L-B Q  DF

Partial autocorrelation function (pacf bands =  0.136):

            -1                         0                         1
-------------+-------------------------+-------------------------+--------------
   1   0.030 |                      :  |* :                      | 
   2  -0.095 |                      :**|  :                      | 
   3   0.041 |                      :  |* :                      | 
   4  -0.006 |                      :  |  :                      | 
   5   0.151 |                      :  |****                     | 
   6  -0.015 |                      :  |  :                      | 
   7   0.051 |                      :  |* :                      | 
   8  -0.012 |                      :  |  :                      | 
   9   0.089 |                      :  |**:                      | 
  10  -0.030 |                      : *|  :                      | 
  11   0.057 |                      :  |* :                      | 
  12  -0.006 +                      :  |  :                      + 
  13   0.058 |                      :  |* :                      | 
  14  -0.071 |                      :**|  :                      | 
  15   0.063 |                      :  |**:                      | 
  16  -0.029 |                      : *|  :                      | 
  17   0.082 |                      :  |**:                      | 
  18  -0.056 |                      : *|  :                      | 
  19   0.055 |                      :  |* :                      | 
  20   0.067 |                      :  |**:                      | 
  21   0.087 |                      :  |**:                      | 
  22  -0.028 |                      : *|  :                      | 
  23  -0.008 |                      :  |  :                      | 
  24  -0.033 +                      : +|  :                      + 
  25  -0.035 |                      : *|  :                      | 
  26   0.023 |                      :  |* :                      | 
  27   0.022 |                      :  |* :                      | 
  28  -0.058 |                      : *|  :                      | 
  29   0.039 |                      :  |* :                      | 
  30   0.030 |                      :  |* :                      | 
  31   0.032 |                      :  |* :                      | 
  32   0.019 |                      :  |  :                      | 
  33   0.023 |                      :  |* :                      | 
  34   0.016 |                      :  |  :                      | 
  35   0.010 |                      :  |  :                      | 
  36   0.001 +                      :  |  :                      + 
  37  -0.078 |                      :**|  :                      | 
  38   0.034 |                      :  |* :                      | 
  39   0.047 |                      :  |* :                      | 
  40  -0.037 |                      : *|  :                      | 
  41   0.004 |                      :  |  :                      | 
  42  -0.077 |                      :**|  :                      | 
-------------+-------------------------+-------------------------+--------------
            -1                         0                         1


--- Residual series a[2] ---
Unconditional residuals (seasonal period: 12)
215 observations: from 1/1 to 11/18

                  Mean:           0.367452
Standard error of mean:           0.565243
              Variance:          68.692457
    Standard deviation:           8.288091
              Skewness:          -0.374229
              Kurtosis:           0.435010
               Minimum:         -26.965062 at  9/7 (observation  81)
               Maximum:          22.699379 at  2/15 (observation 170)

Standardized time series plot (original values on right-side column):

               -3      -2     -1       0      +1     +2      +3   
-------------+--+-------+------+-------+-------+------+-------+--+--------------
   1  1/   1 |          :      :       |   *   :      :          |  4.8227933098
   2  2/   1 |          :      :       |       :    * :          | 14.7490159025
   3  3/   1 |          :      :       | *     :      :          |  2.4155524184
   4  4/   1 |          :      :       *       :      :          |  0.6301144182
   5  5/   1 |          :      : *     |       :      :          | -6.5537066404
   6  6/   1 |          :      :       |     * :      :          |  7.1238063803
   7  7/   1 |          :      :       |  *    :      :          |  3.5871304034
   8  8/   1 |          :      :       | *     :      :          |  2.8872052373
   9  9/   1 |          :      :   *   |       :      :          | -4.1326082592
  10 10/   1 |          :      *       |       :      :          | -8.5297083619
  11 11/   1 |          :      :       |       :    * :          | 14.1276195047
  12 12/   1 +          :      :       |      *:      :          +  7.9130304653
  13  1/   2 |          :      :       |   *   :      :          |  5.1400903442
  14  2/   2 |          :     *:       |       :      :          | -9.2359702148
  15  3/   2 |          :*     :       |       :      :          | -15.1938059476
  16  4/   2 |          :      :       |   *   :      :          |  4.7542799665
  17  5/   2 |          :      :       |       *      :          |  8.8889128618
  18  6/   2 |          :      :    *  |       :      :          | -2.4944499569
  19  7/   2 |          :      :       | *     :      :          |  2.6236149805
  20  8/   2 |          :   *  :       |       :      :          | -11.8298374841
  21  9/   2 |          :      :       |       :*     :          | 10.2639530008
  22 10/   2 |          :      :       *       :      :          |  0.3916435431
  23 11/   2 |          :      :       | *     :      :          |  2.6121536593
  24 12/   2 +          :      :       |    *  :      :          +  5.3827084163
  25  1/   3 |          :      :      *|       :      :          | -0.5484385837
  26  2/   3 |          :      :       |   *   :      :          |  5.2443106269
  27  3/   3 |          :      :     * |       :      :          | -1.8815990649
  28  4/   3 |          :      :       |       *      :          |  9.3921108388
  29  5/   3 |          :      *       |       :      :          | -8.5672614109
  30  6/   3 |          :      :       |      *:      :          |  8.5146226380
  31  7/   3 |          :      :       |      *:      :          |  7.9039691202
  32  8/   3 |          :      :      *|       :      :          | -0.7497983810
  33  9/   3 |          :      :       |       :   *  :          | 13.8538160570
  34 10/   3 |          : *    :       |       :      :          | -13.5442177098
  35 11/   3 |          :      *       |       :      :          | -8.4366849509
  36 12/   3 +          :      :       |       : *    :          + 11.1370011186
  37  1/   4 |          :      :       *       :      :          |  0.0533471185
  38  2/   4 |          :      :       |       : *    :          | 11.7000319007
  39  3/   4 |          :      : *     |       :      :          | -6.0801576393
  40  4/   4 |          :      :  *    |       :      :          | -5.5349628949
  41  5/   4 |          :      :       |       :   *  :          | 14.0044929529
  42  6/   4 |          :      :       *       :      :          |  0.6143930213
  43  7/   4 |          :      :       |       *      :          |  8.8783397141
  44  8/   4 |          :      :     * |       :      :          | -2.1171186771
  45  9/   4 |          :      :  *    |       :      :          | -5.2784256992
  46 10/   4 |          :      :  *    |       :      :          | -5.2512526238
  47 11/   4 |          :      :       |  *    :      :          |  3.9387264259
  48 12/   4 +          :      :       |       *      :          +  9.1660035041
  49  1/   5 |          :     *:       |       :      :          | -9.0196496261
  50  2/   5 |          :      :       |  *    :      :          |  3.8664318914
  51  3/   5 |          :      :       |       *      :          |  9.6407919688
  52  4/   5 |          :      :     * |       :      :          | -1.2892827028
  53  5/   5 |          :      :      *|       :      :          | -0.5037042997
  54  6/   5 |          :      :       |   *   :      :          |  4.7389664390
  55  7/   5 |          :      :    *  |       :      :          | -3.2650076742
  56  8/   5 |          :  *   :       |       :      :          | -12.8775401951
  57  9/   5 |          :      :   *   |       :      :          | -4.1168402704
  58 10/   5 |          :      :       |  *    :      :          |  3.2626386367
  59 11/   5 |          :      :       |  *    :      :          |  4.1349509404
  60 12/   5 +          : *    :       |       :      :          + -14.1247200176
  61  1/   6 |          :      :       |       :  *   :          | 12.0786971151
  62  2/   6 |          :      :      *|       :      :          | -0.2968446201
  63  3/   6 |          :      :       |   *   :      :          |  4.8287113492
  64  4/   6 |          :      :    *  |       :      :          | -2.4394096028
  65  5/   6 |          :      :       |     * :      :          |  6.3816340441
  66  6/   6 |          :      :       |      *:      :          |  7.6286460719
  67  7/   6 |          :      :  *    |       :      :          | -5.2748972929
  68  8/   6 |          :      :       |       :*     :          | 10.6391284134
  69  9/   6 |          :      :       |   *   :      :          |  4.5873994415
  70 10/   6 |          :      :       |     * :      :          |  7.0603983904
  71 11/   6 |          :      : *     |       :      :          | -5.8903755741
  72 12/   6 +          :      :       | *     :      :          +  2.2493008766
  73  1/   7 |          :      :       | *     :      :          |  2.1539614204
  74  2/   7 |          :      :       |       *      :          |  9.4097975344
  75  3/   7 |          :      :       |  *    :      :          |  3.3860311299
  76  4/   7 |          :      :       |       *      :          |  8.8616816509
  77  5/   7 |          :      :       |  *    :      :          |  3.3619380411
  78  6/   7 |          :      :     * |       :      :          | -2.3378661245
  79  7/   7 |          : *    :       |       :      :          | -13.3720263202
  80  8/   7 |          :      :*      |       :      :          | -7.5069906503
  81  9/   7>|*         :      :       |       :      :          |>-26.9650623737
  82 10/   7>|       *  :      :       |       :      :          |>-19.7500467768
  83 11/   7>|  *       :      :       |       :      :          |>-25.0361491492
  84 12/   7 +          :      :       |       : *    :          + 11.8132685656
  85  1/   8 |          :      :*      |       :      :          | -6.9010080914
  86  2/   8>|          :      :       |       :      :    *     |>22.2218153583
  87  3/   8 |          :      :    *  |       :      :          | -2.3744635692
  88  4/   8 |          :      :       |       :     *:          | 16.1352401806
  89  5/   8 |          :      :       |       : *    :          | 11.2077461759
  90  6/   8 |          :  *   :       |       :      :          | -13.2593160545
  91  7/   8 |          :      :       |       :  *   :          | 12.8256227686
  92  8/   8 |          :      :  *    |       :      :          | -5.3661070418
  93  9/   8 |          :      :       |       *      :          |  9.4424739844
  94 10/   8 |          :      :       *       :      :          |  0.3159244788
  95 11/   8 |          :      : *     |       :      :          | -5.8410827036
  96 12/   8 +          :      :       |     * :      :          +  6.6261252270
  97  1/   9 |          :      :   *   |       :      :          | -3.8663743857
  98  2/   9 |          :      :       |     * :      :          |  6.8128777345
  99  3/   9 |          :      :       | *     :      :          |  2.0807474194
 100  4/   9 |          :*     :       |       :      :          | -14.6314782164
 101  5/   9 |          :      :       |    *  :      :          |  6.0518924834
 102  6/   9 |          :      :       *       :      :          |  0.7389366546
 103  7/   9 |          :      :       *       :      :          |  0.1852122334
 104  8/   9 |          :      :     * |       :      :          | -2.1609873848
 105  9/   9 |          :      :       |       *      :          |  8.9825663868
 106 10/   9 |          :      :       *       :      :          |  0.1884992755
 107 11/   9 |          :      :       |   *   :      :          |  4.8530487043
 108 12/   9 +          :      :      *|       :      :          + -1.2676726631
 109  1/  10 |          :      :       *       :      :          |  0.0513548996
 110  2/  10 |          :      :       |       :   *  :          | 13.8479343737
 111  3/  10 |          :      :       | *     :      :          |  2.5105609038
 112  4/  10 |          :    * :       |       :      :          | -10.2416863709
 113  5/  10 |          :      :    *  |       :      :          | -2.6346194737
 114  6/  10 |          :      :       | *     :      :          |  2.4567579398
 115  7/  10 |          :   *  :       |       :      :          | -12.1274158610
 116  8/  10 |          :      :       | *     :      :          |  2.7076473658
 117  9/  10 |          :      :       |*      :      :          |  1.1807068653
 118 10/  10 |          :      :       |       : *    :          | 11.4987292937
 119 11/  10 |          :      :     * |       :      :          | -2.1342604095
 120 12/  10 +          :      :       |*      :      :          +  1.2643560880
 121  1/  11 |          :      :       |*      :      :          |  1.4826941401
 122  2/  11 |          :      :       |  *    :      :          |  3.1869130634
 123  3/  11 |          :      :   *   |       :      :          | -3.8614411735
 124  4/  11 |          :      *       |       :      :          | -7.9045134432
 125  5/  11 |          :   *  :       |       :      :          | -11.2913497245
 126  6/  11 |          :      :       |       :*     :          | 10.6424192454
 127  7/  11 |          :      :       |   *   :      :          |  4.9056486232
 128  8/  11 |          :      :     * |       :      :          | -1.4551351938
 129  9/  11 |          :      : *     |       :      :          | -5.7678853834
 130 10/  11 |          :      :     * |       :      :          | -1.6301741505
 131 11/  11 |          :      :       | *     :      :          |  2.8063022625
 132 12/  11 +          :      :       |     * :      :          +  6.4994996741
 133  1/  12 |          :      :     * |       :      :          | -1.4442291918
 134  2/  12 |          :      :    *  |       :      :          | -2.6086691760
 135  3/  12 |          :      :      *|       :      :          | -0.3376484009
 136  4/  12 |          :      :       |  *    :      :          |  3.2388051760
 137  5/  12 |          :      :       *       :      :          |  0.1750790702
 138  6/  12 |          :      :       |      *:      :          |  8.4836953268
 139  7/  12 |          :      :      *|       :      :          | -0.7759015831
 140  8/  12 |          :      :      *|       :      :          | -0.8184721248
 141  9/  12 |          :      :  *    |       :      :          | -5.4828421647
 142 10/  12 |          :      :  *    |       :      :          | -5.2111583573
 143 11/  12 |          :      :       |    *  :      :          |  5.9950411773
 144 12/  12 +          :      :   *   |       :      :          + -4.3098313573
 145  1/  13 |          :      :       |     * :      :          |  7.2837381852
 146  2/  13 |          :      :     * |       :      :          | -1.9187516622
 147  3/  13 |          :      :       |*      :      :          |  1.2579854513
 148  4/  13 |          :      :      *|       :      :          | -0.2668929293
 149  5/  13 |          :      :       |  *    :      :          |  3.4397769241
 150  6/  13 |          :      :    *  |       :      :          | -3.1403176110
 151  7/  13 |          :      : *     |       :      :          | -6.4195777093
 152  8/  13 |          :      :     * |       :      :          | -1.4014311001
 153  9/  13 |          :      *       |       :      :          | -8.8785224485
 154 10/  13 |          :      :*      |       :      :          | -7.7894919142
 155 11/  13>|     *    :      :       |       :      :          |>-21.3332257214
 156 12/  13 +          :*     :       |       :      :          + -15.4163637874
 157  1/  14 |          :      :       |       :   *  :          | 13.6841878960
 158  2/  14 |          :      :*      |       :      :          | -7.6678396822
 159  3/  14 |          :      :       |       :    * :          | 14.6627269625
 160  4/  14 |          :      :       |   *   :      :          |  4.5973583881
 161  5/  14 |          :      :     * |       :      :          | -1.6140871903
 162  6/  14>|          *      :       |       :      :          |>-16.4240705679
 163  7/  14 |          :  *   :       |       :      :          | -12.3377870423
 164  8/  14 |          :      :       |       : *    :          | 11.0468969045
 165  9/  14 |          :      :       *       :      :          | -0.1542466621
 166 10/  14 |          :     *:       |       :      :          | -9.0150241531
 167 11/  14 |          :    * :       |       :      :          | -10.6523901466
 168 12/  14 +          :   *  :       |       :      :          + -12.0845529159
 169  1/  15 |          :      :       *       :      :          |  0.4098836223
 170  2/  15>|          :      :       |       :      :    *     |>22.6993794974
 171  3/  15 |          :      :       |*      :      :          |  1.7795377913
 172  4/  15 |          :      :       |       : *    :          | 11.2033722345
 173  5/  15 |          :      :       *       :      :          |  0.2111503040
 174  6/  15 |          :    * :       |       :      :          | -10.0906929581
 175  7/  15 |          :      :       | *     :      :          |  2.7912229896
 176  8/  15 |          :      :       |*      :      :          |  0.9764990446
 177  9/  15 |          :      :       |       *      :          |  9.3896943266
 178 10/  15 |          :   *  :       |       :      :          | -11.5400013247
 179 11/  15 |          :      :       |       :     *:          | 15.5291438346
 180 12/  15 +          :      :    *  |       :      :          + -2.8582150951
 181  1/  16 |          :      :       |*      :      :          |  1.5271808862
 182  2/  16 |          :      *       |       :      :          | -8.6065827148
 183  3/  16 |          :      :       |    *  :      :          |  5.8580434784
 184  4/  16 |          :      : *     |       :      :          | -6.2162940946
 185  5/  16 |          :      :  *    |       :      :          | -5.4983670156
 186  6/  16 |          :      :       |   *   :      :          |  5.2681734337
 187  7/  16 |          :      :       | *     :      :          |  2.0338509892
 188  8/  16 |          :      :       | *     :      :          |  2.7469597165
 189  9/  16 |          :      :       | *     :      :          |  2.3832109761
 190 10/  16 |          :      :       |      *:      :          |  8.3194230442
 191 11/  16 |          :      :      *|       :      :          | -0.6342430588
 192 12/  16 +          :      :       |       *      :          +  8.9333209145
 193  1/  17 |          :      :  *    |       :      :          | -5.2013809189
 194  2/  17 |          :      :       |*      :      :          |  1.4987963549
 195  3/  17 |          :      :       |   *   :      :          |  5.2201342493
 196  4/  17 |          :      :       |  *    :      :          |  3.8439400314
 197  5/  17 |          :      :  *    |       :      :          | -4.7003361782
 198  6/  17 |          :      :       |    *  :      :          |  5.3963932461
 199  7/  17 |          :      :  *    |       :      :          | -5.5413517165
 200  8/  17 |          :      :       |   *   :      :          |  4.3954529567
 201  9/  17 |          :      :      *|       :      :          | -0.2013464995
 202 10/  17>|     *    :      :       |       :      :          |>-21.9010403632
 203 11/  17 |          :      :*      |       :      :          | -7.5106691080
 204 12/  17 +          :      :       |      *:      :          +  7.8751149912
 205  1/  18 |          :      :       |    *  :      :          |  5.6142748579
 206  2/  18 |          :      :       |  *    :      :          |  3.6504023939
 207  3/  18 |          :      :       |      *:      :          |  7.6732345904
 208  4/  18 |          :      :*      |       :      :          | -7.6634670420
 209  5/  18 |          :     *:       |       :      :          | -9.2407122851
 210  6/  18 |          :      :       |      *:      :          |  8.0039590061
 211  7/  18 |          :      : *     |       :      :          | -5.9673598462
 212  8/  18 |          :      :       |   *   :      :          |  5.1854513701
 213  9/  18 |          :      : *     |       :      :          | -6.5390045986
 214 10/  18 |          :      :       |     * :      :          |  7.1470071209
 215 11/  18 |          :      :       |  *    :      :          |  3.2209463723
-------------+--+-------+------+-------+-------+------+-------+--+--------------
               -3      -2     -1       0      +1     +2      +3   

                 +------------------------------------------+
                 |       Table of standardized values       |
                 |       greater than or equal to 2.0       |
                 +------------------------------------------+
                 |                                          |
                 | Observation    Date   Standardized value |
                 |                                          |
                 |     81        9/   7        -3.30        |
                 |     82       10/   7        -2.43        |
                 |     83       11/   7        -3.07        |
                 |     86        2/   8         2.64        |
                 |    155       11/  13        -2.62        |
                 |    162        6/  14        -2.03        |
                 |    170        2/  15         2.69        |
                 |    202       10/  17        -2.69        |
                 +------------------------------------------+

Standardized time series histogram:

       -4      -3      -2      -1       0      +1      +2      +3      +4
        +---+---+---+---+---+---+---+---+---+---+---+---+---+---+---+---+
        |                                 42                            |
        |                             39 ....                            |
        |                            ........ 36                         |
        |                         32 ............                        |
        |                        ................                        |
        |                        ................                        |
        |                        ................                        |
        |                        ................ 22                     |
        |                        ....................                    |
        |                        ....................                    |
        |                     15 ....................                    |
        |                 11 ........................                    |
        |                ............................ 10                 |
        |                ................................                |
        |                ................................                |
        |      2  2  2   ................................   2            |
        |    ............................................    ....        |
        +---+---+---+---+---+---+---+---+---+---+---+---+---+---+---+---+
       -4      -3      -2      -1       0      +1      +2      +3      +4

              66 values outside (-1,+1): 30.70 % (31.74 % expected)
               8 values outside (-2,+2):  3.72 % ( 4.56 % expected)

Autocorrelation function (acf bands =  0.136):

            -1                         0                         1  L-B Q  DF
-------------+-------------------------+-------------------------+--------------
   1  -0.017 |                      :  |  :                      | 
   2   0.086 |                      :  |**:                      | 
   3  -0.103 |                      ***|  :                      | 
   4  -0.065 |                      :**|  :                      | 
   5   0.055 |                      :  |* :                      | 
   6  -0.115 |                      ***|  :                      | 
   7  -0.015 |                      :  |  :                      | 
   8  -0.124 |                      ***|  :                      | 
   9  -0.038 |                      : *|  :                      | 
  10   0.051 |                      :  |* :                      | 
  11   0.055 |                      :  |* :                      | 
  12   0.031 +                      :  |+ :                      +  13.93  12
  13  -0.049 |                      : *|  :                      | 
  14  -0.056 |                      : *|  :                      | 
  15   0.027 |                      :  |* :                      | 
  16  -0.060 |                      : *|  :                      | 
  17  -0.005 |                      :  |  :                      | 
  18  -0.043 |                      : *|  :                      | 
  19   0.035 |                      :  |* :                      | 
  20   0.053 |                      :  |* :                      | 
  21   0.034 |                      :  |* :                      | 
  22   0.038 |                      :  |* :                      | 
  23  -0.044 |                      : *|  :                      | 
  24  -0.079 +                      :++|  :                      +  20.27  24
  25   0.135 |                      :  |***                      | 
  26  -0.015 |                      :  |  :                      | 
  27   0.027 |                      :  |* :                      | 
  28  -0.054 |                      : *|  :                      | 
  29  -0.046 |                      : *|  :                      | 
  30   0.052 |                      :  |* :                      | 
  31  -0.008 |                      :  |  :                      | 
  32  -0.039 |                      : *|  :                      | 
  33   0.024 |                      :  |* :                      | 
  34   0.037 |                      :  |* :                      | 
  35   0.050 |                      :  |* :                      | 
  36  -0.054 +                      : +|  :                      +  29.23  36
  37  -0.016 |                      :  |  :                      | 
  38  -0.014 |                      :  |  :                      | 
  39  -0.058 |                      : *|  :                      | 
  40   0.058 |                      :  |* :                      | 
  41   0.028 |                      :  |* :                      | 
  42   0.033 |                      :  |* :                      |  31.65  42
-------------+-------------------------+-------------------------+--------------
            -1                         0                         1  L-B Q  DF

Partial autocorrelation function (pacf bands =  0.136):

            -1                         0                         1
-------------+-------------------------+-------------------------+--------------
   1  -0.017 |                      :  |  :                      | 
   2   0.086 |                      :  |**:                      | 
   3  -0.101 |                      ***|  :                      | 
   4  -0.076 |                      :**|  :                      | 
   5   0.072 |                      :  |**:                      | 
   6  -0.115 |                      ***|  :                      | 
   7  -0.045 |                      : *|  :                      | 
   8  -0.099 |                      :**|  :                      | 
   9  -0.054 |                      : *|  :                      | 
  10   0.045 |                      :  |* :                      | 
  11   0.051 |                      :  |* :                      | 
  12  -0.011 +                      :  |  :                      + 
  13  -0.048 |                      : *|  :                      | 
  14  -0.066 |                      :**|  :                      | 
  15   0.022 |                      :  |* :                      | 
  16  -0.072 |                      :**|  :                      | 
  17  -0.030 |                      : *|  :                      | 
  18  -0.018 |                      :  |  :                      | 
  19   0.040 |                      :  |* :                      | 
  20   0.037 |                      :  |* :                      | 
  21   0.016 |                      :  |  :                      | 
  22   0.002 |                      :  |  :                      | 
  23  -0.036 |                      : *|  :                      | 
  24  -0.094 +                      :++|  :                      + 
  25   0.157 |                      :  |****                     | 
  26  -0.000 |                      :  |  :                      | 
  27  -0.009 |                      :  |  :                      | 
  28  -0.003 |                      :  |  :                      | 
  29  -0.027 |                      : *|  :                      | 
  30   0.015 |                      :  |  :                      | 
  31   0.008 |                      :  |  :                      | 
  32  -0.096 |                      :**|  :                      | 
  33   0.073 |                      :  |**:                      | 
  34   0.083 |                      :  |**:                      | 
  35   0.030 |                      :  |* :                      | 
  36  -0.080 +                      :++|  :                      + 
  37  -0.029 |                      : *|  :                      | 
  38   0.010 |                      :  |  :                      | 
  39  -0.041 |                      : *|  :                      | 
  40   0.027 |                      :  |* :                      | 
  41   0.072 |                      :  |**:                      | 
  42   0.017 |                      :  |  :                      | 
-------------+-------------------------+-------------------------+--------------
            -1                         0                         1


--- Cross-correlation functions between residuals ---

CROSS CORRELATION a[2] - a[1]
      a[2] --> a[1] IF k > 0
      a[1] --> a[2] IF k < 0
CCF BANDS  2.0/SQRT(N) =  0.13640:

            -1                         0                         1
-------------+-------------------------+-------------------------+--------------
  -9  -0.035 |                      : *|  :                      |                            
  -8  -0.080 |                      :**|  :                      |                            
  -7  -0.003 |                      :  |  :                      |                            
  -6  -0.126 |                      ***|  :                      |                            
  -5  -0.011 |                      :  |  :                      |                            
  -4   0.097 |                      :  |**:                      |                            
  -3  -0.032 |                      : *|  :                      |                            
  -2  -0.014 |                      :  |  :                      |                            
  -1  -0.078 |                      :**|  :                      |                            
   0   0.504 |                      :  |*************            |                            
   1   0.263 |                      :  |*******                  |                            
   2  -0.022 |                      : *|  :                      |                            
   3   0.011 |                      :  |  :                      |                            
   4  -0.116 |                      ***|  :                      |                            
   5   0.095 |                      :  |**:                      |                            
   6   0.039 |                      :  |* :                      |                            
   7   0.098 |                      :  |**:                      |                            
   8  -0.007 |                      :  |  :                      |                            
   9   0.048 |                      :  |* :                      |                            
-------------+-------------------------+-------------------------+--------------
            -1                         0                         1
Q(10) = 78.289     k >= 0      Q( 9) = 23.207      k > 0
Q(10) = 64.001     k <= 0      Q( 9) =  8.920      k < 0

=============================================================

--- Multivariate diagnostics (Hosking + JB) ---


=============================================================
           MULTIVARIATE RESIDUAL DIAGNOSTICS                
=============================================================

Hosking's Multivariate Portmanteau Test (lag 14):
  Q(56) = 81.9090, p-value = 0.0136
  *** REJECT H0: residuals are not white noise.

Multivariate Jarque-Bera Test (normality):
  JB(4) = 7.4779, p-value = 0.1127
  Cannot reject H0: residuals appear normal.
=============================================================
