
Input file             : WTI_ar1.inp
Output file            : WTI_ar1.out
Estimation method      : exact maximum likelihood
Check for invertibility: constrained search

Observations: 216.
Parameters  :  1.

**** GRADIENT STOPPING CRITERIUM SATISFIED TO WITHIN TOLERANCE LIMITS
**** CONVERGENCE OBTAINED AFTER 1 ITERATIONS [GRADIENT NORM = 0.0000]

Coefficients for regular AR factor 1:
      0.299193  (0.064979) [ 1]
Mean parameter (mu):
      0.000000

Box-Cox lambda     :  0.0
Seasonal period    : 12
Regular differences:  1
Annual differences :  0
Irreducible factors:  0 0 0 0 0 0 0

Coefficients of the non-stationary operator: 
  u[ 1]     =    1.0000000000
Coefficients of the Autoregressive operator: 
  phi[ 1]   =    0.2991926655
Coefficients of the Moving-Average operator: 

Transformed-Differenced-Stochastic series: 
  w[  1]    =    5.2969570400
  w[  2]    =   16.3338265881
  w[  3]    =    7.3025135015
  w[  4]    =    2.8149728835
  w[  5]    =   -5.7114874055
  w[  6]    =    5.4149712506
  w[  7]    =    5.2072500750
  w[  8]    =    4.4451762571
  w[  9]    =   -2.8026441349
  w[ 10]    =   -9.3682389257
  w[ 11]    =   11.3247111476
  w[ 12]    =   11.3013009576
  w[ 13]    =    8.5213566795
  w[ 14]    =   -6.6864428127
  w[ 15]    =  -17.1943405825
  w[ 16]    =   -0.3901405906
  w[ 17]    =    8.7721856593
  w[ 18]    =    0.1301236358
  w[ 19]    =    2.6625470177
  w[ 20]    =  -11.0332229501
  w[ 21]    =    6.9628936387
  w[ 22]    =    2.4748902370
  w[ 23]    =    3.3526226613
  w[ 24]    =    6.3857885203
  w[ 25]    =    1.3621424926
  w[ 26]    =    5.6518536675
  w[ 27]    =   -0.1906059120
  w[ 28]    =    9.3350829483
  w[ 29]    =   -5.7742730790
  w[ 30]    =    6.7870024953
  w[ 31]    =    9.9345904744
  w[ 32]    =    2.2225582045
  w[ 33]    =   14.5187891661
  w[ 34]    =   -9.2003025074
  w[ 35]    =  -11.1893479637
  w[ 36]    =    7.7892302978
  w[ 37]    =    2.3838276784
  w[ 38]    =   12.4132556533
  w[ 39]    =   -2.3662026169
  w[ 40]    =   -6.2429133584
  w[ 41]    =   12.1366590768
  w[ 42]    =    4.2455923772
  w[ 43]    =   10.1485898058
  w[ 44]    =    0.9192649383
  w[ 45]    =   -5.0033883737
  w[ 46]    =   -6.7482297182
  w[ 47]    =    1.9197056022
  w[ 48]    =    9.7403653365
  w[ 49]    =   -6.1054037770
  w[ 50]    =    2.0397398732
  w[ 51]    =   10.2510671744
  w[ 52]    =    1.7777613895
  w[ 53]    =    0.0281888656
  w[ 54]    =    4.7474003408
  w[ 55]    =   -1.8446203212
  w[ 56]    =  -13.4294370623
  w[ 57]    =   -8.1348293153
  w[ 58]    =    0.8287573862
  w[ 59]    =    4.3829090702
  w[ 60]    =  -12.8133857787
  w[ 61]    =    8.2450260947
  w[ 62]    =    2.1700066984
  w[ 63]    =    5.4779614333
  w[ 64]    =   -0.8004437307
  w[ 65]    =    6.1421471523
  w[ 66]    =    9.4663314384
  w[ 67]    =   -2.4426403756
  w[ 68]    =    9.9083083333
  w[ 69]    =    7.5518926032
  w[ 70]    =    9.3198692533
  w[ 71]    =   -3.1019390681
  w[ 72]    =    1.3212234646
  w[ 73]    =    2.5492617879
  w[ 74]    =   10.1725179589
  w[ 75]    =    6.4295738732
  w[ 76]    =   10.7853629836
  w[ 77]    =    6.5888395197
  w[ 78]    =   -0.3665336789
  w[ 79]    =  -13.4816905078
  w[ 80]    =  -11.5406135427
  w[ 81]    =  -30.4179292787
  w[ 82]    =  -28.8508680578
  w[ 83]    =  -33.6681172096
  w[ 84]    =    1.7400149005
  w[ 85]    =   -6.3804083987
  w[ 86]    =   20.3128439749
  w[ 87]    =    3.7029903243
  w[ 88]    =   17.2431477189
  w[ 89]    =   16.3667694702
  w[ 90]    =   -8.3624987028
  w[ 91]    =   10.3236245077
  w[ 92]    =   -2.2773543277
  w[ 93]    =    8.7611062772
  w[ 94]    =    2.9371832017
  w[ 95]    =   -4.9622990381
  w[ 96]    =    5.1414417604
  w[ 97]    =   -2.3280927309
  w[ 98]    =    6.1163294693
  w[ 99]    =    3.9107083246
  w[100]    =  -13.4614229763
  w[101]    =    2.0243334878
  w[102]    =    1.3446023828
  w[103]    =    0.5875074017
  w[104]    =   -1.9852094804
  w[105]    =    8.3886062746
  w[106]    =    2.6983087303
  w[107]    =    5.6603628805
  w[108]    =    0.4258663839
  w[109]    =    0.1787709973
  w[110]    =   13.9014213445
  w[111]    =    6.6697641832
  w[112]    =   -8.2461418596
  w[113]    =   -5.1018046208
  w[114]    =    0.9303354263
  w[115]    =  -11.8490663268
  w[116]    =   -0.8375063493
  w[117]    =    0.9301311099
  w[118]    =   11.7770176980
  w[119]    =    1.3893368844
  w[120]    =    1.6800354910
  w[121]    =    1.9853484335
  w[122]    =    3.7809147493
  w[123]    =   -2.7302192189
  w[124]    =   -8.7213750034
  w[125]    =  -13.9007211417
  w[126]    =    6.4834254616
  w[127]    =    6.8454419561
  w[128]    =    0.5929708184
  w[129]    =   -5.5904728649
  w[130]    =   -3.3028026175
  w[131]    =    1.8181279502
  w[132]    =    7.0434702182
  w[133]    =    0.6631254235
  w[134]    =   -2.4102669142
  w[135]    =   -1.0587825789
  w[136]    =    2.9220251961
  w[137]    =    1.0493275716
  w[138]    =    8.7976464379
  w[139]    =    1.8562896877
  w[140]    =   -0.2630838687
  w[141]    =   -5.5615549281
  w[142]    =   -6.8751347898
  w[143]    =    3.9380512871
  w[144]    =   -3.1315953035
  w[145]    =    6.3467878451
  w[146]    =   -0.0198393017
  w[147]    =    1.2520496778
  w[148]    =    0.1077111487
  w[149]    =    3.4720033096
  w[150]    =   -2.1015196929
  w[151]    =   -7.0483369838
  w[152]    =   -3.5102418159
  w[153]    =   -9.9287610471
  w[154]    =  -10.7601043778
  w[155]    =  -24.5525700105
  w[156]    =  -22.7623126062
  w[157]    =    6.8738709584
  w[158]    =   -5.6112279212
  w[159]    =   12.9838887349
  w[160]    =    8.4820426421
  w[161]    =    0.9236777402
  w[162]    =  -16.1477129645
  w[163]    =  -17.1690642947
  w[164]    =    5.9100388272
  w[165]    =    1.6139935964
  w[166]    =   -8.5321291100
  w[167]    =  -13.2051405809
  w[168]    =  -16.0354340991
  w[169]    =   -4.3878006172
  w[170]    =   21.3865817436
  w[171]    =    8.1782461477
  w[172]    =   13.6502434827
  w[173]    =    4.2952030099
  w[174]    =   -8.8055997291
  w[175]    =    0.1566521524
  w[176]    =    1.0233682193
  w[177]    =    9.6958785900
  w[178]    =   -8.6390655838
  w[179]    =   12.9443987919
  w[180]    =    1.0146540577
  w[181]    =    1.8307579363
  w[182]    =   -8.0588333715
  w[183]    =    3.4468996568
  w[184]    =   -5.1850070052
  w[185]    =   -7.0496830721
  w[186]    =    3.1589599780
  w[187]    =    2.9789886392
  w[188]    =    3.6382512622
  w[189]    =    3.4717490619
  w[190]    =    9.3581448932
  w[191]    =    2.1656452378
  w[192]    =    9.5812660815
  w[193]    =   -2.3347363997
  w[194]    =    0.8002603528
  w[195]    =    5.4595662758
  w[196]    =    5.4774022073
  w[197]    =   -3.0615376224
  w[198]    =    4.4804036503
  w[199]    =   -4.2008478146
  w[200]    =    3.1385901098
  w[201]    =    0.7376966352
  w[202]    =  -21.6803269420
  w[203]    =  -13.9972638727
  w[204]    =    3.6872363305
  w[205]    =    6.7174689168
  w[206]    =    5.6602198115
  w[207]    =    9.3667308322
  w[208]    =   -4.8610098954
  w[209]    =  -10.6950907833
  w[210]    =    4.8040663075
  w[211]    =   -4.5300184517
  w[212]    =    3.8301030835
  w[213]    =   -5.3930658554
  w[214]    =    5.5334413829
  w[215]    =    4.8765114383

sigma2:  68.8381142815 (   6.6393373008)
sigma :   8.2968737656
logelf: -760.0326138653

Selection Model Criterium:
Hannan-Quinn =   4.26
Schwarz   =   4.33

Estimated covariance matrix:

x[ 1] ->  0.004222242


Estimated correlation matrix:

x[ 1] ->  1.00

Correlations greater than or equal to 0.7 in absolute value:


Unconditional residuals (seasonal period: 12)
215 observations: from 2/2002 to 12/2019

                  Mean:           0.367452
Standard error of mean:           0.565243
              Variance:          68.692457
    Standard deviation:           8.288091
              Skewness:          -0.374229
              Kurtosis:           0.435010
           Jarque-Bera:           6.557445
               Minimum:         -26.965062 at 10/2008 (observation  81)
               Maximum:          22.699380 at  3/2016 (observation 170)

Standardized time series plot (original values on right-side column):

               -3      -2     -1       0      +1     +2      +3   
-------------+--+-------+------+-------+-------+------+-------+--+--------------
   1  2/2002 |          :      :       |   *   :      :          |  4.8227933035
   2  3/2002 |          :      :       |       :    * :          | 14.7490158921
   3  4/2002 |          :      :       | *     :      :          |  2.4155523862
   4  5/2002 |          :      :       *       :      :          |  0.6301144038
   5  6/2002 |          :      : *     |       :      :          | -6.5537066460
   6  7/2002 |          :      :       |     * :      :          |  7.1238063916
   7  8/2002 |          :      :       |  *    :      :          |  3.5871303927
   8  9/2002 |          :      :       | *     :      :          |  2.8872052270
   9 10/2002 |          :      :   *   |       :      :          | -4.1326082680
  10 11/2002 |          :      *       |       :      :          | -8.5297083564
  11 12/2002 +          :      :       |       :    * :          + 14.1276195231
  12  1/2003 |          :      :       |      *:      :          |  7.9130304430
  13  2/2003 |          :      :       |   *   :      :          |  5.1400903219
  14  3/2003 |          :     *:       |       :      :          | -9.2359702316
  15  4/2003 |          :*     :       |       :      :          | -15.1938059345
  16  5/2003 |          :      :       |   *   :      :          |  4.7542800004
  17  6/2003 |          :      :       |       *      :          |  8.8889128626
  18  7/2003 |          :      :    *  |       :      :          | -2.4944499742
  19  8/2003 |          :      :       | *     :      :          |  2.6236149802
  20  9/2003 |          :   *  :       |       :      :          | -11.8298374894
  21 10/2003 |          :      :       |       :*     :          | 10.2639530226
  22 11/2003 |          :      :       *       :      :          |  0.3916435294
  23 12/2003 +          :      :       | *     :      :          +  2.6121536544
  24  1/2004 |          :      :       |    *  :      :          |  5.3827084097
  25  2/2004 |          :      :      *|       :      :          | -0.5484385963
  26  3/2004 |          :      :       |   *   :      :          |  5.2443106242
  27  4/2004 |          :      :     * |       :      :          | -1.8815990760
  28  5/2004 |          :      :       |       *      :          |  9.3921108392
  29  6/2004 |          :      *       |       :      :          | -8.5672614293
  30  7/2004 |          :      :       |      *:      :          |  8.5146226494
  31  8/2004 |          :      :       |      *:      :          |  7.9039691068
  32  9/2004 |          :      :      *|       :      :          | -0.7497984006
  33 10/2004 |          :      :       |       :   *  :          | 13.8538160526
  34 11/2004 |          : *    :       |       :      :          | -13.5442177384
  35 12/2004 +          :      *       |       :      :          + -8.4366849327
  36  1/2005 |          :      :       |       : *    :          | 11.1370011406
  37  2/2005 |          :      :       *       :      :          |  0.0533471032
  38  3/2005 |          :      :       |       : *    :          | 11.7000318960
  39  4/2005 |          :      : *     |       :      :          | -6.0801576638
  40  5/2005 |          :      :  *    |       :      :          | -5.5349628903
  41  6/2005 |          :      :       |       :   *  :          | 14.0044929653
  42  7/2005 |          :      :       *       :      :          |  0.6143929973
  43  8/2005 |          :      :       |       *      :          |  8.8783397057
  44  9/2005 |          :      :     * |       :      :          | -2.1171186971
  45 10/2005 |          :      :  *    |       :      :          | -5.2784257010
  46 11/2005 |          :      :  *    |       :      :          | -5.2512526139
  47 12/2005 +          :      :       |  *    :      :          +  3.9387264392
  48  1/2006 |          :      :       |       *      :          |  9.1660035004
  49  2/2006 |          :     *:       |       :      :          | -9.0196496453
  50  3/2006 |          :      :       |  *    :      :          |  3.8664319034
  51  4/2006 |          :      :       |       *      :          |  9.6407919647
  52  5/2006 |          :      :     * |       :      :          | -1.2892827230
  53  6/2006 |          :      :      *|       :      :          | -0.5037043032
  54  7/2006 |          :      :       |   *   :      :          |  4.7389664390
  55  8/2006 |          :      :    *  |       :      :          | -3.2650076836
  56  9/2006 |          :  *   :       |       :      :          | -12.8775401915
  57 10/2006 |          :      :   *   |       :      :          | -4.1168402440
  58 11/2006 |          :      :       |  *    :      :          |  3.2626386527
  59 12/2006 +          :      :       |  *    :      :          +  4.1349509388
  60  1/2007 |          : *    :       |       :      :          | -14.1247200262
  61  2/2007 |          :      :       |       :  *   :          | 12.0786971404
  62  3/2007 |          :      :      *|       :      :          | -0.2968446363
  63  4/2007 |          :      :       |   *   :      :          |  4.8287113450
  64  5/2007 |          :      :    *  |       :      :          | -2.4394096136
  65  6/2007 |          :      :       |     * :      :          |  6.3816340457
  66  7/2007 |          :      :       |      *:      :          |  7.6286460598
  67  8/2007 |          :      :  *    |       :      :          | -5.2748973115
  68  9/2007 |          :      :       |       :*     :          | 10.6391284182
  69 10/2007 |          :      :       |   *   :      :          |  4.5873994220
  70 11/2007 |          :      :       |     * :      :          |  7.0603983756
  71 12/2007 +          :      : *     |       :      :          + -5.8903755925
  72  1/2008 |          :      :       | *     :      :          |  2.2493008827
  73  2/2008 |          :      :       | *     :      :          |  2.1539614178
  74  3/2008 |          :      :       |       *      :          |  9.4097975294
  75  4/2008 |          :      :       |  *    :      :          |  3.3860311098
  76  5/2008 |          :      :       |       *      :          |  8.8616816382
  77  6/2008 |          :      :       |  *    :      :          |  3.3619380198
  78  7/2008 |          :      :     * |       :      :          | -2.3378661375
  79  8/2008 |          : *    :       |       :      :          | -13.3720263194
  80  9/2008 |          :      :*      |       :      :          | -7.5069906237
  81 10/2008@|*         :      :       |       :      :          |@-26.9650623510
  82 11/2008@|       *  :      :       |       :      :          |@-19.7500467168
  83 12/2008@+  *       :      :       |       :      :          +@-25.0361490923
  84  1/2009 |          :      :       |       : *    :          | 11.8132686320
  85  2/2009 |          :      :*      |       :      :          | -6.9010080948
  86  3/2009@|          :      :       |       :      :    *     |@22.2218153709
  87  4/2009 |          :      :    *  |       :      :          | -2.3744636092
  88  5/2009 |          :      :       |       :     *:          | 16.1352401733
  89  6/2009 |          :      :       |       : *    :          | 11.2077461419
  90  7/2009 |          :  *   :       |       :      :          | -13.2593160868
  91  8/2009 |          :      :       |       :  *   :          | 12.8256227851
  92  9/2009 |          :      :  *    |       :      :          | -5.3661070621
  93 10/2009 |          :      :       |       *      :          |  9.4424739889
  94 11/2009 |          :      :       *       :      :          |  0.3159244615
  95 12/2009 +          :      : *     |       :      :          + -5.8410827094
  96  1/2010 |          :      :       |     * :      :          |  6.6261252368
  97  2/2010 |          :      :   *   |       :      :          | -3.8663743958
  98  3/2010 |          :      :       |     * :      :          |  6.8128777391
  99  4/2010 |          :      :       | *     :      :          |  2.0807474073
 100  5/2010 |          :*     :       |       :      :          | -14.6314782241
 101  6/2010 |          :      :       |    *  :      :          |  6.0518925100
 102  7/2010 |          :      :       *       :      :          |  0.7389366506
 103  8/2010 |          :      :       *       :      :          |  0.1852122308
 104  9/2010 |          :      :     * |       :      :          | -2.1609873860
 105 10/2010 |          :      :       |       *      :          |  8.9825663907
 106 11/2010 |          :      :       *       :      :          |  0.1884992589
 107 12/2010 +          :      :       |   *   :      :          +  4.8530486990
 108  1/2011 |          :      :      *|       :      :          | -1.2676726743
 109  2/2011 |          :      :       *       :      :          |  0.0513548988
 110  3/2011 |          :      :       |       :   *  :          | 13.8479343733
 111  4/2011 |          :      :       | *     :      :          |  2.5105608764
 112  5/2011 |          :    * :       |       :      :          | -10.2416863841
 113  6/2011 |          :      :    *  |       :      :          | -2.6346194574
 114  7/2011 |          :      :       | *     :      :          |  2.4567579499
 115  8/2011 |          :   *  :       |       :      :          | -12.1274158628
 116  9/2011 |          :      :       | *     :      :          |  2.7076473891
 117 10/2011 |          :      :       |*      :      :          |  1.1807068669
 118 11/2011 |          :      :       |       : *    :          | 11.4987292919
 119 12/2011 +          :      :     * |       :      :          + -2.1342604327
 120  1/2012 |          :      :       |*      :      :          |  1.2643560853
 121  2/2012 |          :      :       |*      :      :          |  1.4826941367
 122  3/2012 |          :      :       |  *    :      :          |  3.1869130594
 123  4/2012 |          :      :   *   |       :      :          | -3.8614411810
 124  5/2012 |          :      *       |       :      :          | -7.9045134378
 125  6/2012 |          :   *  :       |       :      :          | -11.2913497073
 126  7/2012 |          :      :       |       :*     :          | 10.6424192728
 127  8/2012 |          :      :       |   *   :      :          |  4.9056486105
 128  9/2012 |          :      :     * |       :      :          | -1.4551352073
 129 10/2012 |          :      : *     |       :      :          | -5.7678853846
 130 11/2012 |          :      :     * |       :      :          | -1.6301741395
 131 12/2012 +          :      :       | *     :      :          +  2.8063022690
 132  1/2013 |          :      :       |     * :      :          |  6.4994996705
 133  2/2013 |          :      :     * |       :      :          | -1.4442292057
 134  3/2013 |          :      :    *  |       :      :          | -2.6086691773
 135  4/2013 |          :      :      *|       :      :          | -0.3376483961
 136  5/2013 |          :      :       |  *    :      :          |  3.2388051781
 137  6/2013 |          :      :       *       :      :          |  0.1750790644
 138  7/2013 |          :      :       |      *:      :          |  8.4836953247
 139  8/2013 |          :      :      *|       :      :          | -0.7759016005
 140  9/2013 |          :      :      *|       :      :          | -0.8184721284
 141 10/2013 |          :      :  *    |       :      :          | -5.4828421642
 142 11/2013 |          :      :  *    |       :      :          | -5.2111583464
 143 12/2013 +          :      :       |    *  :      :          +  5.9950411908
 144  1/2014 |          :      :   *   |       :      :          | -4.3098313651
 145  2/2014 |          :      :       |     * :      :          |  7.2837381914
 146  3/2014 |          :      :     * |       :      :          | -1.9187516747
 147  4/2014 |          :      :       |*      :      :          |  1.2579854514
 148  5/2014 |          :      :      *|       :      :          | -0.2668929318
 149  6/2014 |          :      :       |  *    :      :          |  3.4397769239
 150  7/2014 |          :      :    *  |       :      :          | -3.1403176178
 151  8/2014 |          :      : *     |       :      :          | -6.4195777052
 152  9/2014 |          :      :     * |       :      :          | -1.4014310862
 153 10/2014 |          :      *       |       :      :          | -8.8785224415
 154 11/2014 |          :      :*      |       :      :          | -7.7894918946
 155 12/2014@+     *    :      :       |       :      :          +@-21.3332257002
 156  1/2015 |          :*     :       |       :      :          | -15.4163637390
 157  2/2015 |          :      :       |       :   *  :          | 13.6841879408
 158  3/2015 |          :      :*      |       :      :          | -7.6678396958
 159  4/2015 |          :      :       |       :    * :          | 14.6627269735
 160  5/2015 |          :      :       |   *   :      :          |  4.5973583625
 161  6/2015 |          :      :     * |       :      :          | -1.6140872071
 162  7/2015@|          *      :       |       :      :          |@-16.4240705697
 163  8/2015 |          :  *   :       |       :      :          | -12.3377870105
 164  9/2015 |          :      :       |       : *    :          | 11.0468969383
 165 10/2015 |          :      :       *       :      :          | -0.1542466738
 166 11/2015 |          :     *:       |       :      :          | -9.0150241563
 167 12/2015 +          :    * :       |       :      :          + -10.6523901298
 168  1/2016 |          :   *  :       |       :      :          | -12.0845528899
 169  2/2016 |          :      :       *       :      :          |  0.4098836539
 170  3/2016@|          :      :       |       :      :    *     |@22.6993795061
 171  4/2016 |          :      :       |*      :      :          |  1.7795377491
 172  5/2016 |          :      :       |       : *    :          | 11.2033722184
 173  6/2016 |          :      :       *       :      :          |  0.2111502771
 174  7/2016 |          :    * :       |       :      :          | -10.0906929666
 175  8/2016 |          :      :       | *     :      :          |  2.7912230070
 176  9/2016 |          :      :       |*      :      :          |  0.9764990443
 177 10/2016 |          :      :       |       *      :          |  9.3896943246
 178 11/2016 |          :   *  :       |       :      :          | -11.5400013438
 179 12/2016 +          :      :       |       :     *:          + 15.5291438516
 180  1/2017 |          :      :    *  |       :      :          | -2.8582151206
 181  2/2017 |          :      :       |*      :      :          |  1.5271808842
 182  3/2017 |          :      *       |       :      :          | -8.6065827184
 183  4/2017 |          :      :       |    *  :      :          |  5.8580434943
 184  5/2017 |          :      : *     |       :      :          | -6.2162941014
 185  6/2017 |          :      :  *    |       :      :          | -5.4983670054
 186  7/2017 |          :      :       |   *   :      :          |  5.2681734476
 187  8/2017 |          :      :       | *     :      :          |  2.0338509830
 188  9/2017 |          :      :       | *     :      :          |  2.7469597107
 189 10/2017 |          :      :       | *     :      :          |  2.3832109689
 190 11/2017 |          :      :       |      *:      :          |  8.3194230373
 191 12/2017 +          :      :      *|       :      :          + -0.6342430773
 192  1/2018 |          :      :       |       *      :          |  8.9333209102
 193  2/2018 |          :      :  *    |       :      :          | -5.2013809378
 194  3/2018 |          :      :       |*      :      :          |  1.4987963595
 195  4/2018 |          :      :       |   *   :      :          |  5.2201342477
 196  5/2018 |          :      :       |  *    :      :          |  3.8439400206
 197  6/2018 |          :      :  *    |       :      :          | -4.7003361890
 198  7/2018 |          :      :       |    *  :      :          |  5.3963932521
 199  8/2018 |          :      :  *    |       :      :          | -5.5413517254
 200  9/2018 |          :      :       |   *   :      :          |  4.3954529650
 201 10/2018 |          :      :      *|       :      :          | -0.2013465057
 202 11/2018@|     *    :      :       |       :      :          |@-21.9010403646
 203 12/2018 +          :      :*      |       :      :          + -7.5106690653
 204  1/2019 |          :      :       |      *:      :          |  7.8751150188
 205  2/2019 |          :      :       |    *  :      :          |  5.6142748506
 206  3/2019 |          :      :       |  *    :      :          |  3.6504023806
 207  4/2019 |          :      :       |      *:      :          |  7.6732345793
 208  5/2019 |          :      :*      |       :      :          | -7.6634670604
 209  6/2019 |          :     *:       |       :      :          | -9.2407122755
 210  7/2019 |          :      :       |      *:      :          |  8.0039590271
 211  8/2019 |          :      : *     |       :      :          | -5.9673598557
 212  9/2019 |          :      :       |   *   :      :          |  5.1854513790
 213 10/2019 |          :      : *     |       :      :          | -6.5390046062
 214 11/2019 |          :      :       |     * :      :          |  7.1470071316
 215 12/2019 +          :      :       |  *    :      :          +  3.2209463614
-------------+--+-------+------+-------+-------+------+-------+--+--------------
               -3      -2     -1       0      +1     +2      +3   

                 +------------------------------------------+
                 |       Table of standardized values       |
                 |       greater than or equal to 2.0       |
                 +------------------------------------------+
                 |                                          |
                 | Observation    Date   Standardized value |
                 |                                          |
                 |     81       10/2008        -3.30        |
                 |     82       11/2008        -2.43        |
                 |     83       12/2008        -3.07        |
                 |     86        3/2009         2.64        |
                 |    155       12/2014        -2.62        |
                 |    162        7/2015        -2.03        |
                 |    170        3/2016         2.69        |
                 |    202       11/2018        -2.69        |
                 +------------------------------------------+

Standardized time series histogram:

       -4      -3      -2      -1       0      +1      +2      +3      +4
        +---+---+---+---+---+---+---+---+---+---+---+---+---+---+---+---+
        |                                 42                            |
        |                             39 ....                           |
        |                            ........ 36                        |
        |                         32 ............                       |
        |                        ................                       |
        |                        ................                       |
        |                        ................                       |
        |                        ................ 22                    |
        |                        ....................                   |
        |                        ....................                   |
        |                     15 ....................                   |
        |                 11 ........................                   |
        |                ............................ 10                |
        |                ................................               |
        |                ................................               |
        |      2   2   2 ................................      2        |
        |    ............................................    ....       |
        +---+---+---+---+---+---+---+---+---+---+---+---+---+---+---+---+
       -4      -3      -2      -1       0      +1      +2      +3      +4

              66 values outside (-1,+1): 30.70 % (31.74 % expected)
               8 values outside (-2,+2):  3.72 % ( 4.56 % expected)

Autocorrelation function (acf bands = +- 0.136):

            -1                         0                         1  L-B Q  DF
-------------+-------------------------+-------------------------+--------------
   1  -0.017 |                      :  |  :                      | 
   2   0.086 |                      :  |**:                      | 
   3  -0.103 |                      ***|  :                      | 
   4  -0.065 |                      :**|  :                      | 
   5   0.055 |                      :  |* :                      | 
   6  -0.115 |                      ***|  :                      | 
   7  -0.015 |                      :  |  :                      | 
   8  -0.124 |                      ***|  :                      | 
   9  -0.038 |                      : *|  :                      | 
  10   0.051 |                      :  |* :                      | 
  11   0.055 |                      :  |* :                      | 
  12   0.031 +                      :  |+ :                      +  13.93  11
  13  -0.049 |                      : *|  :                      | 
  14  -0.056 |                      : *|  :                      | 
  15   0.027 |                      :  |* :                      | 
  16  -0.060 |                      : *|  :                      | 
  17  -0.005 |                      :  |  :                      | 
  18  -0.043 |                      : *|  :                      | 
  19   0.035 |                      :  |* :                      | 
  20   0.053 |                      :  |* :                      | 
  21   0.034 |                      :  |* :                      | 
  22   0.038 |                      :  |* :                      | 
  23  -0.044 |                      : *|  :                      | 
  24  -0.079 +                      :++|  :                      +  20.27  23
  25   0.135 |                      :  |***                      | 
  26  -0.015 |                      :  |  :                      | 
  27   0.027 |                      :  |* :                      | 
  28  -0.054 |                      : *|  :                      | 
  29  -0.046 |                      : *|  :                      | 
  30   0.052 |                      :  |* :                      | 
  31  -0.008 |                      :  |  :                      | 
  32  -0.039 |                      : *|  :                      | 
  33   0.024 |                      :  |* :                      | 
  34   0.037 |                      :  |* :                      | 
  35   0.050 |                      :  |* :                      | 
  36  -0.054 +                      : +|  :                      +  29.23  35
  37  -0.016 |                      :  |  :                      | 
  38  -0.014 |                      :  |  :                      | 
  39  -0.058 |                      : *|  :                      |  30.24  38
-------------+-------------------------+-------------------------+--------------
            -1                         0                         1  L-B Q  DF

Partial autocorrelation function (pacf bands = +- 0.136):

            -1                         0                         1
-------------+-------------------------+-------------------------+--------------
   1  -0.017 |                      :  |  :                      | 
   2   0.086 |                      :  |**:                      | 
   3  -0.101 |                      ***|  :                      | 
   4  -0.076 |                      :**|  :                      | 
   5   0.072 |                      :  |**:                      | 
   6  -0.115 |                      ***|  :                      | 
   7  -0.045 |                      : *|  :                      | 
   8  -0.099 |                      :**|  :                      | 
   9  -0.054 |                      : *|  :                      | 
  10   0.045 |                      :  |* :                      | 
  11   0.051 |                      :  |* :                      | 
  12  -0.011 +                      :  |  :                      + 
  13  -0.048 |                      : *|  :                      | 
  14  -0.066 |                      :**|  :                      | 
  15   0.022 |                      :  |* :                      | 
  16  -0.072 |                      :**|  :                      | 
  17  -0.030 |                      : *|  :                      | 
  18  -0.018 |                      :  |  :                      | 
  19   0.040 |                      :  |* :                      | 
  20   0.037 |                      :  |* :                      | 
  21   0.016 |                      :  |  :                      | 
  22   0.002 |                      :  |  :                      | 
  23  -0.036 |                      : *|  :                      | 
  24  -0.094 +                      :++|  :                      + 
  25   0.157 |                      :  |****                     | 
  26  -0.000 |                      :  |  :                      | 
  27  -0.009 |                      :  |  :                      | 
  28  -0.003 |                      :  |  :                      | 
  29  -0.027 |                      : *|  :                      | 
  30   0.015 |                      :  |  :                      | 
  31   0.008 |                      :  |  :                      | 
  32  -0.096 |                      :**|  :                      | 
  33   0.073 |                      :  |**:                      | 
  34   0.083 |                      :  |**:                      | 
  35   0.030 |                      :  |* :                      | 
  36  -0.080 +                      :++|  :                      + 
  37  -0.029 |                      : *|  :                      | 
  38   0.010 |                      :  |  :                      | 
  39  -0.041 |                      : *|  :                      | 
-------------+-------------------------+-------------------------+--------------
            -1                         0                         1

      +------------------------------------------------------+
      |         Calibration of distortions of the ACF        |
      |                                                      |
      +------------------------------------------------------+
      |                                                      |
      |     Lag                 Dates          Contribution  |
      |                                                      |
      |  r(1) = -0.017      12/2008 -  1/2009       -0.020    |
      |                     1/2015 -  2/2015       -0.014    |
      |                    10/2004 - 11/2004       -0.013    |
      |                    11/2016 - 12/2016       -0.012    |
      |                                                      |
      |  r(2) = 0.086       10/2008 - 12/2008        0.047    |
      |                     8/2008 - 10/2008        0.025    |
      |                     3/2009 -  5/2009        0.023    |
      |                     1/2009 -  3/2009        0.017    |
      |                                                      |
      |  r(3) = -0.103      12/2008 -  3/2009       -0.038    |
      |                    10/2008 -  1/2009       -0.021    |
      |                    12/2015 -  3/2016       -0.017    |
      |                     4/2015 -  7/2015       -0.016    |
      |                                                      |
      |  r(4) = -0.065      11/2008 -  3/2009       -0.030    |
      |                    12/2014 -  4/2015       -0.021    |
      |                     3/2009 -  7/2009       -0.020    |
      |                     3/2016 -  7/2016       -0.016    |
      |                                                      |
      |  r(5) = 0.055        3/2009 -  8/2009        0.018    |
      |                     4/2003 -  9/2003        0.013    |
      |                     7/2015 - 12/2015        0.013    |
      |                     8/2015 -  1/2016        0.011    |
      |                                                      |
      |  r(6) = -0.115      11/2008 -  5/2009       -0.021    |
      |                    12/2008 -  6/2009       -0.019    |
      |                     9/2008 -  3/2009       -0.012    |
      |                     5/2008 - 11/2008       -0.012    |
      |                                                      |
      |  r(7) = -0.015      10/2008 -  5/2009       -0.029    |
      |                     8/2008 -  3/2009       -0.020    |
      |                     8/2015 -  3/2016       -0.019    |
      |                     3/2008 - 10/2008       -0.017    |
      |                                                      |
      |  r(8) = -0.124       7/2015 -  3/2016       -0.025    |
      |                    12/2008 -  8/2009       -0.021    |
      |                    10/2008 -  6/2009       -0.020    |
      |                     3/2016 - 11/2016       -0.018    |
      |                                                      |
      |  r(9) = -0.038      11/2008 -  8/2009       -0.017    |
      |                    12/2014 -  9/2015       -0.016    |
      |                     3/2008 - 12/2008       -0.016    |
      |                     8/2008 -  5/2009       -0.015    |
      |                                                      |
      |  r(10) = 0.051        7/2009 -  5/2010        0.014    |
      |                     5/2008 -  3/2009        0.013    |
      |                    12/2007 - 10/2008        0.012    |
      |                     1/2016 - 11/2016        0.010    |
      |                                                      |
      |  r(11) = 0.055        4/2015 -  3/2016        0.022    |
      |                    12/2014 - 11/2015        0.014    |
      |                     8/2008 -  7/2009        0.013    |
      |                     1/2015 - 12/2015        0.012    |
      |                                                      |
      |  r(12) = 0.031       12/2014 - 12/2015        0.016    |
      |                     3/2008 -  3/2009        0.013    |
      |                     1/2015 -  1/2016        0.013    |
      |                     7/2015 -  7/2016        0.012    |
      |                                                      |
      |  r(13) = -0.049       9/2007 - 10/2008       -0.019    |
      |                     3/2002 -  4/2003       -0.015    |
      |                    11/2007 - 12/2008       -0.012    |
      |                     9/2003 - 10/2004       -0.011    |
      |                                                      |
      |  r(14) = -0.056       1/2015 -  3/2016       -0.024    |
      |                     3/2009 -  5/2010       -0.022    |
      |                     9/2007 - 11/2008       -0.014    |
      |                     3/2016 -  5/2017       -0.010    |
      |                                                      |
      |  r(15) = 0.027        5/2010 -  8/2011        0.013    |
      |                     9/2015 - 12/2016        0.011    |
      |                     8/2015 - 11/2016        0.010    |
      |                     2/2015 -  5/2016        0.010    |
      |                                                      |
      |  r(16) = -0.060       8/2015 - 12/2016       -0.013    |
      |                    11/2014 -  3/2016       -0.012    |
      |                     1/2009 -  5/2010       -0.012    |
      |                     1/2015 -  5/2016       -0.012    |
      |                                                      |
      |  r(17) = -0.005       7/2015 - 12/2016       -0.017    |
      |                    12/2014 -  5/2016       -0.016    |
      |                    10/2014 -  3/2016       -0.014    |
      |                     7/2007 - 12/2008       -0.012    |
      |                                                      |
      |  r(18) = -0.043       4/2003 - 10/2004       -0.014    |
      |                     3/2002 -  9/2003       -0.012    |
      |                     5/2010 - 11/2011       -0.011    |
      |                     2/2007 -  8/2008       -0.011    |
      |                                                      |
      |  r(19) = 0.035       10/2008 -  5/2010        0.028    |
      |                    12/2014 -  7/2016        0.015    |
      |                     4/2003 - 11/2004        0.015    |
      |                     1/2007 -  8/2008        0.013    |
      |                                                      |
      |  r(20) = 0.053        4/2015 - 12/2016        0.015    |
      |                     3/2017 - 11/2018        0.014    |
      |                     3/2016 - 11/2017        0.012    |
      |                     9/2007 -  5/2009        0.011    |
      |                                                      |
      |  r(21) = 0.034        1/2007 - 10/2008        0.027    |
      |                     8/2008 -  5/2010        0.014    |
      |                     6/2009 -  3/2011        0.010    |
      |                     6/2007 -  3/2009        0.009    |
      |                                                      |
      |  r(22) = 0.038        1/2007 - 11/2008        0.020    |
      |                     5/2009 -  3/2011        0.014    |
      |                     2/2015 - 12/2016        0.014    |
      |                     3/2016 -  1/2018        0.013    |
      |                                                      |
      |  r(23) = -0.044      12/2016 - 11/2018       -0.023    |
      |                     1/2015 - 12/2016       -0.016    |
      |                    12/2002 - 11/2004       -0.013    |
      |                    10/2004 -  9/2006       -0.012    |
      |                                                      |
      |  r(24) = -0.079      12/2014 - 12/2016       -0.022    |
      |                    10/2008 - 10/2010       -0.016    |
      |                     5/2009 -  5/2011       -0.011    |
      |                     1/2007 -  1/2009       -0.011    |
      |                                                      |
      |  r(25) = 0.135        9/2006 - 10/2008        0.025    |
      |                     2/2007 -  3/2009        0.017    |
      |                     5/2010 -  6/2012        0.012    |
      |                     7/2009 -  8/2011        0.012    |
      |                                                      |
      |  r(26) = -0.015       1/2007 -  3/2009       -0.021    |
      |                     3/2009 -  5/2011       -0.016    |
      |                     4/2003 -  6/2005       -0.014    |
      |                     5/2010 -  7/2012       -0.010    |
      |                                                      |
      |  r(27) = 0.027        9/2006 - 12/2008        0.023    |
      |                    12/2014 -  3/2017        0.013    |
      |                     2/2007 -  5/2009        0.013    |
      |                    12/2002 -  3/2005        0.011    |
      |                                                      |
      |  r(28) = -0.054      11/2008 -  3/2011       -0.018    |
      |                     1/2007 -  5/2009       -0.015    |
      |                     7/2009 - 11/2011       -0.010    |
      |                     9/2006 -  1/2009       -0.010    |
      |                                                      |
      |  r(29) = -0.046      10/2008 -  3/2011       -0.025    |
      |                     3/2009 -  8/2011       -0.018    |
      |                     7/2012 - 12/2014       -0.015    |
      |                     2/2007 -  7/2009       -0.011    |
      |                                                      |
      |  r(30) = 0.052        6/2012 - 12/2014        0.017    |
      |                    11/2008 -  5/2011        0.014    |
      |                     1/2007 -  7/2009        0.013    |
      |                    12/2002 -  6/2005        0.013    |
      |                                                      |
      |  r(31) = -0.008       4/2006 - 11/2008       -0.013    |
      |                     8/2008 -  3/2011       -0.013    |
      |                     1/2007 -  8/2009       -0.012    |
      |                     1/2009 -  8/2011       -0.010    |
      |                                                      |
      |  r(32) = -0.039       3/2016 - 11/2018       -0.034    |
      |                     4/2006 - 12/2008       -0.016    |
      |                     9/2006 -  5/2009       -0.014    |
      |                     3/2002 - 11/2004       -0.014    |
      |                                                      |
      |  r(33) = 0.024       11/2008 -  8/2011        0.017    |
      |                     2/2006 - 11/2008        0.013    |
      |                     7/2012 -  4/2015        0.010    |
      |                     8/2008 -  5/2011        0.010    |
      |                                                      |
      |  r(34) = 0.037       10/2008 -  8/2011        0.023    |
      |                     1/2016 - 11/2018        0.019    |
      |                     2/2006 - 12/2008        0.016    |
      |                     9/2006 -  7/2009        0.012    |
      |                                                      |
      |  r(35) = 0.050       12/2015 - 11/2018        0.017    |
      |                     4/2006 -  3/2009        0.014    |
      |                     7/2009 -  6/2012        0.011    |
      |                    11/2005 - 10/2008        0.010    |
      |                                                      |
      |  r(36) = -0.054      11/2008 - 11/2011       -0.015    |
      |                     7/2012 -  7/2015       -0.012    |
      |                     4/2003 -  4/2006       -0.010    |
      |                     7/2009 -  7/2012       -0.009    |
      |                                                      |
      |  r(37) = -0.016      10/2008 - 11/2011       -0.021    |
      |                    11/2011 - 12/2014       -0.016    |
      |                     2/2006 -  3/2009       -0.014    |
      |                    12/2014 -  1/2018       -0.013    |
      |                                                      |
      |  r(38) = -0.014       9/2015 - 11/2018       -0.016    |
      |                     8/2005 - 10/2008       -0.016    |
      |                     6/2005 -  8/2008       -0.013    |
      |                     3/2009 -  5/2012       -0.012    |
      |                                                      |
      |  r(39) = -0.058       3/2009 -  6/2012       -0.017    |
      |                     3/2016 -  6/2019       -0.015    |
      |                     2/2007 -  5/2010       -0.012    |
      |                     8/2005 - 11/2008       -0.012    |
      |                                                      |
      +------------------------------------------------------+
