Input Data File  : data/passthrough/WTI_IPC_ES.inp
Output File      : data/passthrough/WTI_IPC_ES.out
Model: VARMA(1,0)
Include mean     : yes
Diagonal AR      : no
Diagonal MA      : no
Diagonal Cov     : no
Estimation method: 1
Two-step init    : no
Frequency        : 12
Start            : 1 2002
Box-Cox lambda   : 0
Rescale factor   : 1
Differences      : d=1, D=0 (seasonal lag=12)
Deseasonalize    : harmonic (auto)
Series names     : WTI IPC_ES
Observations     : 215 (raw 216)

Number of parameters: 9

=============================================================
  OPTIMIZER STOPPED after 76 iterations
  Objective function = 0.001979954648
  Convergence criterion: last global step failed to locate a lower point
=============================================================



=============================================================
  Estimated Parameters and Standard Deviations               
=============================================================

                        Parameter     Estimate    Std.Error   t-stat  p-val
--------------------------------------------------------------------
mu[1]                   0.005348     0.007584    0.705 0.4807    
mu[2]                   0.001542     0.000264    5.854 0.0000 ***
phi[1]_11              0.343906     0.077515    4.437 0.0000 ***
phi[1]_12             -2.651682     2.377863   -1.115 0.2648    
phi[1]_21              0.010421     0.002319    4.494 0.0000 ***
phi[1]_22              0.209657     0.070573    2.971 0.0030 ** 
cov[1,1]               2.169400     0.139083   15.598 0.0000 ***
cov[2,1]               0.033426     0.004309    7.756 0.0000 ***
cov[2,2]               0.001946     0.000257    7.584 0.0000 ***
--------------------------------------------------------------------
Signif. codes:  0 '***' 0.001 '**' 0.01 '*' 0.05 '.' 0.1 ' ' 1



=============================================================
           JOINT HYPOTHESIS TESTS (WALD)                    
=============================================================

Test of joint significance of last lag (AR(1) and MA(0)):
  Wald chi2(4) = 70.7170, p-value = 0.0000
  Conclusion: REJECT H0 → last lag is statistically significant.

Test of joint significance of last AR lag (AR(1)):
  Wald chi2(4) = 70.7170, p-value = 0.0000
  Conclusion: REJECT H0 → last AR lag is significant.

Test of joint significance of all cross effects:
  H0: all cross coefficients = 0
  Wald chi2(2) = 20.2168, p-value = 0.0000
  Conclusion: REJECT H0 → cross effects are jointly significant.

--- Directional cross-effects tests ---

WTI: effects of other variables on it:
  H0: all coefficients in equation WTI from other vars = 0
  Wald chi2(1) = 1.2436, p-value = 0.2648
  Conclusion: Cannot reject H0 → WTI is not influenced by others.

WTI: effects of it on other variables:
  H0: all coefficients of WTI in other equations = 0
  Wald chi2(1) = 20.1922, p-value = 0.0000
  Conclusion: REJECT H0 → WTI influences others.

IPC_ES: effects of other variables on it:
  H0: all coefficients in equation IPC_ES from other vars = 0
  Wald chi2(1) = 20.1922, p-value = 0.0000
  Conclusion: REJECT H0 → IPC_ES is influenced by others.

IPC_ES: effects of it on other variables:
  H0: all coefficients of IPC_ES in other equations = 0
  Wald chi2(1) = 1.2436, p-value = 0.2648
  Conclusion: Cannot reject H0 → IPC_ES does not influence others.


=============================================================
           ORTHOGONALIZED IMPULSE RESPONSE FUNCTIONS        
=============================================================
Shocks are orthogonalized via Cholesky decomposition of Sigma Matrix.
Order of variables: as in the model.

Shock to WTI:
Horizon      WTI   IPC_ES
    0     0.0826   0.0013
    1     0.0250   0.0011
    2     0.0056   0.0005
    3     0.0006   0.0002
    4    -0.0002   0.0000
    5    -0.0002   0.0000
    6    -0.0001  -0.0000
    7    -0.0000  -0.0000
    8    -0.0000  -0.0000
    9    -0.0000  -0.0000
   10     0.0000  -0.0000
   11     0.0000  -0.0000
   12     0.0000  -0.0000
   13     0.0000   0.0000
   14     0.0000   0.0000
   15     0.0000   0.0000
   16    -0.0000   0.0000
   17    -0.0000   0.0000
   18    -0.0000   0.0000
   19    -0.0000  -0.0000
   20    -0.0000  -0.0000

Shock to IPC_ES:
Horizon      WTI   IPC_ES
    0     0.0000   0.0021
    1    -0.0056   0.0004
    2    -0.0031   0.0000
    3    -0.0012  -0.0000
    4    -0.0003  -0.0000
    5    -0.0001  -0.0000
    6    -0.0000  -0.0000
    7     0.0000  -0.0000
    8     0.0000  -0.0000
    9     0.0000   0.0000
   10     0.0000   0.0000
   11     0.0000   0.0000
   12     0.0000   0.0000
   13    -0.0000   0.0000
   14    -0.0000   0.0000
   15    -0.0000  -0.0000
   16    -0.0000  -0.0000
   17    -0.0000  -0.0000
   18    -0.0000  -0.0000
   19     0.0000  -0.0000
   20     0.0000  -0.0000


=============================================================
        ACCUMULATED IMPULSE RESPONSE FUNCTIONS               
=============================================================
Cumulative response of each variable to a one-s.d. shock
(sum of responses up to each horizon).

Shock to WTI:
Horizon      WTI   IPC_ES
    0     0.0826   0.0013
    1     0.1077   0.0024
    2     0.1133   0.0029
    3     0.1139   0.0031
    4     0.1137   0.0031
    5     0.1135   0.0031
    6     0.1134   0.0031
    7     0.1134   0.0031
    8     0.1134   0.0031
    9     0.1134   0.0031
   10     0.1134   0.0031
   11     0.1134   0.0031
   12     0.1134   0.0031
   13     0.1134   0.0031
   14     0.1134   0.0031
   15     0.1134   0.0031
   16     0.1134   0.0031
   17     0.1134   0.0031
   18     0.1134   0.0031
   19     0.1134   0.0031
   20     0.1134   0.0031

Shock to IPC_ES:
Horizon      WTI   IPC_ES
    0     0.0000   0.0021
    1    -0.0056   0.0026
    2    -0.0087   0.0026
    3    -0.0099   0.0026
    4    -0.0102   0.0026
    5    -0.0103   0.0026
    6    -0.0103   0.0025
    7    -0.0103   0.0025
    8    -0.0103   0.0025
    9    -0.0103   0.0025
   10    -0.0103   0.0025
   11    -0.0103   0.0025
   12    -0.0103   0.0025
   13    -0.0103   0.0025
   14    -0.0103   0.0025
   15    -0.0103   0.0025
   16    -0.0103   0.0025
   17    -0.0103   0.0025
   18    -0.0103   0.0025
   19    -0.0103   0.0025
   20    -0.0103   0.0025


=============================================================
  LONG‑RUN GAIN, SHOCK STD. DEVIATIONS AND MEAN LAG        
=============================================================

Structural shock standard deviations (one‑s.d. shock size):
  WTI      : 0.0826
  IPC_ES   : 0.0021

Shock to WTI:
  WTI      : gain =   0.1134  mean lag =   0.31 months
  IPC_ES   : gain =   0.0031  mean lag =   0.90 months

Shock to IPC_ES:
  WTI      : gain =  -0.0103  mean lag =   1.65 months
  IPC_ES   : gain =   0.0025  mean lag =   0.12 months
=============================================================



=============================================================
           FORECAST ERROR VARIANCE DECOMPOSITION             
=============================================================
Values are percentages of forecast error variance accounted for by each shock.
Shocks are orthogonalized via Cholesky decomposition.

WTI:
Horizon      WTI   IPC_ES
    1     100.00     0.00
    2      99.58     0.42
    3      99.45     0.55
    4      99.43     0.57
    5      99.43     0.57
    6      99.43     0.57
    7      99.43     0.57
    8      99.43     0.57
    9      99.43     0.57
   10      99.43     0.57
   11      99.43     0.57
   12      99.43     0.57
   13      99.43     0.57
   14      99.43     0.57
   15      99.43     0.57
   16      99.43     0.57
   17      99.43     0.57
   18      99.43     0.57
   19      99.43     0.57
   20      99.43     0.57

IPC_ES:
Horizon      WTI   IPC_ES
    1      26.47    73.53
    2      38.10    61.90
    3      40.05    59.95
    4      40.24    59.76
    5      40.26    59.74
    6      40.26    59.74
    7      40.26    59.74
    8      40.26    59.74
    9      40.26    59.74
   10      40.26    59.74
   11      40.26    59.74
   12      40.26    59.74
   13      40.26    59.74
   14      40.26    59.74
   15      40.26    59.74
   16      40.26    59.74
   17      40.26    59.74
   18      40.26    59.74
   19      40.26    59.74
   20      40.26    59.74



=============================================================
           MULTIVARIATE RESIDUAL DIAGNOSTICS                
=============================================================

Hosking's Multivariate Portmanteau Test (lag 14):
  Q(56) = 59.2452, p-value = 0.3580
  Cannot reject H0: residuals appear white noise.

Multivariate Jarque-Bera Test (normality):
  JB(4) = 8.1667, p-value = 0.0857
  Cannot reject H0: residuals appear normal.
=============================================================

Normalized model:
mu vector:
      0.005348
      0.001542
phi(1) matrix:
      0.343906     -2.651682
      0.010421      0.209657
Q matrix:
      2.169400
      0.033426      0.001946
Sigma = sigma2 * Q:
      0.006827
      0.000105      0.000006

Inverse roots of |phi(B)|=0:
      0.276782     -0.152077 i  (modulus     0.315809)
      0.276782      0.152077 i  (modulus     0.315809)



=============================================================
                RESIDUAL DIAGNOSTICS                         
=============================================================

--- Residual series a[1] (WTI) ---
Unconditional residuals (seasonal period: 12)
215 observations: from 2/2002 to 12/2019

                  Mean:          -0.000048
Standard error of mean:           0.005636
              Variance:           0.006830
    Standard deviation:           0.082646
              Skewness:          -0.374528
              Kurtosis:           0.454642
               Minimum:          -0.272621 at 10/2008 (observation  81)
               Maximum:           0.220437 at  3/2009 (observation  86)

Standardized time series plot (original values on right-side column):

               -3      -2     -1       0      +1     +2      +3   
-------------+--+-------+------+-------+-------+------+-------+--+--------------
   1  2/2002 |          :      :       |   *   :      :          |  0.0440432126
   2  3/2002 |          :      :       |       :    * :          |  0.1430762457
   3  4/2002 |          :      :       | *     :      :          |  0.0182954729
   4  5/2002 |          :      :       *       :      :          |  0.0019117175
   5  6/2002 |          :      : *     |       :      :          | -0.0683968611
   6  7/2002 |          :      :       |     * :      :          |  0.0661221029
   7  8/2002 |          :      :       |  *    :      :          |  0.0334207833
   8  9/2002 |          :      :       | *     :      :          |  0.0251167802
   9 10/2002 |          :      :   *   |       :      :          | -0.0410151596
  10 11/2002 |          :      *       |       :      :          | -0.0863237483
  11 12/2002 +          :      :       |       :    * :          +  0.1392916619
  12  1/2003 |          :      :       |      *:      :          |  0.0786922040
  13  2/2003 |          :      :       |     * :      :          |  0.0648971719
  14  3/2003 |          :     *:       |       :      :          | -0.0950324494
  15  4/2003 |          :*     :       |       :      :          | -0.1505155230
  16  5/2003 |          :      :       |   *   :      :          |  0.0407948223
  17  6/2003 |          :      :       |      *:      :          |  0.0755079557
  18  7/2003 |          :      :    *  |       :      :          | -0.0348604062
  19  8/2003 |          :      :       |  *    :      :          |  0.0272150160
  20  9/2003 |          :   *  :       |       :      :          | -0.1163116346
  21 10/2003 |          :      :       |       : *    :          |  0.1078568534
  22 11/2003 |          :      :      *|       :      :          | -0.0092582737
  23 12/2003 +          :      :       | *     :      :          +  0.0234850849
  24  1/2004 |          :      :       |    *  :      :          |  0.0525739410
  25  2/2004 |          :      :       *       :      :          |  0.0016142030
  26  3/2004 |          :      :       |   *   :      :          |  0.0485478053
  27  4/2004 |          :      :     * |       :      :          | -0.0225382913
  28  5/2004 |          :      :       |       :*     :          |  0.0948223162
  29  6/2004 |          :      *       |       :      :          | -0.0851585318
  30  7/2004 |          :      :       |       *      :          |  0.0841782837
  31  8/2004 |          :      :       |      *:      :          |  0.0726809763
  32  9/2004 |          :      :      *|       :      :          | -0.0091814844
  33 10/2004 |          :      :       |       :   *  :          |  0.1346796278
  34 11/2004 |          : *    :       |       :      :          | -0.1420182514
  35 12/2004 +          :      *       |       :      :          + -0.0836953937
  36  1/2005 |          :      :       |       : *    :          |  0.1093453054
  37  2/2005 |          :      :       *       :      :          |  0.0021374462
  38  3/2005 |          :      :       |       :  *   :          |  0.1181402557
  39  4/2005 |          :      : *     |       :      :          | -0.0647275589
  40  5/2005 |          :      :  *    |       :      :          | -0.0507066510
  41  6/2005 |          :      :       |       :    * :          |  0.1370555773
  42  7/2005 |          :      :       *       :      :          | -0.0008399429
  43  8/2005 |          :      :       |       *      :          |  0.0867284986
  44  9/2005 |          :      :     * |       :      :          | -0.0229738665
  45 10/2005 |          :      :   *   |       :      :          | -0.0445784003
  46 11/2005 |          :      :  *    |       :      :          | -0.0553301314
  47 12/2005 +          :      :       |  *    :      :          +  0.0364033536
  48  1/2006 |          :      :       |       *      :          |  0.0920031309
  49  2/2006 |          :      :*      |       :      :          | -0.0791810284
  50  3/2006 |          :      :       |  *    :      :          |  0.0379460453
  51  4/2006 |          :      :       |       :*     :          |  0.0953843275
  52  5/2006 |          :      :      *|       :      :          | -0.0136817346
  53  6/2006 |          :      :      *|       :      :          | -0.0069828391
  54  7/2006 |          :      :       |   *   :      :          |  0.0436517508
  55  8/2006 |          :      :    *  |       :      :          | -0.0353766336
  56  9/2006 |          :  *   :       |       :      :          | -0.1313780555
  57 10/2006 |          :      :   *   |       :      :          | -0.0470887195
  58 11/2006 |          :      :       | *     :      :          |  0.0210916839
  59 12/2006 +          :      :       |  *    :      :          +  0.0375909297
  60  1/2007 |          : *    :       |       :      :          | -0.1405339050
  61  2/2007 |          :      :       |       :   *  :          |  0.1339737717
  62  3/2007 |          :      :      *|       :      :          | -0.0096491870
  63  4/2007 |          :      :       |   *   :      :          |  0.0488052961
  64  5/2007 |          :      :     * |       :      :          | -0.0231923197
  65  6/2007 |          :      :       |     * :      :          |  0.0608182470
  66  7/2007 |          :      :       |     * :      :          |  0.0706859115
  67  8/2007 |          :      : *     |       :      :          | -0.0616786058
  68  9/2007 |          :      :       |       :*     :          |  0.1023362615
  69 10/2007 |          :      :       |   *   :      :          |  0.0425365341
  70 11/2007 |          :      :       |      *:      :          |  0.0759323496
  71 12/2007 +          :      :  *    |       :      :          + -0.0539344380
  72  1/2008 |          :      :       |  *    :      :          |  0.0302820371
  73  2/2008 |          :      :       |  *    :      :          |  0.0284800797
  74  3/2008 |          :      :       |       *      :          |  0.0921665269
  75  4/2008 |          :      :       |  *    :      :          |  0.0346256155
  76  5/2008 |          :      :       |       *      :          |  0.0824474592
  77  6/2008 |          :      :       |  *    :      :          |  0.0361717293
  78  7/2008 |          :      :     * |       :      :          | -0.0187630927
  79  8/2008 |          :  *   :       |       :      :          | -0.1327061714
  80  9/2008 |          :      *       |       :      :          | -0.0834620481
  81 10/2008>|*         :      :       |       :      :          |>-0.2726207629
  82 11/2008>|       *  :      :       |       :      :          |>-0.1995622511
  83 12/2008>+ *        :      :       |       :      :          +>-0.2586125039
  84  1/2009 |          :      :       |       :  *   :          |  0.1147083331
  85  2/2009 |          :      :*      |       :      :          | -0.0789877754
  86  3/2009>|          :      :       |       :      :    *     |> 0.2204374177
  87  4/2009 |          :      :   *   |       :      :          | -0.0464343379
  88  5/2009 |          :      :       |       :     *:          |  0.1537513315
  89  6/2009 |          :      :       |       :*     :          |  0.0928827302
  90  7/2009 |          :  *   :       |       :      :          | -0.1359391383
  91  8/2009 |          :      :       |       :  *   :          |  0.1230946762
  92  9/2009 |          :      :  *    |       :      :          | -0.0577978699
  93 10/2009 |          :      :       |      *:      :          |  0.0816212123
  94 11/2009 |          :      :      *|       :      :          | -0.0068292592
  95 12/2009 +          :      :  *    |       :      :          + -0.0551546087
  96  1/2010 |          :      :       |     * :      :          |  0.0630062210
  97  2/2010 |          :      :   *   |       :      :          | -0.0443097263
  98  3/2010 |          :      :       |    *  :      :          |  0.0594369613
  99  4/2010 |          :      :       | *     :      :          |  0.0197275430
 100  5/2010 |          :*     :       |       :      :          | -0.1513237892
 101  6/2010 |          :      :       |     * :      :          |  0.0619242328
 102  7/2010 |          :      :       *       :      :          |  0.0035016442
 103  8/2010 |          :      :       *       :      :          |  0.0028457022
 104  9/2010 |          :      :     * |       :      :          | -0.0239256857
 105 10/2010 |          :      :       |       *      :          |  0.0849698106
 106 11/2010 |          :      :       *       :      :          | -0.0022826885
 107 12/2010 +          :      :       |    *  :      :          +  0.0519746936
 108  1/2011 |          :      :       *       :      :          | -0.0037767542
 109  2/2011 |          :      :       *       :      :          |  0.0032794677
 110  3/2011 |          :      :       |       :    * :          |  0.1367150910
 111  4/2011 |          :      :       | *     :      :          |  0.0210507777
 112  5/2011 |          :     *:       |       :      :          | -0.1031193048
 113  6/2011 |          :      :    *  |       :      :          | -0.0339457688
 114  7/2011 |          :      :       |*      :      :          |  0.0153479842
 115  8/2011 |          :   *  :       |       :      :          | -0.1231049070
 116  9/2011 |          :      :       | *     :      :          |  0.0269650633
 117 10/2011 |          :      :       |*      :      :          |  0.0110638651
 118 11/2011 |          :      :       |       : *    :          |  0.1113708957
 119 12/2011 +          :      :     * |       :      :          + -0.0255421403
 120  1/2012 |          :      :       |*      :      :          |  0.0105348261
 121  2/2012 |          :      :       |*      :      :          |  0.0065668114
 122  3/2012 |          :      :       |  *    :      :          |  0.0286321985
 123  4/2012 |          :      :   *   |       :      :          | -0.0399180268
 124  5/2012 |          :      : *     |       :      :          | -0.0709005918
 125  6/2012 |          :   *  :       |       :      :          | -0.1233031712
 126  7/2012 |          :      :       |       :*     :          |  0.0999165543
 127  8/2012 |          :      :       |    *  :      :          |  0.0524116406
 128  9/2012 |          :      :      *|       :      :          | -0.0114300636
 129 10/2012 |          :      :   *   |       :      :          | -0.0396029575
 130 11/2012 |          :      :      *|       :      :          | -0.0148349498
 131 12/2012 +          :      :       | *     :      :          +  0.0165956320
 132  1/2013 |          :      :       |     * :      :          |  0.0610259929
 133  2/2013 |          :      :    *  |       :      :          | -0.0306633751
 134  3/2013 |          :      :     * |       :      :          | -0.0269797684
 135  4/2013 |          :      :      *|       :      :          | -0.0100590842
 136  5/2013 |          :      :       |*      :      :          |  0.0131040446
 137  6/2013 |          :      :       *       :      :          | -0.0049694915
 138  7/2013 |          :      :       |      *:      :          |  0.0805596640
 139  8/2013 |          :      :      *|       :      :          | -0.0133461989
 140  9/2013 |          :      :      *|       :      :          | -0.0094444302
 141 10/2013 |          :      : *     |       :      :          | -0.0672458072
 142 11/2013 |          :      : *     |       :      :          | -0.0623351769
 143 12/2013 +          :      :       |    *  :      :          +  0.0589092513
 144  1/2014 |          :      :   *   |       :      :          | -0.0474911206
 145  2/2014 |          :      :       |    *  :      :          |  0.0596856765
 146  3/2014 |          :      :    *  |       :      :          | -0.0282947682
 147  4/2014 |          :      :       *       :      :          |  0.0014156515
 148  5/2014 |          :      :      *|       :      :          | -0.0093732060
 149  6/2014 |          :      :       | *     :      :          |  0.0246686728
 150  7/2014 |          :      :   *   |       :      :          | -0.0399588228
 151  8/2014 |          :      :*      |       :      :          | -0.0762308000
 152  9/2014 |          :      :      *|       :      :          | -0.0153324109
 153 10/2014 |          :      *       |       :      :          | -0.0907628467
 154 11/2014 |          :      *       |       :      :          | -0.0846199189
 155 12/2014>+     *    :      :       |       :      :          +>-0.2200328535
 156  1/2015 |          *      :       |       :      :          | -0.1637571902
 157  2/2015 |          :      :       |       :   *  :          |  0.1253745741
 158  3/2015 |          :      :*      |       :      :          | -0.0794433608
 159  4/2015 |          :      :       |       :     *:          |  0.1487711523
 160  5/2015 |          :      :       |  *    :      :          |  0.0346578426
 161  6/2015 |          :      :     * |       :      :          | -0.0175525310
 162  7/2015 |          *      :       |       :      :          | -0.1652733603
 163  8/2015 |          :  *   :       |       :      :          | -0.1288183915
 164  9/2015 |          :      :       |       :*     :          |  0.1006859046
 165 10/2015 |          :      :     * |       :      :          | -0.0199219271
 166 11/2015 |          :     *:       |       :      :          | -0.0975416748
 167 12/2015 +          :     *:       |       :      :          + -0.1026519351
 168  1/2016 |          :  *   :       |       :      :          | -0.1277226644
 169  2/2016 |          :      :     * |       :      :          | -0.0184421053
 170  3/2016>|          :      :       |       :      :    *     |> 0.2145615673
 171  4/2016 |          :      :       |*      :      :          |  0.0078711926
 172  5/2016 |          :      :       |       :*     :          |  0.0969232160
 173  6/2016 |          :      :       *       :      :          |  0.0001813867
 174  7/2016 |          :     *:       |       :      :          | -0.0982827026
 175  8/2016 |          :      :       | *     :      :          |  0.0246974856
 176  9/2016 |          :      :       *       :      :          |  0.0044465695
 177 10/2016 |          :      :       |       *      :          |  0.0859696825
 178 11/2016 |          :    * :       |       :      :          | -0.1131239196
 179 12/2016 +          :      :       |       :      *          +  0.1591595011
 180  1/2017 |          :      :     * |       :      :          | -0.0236811481
 181  2/2017 |          :      :       | *     :      :          |  0.0208673529
 182  3/2017 |          :     *:       |       :      :          | -0.1015299011
 183  4/2017 |          :      :       |   *   :      :          |  0.0446670748
 184  5/2017 |          :      : *     |       :      :          | -0.0678165582
 185  6/2017 |          :      : *     |       :      :          | -0.0645416708
 186  7/2017 |          :      :       |    *  :      :          |  0.0492464807
 187  8/2017 |          :      :       |*      :      :          |  0.0124953005
 188  9/2017 |          :      :       | *     :      :          |  0.0227548958
 189 10/2017 |          :      :       | *     :      :          |  0.0192298699
 190 11/2017 |          :      :       |       *      :          |  0.0827252068
 191 12/2017 +          :      :      *|       :      :          + -0.0080060495
 192  1/2018 |          :      :       |       *      :          |  0.0844881694
 193  2/2018 |          :      : *     |       :      :          | -0.0645858093
 194  3/2018 |          :      :       |*      :      :          |  0.0143808620
 195  4/2018 |          :      :       |  *    :      :          |  0.0380873372
 196  5/2018 |          :      :       |  *    :      :          |  0.0286082685
 197  6/2018 |          :      :    *  |       :      :          | -0.0357936127
 198  7/2018 |          :      :       |    *  :      :          |  0.0545640444
 199  8/2018 |          :      : *     |       :      :          | -0.0650235389
 200  9/2018 |          :      :       |   *   :      :          |  0.0409904973
 201 10/2018 |          :      :       *       :      :          | -0.0045528553
 202 11/2018>|     *    :      :       |       :      :          |>-0.2178497403
 203 12/2018 +          :      :*      |       :      :          + -0.0778961187
 204  1/2019 |          :      :       |     * :      :          |  0.0679247016
 205  2/2019 |          :      :       |   *   :      :          |  0.0405468549
 206  3/2019 |          :      :       |  *    :      :          |  0.0347166613
 207  4/2019 |          :      :       |     * :      :          |  0.0669923914
 208  5/2019 |          :      *       |       :      :          | -0.0831133301
 209  6/2019 |          :     *:       |       :      :          | -0.0952655204
 210  7/2019 |          :      :       |      *:      :          |  0.0739558609
 211  8/2019 |          :      : *     |       :      :          | -0.0669210364
 212  9/2019 |          :      :       |   *   :      :          |  0.0437934177
 213 10/2019 |          :      :*      |       :      :          | -0.0746865389
 214 11/2019 |          :      :       |      *:      :          |  0.0765869417
 215 12/2019 +          :      :       | *     :      :          +  0.0246759263
-------------+--+-------+------+-------+-------+------+-------+--+--------------
               -3      -2     -1       0      +1     +2      +3   

                 +------------------------------------------+
                 |       Table of standardized values       |
                 |       greater than or equal to 2.0       |
                 +------------------------------------------+
                 |                                          |
                 | Observation    Date   Standardized value |
                 |                                          |
                 |     81       10/2008        -3.30        |
                 |     82       11/2008        -2.41        |
                 |     83       12/2008        -3.13        |
                 |     86        3/2009         2.67        |
                 |    155       12/2014        -2.66        |
                 |    170        3/2016         2.60        |
                 |    202       11/2018        -2.64        |
                 +------------------------------------------+

Standardized time series histogram:

       -4      -3      -2      -1       0      +1      +2      +3      +4
        +---+---+---+---+---+---+---+---+---+---+---+---+---+---+---+---+
        |                                 48                            |
        |                                ....                            |
        |                             40 ....                            |
        |                            ........                            |
        |                            ........                            |
        |                            ........ 33                         |
        |                            ............                        |
        |                         27 ............                        |
        |                        ................                        |
        |                        ................ 21                     |
        |                     18 ....................                    |
        |                    ........................                    |
        |                 11 ........................10                  |
        |                ................................                |
        |                ................................                |
        |      2  2  1   ................................   2            |
        |    ............................................    ....        |
        +---+---+---+---+---+---+---+---+---+---+---+---+---+---+---+---+
       -4      -3      -2      -1       0      +1      +2      +3      +4

              67 values outside (-1,+1): 31.16 % (31.74 % expected)
               7 values outside (-2,+2):  3.26 % ( 4.56 % expected)

Autocorrelation function (acf bands =  0.136):

            -1                         0                         1  L-B Q  DF
-------------+-------------------------+-------------------------+--------------
   1  -0.026 |                      : *|  :                      | 
   2   0.115 |                      :  |***                      | 
   3  -0.092 |                      :**|  :                      | 
   4  -0.063 |                      :**|  :                      | 
   5   0.047 |                      :  |* :                      | 
   6  -0.111 |                      ***|  :                      | 
   7  -0.007 |                      :  |  :                      | 
   8  -0.113 |                      ***|  :                      | 
   9  -0.027 |                      : *|  :                      | 
  10   0.056 |                      :  |* :                      | 
  11   0.061 |                      :  |**:                      | 
  12   0.028 +                      :  |+ :                      +  13.85  12
  13  -0.040 |                      : *|  :                      | 
  14  -0.047 |                      : *|  :                      | 
  15   0.027 |                      :  |* :                      | 
  16  -0.053 |                      : *|  :                      | 
  17   0.004 |                      :  |  :                      | 
  18  -0.040 |                      : *|  :                      | 
  19   0.039 |                      :  |* :                      | 
  20   0.056 |                      :  |* :                      | 
  21   0.036 |                      :  |* :                      | 
  22   0.036 |                      :  |* :                      | 
  23  -0.042 |                      : *|  :                      | 
  24  -0.084 +                      :++|  :                      +  19.81  24
  25   0.135 |                      :  |***                      | 
  26  -0.026 |                      : *|  :                      | 
  27   0.032 |                      :  |* :                      | 
  28  -0.053 |                      : *|  :                      | 
  29  -0.053 |                      : *|  :                      | 
  30   0.058 |                      :  |* :                      | 
  31  -0.001 |                      :  |  :                      | 
  32  -0.037 |                      : *|  :                      | 
  33   0.033 |                      :  |* :                      | 
  34   0.025 |                      :  |* :                      | 
  35   0.045 |                      :  |* :                      | 
  36  -0.050 +                      : +|  :                      +  28.94  36
  37  -0.010 |                      :  |  :                      | 
  38  -0.008 |                      :  |  :                      | 
  39  -0.067 |                      :**|  :                      | 
  40   0.066 |                      :  |**:                      | 
  41   0.037 |                      :  |* :                      | 
  42   0.040 |                      :  |* :                      |  32.11  42
-------------+-------------------------+-------------------------+--------------
            -1                         0                         1  L-B Q  DF

Partial autocorrelation function (pacf bands =  0.136):

            -1                         0                         1
-------------+-------------------------+-------------------------+--------------
   1  -0.026 |                      : *|  :                      | 
   2   0.115 |                      :  |***                      | 
   3  -0.087 |                      :**|  :                      | 
   4  -0.081 |                      :**|  :                      | 
   5   0.067 |                      :  |**:                      | 
   6  -0.104 |                      ***|  :                      | 
   7  -0.038 |                      : *|  :                      | 
   8  -0.085 |                      :**|  :                      | 
   9  -0.040 |                      : *|  :                      | 
  10   0.059 |                      :  |* :                      | 
  11   0.062 |                      :  |**:                      | 
  12  -0.013 +                      :  |  :                      + 
  13  -0.043 |                      : *|  :                      | 
  14  -0.051 |                      : *|  :                      | 
  15   0.029 |                      :  |* :                      | 
  16  -0.055 |                      : *|  :                      | 
  17  -0.014 |                      :  |  :                      | 
  18  -0.011 |                      :  |  :                      | 
  19   0.049 |                      :  |* :                      | 
  20   0.049 |                      :  |* :                      | 
  21   0.018 |                      :  |  :                      | 
  22   0.002 |                      :  |  :                      | 
  23  -0.029 |                      : *|  :                      | 
  24  -0.092 +                      :++|  :                      + 
  25   0.161 |                      :  |****                     | 
  26  -0.000 |                      :  |  :                      | 
  27  -0.010 |                      :  |  :                      | 
  28  -0.007 |                      :  |  :                      | 
  29  -0.037 |                      : *|  :                      | 
  30   0.027 |                      :  |* :                      | 
  31   0.022 |                      :  |* :                      | 
  32  -0.100 |                      :**|  :                      | 
  33   0.080 |                      :  |**:                      | 
  34   0.078 |                      :  |**:                      | 
  35   0.018 |                      :  |  :                      | 
  36  -0.080 +                      :++|  :                      + 
  37  -0.024 |                      : *|  :                      | 
  38   0.018 |                      :  |  :                      | 
  39  -0.045 |                      : *|  :                      | 
  40   0.036 |                      :  |* :                      | 
  41   0.083 |                      :  |**:                      | 
  42   0.014 |                      :  |  :                      | 
-------------+-------------------------+-------------------------+--------------
            -1                         0                         1


--- Residual series a[2] (IPC_ES) ---
Unconditional residuals (seasonal period: 12)
215 observations: from 2/2002 to 12/2019

                  Mean:           0.000000
Standard error of mean:           0.000169
              Variance:           0.000006
    Standard deviation:           0.002474
              Skewness:           0.081254
              Kurtosis:           0.342700
               Minimum:          -0.007716 at  1/2016 (observation 168)
               Maximum:           0.006816 at  9/2012 (observation 128)

Standardized time series plot (original values on right-side column):

              -3      -2      -1       0      +1      +2      +3  
-------------+-+-------+-------+-------+-------+-------+-------+-+--------------
   1  2/2002 |         :       :       |*      :       :         |  0.0004376214
   2  3/2002 |         :       :       |   *   :       :         |  0.0012555786
   3  4/2002 |         :       :   *   |       :       :         | -0.0011387125
   4  5/2002 |         :       :      *|       :       :         | -0.0001744089
   5  6/2002 |         :       : *     |       :       :         | -0.0019576675
   6  7/2002 |         :       :       |      *:       :         |  0.0022920704
   7  8/2002 |         :       :       *       :       :         |  0.0000014146
   8  9/2002 |         :       :       |    *  :       :         |  0.0015385016
   9 10/2002 |         :       :      *|       :       :         | -0.0004032249
  10 11/2002 |         :       :     * |       :       :         | -0.0007542911
  11 12/2002 +         :       :       |       :     * :         +  0.0043102745
  12  1/2003>|         :       :       |       :       :    *    |> 0.0065510120
  13  2/2003 |         :       :   *   |       :       :         | -0.0011138608
  14  3/2003 |         :       :     * |       :       :         | -0.0004674631
  15  4/2003 |         :    *  :       |       :       :         | -0.0035219610
  16  5/2003 |         :       :    *  |       :       :         | -0.0010773559
  17  6/2003 |         :       :       *       :       :         | -0.0000463287
  18  7/2003 |         :       :       |  *    :       :         |  0.0010523365
  19  8/2003 |         :       :       |      *:       :         |  0.0022041593
  20  9/2003 |         :       :       | *     :       :         |  0.0006799170
  21 10/2003 |         :       :  *    |       :       :         | -0.0015655013
  22 11/2003 |         :       :       | *     :       :         |  0.0005944841
  23 12/2003 +         :       :       |  *    :       :         +  0.0010573064
  24  1/2004 |         :       :       |       :      *:         |  0.0044864982
  25  2/2004 |         :       :  *    |       :       :         | -0.0015902670
  26  3/2004 |         :       :       | *     :       :         |  0.0007686755
  27  4/2004 |         :       :       |  *    :       :         |  0.0009147476
  28  5/2004 |         :       :       |       :*      :         |  0.0028248443
  29  6/2004 |         :       :  *    |       :       :         | -0.0015806791
  30  7/2004 |         :       :       | *     :       :         |  0.0007303701
  31  8/2004 |         :       :       |    *  :       :         |  0.0016973824
  32  9/2004 |         :       :   *   |       :       :         | -0.0012322327
  33 10/2004 |         :       :       |  *    :       :         |  0.0010646531
  34 11/2004 |         :       : *     |       :       :         | -0.0017030056
  35 12/2004 +         :       :      *|       :       :         + -0.0003179130
  36  1/2005 |         :       :       |       :      *:         |  0.0047415479
  37  2/2005 |         :       :       | *     :       :         |  0.0007194652
  38  3/2005 |         :       :       |   *   :       :         |  0.0012912953
  39  4/2005 |         :       :       |  *    :       :         |  0.0010314479
  40  5/2005 |         :       :   *   |       :       :         | -0.0011154071
  41  6/2005 |         :       :       |    *  :       :         |  0.0016219208
  42  7/2005 |         :       :       *       :       :         | -0.0000991646
  43  8/2005 |         :       :       |     * :       :         |  0.0017029250
  44  9/2005 |         :       :       |       : *     :         |  0.0030772689
  45 10/2005 |         :       :  *    |       :       :         | -0.0015818539
  46 11/2005 |         :       :      *|       :       :         | -0.0002406353
  47 12/2005 +         :       :       |       :*      :         +  0.0027323290
  48  1/2006>|         :       :       |       :       :    *    |> 0.0066030646
  49  2/2006 |         :       *       |       :       :         | -0.0024292217
  50  3/2006 |         :       :       |     * :       :         |  0.0019683170
  51  4/2006 |         :       :       |       *       :         |  0.0023288316
  52  5/2006 |         :       :     * |       :       :         | -0.0007008066
  53  6/2006 |         :       :      *|       :       :         | -0.0003976417
  54  7/2006 |         :       :       |   *   :       :         |  0.0011654030
  55  8/2006 |         :       :     * |       :       :         | -0.0006380334
  56  9/2006 |         :     * :       |       :       :         | -0.0029324640
  57 10/2006 |         :       :*      |       :       :         | -0.0022778371
  58 11/2006 |         :       :       |     * :       :         |  0.0018711399
  59 12/2006 +         :       :       |      *:       :         +  0.0022910794
  60  1/2007 |         :       :       |       :  *    :         |  0.0032457682
  61  2/2007 |         :       :       | *     :       :         |  0.0007180290
  62  3/2007 |         :       :       |  *    :       :         |  0.0010403587
  63  4/2007 |         :       :       |      *:       :         |  0.0021346140
  64  5/2007 |         :       :    *  |       :       :         | -0.0010236432
  65  6/2007 |         :       :       |*      :       :         |  0.0003739053
  66  7/2007 |         :       :   *   |       :       :         | -0.0010841794
  67  8/2007 |         :       :  *    |       :       :         | -0.0014547263
  68  9/2007 |         :       :       |      *:       :         |  0.0021751809
  69 10/2007 |         :       :       |       :  *    :         |  0.0032654158
  70 11/2007 |         :       :       |       : *     :         |  0.0030718339
  71 12/2007 +         :       :       |     * :       :         +  0.0018222292
  72  1/2008 |         :       :       |       :   *   :         |  0.0037587495
  73  2/2008 |         :       :       *       :       :         |  0.0000698423
  74  3/2008 |         :       :       |       :*      :         |  0.0029023793
  75  4/2008 |         :       :  *    |       :       :         | -0.0016211066
  76  5/2008 |         :       :       |       :  *    :         |  0.0034731749
  77  6/2008 |         :       :       |      *:       :         |  0.0022461269
  78  7/2008 |         :       :       *       :       :         |  0.0001376455
  79  8/2008 |         : *     :       |       :       :         | -0.0043656934
  80  9/2008 |         :       :       | *     :       :         |  0.0005804549
  81 10/2008 |         :     * :       |       :       :         | -0.0029597532
  82 11/2008 |         :       *       |       :       :         | -0.0024668378
  83 12/2008 +         :       :   *   |       :       :         + -0.0011882643
  84  1/2009 |         :       :       |       *       :         |  0.0026016951
  85  2/2009 |         :       :       *       :       :         | -0.0000998815
  86  3/2009 |         :     * :       |       :       :         | -0.0029987163
  87  4/2009 |         :       :*      |       :       :         | -0.0021815260
  88  5/2009 |         :     * :       |       :       :         | -0.0031453979
  89  6/2009 |         :       :       |     * :       :         |  0.0017106520
  90  7/2009 |         : *     :       |       :       :         | -0.0042747687
  91  8/2009 |         :       :       |       :*      :         |  0.0028574464
  92  9/2009>|        *:       :       |       :       :         |>-0.0052246779
  93 10/2009 |         :       :       *       :       :         |  0.0001421377
  94 11/2009 |         :       :       |       *       :         |  0.0023917937
  95 12/2009 +         :       :  *    |       :       :         + -0.0016301666
  96  1/2010 |         :       :       |  *    :       :         |  0.0007891828
  97  2/2010 |         :      *:       |       :       :         | -0.0028400652
  98  3/2010 |         :       :       |       :*      :         |  0.0027377436
  99  4/2010 |         :       :    *  |       :       :         | -0.0008962709
 100  5/2010 |         :       :    *  |       :       :         | -0.0007881934
 101  6/2010 |         :       :       |     * :       :         |  0.0017443238
 102  7/2010 |         :       :       |     * :       :         |  0.0017278014
 103  8/2010 |         :       :       *       :       :         |  0.0000610238
 104  9/2010 |         :       :    *  |       :       :         | -0.0009633751
 105 10/2010 |         :       :       |    *  :       :         |  0.0016053083
 106 11/2010 |         :       :       |      *:       :         |  0.0020141676
 107 12/2010 +         :       :       |       :      *:         +  0.0047634290
 108  1/2011 |         :       :       | *     :       :         |  0.0007227422
 109  2/2011 |         :       :       |*      :       :         |  0.0001881946
 110  3/2011 |         :       :       |      *:       :         |  0.0020310096
 111  4/2011 |         :       :       |*      :       :         |  0.0003417654
 112  5/2011 |         :  *    :       |       :       :         | -0.0040302466
 113  6/2011 |         :       :  *    |       :       :         | -0.0014839475
 114  7/2011 |         :       :       |      *:       :         |  0.0020089482
 115  8/2011 |         :       :    *  |       :       :         | -0.0009236370
 116  9/2011 |         :       :       |       *       :         |  0.0023425023
 117 10/2011 |         :       :       *       :       :         |  0.0000701835
 118 11/2011 |         :       :       |    *  :       :         |  0.0016597922
 119 12/2011 +         :       :     * |       :       :         + -0.0007710537
 120  1/2012 |         :       : *     |       :       :         | -0.0017574223
 121  2/2012 |         :       :       | *     :       :         |  0.0006341980
 122  3/2012 |         :       :       |   *   :       :         |  0.0012262920
 123  4/2012 |         :       :       |       :  *    :         |  0.0032879857
 124  5/2012 |         :*      :       |       :       :         | -0.0045501885
 125  6/2012 |         :       :  *    |       :       :         | -0.0016580004
 126  7/2012>|         :       :       |       :       :  *      |> 0.0059146131
 127  8/2012 |         :       :       |      *:       :         |  0.0022627899
 128  9/2012>|         :       :       |       :       :     *   |> 0.0068161076
 129 10/2012 |         :       :    *  |       :       :         | -0.0007999651
 130 11/2012 |         :     * :       |       :       :         | -0.0031157490
 131 12/2012 +         :       :       |   *   :       :         +  0.0012789244
 132  1/2013 |         :   *   :       |       :       :         | -0.0037680052
 133  2/2013 |         :       :       |   *   :       :         |  0.0011760549
 134  3/2013 |         :       : *     |       :       :         | -0.0018469941
 135  4/2013>|       * :       :       |       :       :         |>-0.0054846495
 136  5/2013 |         :       :       | *     :       :         |  0.0007323529
 137  6/2013 |         :       :      *|       :       :         | -0.0002110606
 138  7/2013 |         :       :       | *     :       :         |  0.0006697086
 139  8/2013 |         :       :       *       :       :         |  0.0001533937
 140  9/2013 |         :   *   :       |       :       :         | -0.0037851575
 141 10/2013 |         :      *:       |       :       :         | -0.0026733124
 142 11/2013 |         :       :       |   *   :       :         |  0.0011340720
 143 12/2013 +         :       :       |   *   :       :         +  0.0011507778
 144  1/2014 |         :*      :       |       :       :         | -0.0045885994
 145  2/2014 |         :       :       |*      :       :         |  0.0002141115
 146  3/2014 |         :    *  :       |       :       :         | -0.0032777762
 147  4/2014 |         :       :      *|       :       :         | -0.0003302044
 148  5/2014 |         :       :*      |       :       :         | -0.0021940198
 149  6/2014 |         :       :    *  |       :       :         | -0.0007853225
 150  7/2014 |         :   *   :       |       :       :         | -0.0035996011
 151  8/2014 |         :       :       | *     :       :         |  0.0006607571
 152  9/2014 |         :       :       |  *    :       :         |  0.0008516972
 153 10/2014 |         :       *       |       :       :         | -0.0024625869
 154 11/2014 |         :       :   *   |       :       :         | -0.0013224287
 155 12/2014 +         :*      :       |       :       :         + -0.0046250651
 156  1/2015 |         :      *:       |       :       :         | -0.0028761665
 157  2/2015>|         :       :       |       :       :*        |> 0.0053013241
 158  3/2015 |         :       :       |*      :       :         |  0.0002230961
 159  4/2015 |         :       :      *|       :       :         | -0.0003628682
 160  5/2015 |         :       :       |   *   :       :         |  0.0010820413
 161  6/2015 |         :       :      *|       :       :         | -0.0002043347
 162  7/2015 |         :   *   :       |       :       :         | -0.0037203746
 163  8/2015 |         :      *:       |       :       :         | -0.0027992165
 164  9/2015 |         :       :  *    |       :       :         | -0.0016635000
 165 10/2015 |         :       :    *  |       :       :         | -0.0007854221
 166 11/2015 |         :       :       |    *  :       :         |  0.0014821320
 167 12/2015 +         :      *:       |       :       :         + -0.0028340705
 168  1/2016>|*        :       :       |       :       :         |>-0.0077163846
 169  2/2016 |         :       :      *|       :       :         | -0.0003066517
 170  3/2016 |         :       :       |       *       :         |  0.0025605355
 171  4/2016>|       * :       :       |       :       :         |>-0.0054180091
 172  5/2016 |         :       :       |       :*      :         |  0.0027287280
 173  6/2016 |         :       :       |  *    :       :         |  0.0010629703
 174  7/2016 |         :       *       |       :       :         | -0.0024026068
 175  8/2016 |         :       :       | *     :       :         |  0.0006053525
 176  9/2016 |         :       :   *   |       :       :         | -0.0013168083
 177 10/2016 |         :       :       |       :    *  :         |  0.0040787743
 178 11/2016 |         :       :      *|       :       :         | -0.0004296703
 179 12/2016>+         :       :       |       :       :   *     +> 0.0060323663
 180  1/2017 |         :       :       |   *   :       :         |  0.0011887338
 181  2/2017>|         *       :       |       :       :         |>-0.0050056037
 182  3/2017 |         :*      :       |       :       :         | -0.0045372289
 183  4/2017 |         :       :       |     * :       :         |  0.0017754308
 184  5/2017 |         :    *  :       |       :       :         | -0.0034113662
 185  6/2017 |         :       :       *       :       :         |  0.0000966032
 186  7/2017 |         :       :       *       :       :         | -0.0000681576
 187  8/2017 |         :       :       *       :       :         |  0.0000050881
 188  9/2017 |         :       :       *       :       :         | -0.0000635732
 189 10/2017 |         :       :       |   *   :       :         |  0.0013661651
 190 11/2017 |         :       :       |    *  :       :         |  0.0016046908
 191 12/2017 +         :       :  *    |       :       :         + -0.0015349820
 192  1/2018 |         :       : *     |       :       :         | -0.0019431688
 193  2/2018 |         :       :       *       :       :         |  0.0001356913
 194  3/2018 |         :   *   :       |       :       :         | -0.0037123680
 195  4/2018 |         :       :     * |       :       :         | -0.0006811396
 196  5/2018>|         :       :       |       :       :   *     |> 0.0062678930
 197  6/2018 |         :       :    *  |       :       :         | -0.0008391748
 198  7/2018 |         :       :   *   |       :       :         | -0.0013872837
 199  8/2018 |         :       :     * |       :       :         | -0.0005901247
 200  9/2018 |         :       :       |    *  :       :         |  0.0014937308
 201 10/2018 |         :       :       |    *  :       :         |  0.0014263575
 202 11/2018 |         :   *   :       |       :       :         | -0.0038009888
 203 12/2018 +         :       :*      |       :       :         + -0.0020953189
 204  1/2019 |         :       :   *   |       :       :         | -0.0013487508
 205  2/2019 |         :       :       |      *:       :         |  0.0022786846
 206  3/2019 |         :       *       |       :       :         | -0.0024133548
 207  4/2019 |         :       :       |*      :       :         |  0.0002178781
 208  5/2019 |         :       :  *    |       :       :         | -0.0015911388
 209  6/2019 |         :       :*      |       :       :         | -0.0020918174
 210  7/2019 |         :       :       |   *   :       :         |  0.0011520899
 211  8/2019 |         :      *:       |       :       :         | -0.0027998013
 212  9/2019 |         :       :     * |       :       :         | -0.0004889534
 213 10/2019 |         :       :       |       *       :         |  0.0023222696
 214 11/2019 |         :       :      *|       :       :         | -0.0004583605
 215 12/2019 +         :       : *     |       :       :         + -0.0017316807
-------------+-+-------+-------+-------+-------+-------+-------+-+--------------
              -3      -2      -1       0      +1      +2      +3  

                 +------------------------------------------+
                 |       Table of standardized values       |
                 |       greater than or equal to 2.0       |
                 +------------------------------------------+
                 |                                          |
                 | Observation    Date   Standardized value |
                 |                                          |
                 |     12        1/2003         2.65        |
                 |     48        1/2006         2.67        |
                 |     92        9/2009        -2.11        |
                 |    126        7/2012         2.39        |
                 |    128        9/2012         2.75        |
                 |    135        4/2013        -2.22        |
                 |    157        2/2015         2.14        |
                 |    168        1/2016        -3.12        |
                 |    171        4/2016        -2.19        |
                 |    179       12/2016         2.44        |
                 |    181        2/2017        -2.02        |
                 |    196        5/2018         2.53        |
                 +------------------------------------------+

Standardized time series histogram:

       -4      -3      -2      -1       0      +1      +2      +3      +4
        +---+---+---+---+---+---+---+---+---+---+---+---+---+---+---+---+
        |                                 47                            |
        |                                ....                            |
        |                             41 ....                            |
        |                            ........ 36                         |
        |                            ............                        |
        |                         32 ............                        |
        |                        ................                        |
        |                        ................                        |
        |                        ................                        |
        |                        ................                        |
        |                     15 ................                        |
        |                 12 ....................14                      |
        |                ............................                    |
        |                ............................  6                 |
        |              4 ................................ 3  4           |
        |      1     ............................................        |
        |    ....    ............................................        |
        +---+---+---+---+---+---+---+---+---+---+---+---+---+---+---+---+
       -4      -3      -2      -1       0      +1      +2      +3      +4

              59 values outside (-1,+1): 27.44 % (31.74 % expected)
              12 values outside (-2,+2):  5.58 % ( 4.56 % expected)

Autocorrelation function (acf bands =  0.136):

            -1                         0                         1  L-B Q  DF
-------------+-------------------------+-------------------------+--------------
   1   0.031 |                      :  |* :                      | 
   2  -0.025 |                      : *|  :                      | 
   3   0.039 |                      :  |* :                      | 
   4   0.012 |                      :  |  :                      | 
   5   0.094 |                      :  |**:                      | 
   6   0.035 |                      :  |* :                      | 
   7   0.053 |                      :  |* :                      | 
   8   0.004 |                      :  |  :                      | 
   9   0.045 |                      :  |* :                      | 
  10   0.062 |                      :  |**:                      | 
  11   0.031 |                      :  |* :                      | 
  12   0.089 +                      :  |++:                      +   6.93  12
  13   0.065 |                      :  |**:                      | 
  14  -0.025 |                      : *|  :                      | 
  15   0.002 |                      :  |  :                      | 
  16   0.014 |                      :  |  :                      | 
  17   0.035 |                      :  |* :                      | 
  18   0.013 |                      :  |  :                      | 
  19  -0.034 |                      : *|  :                      | 
  20   0.103 |                      :  |***                      | 
  21   0.055 |                      :  |* :                      | 
  22   0.025 |                      :  |* :                      | 
  23   0.001 |                      :  |  :                      | 
  24   0.078 +                      :  |++:                      +  13.61  24
  25  -0.020 |                      :  |  :                      | 
  26   0.065 |                      :  |**:                      | 
  27   0.000 |                      :  |  :                      | 
  28  -0.059 |                      : *|  :                      | 
  29  -0.006 |                      :  |  :                      | 
  30   0.089 |                      :  |**:                      | 
  31   0.024 |                      :  |* :                      | 
  32   0.044 |                      :  |* :                      | 
  33   0.006 |                      :  |  :                      | 
  34  -0.002 |                      :  |  :                      | 
  35   0.026 |                      :  |* :                      | 
  36   0.053 +                      :  |+ :                      +  19.16  36
  37  -0.004 |                      :  |  :                      | 
  38   0.027 |                      :  |* :                      | 
  39  -0.015 |                      :  |  :                      | 
  40  -0.035 |                      : *|  :                      | 
  41   0.004 |                      :  |  :                      | 
  42  -0.030 |                      : *|  :                      |  20.00  42
-------------+-------------------------+-------------------------+--------------
            -1                         0                         1  L-B Q  DF

Partial autocorrelation function (pacf bands =  0.136):

            -1                         0                         1
-------------+-------------------------+-------------------------+--------------
   1   0.031 |                      :  |* :                      | 
   2  -0.026 |                      : *|  :                      | 
   3   0.040 |                      :  |* :                      | 
   4   0.009 |                      :  |  :                      | 
   5   0.095 |                      :  |**:                      | 
   6   0.028 |                      :  |* :                      | 
   7   0.057 |                      :  |* :                      | 
   8  -0.004 |                      :  |  :                      | 
   9   0.045 |                      :  |* :                      | 
  10   0.047 |                      :  |* :                      | 
  11   0.025 |                      :  |* :                      | 
  12   0.078 +                      :  |++:                      + 
  13   0.057 |                      :  |* :                      | 
  14  -0.036 |                      : *|  :                      | 
  15  -0.010 |                      :  |  :                      | 
  16  -0.005 |                      :  |  :                      | 
  17   0.015 |                      :  |  :                      | 
  18  -0.007 |                      :  |  :                      | 
  19  -0.044 |                      : *|  :                      | 
  20   0.097 |                      :  |**:                      | 
  21   0.042 |                      :  |* :                      | 
  22   0.014 |                      :  |  :                      | 
  23  -0.014 |                      :  |  :                      | 
  24   0.078 +                      :  |++:                      + 
  25  -0.050 |                      : *|  :                      | 
  26   0.067 |                      :  |**:                      | 
  27  -0.026 |                      : *|  :                      | 
  28  -0.054 |                      : *|  :                      | 
  29  -0.034 |                      : *|  :                      | 
  30   0.079 |                      :  |**:                      | 
  31  -0.000 |                      :  |  :                      | 
  32   0.044 |                      :  |* :                      | 
  33  -0.027 |                      : *|  :                      | 
  34   0.004 |                      :  |  :                      | 
  35   0.013 |                      :  |  :                      | 
  36   0.040 +                      :  |+ :                      + 
  37  -0.028 |                      : *|  :                      | 
  38   0.036 |                      :  |* :                      | 
  39  -0.028 |                      : *|  :                      | 
  40  -0.034 |                      : *|  :                      | 
  41  -0.015 |                      :  |  :                      | 
  42  -0.061 |                      :**|  :                      | 
-------------+-------------------------+-------------------------+--------------
            -1                         0                         1


--- Cross-correlation functions between residuals ---

CROSS CORRELATION a[2] (IPC_ES) - a[1] (WTI)
      IPC_ES --> WTI IF k > 0
      WTI --> IPC_ES IF k < 0
CCF BANDS  2.0/SQRT(N) =  0.13640:

            -1                         0                         1
-------------+-------------------------+-------------------------+--------------
  -9   0.090 |                      :  |**:                      |                            
  -8   0.026 |                      :  |* :                      |                            
  -7   0.157 |                      :  |****                     |                            
  -6   0.063 |                      :  |**:                      |                            
  -5   0.117 |                      :  |***                      |                            
  -4  -0.094 |                      :**|  :                      |                            
  -3  -0.028 |                      : *|  :                      |                            
  -2  -0.039 |                      : *|  :                      |                            
  -1   0.020 |                      :  |* :                      |                            
   0   0.515 |                      :  |*************            |                            
   1  -0.026 |                      : *|  :                      |                            
   2   0.042 |                      :  |* :                      |                            
   3  -0.012 |                      :  |  :                      |                            
   4   0.072 |                      :  |**:                      |                            
   5   0.026 |                      :  |* :                      |                            
   6  -0.090 |                      :**|  :                      |                            
   7   0.045 |                      :  |* :                      |                            
   8  -0.100 |                      :**|  :                      |                            
   9  -0.059 |                      : *|  :                      |                            
-------------+-------------------------+-------------------------+--------------
            -1                         0                         1
Q(10) = 64.622     k >= 0      Q( 9) =  7.149      k > 0
Q(10) = 71.469     k <= 0      Q( 9) = 13.997      k < 0

=============================================================
