Input Data File  : data/passthrough/WTI_IPC_FR.inp
Output File      : data/passthrough/WTI_IPC_FR.out
Model: VARMA(3,0)
Include mean     : yes
Diagonal AR      : no
Diagonal MA      : no
Diagonal Cov     : no
Estimation method: 1
Two-step init    : no
Frequency        : 12
Start            : 1 2002
Box-Cox lambda   : 0
Rescale factor   : 100
Differences      : d=1, D=0 (seasonal lag=12)
Deseasonalize    : harmonic (auto)
Series names     : WTI IPC_FR
Observations     : 215 (raw 216)

Number of parameters: 17

=============================================================
  OPTIMIZER CONVERGED after 131 iterations
  Objective function = 0.001560786483
  Convergence criterion: norm of scaled gradient <= gradtol
=============================================================



=============================================================
  Estimated Parameters and Standard Deviations               
=============================================================

                        Parameter     Estimate    Std.Error   t-stat  p-val
--------------------------------------------------------------------
mu[1]                   0.470859     0.691568    0.681 0.4960    
mu[2]                   0.111893     0.014019    7.982 0.0000 ***
phi[1]_11              0.292984     0.067372    4.349 0.0000 ***
phi[1]_12             -0.319449     3.091833   -0.103 0.9177    
phi[1]_21              0.009876     0.001597    6.183 0.0000 ***
phi[1]_22             -0.159542     0.069932   -2.281 0.0225 *  
phi[2]_11              0.120468     0.073658    1.635 0.1019    
phi[2]_12             -4.479995     2.809318   -1.595 0.1108    
phi[2]_21              0.000757     0.001706    0.444 0.6574    
phi[2]_22              0.013456     0.069642    0.193 0.8468    
phi[3]_11             -0.110960     0.065055   -1.706 0.0881 .  
phi[3]_12              0.037492     1.240966    0.030 0.9759    
phi[3]_21             -0.000587     0.001656   -0.355 0.7229    
phi[3]_22              0.090487     0.064962    1.393 0.1636    
cov[1,1]               2.709135     0.113962   23.772 0.0000 ***
cov[2,1]               0.020992     0.003666    5.727 0.0000 ***
cov[2,2]               0.001346     0.000181    7.456 0.0000 ***
--------------------------------------------------------------------
Signif. codes:  0 '***' 0.001 '**' 0.01 '*' 0.05 '.' 0.1 ' ' 1



=============================================================
           JOINT HYPOTHESIS TESTS (WALD)                    
=============================================================

Test of joint significance of last lag (AR(3) and MA(0)):
  Wald chi2(4) = 5.4695, p-value = 0.2424
  Conclusion: Cannot reject H0 → last lag is not significant.

Test of joint significance of last AR lag (AR(3)):
  Wald chi2(4) = 5.4695, p-value = 0.2424
  Conclusion: Cannot reject H0 → last AR lag is not significant.

Test of joint significance of all cross effects:
  H0: all cross coefficients = 0
  Wald chi2(6) = 153013.0129, p-value = 0.0000
  Conclusion: REJECT H0 → cross effects are jointly significant.

--- Directional cross-effects tests ---

WTI: effects of other variables on it:
  H0: all coefficients in equation WTI from other vars = 0
  Wald chi2(3) = 151249.5498, p-value = 0.0000
  Conclusion: REJECT H0 → WTI is influenced by others.

WTI: effects of it on other variables:
  H0: all coefficients of WTI in other equations = 0
  Wald chi2(3) = 40.3680, p-value = 0.0000
  Conclusion: REJECT H0 → WTI influences others.

IPC_FR: effects of other variables on it:
  H0: all coefficients in equation IPC_FR from other vars = 0
  Wald chi2(3) = 40.3680, p-value = 0.0000
  Conclusion: REJECT H0 → IPC_FR is influenced by others.

IPC_FR: effects of it on other variables:
  H0: all coefficients of IPC_FR in other equations = 0
  Wald chi2(3) = 151249.5498, p-value = 0.0000
  Conclusion: REJECT H0 → IPC_FR influences others.


=============================================================
           ORTHOGONALIZED IMPULSE RESPONSE FUNCTIONS        
=============================================================
Shocks are orthogonalized via Cholesky decomposition of Sigma Matrix.
Order of variables: as in the model.

Shock to WTI:
Horizon      WTI   IPC_FR
    0     8.1679   0.0633
    1     2.3728   0.0706
    2     1.3731   0.0192
    3    -0.5381   0.0142
    4    -0.3434  -0.0013
    5    -0.3802  -0.0025
    6    -0.0860  -0.0020
    7    -0.0212  -0.0008
    8     0.0349  -0.0002
    9     0.0206   0.0002
   10     0.0133   0.0001
   11     0.0015   0.0001
   12    -0.0009   0.0000
   13    -0.0020  -0.0000
   14    -0.0009  -0.0000
   15    -0.0004  -0.0000
   16     0.0000  -0.0000
   17     0.0001   0.0000
   18     0.0001   0.0000
   19     0.0000   0.0000
   20     0.0000   0.0000

Shock to IPC_FR:
Horizon      WTI   IPC_FR
    0     0.0000   0.1707
    1    -0.0545  -0.0272
    2    -0.7720   0.0061
    3    -0.1063   0.0064
    4    -0.1485  -0.0050
    5     0.0023   0.0003
    6     0.0172   0.0004
    7     0.0199  -0.0003
    8     0.0058   0.0003
    9     0.0033   0.0001
   10    -0.0019  -0.0000
   11    -0.0010   0.0000
   12    -0.0009  -0.0000
   13    -0.0002  -0.0000
   14    -0.0000  -0.0000
   15     0.0001  -0.0000
   16     0.0001   0.0000
   17     0.0000   0.0000
   18     0.0000   0.0000
   19    -0.0000   0.0000
   20    -0.0000  -0.0000


=============================================================
        ACCUMULATED IMPULSE RESPONSE FUNCTIONS               
=============================================================
Cumulative response of each variable to a one-s.d. shock
(sum of responses up to each horizon).

Shock to WTI:
Horizon      WTI   IPC_FR
    0     8.1679   0.0633
    1    10.5408   0.1339
    2    11.9138   0.1531
    3    11.3758   0.1672
    4    11.0323   0.1659
    5    10.6522   0.1635
    6    10.5662   0.1614
    7    10.5450   0.1607
    8    10.5799   0.1605
    9    10.6005   0.1607
   10    10.6138   0.1608
   11    10.6153   0.1609
   12    10.6144   0.1610
   13    10.6125   0.1610
   14    10.6115   0.1609
   15    10.6111   0.1609
   16    10.6112   0.1609
   17    10.6113   0.1609
   18    10.6114   0.1609
   19    10.6114   0.1609
   20    10.6114   0.1609

Shock to IPC_FR:
Horizon      WTI   IPC_FR
    0     0.0000   0.1707
    1    -0.0545   0.1435
    2    -0.8266   0.1496
    3    -0.9329   0.1560
    4    -1.0814   0.1510
    5    -1.0791   0.1513
    6    -1.0619   0.1518
    7    -1.0420   0.1515
    8    -1.0362   0.1518
    9    -1.0329   0.1519
   10    -1.0348   0.1519
   11    -1.0358   0.1519
   12    -1.0367   0.1519
   13    -1.0369   0.1519
   14    -1.0369   0.1519
   15    -1.0368   0.1518
   16    -1.0367   0.1519
   17    -1.0367   0.1519
   18    -1.0367   0.1519
   19    -1.0367   0.1519
   20    -1.0367   0.1519


=============================================================
  LONG‑RUN GAIN, SHOCK STD. DEVIATIONS AND MEAN LAG        
=============================================================

Structural shock standard deviations (one‑s.d. shock size):
  WTI      : 8.1679
  IPC_FR   : 0.1707

Shock to WTI:
  WTI      : gain =  10.6114  mean lag =   0.01 months
  IPC_FR   : gain =   0.1609  mean lag =   0.74 months

Shock to IPC_FR:
  WTI      : gain =  -1.0367  mean lag =   2.14 months
  IPC_FR   : gain =   0.1519  mean lag =  -0.07 months
=============================================================



=============================================================
           FORECAST ERROR VARIANCE DECOMPOSITION             
=============================================================
Values are percentages of forecast error variance accounted for by each shock.
Shocks are orthogonalized via Cholesky decomposition.

WTI:
Horizon      WTI   IPC_FR
    1     100.00     0.00
    2     100.00     0.00
    3      99.20     0.80
    4      99.19     0.81
    5      99.16     0.84
    6      99.16     0.84
    7      99.16     0.84
    8      99.16     0.84
    9      99.16     0.84
   10      99.16     0.84
   11      99.16     0.84
   12      99.16     0.84
   13      99.16     0.84
   14      99.16     0.84
   15      99.16     0.84
   16      99.16     0.84
   17      99.16     0.84
   18      99.16     0.84
   19      99.16     0.84
   20      99.16     0.84

IPC_FR:
Horizon      WTI   IPC_FR
    1      12.08    87.92
    2      23.12    76.88
    3      23.82    76.18
    4      24.18    75.82
    5      24.17    75.83
    6      24.18    75.82
    7      24.19    75.81
    8      24.19    75.81
    9      24.19    75.81
   10      24.19    75.81
   11      24.19    75.81
   12      24.19    75.81
   13      24.19    75.81
   14      24.19    75.81
   15      24.19    75.81
   16      24.19    75.81
   17      24.19    75.81
   18      24.19    75.81
   19      24.19    75.81
   20      24.19    75.81



=============================================================
           MULTIVARIATE RESIDUAL DIAGNOSTICS                
=============================================================

Hosking's Multivariate Portmanteau Test (lag 14):
  Q(56) = 80.1600, p-value = 0.0188
  *** REJECT H0: residuals are not white noise.

Multivariate Jarque-Bera Test (normality):
  JB(4) = 10.2447, p-value = 0.0365
  *** REJECT H0: residuals are not normally distributed.
=============================================================

Normalized model:
mu vector:
      0.470859
      0.111893
phi(1) matrix:
      0.292984     -0.319449
      0.009876     -0.159542
phi(2) matrix:
      0.120468     -4.479995
      0.000757      0.013456
phi(3) matrix:
     -0.110960      0.037492
     -0.000587      0.090487
Q matrix:
      2.709135
      0.020992      0.001346
Sigma = sigma2 * Q:
     66.714646
      0.516951      0.033147

Inverse roots of |phi(B)|=0:
      0.402153     -0.348370 i  (modulus     0.532061)
      0.402153      0.348370 i  (modulus     0.532061)
     -0.275276     -0.344708 i  (modulus     0.441135)
     -0.275276      0.344708 i  (modulus     0.441135)
     -0.490829      0.000000 i  (modulus     0.490829)
      0.370516      0.000000 i  (modulus     0.370516)



=============================================================
                RESIDUAL DIAGNOSTICS                         
=============================================================

--- Residual series a[1] (WTI) ---
Unconditional residuals (seasonal period: 12)
215 observations: from 2/2002 to 12/2019

                  Mean:           0.038902
Standard error of mean:           0.556757
              Variance:          66.645351
    Standard deviation:           8.163660
              Skewness:          -0.485595
              Kurtosis:           0.383409
               Minimum:         -27.627008 at 10/2008 (observation  81)
               Maximum:          19.979864 at  3/2016 (observation 170)

Standardized time series plot (original values on right-side column):

                -3     -2      -1      0     +1      +2     +3    
-------------+---+------+-------+------+------+-------+------+---+--------------
   1  2/2002 |          :       :      |    * :       :          |  5.1835794449
   2  3/2002 |          :       :      |      :     * :          | 14.0836922721
   3  4/2002 |          :       :      *      :       :          |  0.0739412683
   4  5/2002 |          :       :    * |      :       :          | -2.0109291025
   5  6/2002 |          :       : *    |      :       :          | -5.1374466676
   6  7/2002 |          :       :      |     *:       :          |  6.8847836437
   7  8/2002 |          :       :      |   *  :       :          |  3.9933151467
   8  9/2002 |          :       :      | *    :       :          |  2.6824514703
   9 10/2002 |          :       : *    |      :       :          | -5.2157890984
  10 11/2002 |          :       *      |      :       :          | -7.3622498802
  11 12/2002 +          :       :      |      :     * :          + 14.9482573054
  12  1/2003 |          :       :      |      :*      :          |  8.5051571319
  13  2/2003 |          :       :      | *    :       :          |  2.3304558318
  14  3/2003 |          :       :*     |      :       :          | -6.7692821588
  15  4/2003 |          : *     :      |      :       :          | -14.0359202837
  16  5/2003 |          :       :      |   *  :       :          |  4.8128243601
  17  6/2003 |          :       :      |      *       :          |  8.2900393429
  18  7/2003 |          :       : *    |      :       :          | -5.9614078699
  19  8/2003 |          :       :      | *    :       :          |  1.7730654219
  20  9/2003 |          :     * :      |      :       :          | -10.3247496139
  21 10/2003 |          :       :      |      :*      :          |  8.9300346051
  22 11/2003 |          :       :      |   *  :       :          |  4.0815524580
  23 12/2003 +          :       :      |*     :       :          +  0.8871706612
  24  1/2004 |          :       :      |    * :       :          |  6.0749626682
  25  2/2004 |          :       :     *|      :       :          | -1.4489018760
  26  3/2004 |          :       :      |     *:       :          |  6.3877107666
  27  4/2004 |          :       :     *|      :       :          | -1.5048232494
  28  5/2004 |          :       :      |      *       :          |  7.4239392381
  29  6/2004 |          :       *      |      :       :          | -7.8342243728
  30  7/2004 |          :       :      |      *       :          |  7.8149572500
  31  8/2004 |          :       :      |      :*      :          |  9.1863517895
  32  9/2004 |          :       :    * |      :       :          | -1.9060833411
  33 10/2004 |          :       :      |      :   *   :          | 12.3290832964
  34 11/2004 |          :   *   :      |      :       :          | -11.8879063916
  35 12/2004 +          :     * :      |      :       :          + -9.4993968054
  36  1/2005 |          :       :      |      :    *  :          | 13.7065977516
  37  2/2005 |          :       :      *      :       :          | -0.5051607915
  38  3/2005 |          :       :      |      :*      :          |  8.6164853939
  39  4/2005 |          :       :  *   |      :       :          | -4.6679692519
  40  5/2005 |          :       *      |      :       :          | -7.1564454936
  41  6/2005 |          :       :      |      :      *:          | 15.2766755080
  42  7/2005 |          :       :      *      :       :          |  0.3351706211
  43  8/2005 |          :       :      |     *:       :          |  6.6256187933
  44  9/2005 |          :       :     *|      :       :          | -0.8939509050
  45 10/2005 |          :       :*     |      :       :          | -6.2572044742
  46 11/2005 |          :       :    * |      :       :          | -2.3393539627
  47 12/2005 +          :       :      |  *   :       :          +  3.7632860632
  48  1/2006 |          :       :      |      *       :          |  8.1915519338
  49  2/2006 |          :    *  :      |      :       :          | -10.6710455490
  50  3/2006 |          :       :      |  *   :       :          |  3.8532868386
  51  4/2006 |          :       :      |      :  *    :          | 11.1148939013
  52  5/2006 |          :       :  *   |      :       :          | -3.9622087218
  53  6/2006 |          :       :     *|      :       :          | -0.6748363876
  54  7/2006 |          :       :      |     *:       :          |  6.3808348574
  55  8/2006 |          :       :   *  |      :       :          | -3.7024573385
  56  9/2006 |          :  *    :      |      :       :          | -13.2657119655
  57 10/2006 |          :       :  *   |      :       :          | -4.0869897746
  58 11/2006 |          :       :      |  *   :       :          |  3.7479102942
  59 12/2006 +          :       :      | *    :       :          +  2.0134296028
  60  1/2007 |          : *     :      |      :       :          | -14.8958642751
  61  2/2007 |          :       :      |      :  *    :          | 11.2389270149
  62  3/2007 |          :       :      |*     :       :          |  1.5829713449
  63  4/2007 |          :       :      |*     :       :          |  1.2746439472
  64  5/2007 |          :       :   *  |      :       :          | -2.8780552814
  65  6/2007 |          :       :      |     *:       :          |  7.0003072607
  66  7/2007 |          :       :      |      *       :          |  8.3131470786
  67  8/2007 |          :       :*     |      :       :          | -6.1841955275
  68  9/2007 |          :       :      |      : *     :          |  9.9692797232
  69 10/2007 |          :       :      |    * :       :          |  5.8101116340
  70 11/2007 |          :       :      |     *:       :          |  6.3931294567
  71 12/2007 +          :       : *    |      :       :          + -5.0053885839
  72  1/2008 |          :       :      |   *  :       :          |  4.1108675172
  73  2/2008 |          :       :      |   *  :       :          |  3.9186296360
  74  3/2008 |          :       :      |      : *     :          |  9.6799242658
  75  4/2008 |          :       :      | *    :       :          |  2.3885627906
  76  5/2008 |          :       :      |      *       :          |  8.2956187738
  77  6/2008 |          :       :      |   *  :       :          |  4.2240846334
  78  7/2008 |          :       :     *|      :       :          | -1.5343108078
  79  8/2008 |          :   *   :      |      :       :          | -12.0337786504
  80  9/2008 |          :       :*     |      :       :          | -7.0365469847
  81 10/2008>|*         :       :      |      :       :          |>-27.6270084342
  82 11/2008>|       *  :       :      |      :       :          |>-20.1868960071
  83 12/2008>+   *      :       :      |      :       :          +>-23.8872208882
  84  1/2009 |          :       :      |      :*      :          |  9.1202105541
  85  2/2009 |          :      *:      |      :       :          | -8.4973821394
  86  3/2009>|          :       :      |      :       :*         |>17.7551226352
  87  4/2009 |          :       :    * |      :       :          | -1.6324237516
  88  5/2009 |          :       :      |      :  *    :          | 10.7688027284
  89  6/2009 |          :       :      |      :   *   :          | 12.6874874337
  90  7/2009 |          :*      :      |      :       :          | -15.2762945037
  91  8/2009 |          :       :      |      :   *   :          | 12.5407390518
  92  9/2009 |          :       :   *  |      :       :          | -3.5696650617
  93 10/2009 |          :       :      |      *       :          |  7.4773242741
  94 11/2009 |          :       :      |*     :       :          |  0.8615292129
  95 12/2009 +          :       *      |      :       :          + -7.3141833296
  96  1/2010 |          :       :      |      *       :          |  7.5173880267
  97  2/2010 |          :       :   *  |      :       :          | -3.0343993859
  98  3/2010 |          :       :      |    * :       :          |  5.9918226156
  99  4/2010 |          :       :      |  *   :       :          |  3.5175498125
 100  5/2010>|          *       :      |      :       :          |>-16.4173779775
 101  6/2010 |          :       :      |     *:       :          |  6.1389685103
 102  7/2010 |          :       :      | *    :       :          |  2.1586538157
 103  8/2010 |          :       :    * |      :       :          | -2.2930017899
 104  9/2010 |          :       :    * |      :       :          | -2.5549199546
 105 10/2010 |          :       :      |      *       :          |  8.0708822855
 106 11/2010 |          :       :      *      :       :          |  0.3941180830
 107 12/2010 +          :       :      |  *   :       :          +  3.5737914498
 108  1/2011 |          :       :      *      :       :          | -0.3762989198
 109  2/2011 |          :       :      *      :       :          |  0.3755519809
 110  3/2011 |          :       :      |      :     * :          | 14.6441422143
 111  4/2011 |          :       :      |  *   :       :          |  2.9269412442
 112  5/2011 |          :    *  :      |      :       :          | -11.1469968509
 113  6/2011 |          :       :     *|      :       :          | -1.6142702576
 114  7/2011 |          :       :      |  *   :       :          |  3.2536235919
 115  8/2011 |          :  *    :      |      :       :          | -12.8063821763
 116  9/2011 |          :       :      |*     :       :          |  0.8346554613
 117 10/2011 |          :       :      |  *   :       :          |  3.0344188972
 118 11/2011 |          :       :      |      : *     :          | 10.1495785911
 119 12/2011 +          :       :    * |      :       :          + -1.7890849729
 120  1/2012 |          :       :      |*     :       :          |  0.9001535774
 121  2/2012 |          :       :      |  *   :       :          |  3.0732396258
 122  3/2012 |          :       :      |  *   :       :          |  2.8260448052
 123  4/2012 |          :       :   *  |      :       :          | -3.8271573214
 124  5/2012 |          :       *      |      :       :          | -7.4098798155
 125  6/2012 |          :    *  :      |      :       :          | -11.2332009364
 126  7/2012 |          :       :      |      : *     :          |  9.9363528874
 127  8/2012 |          :       :      |    * :       :          |  5.0355585430
 128  9/2012 |          :       :  *   |      :       :          | -4.8019921356
 129 10/2012 |          :       :  *   |      :       :          | -4.9382478305
 130 11/2012 |          :       :    * |      :       :          | -1.9244451617
 131 12/2012 +          :       :      |  *   :       :          +  3.6221142090
 132  1/2013 |          :       :      |    * :       :          |  5.2775019804
 133  2/2013 |          :       :    * |      :       :          | -1.9602894527
 134  3/2013 |          :       :  *   |      :       :          | -4.3415083477
 135  4/2013 |          :       :      *      :       :          | -0.1528909594
 136  5/2013 |          :       :      |   *  :       :          |  3.9707863191
 137  6/2013 |          :       :    * |      :       :          | -1.8096751601
 138  7/2013 |          :       :      |     *:       :          |  7.2059681923
 139  8/2013 |          :       :     *|      :       :          | -0.5187734259
 140  9/2013 |          :       :    * |      :       :          | -2.2943875688
 141 10/2013 |          :       :  *   |      :       :          | -4.6743982229
 142 11/2013 |          :       : *    |      :       :          | -6.0021655556
 143 12/2013 +          :       :      |    * :       :          +  5.3240156087
 144  1/2014 |          :       :  *   |      :       :          | -4.5681507957
 145  2/2014 |          :       :      |     *:       :          |  6.1580388209
 146  3/2014 |          :       :    * |      :       :          | -2.3379136674
 147  4/2014 |          :       :      |*     :       :          |  0.7582557475
 148  5/2014 |          :       :      *      :       :          | -0.5053882895
 149  6/2014 |          :       :      | *    :       :          |  1.9222866136
 150  7/2014 |          :       :  *   |      :       :          | -4.0552020396
 151  8/2014 |          :       *      |      :       :          | -7.7410118199
 152  9/2014 |          :       :     *|      :       :          | -1.4408339169
 153 10/2014 |          :      *:      |      :       :          | -8.3677523209
 154 11/2014 |          :     * :      |      :       :          | -9.8238888782
 155 12/2014>+      *   :       :      |      :       :          +>-21.1800532554
 156  1/2015>|          *       :      |      :       :          |>-16.5410278433
 157  2/2015 |          :       :      |      :     * :          | 14.1339876043
 158  3/2015 |          :    *  :      |      :       :          | -10.8138716308
 159  4/2015 |          :       :      |      :   *   :          | 12.4667232809
 160  5/2015 |          :       :      |    * :       :          |  6.1043288119
 161  6/2015 |          :       :  *   |      :       :          | -4.3786833405
 162  7/2015 |          *       :      |      :       :          | -16.0954421940
 163  8/2015 |          :  *    :      |      :       :          | -12.7259154266
 164  9/2015 |          :       :      |      :   *   :          | 11.9141372172
 165 10/2015 |          :       :      *      :       :          | -0.4650948087
 166 11/2015 |          :  *    :      |      :       :          | -13.3107552514
 167 12/2015 +          :    *  :      |      :       :          + -10.7020403253
 168  1/2016 |          :   *   :      |      :       :          | -12.1722095511
 169  2/2016 |          :       :      *      :       :          |  0.4226324665
 170  3/2016>|          :       :      |      :       :  *       |>19.9798635147
 171  4/2016 |          :       :      *      :       :          |  0.0211495944
 172  5/2016 |          :       :      |      :*      :          |  8.3623238788
 173  6/2016 |          :       :      |*     :       :          |  0.9269296812
 174  7/2016 |          :     * :      |      :       :          | -10.0662668187
 175  8/2016 |          :       :      |  *   :       :          |  3.5576606006
 176  9/2016 |          :       :      |*     :       :          |  1.5706353286
 177 10/2016 |          :       :      |      *       :          |  7.8699423895
 178 11/2016 |          :   *   :      |      :       :          | -12.5677388185
 179 12/2016 +          :       :      |      :     * :          + 13.8757209001
 180  1/2017 |          :       :     *|      :       :          | -1.0878540106
 181  2/2017 |          :       :     *|      :       :          | -0.9394643478
 182  3/2017 |          :       *      |      :       :          | -7.2624090336
 183  4/2017 |          :       :      |   *  :       :          |  4.4369272127
 184  5/2017 |          :       : *    |      :       :          | -5.0723227050
 185  6/2017 |          :       *      |      :       :          | -7.6211292283
 186  7/2017 |          :       :      |    * :       :          |  5.3152998228
 187  8/2017 |          :       :      |*     :       :          |  1.6369170531
 188  9/2017 |          :       :      |*     :       :          |  0.8564464825
 189 10/2017 |          :       :      | *    :       :          |  2.7300223734
 190 11/2017 |          :       :      |      *       :          |  7.6209926714
 191 12/2017 +          :       :     *|      :       :          + -0.7952281178
 192  1/2018 |          :       :      |      *       :          |  8.3060353279
 193  2/2018 |          :       :  *   |      :       :          | -4.2026127849
 194  3/2018 |          :       :      |*     :       :          |  1.1448825711
 195  4/2018 |          :       :      |   *  :       :          |  4.7699708457
 196  5/2018 |          :       :      |    * :       :          |  5.1984929264
 197  6/2018 |          :       : *    |      :       :          | -5.5615657932
 198  7/2018 |          :       :      |    * :       :          |  6.1037433559
 199  8/2018 |          :       : *    |      :       :          | -5.1645699261
 200  9/2018 |          :       :      |  *   :       :          |  3.8634415104
 201 10/2018 |          :       :      |*     :       :          |  1.0128712017
 202 11/2018>|    *     :       :      |      :       :          |>-23.6140102236
 203 12/2018 +          :       *      |      :       :          + -7.6577097936
 204  1/2019 |          :       :      |      :*      :          |  9.0885114947
 205  2/2019 |          :       :      |  *   :       :          |  3.6652765356
 206  3/2019 |          :       :      |*     :       :          |  0.7268864243
 207  4/2019 |          :       :      |    * :       :          |  5.8184920352
 208  5/2019 |          :       :*     |      :       :          | -6.7152175864
 209  6/2019 |          :     * :      |      :       :          | -9.5076017118
 210  7/2019 |          :       :      |      :*      :          |  8.9712582182
 211  8/2019 |          :       :  *   |      :       :          | -4.8081136218
 212  9/2019 |          :       :      |  *   :       :          |  3.2648826368
 213 10/2019 |          :       : *    |      :       :          | -5.3803832055
 214 11/2019 |          :       :      |   *  :       :          |  4.6316210351
 215 12/2019 +          :       :      |  *   :       :          +  3.5009383923
-------------+---+------+-------+------+------+-------+------+---+--------------
                -3     -2      -1      0     +1      +2     +3    

                 +------------------------------------------+
                 |       Table of standardized values       |
                 |       greater than or equal to 2.0       |
                 +------------------------------------------+
                 |                                          |
                 | Observation    Date   Standardized value |
                 |                                          |
                 |     81       10/2008        -3.39        |
                 |     82       11/2008        -2.48        |
                 |     83       12/2008        -2.93        |
                 |     86        3/2009         2.17        |
                 |    100        5/2010        -2.02        |
                 |    155       12/2014        -2.60        |
                 |    156        1/2015        -2.03        |
                 |    170        3/2016         2.44        |
                 |    202       11/2018        -2.90        |
                 +------------------------------------------+

Standardized time series histogram:

       -4      -3      -2      -1       0      +1      +2      +3      +4
        +---+---+---+---+---+---+---+---+---+---+---+---+---+---+---+---+
        |                                 48                            |
        |                                ....                            |
        |                                ....                            |
        |                                ....                            |
        |                         34 35  ...34                           |
        |                        ................                        |
        |                        ................                        |
        |                        ................                        |
        |                        ................                        |
        |                        ................ 20                     |
        |                        ....................                    |
        |                     15 ....................                    |
        |                    ........................ 11                 |
        |                  9 ............................                |
        |                ................................                |
        |      1  3  3   ...............................2                |
        |    ................................................            |
        +---+---+---+---+---+---+---+---+---+---+---+---+---+---+---+---+
       -4      -3      -2      -1       0      +1      +2      +3      +4

              64 values outside (-1,+1): 29.77 % (31.74 % expected)
               9 values outside (-2,+2):  4.19 % ( 4.56 % expected)

Autocorrelation function (acf bands =  0.136):

            -1                         0                         1  L-B Q  DF
-------------+-------------------------+-------------------------+--------------
   1  -0.003 |                      :  |  :                      | 
   2   0.020 |                      :  |* :                      | 
   3  -0.022 |                      : *|  :                      | 
   4  -0.036 |                      : *|  :                      | 
   5   0.075 |                      :  |**:                      | 
   6  -0.110 |                      ***|  :                      | 
   7  -0.013 |                      :  |  :                      | 
   8  -0.104 |                      ***|  :                      | 
   9  -0.057 |                      : *|  :                      | 
  10   0.056 |                      :  |* :                      | 
  11   0.049 |                      :  |* :                      | 
  12   0.041 +                      :  |+ :                      +   9.28  12
  13  -0.061 |                      :**|  :                      | 
  14  -0.048 |                      : *|  :                      | 
  15   0.041 |                      :  |* :                      | 
  16  -0.057 |                      : *|  :                      | 
  17  -0.007 |                      :  |  :                      | 
  18  -0.036 |                      : *|  :                      | 
  19   0.040 |                      :  |* :                      | 
  20   0.048 |                      :  |* :                      | 
  21   0.032 |                      :  |* :                      | 
  22   0.058 |                      :  |* :                      | 
  23  -0.051 |                      : *|  :                      | 
  24  -0.061 +                      :++|  :                      +  15.67  24
  25   0.140 |                      :  |***                      | 
  26  -0.011 |                      :  |  :                      | 
  27   0.004 |                      :  |  :                      | 
  28  -0.041 |                      : *|  :                      | 
  29  -0.048 |                      : *|  :                      | 
  30   0.060 |                      :  |* :                      | 
  31  -0.002 |                      :  |  :                      | 
  32  -0.049 |                      : *|  :                      | 
  33   0.024 |                      :  |* :                      | 
  34   0.037 |                      :  |* :                      | 
  35   0.041 |                      :  |* :                      | 
  36  -0.057 +                      : +|  :                      +  24.83  36
  37  -0.013 |                      :  |  :                      | 
  38  -0.020 |                      :  |  :                      | 
  39  -0.052 |                      : *|  :                      | 
  40   0.061 |                      :  |**:                      | 
  41   0.032 |                      :  |* :                      | 
  42   0.007 |                      :  |  :                      |  26.95  42
-------------+-------------------------+-------------------------+--------------
            -1                         0                         1  L-B Q  DF

Partial autocorrelation function (pacf bands =  0.136):

            -1                         0                         1
-------------+-------------------------+-------------------------+--------------
   1  -0.003 |                      :  |  :                      | 
   2   0.020 |                      :  |* :                      | 
   3  -0.022 |                      : *|  :                      | 
   4  -0.037 |                      : *|  :                      | 
   5   0.076 |                      :  |**:                      | 
   6  -0.109 |                      ***|  :                      | 
   7  -0.017 |                      :  |  :                      | 
   8  -0.099 |                      :**|  :                      | 
   9  -0.057 |                      : *|  :                      | 
  10   0.046 |                      :  |* :                      | 
  11   0.063 |                      :  |**:                      | 
  12   0.021 +                      :  |+ :                      + 
  13  -0.054 |                      : *|  :                      | 
  14  -0.061 |                      :**|  :                      | 
  15   0.026 |                      :  |* :                      | 
  16  -0.067 |                      :**|  :                      | 
  17  -0.017 |                      :  |  :                      | 
  18  -0.013 |                      :  |  :                      | 
  19   0.056 |                      :  |* :                      | 
  20   0.039 |                      :  |* :                      | 
  21   0.031 |                      :  |* :                      | 
  22   0.024 |                      :  |* :                      | 
  23  -0.050 |                      : *|  :                      | 
  24  -0.075 +                      :++|  :                      + 
  25   0.154 |                      :  |****                     | 
  26  -0.006 |                      :  |  :                      | 
  27   0.004 |                      :  |  :                      | 
  28  -0.001 |                      :  |  :                      | 
  29  -0.035 |                      : *|  :                      | 
  30   0.021 |                      :  |* :                      | 
  31   0.014 |                      :  |  :                      | 
  32  -0.088 |                      :**|  :                      | 
  33   0.062 |                      :  |**:                      | 
  34   0.074 |                      :  |**:                      | 
  35   0.038 |                      :  |* :                      | 
  36  -0.077 +                      :++|  :                      + 
  37  -0.032 |                      : *|  :                      | 
  38  -0.014 |                      :  |  :                      | 
  39  -0.030 |                      : *|  :                      | 
  40   0.041 |                      :  |* :                      | 
  41   0.063 |                      :  |**:                      | 
  42   0.002 |                      :  |  :                      | 
-------------+-------------------------+-------------------------+--------------
            -1                         0                         1


--- Residual series a[2] (IPC_FR) ---
Unconditional residuals (seasonal period: 12)
215 observations: from 2/2002 to 12/2019

                  Mean:           0.000644
Standard error of mean:           0.012406
              Variance:           0.033089
    Standard deviation:           0.181905
              Skewness:           0.114749
              Kurtosis:           0.026715
               Minimum:          -0.479467 at  1/2016 (observation 168)
               Maximum:           0.493517 at 11/2007 (observation  70)

Standardized time series plot (original values on right-side column):

                    -2       -1        0       +1       +2        
-------------+-------+--------+--------+--------+--------+-------+--------------
   1  2/2002 |       :     *  :        |        :        :       | -0.2334604236
   2  3/2002 |       : *      :        |        :        :       | -0.3122771525
   3  4/2002 |       :        :       *|        :        :       | -0.0114941077
   4  5/2002 |       :        :   *    |        :        :       | -0.0906006684
   5  6/2002 |       :        :   *    |        :        :       | -0.1016248965
   6  7/2002 |       :        :        |        :        *       |  0.3536871935
   7  8/2002 |       :        *        |        :        :       | -0.1731117806
   8  9/2002 |       :        :        |        :  *     :       |  0.2402247683
   9 10/2002 |       :        :        |   *    :        :       |  0.0705314663
  10 11/2002 |       :        :        |   *    :        :       |  0.0720212205
  11 12/2002 +       :        :        *        :        :       + -0.0025516152
  12  1/2003>|       :        :        |        :        :      *|> 0.4906972254
  13  2/2003 |       :        :        |        :     *  :       |  0.2900884931
  14  3/2003 |       :  *     :        |        :        :       | -0.2866417749
  15  4/2003>|      *:        :        |        :        :       |>-0.3659487791
  16  5/2003 |       :       *:        |        :        :       | -0.2021948850
  17  6/2003 |       :        :        |    *   :        :       |  0.1076311200
  18  7/2003 |       :        :        |       *:        :       |  0.1659845915
  19  8/2003 |       :        :  *     |        :        :       | -0.1199434487
  20  9/2003>|       :        :        |        :        :    *  |> 0.4557838007
  21 10/2003 |       :        :        |        :      * :       |  0.3179176019
  22 11/2003 |       :        :        |    *   :        :       |  0.1054253476
  23 12/2003 +       :       *:        |        :        :       + -0.1952325488
  24  1/2004 |       :        :        |        :        *       |  0.3483806316
  25  2/2004 |       :        :        | *      :        :       |  0.0457571829
  26  3/2004 |       :    *   :        |        :        :       | -0.2485595044
  27  4/2004 |       :        :     *  |        :        :       | -0.0627199840
  28  5/2004 |       :        :        |        :*       :       |  0.1968044303
  29  6/2004 |       :        :    *   |        :        :       | -0.0773908510
  30  7/2004 |       :        :        |        *        :       |  0.1790326937
  31  8/2004 |       :     *  :        |        :        :       | -0.2319767505
  32  9/2004 |       :        :        |    *   :        :       |  0.0927473510
  33 10/2004 |       :        :        |        *        :       |  0.1859183722
  34 11/2004 |       :        :       *|        :        :       | -0.0260024457
  35 12/2004 +       :        :     *  |        :        :       + -0.0500594371
  36  1/2005 |       :        :     *  |        :        :       | -0.0563272446
  37  2/2005 |       :        :        |      * :        :       |  0.1445365444
  38  3/2005 |       :        :        |*       :        :       |  0.0117483484
  39  4/2005 |       :        :   *    |        :        :       | -0.1030189701
  40  5/2005 |       :        :  *     |        :        :       | -0.1186669311
  41  6/2005 |       :        :        |    *   :        :       |  0.0915639891
  42  7/2005 |       :        :        | *      :        :       |  0.0420516126
  43  8/2005 |       :        :      * |        :        :       | -0.0302537490
  44  9/2005>|       :        :        |        :        :  *    |> 0.4114189413
  45 10/2005 |       :        :      * |        :        :       | -0.0367274061
  46 11/2005 |       :        :*       |        :        :       | -0.1586223692
  47 12/2005 +       :        :  *     |        :        :       + -0.1130741544
  48  1/2006 |       :        :        |        :    *   :       |  0.2720416053
  49  2/2006 |       :        :       *|        :        :       | -0.0097739456
  50  3/2006 |       :   *    :        |        :        :       | -0.2797794432
  51  4/2006 |       :        :        |       *:        :       |  0.1504232204
  52  5/2006 |       :        :        |        *        :       |  0.1804428421
  53  6/2006 |       :        :      * |        :        :       | -0.0332671853
  54  7/2006 |       :        :        |    *   :        :       |  0.0913047322
  55  8/2006 |       :        :   *    |        :        :       | -0.1031098961
  56  9/2006 |       :        :    *   |        :        :       | -0.0864434177
  57 10/2006 |       :        *        |        :        :       | -0.1814224590
  58 11/2006 |       :        :        |        *        :       |  0.1701011195
  59 12/2006 +       :        :        |*       :        :       +  0.0256453868
  60  1/2007 |       :        :        |*       :        :       |  0.0216038164
  61  2/2007 |       :        :      * |        :        :       | -0.0449139251
  62  3/2007 |       :  *     :        |        :        :       | -0.2927645658
  63  4/2007 |       :        :        |        :  *     :       |  0.2362228711
  64  5/2007 |       :        :        |   *    :        :       |  0.0797308758
  65  6/2007 |       :        :        |   *    :        :       |  0.0741370595
  66  7/2007 |       :        :      * |        :        :       | -0.0448075759
  67  8/2007 |       :        :    *   |        :        :       | -0.0789340246
  68  9/2007 |       :        :        |        :   *    :       |  0.2520876037
  69 10/2007 |       :        :        |     *  :        :       |  0.1262839103
  70 11/2007>|       :        :        |        :        :      *|> 0.4935169274
  71 12/2007 +       :        :        |     *  :        :       +  0.1148950807
  72  1/2008 |       :        :        |        :    *   :       |  0.2844144572
  73  2/2008 |       :        : *      |        :        :       | -0.1468187095
  74  3/2008 |       :        :        |   *    :        :       |  0.0760862028
  75  4/2008 |       :        :        |  *     :        :       |  0.0513907923
  76  5/2008 |       :        :        |        :      * :       |  0.3244462830
  77  6/2008 |       :        :        |        : *      :       |  0.2232435204
  78  7/2008 |       :        :        |*       :        :       |  0.0179533526
  79  8/2008>|   *   :        :        |        :        :       |>-0.4321396769
  80  9/2008 |       :        :        |    *   :        :       |  0.0968321630
  81 10/2008 |       :        :        *        :        :       |  0.0083390886
  82 11/2008 |       :        :*       |        :        :       | -0.1482628107
  83 12/2008 +       :    *   :        |        :        :       + -0.2490263597
  84  1/2009 |       :        :        |        :  *     :       |  0.2429512817
  85  2/2009 |       :        :        |  *     :        :       |  0.0646763352
  86  3/2009 |       :*       :        |        :        :       | -0.3289043914
  87  4/2009 |       :   *    :        |        :        :       | -0.2794477591
  88  5/2009 |       :        :    *   |        :        :       | -0.0828034249
  89  6/2009 |       :        :    *   |        :        :       | -0.0759009274
  90  7/2009 |       :*       :        |        :        :       | -0.3367746322
  91  8/2009 |       :        :        |        :*       :       |  0.1892942505
  92  9/2009 |       :       *:        |        :        :       | -0.1966860725
  93 10/2009 |       :        :        |*       :        :       |  0.0289134800
  94 11/2009 |       :        :        |  *     :        :       |  0.0580620702
  95 12/2009 +       :        :        | *      :        :       +  0.0386310783
  96  1/2010 |       :        :        |        :*       :       |  0.1988744161
  97  2/2010 |       :        :        |        *        :       |  0.1734942175
  98  3/2010 |       :        :     *  |        :        :       | -0.0634419041
  99  4/2010 |       :        :       *|        :        :       | -0.0154483640
 100  5/2010 |       :        :  *     |        :        :       | -0.1101733446
 101  6/2010 |       :        :        | *      :        :       |  0.0442349855
 102  7/2010 |       :        :      * |        :        :       | -0.0426472748
 103  8/2010 |       :        :*       |        :        :       | -0.1616501410
 104  9/2010 |       :        :        |*       :        :       |  0.0190133717
 105 10/2010 |       :        :        |   *    :        :       |  0.0849397700
 106 11/2010 |       :        :        |  *     :        :       |  0.0584795602
 107 12/2010 +       :        :        |        : *      :       +  0.2081038592
 108  1/2011 |       :        :        |    *   :        :       |  0.0960827344
 109  2/2011 |       :        :        |      * :        :       |  0.1293015059
 110  3/2011 |       :        :        |        : *      :       |  0.2255256665
 111  4/2011 |       :        :        | *      :        :       |  0.0492071666
 112  5/2011 |       :       *:        |        :        :       | -0.1880300062
 113  6/2011 |       :        :        | *      :        :       |  0.0466212210
 114  7/2011 |       :        : *      |        :        :       | -0.1345401503
 115  8/2011 |       :        :        |     *  :        :       |  0.1189881257
 116  9/2011 |       :        :        |        *        :       |  0.1749312013
 117 10/2011 |       :        :        |        :*       :       |  0.2031749297
 118 11/2011 |       :        :        |        :    *   :       |  0.2741657528
 119 12/2011 +       :        :        |    *   :        :       +  0.0998714074
 120  1/2012 |       :        :       *|        :        :       | -0.0105363469
 121  2/2012 |       :        :        | *      :        :       |  0.0366094925
 122  3/2012 |       :        :        |        : *      :       |  0.2243000127
 123  4/2012 |       :        :      * |        :        :       | -0.0452057033
 124  5/2012 |       :      * :        |        :        :       | -0.2162201836
 125  6/2012 |       :        :       *|        :        :       | -0.0158676796
 126  7/2012 |       :        :      * |        :        :       | -0.0395626564
 127  8/2012 |       :        :        |        :  *     :       |  0.2276955926
 128  9/2012 |       :        :*       |        :        :       | -0.1656886427
 129 10/2012 |       :        :        |    *   :        :       |  0.0925735702
 130 11/2012 |       :        :   *    |        :        :       | -0.1018618346
 131 12/2012 +       :        :        |     *  :        :       +  0.1178283461
 132  1/2013 |       :        *        |        :        :       | -0.1726141949
 133  2/2013 |       :        : *      |        :        :       | -0.1344384125
 134  3/2013 |       :        :        |       *:        :       |  0.1598046433
 135  4/2013 |       :    *   :        |        :        :       | -0.2560917008
 136  5/2013 |       :        :*       |        :        :       | -0.1501589559
 137  6/2013 |       :        :        |*       :        :       |  0.0220344695
 138  7/2013 |       :        :       *|        :        :       | -0.0187307869
 139  8/2013 |       :        :        |*       :        :       |  0.0148202136
 140  9/2013 |       :        : *      |        :        :       | -0.1437056810
 141 10/2013 |       :      * :        |        :        :       | -0.2142322978
 142 11/2013 |       :        :       *|        :        :       | -0.0261245717
 143 12/2013 +       :        :        |        :*       :       +  0.2022186509
 144  1/2014 |       :      * :        |        :        :       | -0.2192002938
 145  2/2014 |       :        :        |        : *      :       |  0.2121924854
 146  3/2014 |       :        :*       |        :        :       | -0.1481435992
 147  4/2014 |       :      * :        |        :        :       | -0.2249226452
 148  5/2014 |       :      * :        |        :        :       | -0.2140093988
 149  6/2014 |       :        : *      |        :        :       | -0.1323585672
 150  7/2014 |       :        :   *    |        :        :       | -0.1011197434
 151  8/2014 |       :        :        |    *   :        :       |  0.1011368383
 152  9/2014 |       :        *        |        :        :       | -0.1808179820
 153 10/2014 |       :        :      * |        :        :       | -0.0432388908
 154 11/2014 |       :        :    *   |        :        :       | -0.0865422412
 155 12/2014 +       :        :       *|        :        :       + -0.0280063670
 156  1/2015>|   *   :        :        |        :        :       |>-0.4335590601
 157  2/2015>|       :        :        |        :        :     * |> 0.4816794015
 158  3/2015 |       :        :        |    *   :        :       |  0.0922760572
 159  4/2015 |       :        :        | *      :        :       |  0.0387641198
 160  5/2015 |       :        :   *    |        :        :       | -0.0943719683
 161  6/2015 |       :    *   :        |        :        :       | -0.2521752034
 162  7/2015 |       :       *:        |        :        :       | -0.1882549166
 163  8/2015 |       :        :        |    *   :        :       |  0.0929539921
 164  9/2015 |       :        :   *    |        :        :       | -0.1059858159
 165 10/2015 |       :        :   *    |        :        :       | -0.1003222257
 166 11/2015 |       :      * :        |        :        :       | -0.2176559653
 167 12/2015 +       :        :        |   *    :        :       +  0.0849760608
 168  1/2016>| *     :        :        |        :        :       |>-0.4794665192
 169  2/2016 |       :        :        *        :        :       |  0.0027494890
 170  3/2016 |       :        :        |       *:        :       |  0.1665956276
 171  4/2016 |       :    *   :        |        :        :       | -0.2471174124
 172  5/2016 |       :        :        |     *  :        :       |  0.1265335442
 173  6/2016 |       :        :     *  |        :        :       | -0.0502188259
 174  7/2016 |       :        :*       |        :        :       | -0.1635260851
 175  8/2016 |       :        :        |*       :        :       |  0.0173168563
 176  9/2016 |       :        : *      |        :        :       | -0.1384837573
 177 10/2016 |       :        :    *   |        :        :       | -0.0684158412
 178 11/2016 |       :        :  *     |        :        :       | -0.1218928631
 179 12/2016 +       :        :        |        *        :       +  0.1689244906
 180  1/2017 |       :        :        *        :        :       | -0.0007024551
 181  2/2017 |       :      * :        |        :        :       | -0.2163930863
 182  3/2017 |       :        :        |*       :        :       |  0.0179663178
 183  4/2017 |       :        :        *        :        :       | -0.0028890674
 184  5/2017 |       :        : *      |        :        :       | -0.1450476905
 185  6/2017 |       :        :     *  |        :        :       | -0.0508180915
 186  7/2017 |       :        :       *|        :        :       | -0.0262555988
 187  8/2017 |       :        :        |     *  :        :       |  0.1227882421
 188  9/2017 |       :        :     *  |        :        :       | -0.0625196022
 189 10/2017 |       :        :       *|        :        :       | -0.0135620516
 190 11/2017 |       :        :        | *      :        :       |  0.0493440184
 191 12/2017 +       :        :        |*       :        :       +  0.0254829738
 192  1/2018 |       :        :        |        : *      :       |  0.2180867877
 193  2/2018>|    *  :        :        |        :        :       |>-0.4172613407
 194  3/2018>|       :        :        |        :        : *     |> 0.3985262967
 195  4/2018 |       :        :        | *      :        :       |  0.0456581157
 196  5/2018 |       :        :        |        : *      :       |  0.2258050990
 197  6/2018 |       :        : *      |        :        :       | -0.1279770100
 198  7/2018 |       :        :        |       *:        :       |  0.1669573596
 199  8/2018 |       :        :        |    *   :        :       |  0.0936465307
 200  9/2018 |       :        :     *  |        :        :       | -0.0565790403
 201 10/2018 |       :        :       *|        :        :       | -0.0274810906
 202 11/2018 |       :     *  :        |        :        :       | -0.2360276813
 203 12/2018 +       :        :        *        :        :       + -0.0040203824
 204  1/2019 |       :        :        *        :        :       |  0.0039280136
 205  2/2019 |       : *      :        |        :        :       | -0.3086052219
 206  3/2019 |       :        :        |      * :        :       |  0.1483432911
 207  4/2019 |       :        :        |      * :        :       |  0.1392035632
 208  5/2019 |       :        :  *     |        :        :       | -0.1126287022
 209  6/2019 |       :        :        |        *        :       |  0.1688197178
 210  7/2019 |       :        :        |        *        :       |  0.1713923669
 211  8/2019 |       :        :        |   *    :        :       |  0.0772546753
 212  9/2019 |       :      * :        |        :        :       | -0.2145939518
 213 10/2019 |       :       *:        |        :        :       | -0.1897771252
 214 11/2019 |       :        :        |   *    :        :       |  0.0731353088
 215 12/2019 +       :        :        |        : *      :       +  0.2098417678
-------------+-------+--------+--------+--------+--------+-------+--------------
                    -2       -1        0       +1       +2        

                 +------------------------------------------+
                 |       Table of standardized values       |
                 |       greater than or equal to 2.0       |
                 +------------------------------------------+
                 |                                          |
                 | Observation    Date   Standardized value |
                 |                                          |
                 |     12        1/2003         2.69        |
                 |     15        4/2003        -2.02        |
                 |     20        9/2003         2.50        |
                 |     44        9/2005         2.26        |
                 |     70       11/2007         2.71        |
                 |     79        8/2008        -2.38        |
                 |    156        1/2015        -2.39        |
                 |    157        2/2015         2.64        |
                 |    168        1/2016        -2.64        |
                 |    193        2/2018        -2.30        |
                 |    194        3/2018         2.19        |
                 +------------------------------------------+

Standardized time series histogram:

       -4      -3      -2      -1       0      +1      +2      +3      +4
        +---+---+---+---+---+---+---+---+---+---+---+---+---+---+---+---+
        |                             40 39                            
        |                            ........                            |
        |                         33 ........34                          |
        |                        ................                        |
        |                        ................                        |
        |                        ................                        |
        |                     23 ................                        |
        |                    ....................                        |
        |                    .................... 20                     |
        |                    ........................                    |
        |                    ........................                    |
        |                    ........................                    |
        |                  8 ........................                    |
        |                ............................  7                 |
        |              4 ................................     4          |
        |          1 .................................... 2  ....        |
        |        ................................................        |
        +---+---+---+---+---+---+---+---+---+---+---+---+---+---+---+---+
       -4      -3      -2      -1       0      +1      +2      +3      +4

              69 values outside (-1,+1): 32.09 % (31.74 % expected)
              11 values outside (-2,+2):  5.12 % ( 4.56 % expected)

Autocorrelation function (acf bands =  0.136):

            -1                         0                         1  L-B Q  DF
-------------+-------------------------+-------------------------+--------------
   1  -0.015 |                      :  |  :                      | 
   2  -0.007 |                      :  |  :                      | 
   3   0.005 |                      :  |  :                      | 
   4   0.110 |                      :  |***                      | 
   5  -0.030 |                      : *|  :                      | 
   6  -0.028 |                      : *|  :                      | 
   7   0.055 |                      :  |* :                      | 
   8   0.081 |                      :  |**:                      | 
   9  -0.002 |                      :  |  :                      | 
  10  -0.047 |                      : *|  :                      | 
  11  -0.056 |                      : *|  :                      | 
  12   0.273 +                      :  |+++++++                  +  23.70  12
  13  -0.035 |                      : *|  :                      | 
  14  -0.027 |                      : *|  :                      | 
  15   0.010 |                      :  |  :                      | 
  16   0.047 |                      :  |* :                      | 
  17  -0.049 |                      : *|  :                      | 
  18  -0.148 |                     ****|  :                      | 
  19  -0.047 |                      : *|  :                      | 
  20   0.064 |                      :  |**:                      | 
  21   0.044 |                      :  |* :                      | 
  22  -0.020 |                      :  |  :                      | 
  23  -0.097 |                      :**|  :                      | 
  24   0.161 +                      :  |++++                     +  41.04  24
  25  -0.012 |                      :  |  :                      | 
  26  -0.006 |                      :  |  :                      | 
  27   0.007 |                      :  |  :                      | 
  28  -0.010 |                      :  |  :                      | 
  29  -0.066 |                      :**|  :                      | 
  30  -0.046 |                      : *|  :                      | 
  31  -0.016 |                      :  |  :                      | 
  32   0.039 |                      :  |* :                      | 
  33   0.034 |                      :  |* :                      | 
  34  -0.052 |                      : *|  :                      | 
  35  -0.028 |                      : *|  :                      | 
  36   0.067 +                      :  |++:                      +  45.54  36
  37   0.017 |                      :  |  :                      | 
  38  -0.019 |                      :  |  :                      | 
  39  -0.027 |                      : *|  :                      | 
  40   0.049 |                      :  |* :                      | 
  41   0.047 |                      :  |* :                      | 
  42  -0.029 |                      : *|  :                      |  47.39  42
-------------+-------------------------+-------------------------+--------------
            -1                         0                         1  L-B Q  DF

Partial autocorrelation function (pacf bands =  0.136):

            -1                         0                         1
-------------+-------------------------+-------------------------+--------------
   1  -0.015 |                      :  |  :                      | 
   2  -0.007 |                      :  |  :                      | 
   3   0.004 |                      :  |  :                      | 
   4   0.111 |                      :  |***                      | 
   5  -0.026 |                      : *|  :                      | 
   6  -0.027 |                      : *|  :                      | 
   7   0.054 |                      :  |* :                      | 
   8   0.071 |                      :  |**:                      | 
   9   0.007 |                      :  |  :                      | 
  10  -0.042 |                      : *|  :                      | 
  11  -0.073 |                      :**|  :                      | 
  12   0.265 +                      :  |+++++++                  + 
  13  -0.025 |                      : *|  :                      | 
  14  -0.022 |                      : *|  :                      | 
  15   0.009 |                      :  |  :                      | 
  16  -0.017 |                      :  |  :                      | 
  17  -0.023 |                      : *|  :                      | 
  18  -0.134 |                      ***|  :                      | 
  19  -0.085 |                      :**|  :                      | 
  20   0.039 |                      :  |* :                      | 
  21   0.063 |                      :  |**:                      | 
  22   0.026 |                      :  |* :                      | 
  23  -0.083 |                      :**|  :                      | 
  24   0.080 +                      :  |++:                      + 
  25   0.029 |                      :  |* :                      | 
  26   0.035 |                      :  |* :                      | 
  27   0.010 |                      :  |  :                      | 
  28  -0.087 |                      :**|  :                      | 
  29  -0.069 |                      :**|  :                      | 
  30   0.042 |                      :  |* :                      | 
  31   0.009 |                      :  |  :                      | 
  32   0.008 |                      :  |  :                      | 
  33   0.011 |                      :  |  :                      | 
  34  -0.056 |                      : *|  :                      | 
  35   0.036 |                      :  |* :                      | 
  36  -0.014 +                      :  |  :                      + 
  37   0.007 |                      :  |  :                      | 
  38   0.000 |                      :  |  :                      | 
  39  -0.032 |                      : *|  :                      | 
  40   0.066 |                      :  |**:                      | 
  41   0.072 |                      :  |**:                      | 
  42  -0.010 |                      :  |  :                      | 
-------------+-------------------------+-------------------------+--------------
            -1                         0                         1


--- Cross-correlation functions between residuals ---

CROSS CORRELATION a[2] (IPC_FR) - a[1] (WTI)
      IPC_FR --> WTI IF k > 0
      WTI --> IPC_FR IF k < 0
CCF BANDS  2.0/SQRT(N) =  0.13640:

            -1                         0                         1
-------------+-------------------------+-------------------------+--------------
  -9   0.005 |                      :  |  :                      |                            
  -8   0.113 |                      :  |***                      |                            
  -7   0.049 |                      :  |* :                      |                            
  -6   0.104 |                      :  |***                      |                            
  -5   0.085 |                      :  |**:                      |                            
  -4  -0.004 |                      :  |  :                      |                            
  -3  -0.011 |                      :  |  :                      |                            
  -2   0.021 |                      :  |* :                      |                            
  -1   0.004 |                      :  |  :                      |                            
   0   0.347 |                      :  |*********                |                            
   1  -0.008 |                      :  |  :                      |                            
   2   0.016 |                      :  |  :                      |                            
   3   0.026 |                      :  |* :                      |                            
   4   0.040 |                      :  |* :                      |                            
   5  -0.080 |                      :**|  :                      |                            
   6   0.029 |                      :  |* :                      |                            
   7  -0.031 |                      : *|  :                      |                            
   8  -0.054 |                      : *|  :                      |                            
   9  -0.006 |                      :  |  :                      |                            
-------------+-------------------------+-------------------------+--------------
            -1                         0                         1
Q(10) = 29.152     k >= 0      Q( 9) =  3.070      k > 0
Q(10) = 33.655     k <= 0      Q( 9) =  7.573      k < 0

=============================================================
