Input Data File  : data/passthrough/WTI_IPC_ES.inp
Output File      : data/passthrough/WTI_IPC_ES.out
Model: VARMA(3,0)
Include mean     : yes
Diagonal AR      : no
Diagonal MA      : no
Diagonal Cov     : no
Estimation method: 1
Two-step init    : no
Frequency        : 12
Start            : 1 2002
Box-Cox lambda   : 0
Rescale factor   : 1
Differences      : d=1, D=0 (seasonal lag=12)
Deseasonalize    : harmonic (auto)
Series names     : WTI IPC_ES
Observations     : 215 (raw 216)

Number of parameters: 17

=============================================================
  OPTIMIZER STOPPED after 95 iterations
  Objective function = 0.002000943241
  Convergence criterion: last global step failed to locate a lower point
=============================================================



=============================================================
  Estimated Parameters and Standard Deviations               
=============================================================

                        Parameter     Estimate    Std.Error   t-stat  p-val
--------------------------------------------------------------------
mu[1]                   0.005372     0.007257    0.740 0.4592    
mu[2]                   0.001541     0.000271    5.676 0.0000 ***
phi[1]_11              0.352892     0.065839    5.360 0.0000 ***
phi[1]_12             -4.006782     1.508128   -2.657 0.0079 ** 
phi[1]_21              0.010904     0.002230    4.890 0.0000 ***
phi[1]_22              0.228011     0.056836    4.012 0.0001 ***
phi[2]_11              0.142543     0.071677    1.989 0.0467 *  
phi[2]_12             -0.520963     1.092354   -0.477 0.6334    
phi[2]_21             -0.001403     0.002314   -0.606 0.5443    
phi[2]_22             -0.009903     0.042020   -0.236 0.8137    
phi[3]_11             -0.181642     0.070265   -2.585 0.0097 ** 
phi[3]_12              2.548024     0.895332    2.846 0.0044 ** 
phi[3]_21             -0.002537     0.002235   -1.135 0.2562    
phi[3]_22              0.080332     0.057302    1.402 0.1609    
cov[1,1]               1.834422     0.213462    8.594 0.0000 ***
cov[2,1]               0.028890     0.004363    6.622 0.0000 ***
cov[2,2]               0.001679     0.000270    6.229 0.0000 ***
--------------------------------------------------------------------
Signif. codes:  0 '***' 0.001 '**' 0.01 '*' 0.05 '.' 0.1 ' ' 1



=============================================================
           JOINT HYPOTHESIS TESTS (WALD)                    
=============================================================

Test of joint significance of last lag (AR(3) and MA(0)):
  Wald chi2(4) = 11.2750, p-value = 0.0236
  Conclusion: REJECT H0 → last lag is statistically significant.

Test of joint significance of last AR lag (AR(3)):
  Wald chi2(4) = 11.2750, p-value = 0.0236
  Conclusion: REJECT H0 → last AR lag is significant.

Test of joint significance of all cross effects:
  H0: all cross coefficients = 0
  Wald chi2(6) = 509403.6882, p-value = 0.0000
  Conclusion: REJECT H0 → cross effects are jointly significant.

--- Directional cross-effects tests ---

WTI: effects of other variables on it:
  H0: all coefficients in equation WTI from other vars = 0
  Wald chi2(3) = 473027.0835, p-value = 0.0000
  Conclusion: REJECT H0 → WTI is influenced by others.

WTI: effects of it on other variables:
  H0: all coefficients of WTI in other equations = 0
  Wald chi2(3) = 24.3646, p-value = 0.0000
  Conclusion: REJECT H0 → WTI influences others.

IPC_ES: effects of other variables on it:
  H0: all coefficients in equation IPC_ES from other vars = 0
  Wald chi2(3) = 24.3646, p-value = 0.0000
  Conclusion: REJECT H0 → IPC_ES is influenced by others.

IPC_ES: effects of it on other variables:
  H0: all coefficients of IPC_ES in other equations = 0
  Wald chi2(3) = 473027.0835, p-value = 0.0000
  Conclusion: REJECT H0 → IPC_ES influences others.


=============================================================
           ORTHOGONALIZED IMPULSE RESPONSE FUNCTIONS        
=============================================================
Shocks are orthogonalized via Cholesky decomposition of Sigma Matrix.
Order of variables: as in the model.

Shock to WTI:
Horizon      WTI   IPC_ES
    0     0.0813   0.0013
    1     0.0236   0.0012
    2     0.0145   0.0004
    3    -0.0052   0.0001
    4    -0.0017  -0.0000
    5    -0.0029  -0.0000
    6     0.0000  -0.0000
    7    -0.0001   0.0000
    8     0.0004   0.0000
    9     0.0001   0.0000
   10     0.0001   0.0000
   11    -0.0000   0.0000
   12    -0.0000  -0.0000
   13    -0.0000  -0.0000
   14     0.0000  -0.0000
   15    -0.0000   0.0000
   16     0.0000   0.0000
   17     0.0000   0.0000
   18     0.0000   0.0000
   19    -0.0000   0.0000
   20     0.0000  -0.0000

Shock to IPC_ES:
Horizon      WTI   IPC_ES
    0     0.0000   0.0021
    1    -0.0084   0.0005
    2    -0.0060  -0.0000
    3     0.0018   0.0001
    4     0.0021   0.0001
    5     0.0016   0.0001
    6     0.0005   0.0000
    7     0.0002   0.0000
    8    -0.0001   0.0000
    9    -0.0000   0.0000
   10    -0.0000   0.0000
   11     0.0000   0.0000
   12     0.0000   0.0000
   13     0.0000   0.0000
   14     0.0000   0.0000
   15     0.0000   0.0000
   16    -0.0000   0.0000
   17    -0.0000   0.0000
   18    -0.0000   0.0000
   19     0.0000   0.0000
   20     0.0000   0.0000


=============================================================
        ACCUMULATED IMPULSE RESPONSE FUNCTIONS               
=============================================================
Cumulative response of each variable to a one-s.d. shock
(sum of responses up to each horizon).

Shock to WTI:
Horizon      WTI   IPC_ES
    0     0.0813   0.0013
    1     0.1049   0.0025
    2     0.1194   0.0029
    3     0.1142   0.0030
    4     0.1125   0.0029
    5     0.1096   0.0029
    6     0.1096   0.0029
    7     0.1095   0.0029
    8     0.1100   0.0029
    9     0.1100   0.0029
   10     0.1101   0.0029
   11     0.1101   0.0029
   12     0.1101   0.0029
   13     0.1101   0.0029
   14     0.1101   0.0029
   15     0.1101   0.0029
   16     0.1101   0.0029
   17     0.1101   0.0029
   18     0.1101   0.0029
   19     0.1101   0.0029
   20     0.1101   0.0029

Shock to IPC_ES:
Horizon      WTI   IPC_ES
    0     0.0000   0.0021
    1    -0.0084   0.0026
    2    -0.0144   0.0026
    3    -0.0126   0.0027
    4    -0.0105   0.0028
    5    -0.0089   0.0029
    6    -0.0084   0.0029
    7    -0.0083   0.0029
    8    -0.0084   0.0029
    9    -0.0084   0.0029
   10    -0.0084   0.0029
   11    -0.0084   0.0029
   12    -0.0084   0.0029
   13    -0.0084   0.0029
   14    -0.0084   0.0029
   15    -0.0084   0.0029
   16    -0.0084   0.0029
   17    -0.0084   0.0029
   18    -0.0084   0.0029
   19    -0.0084   0.0029
   20    -0.0084   0.0029


=============================================================
  LONG‑RUN GAIN, SHOCK STD. DEVIATIONS AND MEAN LAG        
=============================================================

Structural shock standard deviations (one‑s.d. shock size):
  WTI      : 0.0813
  IPC_ES   : 0.0021

Shock to WTI:
  WTI      : gain =   0.1101  mean lag =   0.18 months
  IPC_ES   : gain =   0.0029  mean lag =   0.73 months

Shock to IPC_ES:
  WTI      : gain =  -0.0084  mean lag =  -0.52 months
  IPC_ES   : gain =   0.0029  mean lag =   0.65 months
=============================================================



=============================================================
           FORECAST ERROR VARIANCE DECOMPOSITION             
=============================================================
Values are percentages of forecast error variance accounted for by each shock.
Shocks are orthogonalized via Cholesky decomposition.

WTI:
Horizon      WTI   IPC_ES
    1     100.00     0.00
    2      99.02     0.98
    3      98.58     1.42
    4      98.54     1.46
    5      98.48     1.52
    6      98.45     1.55
    7      98.45     1.55
    8      98.45     1.55
    9      98.45     1.55
   10      98.45     1.55
   11      98.45     1.55
   12      98.45     1.55
   13      98.45     1.55
   14      98.45     1.55
   15      98.45     1.55
   16      98.45     1.55
   17      98.45     1.55
   18      98.45     1.55
   19      98.45     1.55
   20      98.45     1.55

IPC_ES:
Horizon      WTI   IPC_ES
    1      27.10    72.90
    2      39.49    60.51
    3      40.72    59.28
    4      40.73    59.27
    5      40.67    59.33
    6      40.65    59.35
    7      40.65    59.35
    8      40.65    59.35
    9      40.65    59.35
   10      40.65    59.35
   11      40.65    59.35
   12      40.65    59.35
   13      40.65    59.35
   14      40.65    59.35
   15      40.65    59.35
   16      40.65    59.35
   17      40.65    59.35
   18      40.65    59.35
   19      40.65    59.35
   20      40.65    59.35



=============================================================
           MULTIVARIATE RESIDUAL DIAGNOSTICS                
=============================================================

Hosking's Multivariate Portmanteau Test (lag 14):
  Q(56) = 46.0358, p-value = 0.1734
  Cannot reject H0: residuals appear white noise.

Multivariate Jarque-Bera Test (normality):
  JB(4) = 7.9297, p-value = 0.0942
  Cannot reject H0: residuals appear normal.
=============================================================

Normalized model:
mu vector:
      0.005372
      0.001541
phi(1) matrix:
      0.352892     -4.006782
      0.010904      0.228011
phi(2) matrix:
      0.142543     -0.520963
     -0.001403     -0.009903
phi(3) matrix:
     -0.181642      2.548024
     -0.002537      0.080332
Q matrix:
      1.834422
      0.028890      0.001679
Sigma = sigma2 * Q:
      0.006613
      0.000104      0.000006

Inverse roots of |phi(B)|=0:
      0.366580     -0.358981 i  (modulus     0.513077)
      0.366580      0.358981 i  (modulus     0.513077)
     -0.545239      0.000000 i  (modulus     0.545239)
     -0.056837     -0.329432 i  (modulus     0.334299)
     -0.056837      0.329432 i  (modulus     0.334299)
      0.506657      0.000000 i  (modulus     0.506657)



=============================================================
                RESIDUAL DIAGNOSTICS                         
=============================================================

--- Residual series a[1] (WTI) ---
Unconditional residuals (seasonal period: 12)
215 observations: from 2/2002 to 12/2019

                  Mean:          -0.000034
Standard error of mean:           0.005546
              Variance:           0.006613
    Standard deviation:           0.081319
              Skewness:          -0.405900
              Kurtosis:           0.342898
               Minimum:          -0.261901 at 10/2008 (observation  81)
               Maximum:           0.211852 at  3/2016 (observation 170)

Standardized time series plot (original values on right-side column):

               -3     -2      -1       0      +1      +2     +3   
-------------+--+------+-------+-------+-------+-------+------+--+--------------
   1  2/2002 |         :       :       |   *   :       :         |  0.0403875496
   2  3/2002 |         :       :       |       :    *  :         |  0.1383319619
   3  4/2002 |         :       :       | *     :       :         |  0.0170483988
   4  5/2002 |         :       :      *|       :       :         | -0.0117950744
   5  6/2002 |         :       :  *    |       :       :         | -0.0528799585
   6  7/2002 |         :       :       |      *:       :         |  0.0716693841
   7  8/2002 |         :       :       |   *   :       :         |  0.0451414085
   8  9/2002 |         :       :       |*      :       :         |  0.0121267405
   9 10/2002 |         :       :   *   |       :       :         | -0.0391428493
  10 11/2002 |         :       *       |       :       :         | -0.0833559900
  11 12/2002 +         :       :       |       :     * :         +  0.1453273128
  12  1/2003 |         :       :       |       *       :         |  0.0882152416
  13  2/2003 |         :       :       |   *   :       :         |  0.0459787279
  14  3/2003 |         :      *:       |       :       :         | -0.0926200339
  15  4/2003 |         :*      :       |       :       :         | -0.1609991556
  16  5/2003 |         :       :       |    *  :       :         |  0.0575069408
  17  6/2003 |         :       :       |       *       :         |  0.0785852305
  18  7/2003 |         :       : *     |       :       :         | -0.0592429636
  19  8/2003 |         :       :       | *     :       :         |  0.0253046925
  20  9/2003 |         :      *:       |       :       :         | -0.0942797029
  21 10/2003 |         :       :       |       : *     :         |  0.1039981562
  22 11/2003 |         :       :       *       :       :         |  0.0014764637
  23 12/2003 +         :       :      *|       :       :         + -0.0107987683
  24  1/2004 |         :       :       |      *:       :         |  0.0698216083
  25  2/2004 |         :       :       |*      :       :         |  0.0062980576
  26  3/2004 |         :       :       |   *   :       :         |  0.0443885927
  27  4/2004 |         :       :     * |       :       :         | -0.0252736895
  28  5/2004 |         :       :       |       :*      :         |  0.0915333120
  29  6/2004 |         :       :*      |       :       :         | -0.0728189645
  30  7/2004 |         :       :       |      *:       :         |  0.0683033073
  31  8/2004 |         :       :       |       :*      :         |  0.0892934036
  32  9/2004 |         :       :    *  |       :       :         | -0.0271333087
  33 10/2004 |         :       :       |       :    *  :         |  0.1338549803
  34 11/2004 |         :  *    :       |       :       :         | -0.1327661683
  35 12/2004 +         :     * :       |       :       :         + -0.0996140154
  36  1/2005 |         :       :       |       :     * :         |  0.1445864459
  37  2/2005 |         :       :       *       :       :         |  0.0041380723
  38  3/2005 |         :       :       |       :*      :         |  0.0943142645
  39  4/2005 |         :       : *     |       :       :         | -0.0597808721
  40  5/2005 |         :       : *     |       :       :         | -0.0648906216
  41  6/2005 |         :       :       |       :      *:         |  0.1586622903
  42  7/2005 |         :       :       *       :       :         | -0.0037699963
  43  8/2005 |         :       :       |     * :       :         |  0.0618121951
  44  9/2005 |         :       :      *|       :       :         | -0.0060930244
  45 10/2005 |         :       :  *    |       :       :         | -0.0473879973
  46 11/2005 |         :       :   *   |       :       :         | -0.0423392473
  47 12/2005 +         :       :       |  *    :       :         +  0.0324074401
  48  1/2006 |         :       :       |       :*      :         |  0.0955896133
  49  2/2006 |         :       *       |       :       :         | -0.0822565896
  50  3/2006 |         :       :       |  *    :       :         |  0.0271366081
  51  4/2006 |         :       :       |       : *     :         |  0.1050281196
  52  5/2006 |         :       :     * |       :       :         | -0.0244336115
  53  6/2006 |         :       :     * |       :       :         | -0.0188491405
  54  7/2006 |         :       :       |    *  :       :         |  0.0528951523
  55  8/2006 |         :       :    *  |       :       :         | -0.0336128057
  56  9/2006 |         :  *    :       |       :       :         | -0.1372826831
  57 10/2006 |         :       :   *   |       :       :         | -0.0418806672
  58 11/2006 |         :       :       |  *    :       :         |  0.0297478473
  59 12/2006 +         :       :       |  *    :       :         +  0.0304012874
  60  1/2007 |         : *     :       |       :       :         | -0.1426699877
  61  2/2007 |         :       :       |       :    *  :         |  0.1369107184
  62  3/2007 |         :       :       |*      :       :         |  0.0121381912
  63  4/2007 |         :       :       |*      :       :         |  0.0055255767
  64  5/2007 |         :       :      *|       :       :         | -0.0078299438
  65  6/2007 |         :       :       |    *  :       :         |  0.0535313836
  66  7/2007 |         :       :       |      *:       :         |  0.0745348985
  67  8/2007 |         :       :*      |       :       :         | -0.0735385540
  68  9/2007 |         :       :       |       :*      :         |  0.0983443171
  69 10/2007 |         :       :       |     * :       :         |  0.0653194104
  70 11/2007 |         :       :       |     * :       :         |  0.0652386422
  71 12/2007 +         :       :   *   |       :       :         + -0.0432737277
  72  1/2008 |         :       :       |  *    :       :         |  0.0266312629
  73  2/2008 |         :       :       |   *   :       :         |  0.0449748389
  74  3/2008 |         :       :       |      *:       :         |  0.0782790385
  75  4/2008 |         :       :       |  *    :       :         |  0.0267368541
  76  5/2008 |         :       :       |      *:       :         |  0.0710571000
  77  6/2008 |         :       :       |   *   :       :         |  0.0414667759
  78  7/2008 |         :       :      *|       :       :         | -0.0156352187
  79  8/2008 |         :   *   :       |       :       :         | -0.1287048816
  80  9/2008 |         :       *       |       :       :         | -0.0852923892
  81 10/2008>|*        :       :       |       :       :         |>-0.2619013524
  82 11/2008>|      *  :       :       |       :       :         |>-0.2016761382
  83 12/2008>+  *      :       :       |       :       :         +>-0.2407618752
  84  1/2009 |         :       :       |       : *     :         |  0.1039943700
  85  2/2009 |         :       :*      |       :       :         | -0.0726293450
  86  3/2009>|         :       :       |       :       *         |> 0.1698918108
  87  4/2009 |         :       :    *  |       :       :         | -0.0360921589
  88  5/2009 |         :       :       |       :  *    :         |  0.1105515186
  89  6/2009 |         :       :       |       :   *   :         |  0.1279257296
  90  7/2009 |         : *     :       |       :       :         | -0.1508399456
  91  8/2009 |         :       :       |       :    *  :         |  0.1380408357
  92  9/2009 |         :       :     * |       :       :         | -0.0234611055
  93 10/2009 |         :       :       |    *  :       :         |  0.0524399556
  94 11/2009 |         :       :       |*      :       :         |  0.0070391804
  95 12/2009 +         :       : *     |       :       :         + -0.0586835674
  96  1/2010 |         :       :       |      *:       :         |  0.0780494167
  97  2/2010 |         :       :   *   |       :       :         | -0.0406039581
  98  3/2010 |         :       :       |   *   :       :         |  0.0418682647
  99  4/2010 |         :       :       |  *    :       :         |  0.0329212706
 100  5/2010 |         :*      :       |       :       :         | -0.1576750987
 101  6/2010 |         :       :       |     * :       :         |  0.0630166424
 102  7/2010 |         :       :       |  *    :       :         |  0.0292497971
 103  8/2010 |         :       :     * |       :       :         | -0.0210138455
 104  9/2010 |         :       :     * |       :       :         | -0.0211519923
 105 10/2010 |         :       :       |       *       :         |  0.0808181408
 106 11/2010 |         :       :       *       :       :         |  0.0004279112
 107 12/2010 +         :       :       |   *   :       :         +  0.0429186712
 108  1/2011 |         :       :       |*      :       :         |  0.0131974599
 109  2/2011 |         :       :       *       :       :         | -0.0017023236
 110  3/2011 |         :       :       |       :    *  :         |  0.1340455807
 111  4/2011 |         :       :       | *     :       :         |  0.0171890394
 112  5/2011 |         :   *   :       |       :       :         | -0.1210652512
 113  6/2011 |         :       :     * |       :       :         | -0.0259217499
 114  7/2011 |         :       :       |  *    :       :         |  0.0283262955
 115  8/2011 |         :   *   :       |       :       :         | -0.1240957297
 116  9/2011 |         :       :       | *     :       :         |  0.0243813880
 117 10/2011 |         :       :       |  *    :       :         |  0.0283804592
 118 11/2011 |         :       :       |       :*      :         |  0.0932371432
 119 12/2011 +         :       :    *  |       :       :         + -0.0295213115
 120  1/2012 |         :       :       *       :       :         | -0.0032270660
 121  2/2012 |         :       :       | *     :       :         |  0.0196092023
 122  3/2012 |         :       :       |  *    :       :         |  0.0262722379
 123  4/2012 |         :       :    *  |       :       :         | -0.0341484859
 124  5/2012 |         :       : *     |       :       :         | -0.0676307867
 125  6/2012 |         :    *  :       |       :       :         | -0.1191379512
 126  7/2012 |         :       :       |       :*      :         |  0.0916116248
 127  8/2012 |         :       :       |      *:       :         |  0.0691649651
 128  9/2012 |         :       :    *  |       :       :         | -0.0309866136
 129 10/2012 |         :       :    *  |       :       :         | -0.0341234694
 130 11/2012 |         :       :      *|       :       :         | -0.0066725974
 131 12/2012 +         :       :       *       :       :         +  0.0004323775
 132  1/2013 |         :       :       |    *  :       :         |  0.0511884561
 133  2/2013 |         :       :    *  |       :       :         | -0.0358131250
 134  3/2013 |         :       :    *  |       :       :         | -0.0346811551
 135  4/2013 |         :       :       |*      :       :         |  0.0094198604
 136  5/2013 |         :       :       |*      :       :         |  0.0057272385
 137  6/2013 |         :       :      *|       :       :         | -0.0083562070
 138  7/2013 |         :       :       |       :*      :         |  0.0892884324
 139  8/2013 |         :       :      *|       :       :         | -0.0077798505
 140  9/2013 |         :       :     * |       :       :         | -0.0181948215
 141 10/2013 |         :       : *     |       :       :         | -0.0598533918
 142 11/2013 |         :       : *     |       :       :         | -0.0676978735
 143 12/2013 +         :       :       |      *:       :         +  0.0733575353
 144  1/2014 |         :       :   *   |       :       :         | -0.0391511504
 145  2/2014 |         :       :       |   *   :       :         |  0.0368022772
 146  3/2014 |         :       :     * |       :       :         | -0.0218457938
 147  4/2014 |         :       :      *|       :       :         | -0.0073402008
 148  5/2014 |         :       :       *       :       :         |  0.0016961547
 149  6/2014 |         :       :       |  *    :       :         |  0.0263560822
 150  7/2014 |         :       :   *   |       :       :         | -0.0387906896
 151  8/2014 |         :       *       |       :       :         | -0.0805633200
 152  9/2014 |         :       :       *       :       :         | -0.0045647139
 153 10/2014 |         :       :*      |       :       :         | -0.0755051791
 154 11/2014 |         :      *:       |       :       :         | -0.0946983435
 155 12/2014>+    *    :       :       |       :       :         +>-0.2170212330
 156  1/2015>|         *       :       |       :       :         |>-0.1673586477
 157  2/2015 |         :       :       |       :    *  :         |  0.1377676158
 158  3/2015 |         :       :*      |       :       :         | -0.0776039496
 159  4/2015 |         :       :       |       :  *    :         |  0.1177402377
 160  5/2015 |         :       :       |    *  :       :         |  0.0497272578
 161  6/2015 |         :       :  *    |       :       :         | -0.0475936161
 162  7/2015 |         : *     :       |       :       :         | -0.1494807935
 163  8/2015 |         :   *   :       |       :       :         | -0.1232208233
 164  9/2015 |         :       :       |       :  *    :         |  0.1150451773
 165 10/2015 |         :       :     * |       :       :         | -0.0256813353
 166 11/2015 |         :   *   :       |       :       :         | -0.1280840920
 167 12/2015 +         :       *       |       :       :         + -0.0806743856
 168  1/2016 |         :    *  :       |       :       :         | -0.1126181430
 169  2/2016 |         :       :    *  |       :       :         | -0.0324894141
 170  3/2016>|         :       :       |       :       :   *     |> 0.2118519474
 171  4/2016 |         :       :       |*      :       :         |  0.0075496973
 172  5/2016 |         :       :       |     * :       :         |  0.0645764603
 173  6/2016 |         :       :       | *     :       :         |  0.0253102226
 174  7/2016 |         :      *:       |       :       :         | -0.0901865109
 175  8/2016 |         :       :       |  *    :       :         |  0.0363244953
 176  9/2016 |         :       :       |*      :       :         |  0.0152677868
 177 10/2016 |         :       :       |      *:       :         |  0.0706198128
 178 11/2016 |         :     * :       |       :       :         | -0.1092789836
 179 12/2016 +         :       :       |       :      *:         +  0.1553891221
 180  1/2017 |         :       :       *       :       :         |  0.0031282864
 181  2/2017 |         :       :      *|       :       :         | -0.0092449710
 182  3/2017 |         :      *:       |       :       :         | -0.0972591846
 183  4/2017 |         :       :       | *     :       :         |  0.0259188712
 184  5/2017 |         :       :   *   |       :       :         | -0.0458476273
 185  6/2017 |         :       :*      |       :       :         | -0.0747365201
 186  7/2017 |         :       :       |     * :       :         |  0.0607197165
 187  8/2017 |         :       :       | *     :       :         |  0.0186097048
 188  9/2017 |         :       :       |*      :       :         |  0.0074529659
 189 10/2017 |         :       :       | *     :       :         |  0.0233248152
 190 11/2017 |         :       :       |       *       :         |  0.0847937724
 191 12/2017 +         :       :       *       :       :         + -0.0038909134
 192  1/2018 |         :       :       |      *:       :         |  0.0736695095
 193  2/2018 |         :       : *     |       :       :         | -0.0600186079
 194  3/2018 |         :       :       *       :       :         |  0.0050561021
 195  4/2018 |         :       :       |     * :       :         |  0.0582926653
 196  5/2018 |         :       :       | *     :       :         |  0.0167794759
 197  6/2018 |         :       :     * |       :       :         | -0.0249316823
 198  7/2018 |         :       :       |     * :       :         |  0.0652760495
 199  8/2018 |         :       :*      |       :       :         | -0.0693401284
 200  9/2018 |         :       :       | *     :       :         |  0.0251261081
 201 10/2018 |         :       :       |*      :       :         |  0.0140048302
 202 11/2018>|   *     :       :       |       :       :         |>-0.2258927790
 203 12/2018 +         :       :*      |       :       :         + -0.0773576202
 204  1/2019 |         :       :       |       *       :         |  0.0877462024
 205  2/2019 |         :       :       | *     :       :         |  0.0212343411
 206  3/2019 |         :       :       | *     :       :         |  0.0166668842
 207  4/2019 |         :       :       |      *:       :         |  0.0724989455
 208  5/2019 |         :       *       |       :       :         | -0.0846410131
 209  6/2019 |         :      *:       |       :       :         | -0.0950572230
 210  7/2019 |         :       :       |       :*      :         |  0.0934552828
 211  8/2019 |         :       : *     |       :       :         | -0.0619067889
 212  9/2019 |         :       :       | *     :       :         |  0.0211464726
 213 10/2019 |         :       : *     |       :       :         | -0.0618685740
 214 11/2019 |         :       :       |      *:       :         |  0.0719044896
 215 12/2019 +         :       :       |   *   :       :         +  0.0429926873
-------------+--+------+-------+-------+-------+-------+------+--+--------------
               -3     -2      -1       0      +1      +2     +3   

                 +------------------------------------------+
                 |       Table of standardized values       |
                 |       greater than or equal to 2.0       |
                 +------------------------------------------+
                 |                                          |
                 | Observation    Date   Standardized value |
                 |                                          |
                 |     81       10/2008        -3.22        |
                 |     82       11/2008        -2.48        |
                 |     83       12/2008        -2.96        |
                 |     86        3/2009         2.09        |
                 |    155       12/2014        -2.67        |
                 |    156        1/2015        -2.06        |
                 |    170        3/2016         2.61        |
                 |    202       11/2018        -2.78        |
                 +------------------------------------------+

Standardized time series histogram:

       -4      -3      -2      -1       0      +1      +2      +3      +4
        +---+---+---+---+---+---+---+---+---+---+---+---+---+---+---+---+
        |                                 48                            |
        |                                ....                            |
        |                             40 ....                            |
        |                            ........ 37                         |
        |                            ............                        |
        |                            ............                        |
        |                            ............                        |
        |                         27 ............                        |
        |                        ................                        |
        |                        ................                        |
        |                        ................ 18                     |
        |                     15 ....................                    |
        |                 11 ........................11                  |
        |                ................................                |
        |                ................................                |
        |      1  3  2   ...............................1  1             |
        |    ....................................................        |
        +---+---+---+---+---+---+---+---+---+---+---+---+---+---+---+---+
       -4      -3      -2      -1       0      +1      +2      +3      +4

              63 values outside (-1,+1): 29.30 % (31.74 % expected)
               8 values outside (-2,+2):  3.72 % ( 4.56 % expected)

Autocorrelation function (acf bands =  0.136):

            -1                         0                         1  L-B Q  DF
-------------+-------------------------+-------------------------+--------------
   1  -0.013 |                      :  |  :                      | 
   2   0.018 |                      :  |  :                      | 
   3   0.006 |                      :  |  :                      | 
   4  -0.063 |                      :**|  :                      | 
   5   0.064 |                      :  |**:                      | 
   6  -0.102 |                      ***|  :                      | 
   7  -0.008 |                      :  |  :                      | 
   8  -0.097 |                      :**|  :                      | 
   9  -0.045 |                      : *|  :                      | 
  10   0.053 |                      :  |* :                      | 
  11   0.044 |                      :  |* :                      | 
  12   0.013 +                      :  |  :                      +   7.92  12
  13  -0.063 |                      :**|  :                      | 
  14  -0.041 |                      : *|  :                      | 
  15   0.029 |                      :  |* :                      | 
  16  -0.042 |                      : *|  :                      | 
  17   0.005 |                      :  |  :                      | 
  18  -0.036 |                      : *|  :                      | 
  19   0.037 |                      :  |* :                      | 
  20   0.060 |                      :  |* :                      | 
  21   0.024 |                      :  |* :                      | 
  22   0.057 |                      :  |* :                      | 
  23  -0.071 |                      :**|  :                      | 
  24  -0.083 +                      :++|  :                      +  15.18  24
  25   0.142 |                      :  |****                     | 
  26  -0.024 |                      : *|  :                      | 
  27   0.030 |                      :  |* :                      | 
  28  -0.044 |                      : *|  :                      | 
  29  -0.068 |                      :**|  :                      | 
  30   0.088 |                      :  |**:                      | 
  31   0.006 |                      :  |  :                      | 
  32  -0.047 |                      : *|  :                      | 
  33   0.027 |                      :  |* :                      | 
  34   0.026 |                      :  |* :                      | 
  35   0.024 |                      :  |* :                      | 
  36  -0.052 +                      : +|  :                      +  25.88  36
  37   0.016 |                      :  |  :                      | 
  38  -0.004 |                      :  |  :                      | 
  39  -0.079 |                      :**|  :                      | 
  40   0.061 |                      :  |**:                      | 
  41   0.058 |                      :  |* :                      | 
  42   0.017 |                      :  |  :                      |  29.57  42
-------------+-------------------------+-------------------------+--------------
            -1                         0                         1  L-B Q  DF

Partial autocorrelation function (pacf bands =  0.136):

            -1                         0                         1
-------------+-------------------------+-------------------------+--------------
   1  -0.013 |                      :  |  :                      | 
   2   0.018 |                      :  |  :                      | 
   3   0.006 |                      :  |  :                      | 
   4  -0.063 |                      :**|  :                      | 
   5   0.062 |                      :  |**:                      | 
   6  -0.099 |                      :**|  :                      | 
   7  -0.011 |                      :  |  :                      | 
   8  -0.100 |                      ***|  :                      | 
   9  -0.038 |                      : *|  :                      | 
  10   0.039 |                      :  |* :                      | 
  11   0.060 |                      :  |* :                      | 
  12  -0.008 +                      :  |  :                      + 
  13  -0.061 |                      :**|  :                      | 
  14  -0.054 |                      : *|  :                      | 
  15   0.021 |                      :  |* :                      | 
  16  -0.048 |                      : *|  :                      | 
  17  -0.000 |                      :  |  :                      | 
  18  -0.027 |                      : *|  :                      | 
  19   0.051 |                      :  |* :                      | 
  20   0.047 |                      :  |* :                      | 
  21   0.019 |                      :  |  :                      | 
  22   0.026 |                      :  |* :                      | 
  23  -0.061 |                      :**|  :                      | 
  24  -0.092 +                      :++|  :                      + 
  25   0.153 |                      :  |****                     | 
  26  -0.013 |                      :  |  :                      | 
  27   0.029 |                      :  |* :                      | 
  28  -0.027 |                      : *|  :                      | 
  29  -0.052 |                      : *|  :                      | 
  30   0.053 |                      :  |* :                      | 
  31   0.026 |                      :  |* :                      | 
  32  -0.092 |                      :**|  :                      | 
  33   0.068 |                      :  |**:                      | 
  34   0.064 |                      :  |**:                      | 
  35   0.024 |                      :  |* :                      | 
  36  -0.079 +                      :++|  :                      + 
  37  -0.001 |                      :  |  :                      | 
  38   0.008 |                      :  |  :                      | 
  39  -0.052 |                      : *|  :                      | 
  40   0.041 |                      :  |* :                      | 
  41   0.081 |                      :  |**:                      | 
  42   0.001 |                      :  |  :                      | 
-------------+-------------------------+-------------------------+--------------
            -1                         0                         1


--- Residual series a[2] (IPC_ES) ---
Unconditional residuals (seasonal period: 12)
215 observations: from 2/2002 to 12/2019

                  Mean:          -0.000000
Standard error of mean:           0.000168
              Variance:           0.000006
    Standard deviation:           0.002460
              Skewness:           0.091420
              Kurtosis:           0.274130
               Minimum:          -0.007575 at  1/2016 (observation 168)
               Maximum:           0.006753 at  9/2012 (observation 128)

Standardized time series plot (original values on right-side column):

              -3      -2      -1       0      +1      +2      +3  
-------------+-+-------+-------+-------+-------+-------+-------+-+--------------
   1  2/2002 |         :       :       |*      :       :         |  0.0002872345
   2  3/2002 |         :       :       |   *   :       :         |  0.0012373574
   3  4/2002 |         :       :   *   |       :       :         | -0.0011160537
   4  5/2002 |         :       :       *       :       :         |  0.0000942184
   5  6/2002 |         :       :  *    |       :       :         | -0.0016260538
   6  7/2002 |         :       :       |       *       :         |  0.0024907549
   7  8/2002 |         :       :       *       :       :         | -0.0001481969
   8  9/2002 |         :       :       |    *  :       :         |  0.0015517327
   9 10/2002 |         :       :      *|       :       :         | -0.0003694112
  10 11/2002 |         :       :     * |       :       :         | -0.0006135083
  11 12/2002 +         :       :       |       :     * :         +  0.0042587157
  12  1/2003>|         :       :       |       :       :   *     |> 0.0061729715
  13  2/2003 |         :       :   *   |       :       :         | -0.0013061265
  14  3/2003 |         :       :      *|       :       :         | -0.0002762621
  15  4/2003 |         :   *   :       |       :       :         | -0.0037650787
  16  5/2003 |         :       :    *  |       :       :         | -0.0009471812
  17  6/2003 |         :       :     * |       :       :         | -0.0005027617
  18  7/2003 |         :       :       |  *    :       :         |  0.0008616561
  19  8/2003 |         :       :       |       *       :         |  0.0025629922
  20  9/2003 |         :       :       |  *    :       :         |  0.0009200851
  21 10/2003 |         :       :  *    |       :       :         | -0.0016279220
  22 11/2003 |         :       :       |*      :       :         |  0.0003132514
  23 12/2003 +         :       :       | *     :       :         +  0.0006927130
  24  1/2004 |         :       :       |       :       *         |  0.0048442661
  25  2/2004 |         :       : *     |       :       :         | -0.0016677177
  26  3/2004 |         :       :       |  *    :       :         |  0.0008544053
  27  4/2004 |         :       :       | *     :       :         |  0.0006282172
  28  5/2004 |         :       :       |       : *     :         |  0.0028942446
  29  6/2004 |         :       :  *    |       :       :         | -0.0016130377
  30  7/2004 |         :       :       |  *    :       :         |  0.0007669209
  31  8/2004 |         :       :       |    *  :       :         |  0.0015533502
  32  9/2004 |         :       :  *    |       :       :         | -0.0013902537
  33 10/2004 |         :       :       |   *   :       :         |  0.0013615161
  34 11/2004 |         :       : *     |       :       :         | -0.0017183636
  35 12/2004 +         :       :       *       :       :         + -0.0000379299
  36  1/2005>|         :       :       |       :       *         |> 0.0049383559
  37  2/2005 |         :       :       |*      :       :         |  0.0001994577
  38  3/2005 |         :       :       |   *   :       :         |  0.0011870029
  39  4/2005 |         :       :       |  *    :       :         |  0.0009106636
  40  5/2005 |         :       :   *   |       :       :         | -0.0010897360
  41  6/2005 |         :       :       |     * :       :         |  0.0018031666
  42  7/2005 |         :       :     * |       :       :         | -0.0005596137
  43  8/2005 |         :       :       |     * :       :         |  0.0017298969
  44  9/2005 |         :       :       |       :  *    :         |  0.0032886050
  45 10/2005 |         :       :  *    |       :       :         | -0.0015156948
  46 11/2005 |         :       :       *       :       :         | -0.0000966144
  47 12/2005 +         :       :       |       *       :         +  0.0023448190
  48  1/2006>|         :       :       |       :       :    *    |> 0.0063597592
  49  2/2006 |         :      *:       |       :       :         | -0.0026754354
  50  3/2006 |         :       :       |      *:       :         |  0.0020932091
  51  4/2006 |         :       :       |     * :       :         |  0.0018678671
  52  5/2006 |         :       :    *  |       :       :         | -0.0009336145
  53  6/2006 |         :       :      *|       :       :         | -0.0003199496
  54  7/2006 |         :       :       |   *   :       :         |  0.0012219976
  55  8/2006 |         :       :     * |       :       :         | -0.0007251391
  56  9/2006 |         :      *:       |       :       :         | -0.0028567313
  57 10/2006 |         :       :*      |       :       :         | -0.0021652306
  58 11/2006 |         :       :       |     * :       :         |  0.0017046808
  59 12/2006 +         :       :       |      *:       :         +  0.0020254579
  60  1/2007 |         :       :       |       :  *    :         |  0.0033235078
  61  2/2007 |         :       :       |  *    :       :         |  0.0007885847
  62  3/2007 |         :       :       |  *    :       :         |  0.0007647568
  63  4/2007 |         :       :       |    *  :       :         |  0.0015324979
  64  5/2007 |         :       :    *  |       :       :         | -0.0008742825
  65  6/2007 |         :       :       |*      :       :         |  0.0003666339
  66  7/2007 |         :       :   *   |       :       :         | -0.0012242876
  67  8/2007 |         :       :  *    |       :       :         | -0.0014458542
  68  9/2007 |         :       :       |       *       :         |  0.0024453538
  69 10/2007 |         :       :       |       :  *    :         |  0.0034041706
  70 11/2007 |         :       :       |       : *     :         |  0.0030773642
  71 12/2007 +         :       :       |     * :       :         +  0.0019359222
  72  1/2008 |         :       :       |       :   *   :         |  0.0036873536
  73  2/2008 |         :       :      *|       :       :         | -0.0001834322
  74  3/2008 |         :       :       |       *       :         |  0.0025347464
  75  4/2008 |         :       :*      |       :       :         | -0.0020036397
  76  5/2008 |         :       :       |       :   *   :         |  0.0035813491
  77  6/2008 |         :       :       |      *:       :         |  0.0021832093
  78  7/2008 |         :       :       |*      :       :         |  0.0003604765
  79  8/2008 |         : *     :       |       :       :         | -0.0043337283
  80  9/2008 |         :       :       | *     :       :         |  0.0005466454
  81 10/2008 |         :    *  :       |       :       :         | -0.0032606551
  82 11/2008 |         :       *       |       :       :         | -0.0024438827
  83 12/2008 +         :       :  *    |       :       :         + -0.0015691760
  84  1/2009 |         :       :       |      *:       :         |  0.0019762767
  85  2/2009 |         :       :    *  |       :       :         | -0.0008120206
  86  3/2009 |         :    *  :       |       :       :         | -0.0033750067
  87  4/2009 |         :       :*      |       :       :         | -0.0021041917
  88  5/2009 |         :     * :       |       :       :         | -0.0030442677
  89  6/2009 |         :       :       |       *       :         |  0.0025294276
  90  7/2009 |         :  *    :       |       :       :         | -0.0040429919
  91  8/2009 |         :       :       |       :    *  :         |  0.0038544766
  92  9/2009>|        *:       :       |       :       :         |>-0.0052683131
  93 10/2009 |         :       :       |*      :       :         |  0.0003180945
  94 11/2009 |         :       :       |       *       :         |  0.0024205345
  95 12/2009 +         :       :   *   |       :       :         + -0.0013495967
  96  1/2010 |         :       :       |   *   :       :         |  0.0011806837
  97  2/2010 |         :     * :       |       :       :         | -0.0031305179
  98  3/2010 |         :       :       |       :*      :         |  0.0027810944
  99  4/2010 |         :       :    *  |       :       :         | -0.0009092415
 100  5/2010 |         :       :     * |       :       :         | -0.0005915425
 101  6/2010 |         :       :       |     * :       :         |  0.0018541546
 102  7/2010 |         :       :       |    *  :       :         |  0.0015957455
 103  8/2010 |         :       :      *|       :       :         | -0.0002758234
 104  9/2010 |         :       :    *  |       :       :         | -0.0009202833
 105 10/2010 |         :       :       |    *  :       :         |  0.0015062000
 106 11/2010 |         :       :       |     * :       :         |  0.0018695391
 107 12/2010 +         :       :       |       :       *         +  0.0048231616
 108  1/2011 |         :       :       |  *    :       :         |  0.0007621602
 109  2/2011 |         :       :       *       :       :         |  0.0000805295
 110  3/2011 |         :       :       |     * :       :         |  0.0017213116
 111  4/2011 |         :       :       *       :       :         |  0.0000423419
 112  5/2011 |         :  *    :       |       :       :         | -0.0039543700
 113  6/2011 |         :       :   *   |       :       :         | -0.0011115158
 114  7/2011 |         :       :       |     * :       :         |  0.0019206628
 115  8/2011 |         :       :    *  |       :       :         | -0.0010349743
 116  9/2011 |         :       :       |       *       :         |  0.0025290677
 117 10/2011 |         :       :      *|       :       :         | -0.0001728450
 118 11/2011 |         :       :       |    *  :       :         |  0.0013899652
 119 12/2011 +         :       :    *  |       :       :         + -0.0009563977
 120  1/2012 |         :       :  *    |       :       :         | -0.0015988779
 121  2/2012 |         :       :       |  *    :       :         |  0.0008236708
 122  3/2012 |         :       :       |   *   :       :         |  0.0011739885
 123  4/2012 |         :       :       |       :  *    :         |  0.0034214230
 124  5/2012 |         :*      :       |       :       :         | -0.0045437224
 125  6/2012 |         :       :  *    |       :       :         | -0.0015800590
 126  7/2012>|         :       :       |       :       : *       |> 0.0054802044
 127  8/2012 |         :       :       |      *:       :         |  0.0020224535
 128  9/2012>|         :       :       |       :       :     *   |> 0.0067525411
 129 10/2012 |         :       :    *  |       :       :         | -0.0009704437
 130 11/2012 |         :     * :       |       :       :         | -0.0031532255
 131 12/2012 +         :       :       | *     :       :         +  0.0006267529
 132  1/2013 |         : *     :       |       :       :         | -0.0040949860
 133  2/2013 |         :       :       |    *  :       :         |  0.0014197813
 134  3/2013 |         :       : *     |       :       :         | -0.0017891436
 135  4/2013>|         *       :       |       :       :         |>-0.0049723376
 136  5/2013 |         :       :       | *     :       :         |  0.0007114960
 137  6/2013 |         :       :      *|       :       :         | -0.0002372121
 138  7/2013 |         :       :       |   *   :       :         |  0.0011486457
 139  8/2013 |         :       :       |*      :       :         |  0.0002261935
 140  9/2013 |         :   *   :       |       :       :         | -0.0036667175
 141 10/2013 |         :       *       |       :       :         | -0.0024223617
 142 11/2013 |         :       :       |   *   :       :         |  0.0011236830
 143 12/2013 +         :       :       |   *   :       :         +  0.0013252008
 144  1/2014 |         :*      :       |       :       :         | -0.0045920872
 145  2/2014 |         :       :       |*      :       :         |  0.0001907957
 146  3/2014 |         :    *  :       |       :       :         | -0.0033184765
 147  4/2014 |         :       :       *       :       :         |  0.0000394382
 148  5/2014 |         :       :*      |       :       :         | -0.0019834055
 149  6/2014 |         :       :     * |       :       :         | -0.0005210521
 150  7/2014 |         :   *   :       |       :       :         | -0.0035194414
 151  8/2014 |         :       :       |  *    :       :         |  0.0009444619
 152  9/2014 |         :       :       |  *    :       :         |  0.0010041452
 153 10/2014 |         :       *       |       :       :         | -0.0023317461
 154 11/2014 |         :       :  *    |       :       :         | -0.0014379592
 155 12/2014 +         *       :       |       :       :         + -0.0047908622
 156  1/2015 |         :      *:       |       :       :         | -0.0028577142
 157  2/2015>|         :       :       |       :       :*        |> 0.0050806428
 158  3/2015 |         :       :      *|       :       :         | -0.0003469519
 159  4/2015 |         :       :      *|       :       :         | -0.0002922513
 160  5/2015 |         :       :       |  *    :       :         |  0.0010076433
 161  6/2015 |         :       :      *|       :       :         | -0.0003662946
 162  7/2015 |         :    *  :       |       :       :         | -0.0032311190
 163  8/2015 |         :      *:       |       :       :         | -0.0026147411
 164  9/2015 |         :       : *     |       :       :         | -0.0018262257
 165 10/2015 |         :       :   *   |       :       :         | -0.0011720744
 166 11/2015 |         :       :       |    *  :       :         |  0.0015031801
 167 12/2015 +         :       *       |       :       :         + -0.0023036724
 168  1/2016>|*        :       :       |       :       :         |>-0.0075754785
 169  2/2016 |         :       :     * |       :       :         | -0.0006096205
 170  3/2016 |         :       :       |      *:       :         |  0.0022627688
 171  4/2016>|        *:       :       |       :       :         |>-0.0052756348
 172  5/2016 |         :       :       |       :  *    :         |  0.0032571663
 173  6/2016 |         :       :       |    *  :       :         |  0.0014588921
 174  7/2016 |         :       : *     |       :       :         | -0.0018280331
 175  8/2016 |         :       :       |  *    :       :         |  0.0008596702
 176  9/2016 |         :       :  *    |       :       :         | -0.0015950234
 177 10/2016 |         :       :       |       :    *  :         |  0.0039665741
 178 11/2016 |         :       :     * |       :       :         | -0.0005076240
 179 12/2016>+         :       :       |       :       :    *    +> 0.0063521974
 180  1/2017 |         :       :       |  *    :       :         |  0.0008419545
 181  2/2017>|        *:       :       |       :       :         |>-0.0051850016
 182  3/2017 |         :*      :       |       :       :         | -0.0045380908
 183  4/2017 |         :       :       |    *  :       :         |  0.0016142286
 184  5/2017 |         :    *  :       |       :       :         | -0.0032227185
 185  6/2017 |         :       :       |*      :       :         |  0.0004282246
 186  7/2017 |         :       :       *       :       :         | -0.0000284187
 187  8/2017 |         :       :       *       :       :         |  0.0000042621
 188  9/2017 |         :       :       *       :       :         | -0.0001483504
 189 10/2017 |         :       :       |    *  :       :         |  0.0015385044
 190 11/2017 |         :       :       |    *  :       :         |  0.0016636046
 191 12/2017 +         :       :  *    |       :       :         + -0.0014972210
 192  1/2018 |         :       : *     |       :       :         | -0.0018656344
 193  2/2018 |         :       :       |*      :       :         |  0.0001889545
 194  3/2018 |         :   *   :       |       :       :         | -0.0035486259
 195  4/2018 |         :       :      *|       :       :         | -0.0002693613
 196  5/2018>|         :       :       |       :       :   *     |> 0.0061085039
 197  6/2018 |         :       :     * |       :       :         | -0.0006089341
 198  7/2018 |         :       :    *  |       :       :         | -0.0010117479
 199  8/2018 |         :       :    *  |       :       :         | -0.0010145746
 200  9/2018 |         :       :       |    *  :       :         |  0.0013927741
 201 10/2018 |         :       :       |    *  :       :         |  0.0015513412
 202 11/2018 |         :  *    :       |       :       :         | -0.0038697766
 203 12/2018 +         :       : *     |       :       :         + -0.0019091154
 204  1/2019 |         :       : *     |       :       :         | -0.0016749902
 205  2/2019 |         :       :       |     * :       :         |  0.0017905364
 206  3/2019 |         :       *       |       :       :         | -0.0024269131
 207  4/2019 |         :       :       | *     :       :         |  0.0007205032
 208  5/2019 |         :       :  *    |       :       :         | -0.0015692460
 209  6/2019 |         :       : *     |       :       :         | -0.0016834746
 210  7/2019 |         :       :       |    *  :       :         |  0.0013641469
 211  8/2019 |         :     * :       |       :       :         | -0.0030840419
 212  9/2019 |         :       :      *|       :       :         | -0.0004258993
 213 10/2019 |         :       :       |       *       :         |  0.0023965949
 214 11/2019 |         :       :      *|       :       :         | -0.0003698199
 215 12/2019 +         :       :  *    |       :       :         + -0.0015968275
-------------+-+-------+-------+-------+-------+-------+-------+-+--------------
              -3      -2      -1       0      +1      +2      +3  

                 +------------------------------------------+
                 |       Table of standardized values       |
                 |       greater than or equal to 2.0       |
                 +------------------------------------------+
                 |                                          |
                 | Observation    Date   Standardized value |
                 |                                          |
                 |     12        1/2003         2.51        |
                 |     36        1/2005         2.01        |
                 |     48        1/2006         2.59        |
                 |     92        9/2009        -2.14        |
                 |    126        7/2012         2.23        |
                 |    128        9/2012         2.74        |
                 |    135        4/2013        -2.02        |
                 |    157        2/2015         2.07        |
                 |    168        1/2016        -3.08        |
                 |    171        4/2016        -2.14        |
                 |    179       12/2016         2.58        |
                 |    181        2/2017        -2.11        |
                 |    196        5/2018         2.48        |
                 +------------------------------------------+

Standardized time series histogram:

       -4      -3      -2      -1       0      +1      +2      +3      +4
        +---+---+---+---+---+---+---+---+---+---+---+---+---+---+---+---+
        |                             43 41                            
        |                            ........ 38                         |
        |                            ............                        |
        |                         34 ............                        |
        |                        ................                        |
        |                        ................                        |
        |                        ................                        |
        |                        ................                        |
        |                        ................                        |
        |                        ................                        |
        |                     16 ................15                      |
        |                    ........................                    |
        |                 10 ........................                    |
        |                ............................                    |
        |              4 ............................ 5  4  4            |
        |      1     ............................................        |
        |    ....    ............................................        |
        +---+---+---+---+---+---+---+---+---+---+---+---+---+---+---+---+
       -4      -3      -2      -1       0      +1      +2      +3      +4

              59 values outside (-1,+1): 27.44 % (31.74 % expected)
              13 values outside (-2,+2):  6.05 % ( 4.56 % expected)

Autocorrelation function (acf bands =  0.136):

            -1                         0                         1  L-B Q  DF
-------------+-------------------------+-------------------------+--------------
   1  -0.009 |                      :  |  :                      | 
   2  -0.001 |                      :  |  :                      | 
   3   0.016 |                      :  |  :                      | 
   4  -0.006 |                      :  |  :                      | 
   5   0.094 |                      :  |**:                      | 
   6   0.031 |                      :  |* :                      | 
   7   0.066 |                      :  |**:                      | 
   8  -0.012 |                      :  |  :                      | 
   9   0.026 |                      :  |* :                      | 
  10   0.056 |                      :  |* :                      | 
  11   0.008 |                      :  |  :                      | 
  12   0.082 +                      :  |++:                      +   5.66  12
  13   0.063 |                      :  |**:                      | 
  14  -0.031 |                      : *|  :                      | 
  15  -0.000 |                      :  |  :                      | 
  16   0.008 |                      :  |  :                      | 
  17   0.041 |                      :  |* :                      | 
  18   0.022 |                      :  |* :                      | 
  19  -0.037 |                      : *|  :                      | 
  20   0.101 |                      :  |***                      | 
  21   0.035 |                      :  |* :                      | 
  22   0.027 |                      :  |* :                      | 
  23  -0.004 |                      :  |  :                      | 
  24   0.081 +                      :  |++:                      +  12.16  24
  25  -0.031 |                      : *|  :                      | 
  26   0.052 |                      :  |* :                      | 
  27  -0.003 |                      :  |  :                      | 
  28  -0.050 |                      : *|  :                      | 
  29  -0.002 |                      :  |  :                      | 
  30   0.088 |                      :  |**:                      | 
  31   0.018 |                      :  |  :                      | 
  32   0.045 |                      :  |* :                      | 
  33  -0.007 |                      :  |  :                      | 
  34   0.006 |                      :  |  :                      | 
  35   0.012 |                      :  |  :                      | 
  36   0.057 +                      :  |+ :                      +  17.12  36
  37   0.014 |                      :  |  :                      | 
  38   0.026 |                      :  |* :                      | 
  39  -0.017 |                      :  |  :                      | 
  40  -0.036 |                      : *|  :                      | 
  41   0.006 |                      :  |  :                      | 
  42  -0.046 |                      : *|  :                      |  18.35  42
-------------+-------------------------+-------------------------+--------------
            -1                         0                         1  L-B Q  DF

Partial autocorrelation function (pacf bands =  0.136):

            -1                         0                         1
-------------+-------------------------+-------------------------+--------------
   1  -0.009 |                      :  |  :                      | 
   2  -0.001 |                      :  |  :                      | 
   3   0.016 |                      :  |  :                      | 
   4  -0.005 |                      :  |  :                      | 
   5   0.094 |                      :  |**:                      | 
   6   0.033 |                      :  |* :                      | 
   7   0.068 |                      :  |**:                      | 
   8  -0.013 |                      :  |  :                      | 
   9   0.027 |                      :  |* :                      | 
  10   0.046 |                      :  |* :                      | 
  11   0.005 |                      :  |  :                      | 
  12   0.069 +                      :  |++:                      + 
  13   0.063 |                      :  |**:                      | 
  14  -0.036 |                      : *|  :                      | 
  15  -0.011 |                      :  |  :                      | 
  16  -0.001 |                      :  |  :                      | 
  17   0.024 |                      :  |* :                      | 
  18   0.007 |                      :  |  :                      | 
  19  -0.047 |                      : *|  :                      | 
  20   0.096 |                      :  |**:                      | 
  21   0.040 |                      :  |* :                      | 
  22   0.014 |                      :  |  :                      | 
  23  -0.017 |                      :  |  :                      | 
  24   0.086 +                      :  |++:                      + 
  25  -0.054 |                      : *|  :                      | 
  26   0.048 |                      :  |* :                      | 
  27  -0.023 |                      : *|  :                      | 
  28  -0.048 |                      : *|  :                      | 
  29  -0.029 |                      : *|  :                      | 
  30   0.081 |                      :  |**:                      | 
  31   0.005 |                      :  |  :                      | 
  32   0.047 |                      :  |* :                      | 
  33  -0.032 |                      : *|  :                      | 
  34   0.012 |                      :  |  :                      | 
  35   0.007 |                      :  |  :                      | 
  36   0.045 +                      :  |+ :                      + 
  37  -0.012 |                      :  |  :                      | 
  38   0.036 |                      :  |* :                      | 
  39  -0.028 |                      : *|  :                      | 
  40  -0.037 |                      : *|  :                      | 
  41  -0.013 |                      :  |  :                      | 
  42  -0.077 |                      :**|  :                      | 
-------------+-------------------------+-------------------------+--------------
            -1                         0                         1


--- Cross-correlation functions between residuals ---

CROSS CORRELATION a[2] (IPC_ES) - a[1] (WTI)
      IPC_ES --> WTI IF k > 0
      WTI --> IPC_ES IF k < 0
CCF BANDS  2.0/SQRT(N) =  0.13640:

            -1                         0                         1
-------------+-------------------------+-------------------------+--------------
  -9   0.083 |                      :  |**:                      |                            
  -8  -0.002 |                      :  |  :                      |                            
  -7   0.160 |                      :  |****                     |                            
  -6   0.057 |                      :  |* :                      |                            
  -5   0.108 |                      :  |***                      |                            
  -4  -0.085 |                      :**|  :                      |                            
  -3   0.022 |                      :  |* :                      |                            
  -2   0.026 |                      :  |* :                      |                            
  -1  -0.015 |                      :  |  :                      |                            
   0   0.521 |                      :  |*************            |                            
   1  -0.009 |                      :  |  :                      |                            
   2   0.005 |                      :  |  :                      |                            
   3   0.007 |                      :  |  :                      |                            
   4   0.043 |                      :  |* :                      |                            
   5   0.028 |                      :  |* :                      |                            
   6  -0.106 |                      ***|  :                      |                            
   7   0.058 |                      :  |* :                      |                            
   8  -0.079 |                      :**|  :                      |                            
   9  -0.080 |                      :**|  :                      |                            
-------------+-------------------------+-------------------------+--------------
            -1                         0                         1
Q(10) = 65.526     k >= 0      Q( 9) =  6.680      k > 0
Q(10) = 71.339     k <= 0      Q( 9) = 12.493      k < 0

=============================================================
