
Output file            : IPC_DE_m00.out
Estimation method      : exact maximum likelihood
Check for invertibility: constrained search

Observations: 216.
Parameters  : 11.


Omegas for deterministic variable 1:
     -0.238448  (0.048835) [ 1]
Omegas for deterministic variable 2:
     -0.074221  (0.049033) [ 2]
Omegas for deterministic variable 3:
     -0.040032  (0.025311) [ 3]
Omegas for deterministic variable 4:
      0.011672  (0.025359) [ 4]
Omegas for deterministic variable 5:
      0.062503  (0.017919) [ 5]
Omegas for deterministic variable 6:
     -0.067704  (0.017921) [ 6]
Omegas for deterministic variable 7:
      0.085627  (0.014650) [ 7]
Omegas for deterministic variable 8:
      0.001227  (0.014770) [ 8]
Omegas for deterministic variable 9:
      0.131886  (0.013146) [ 9]
Omegas for deterministic variable 10:
      0.008994  (0.013246) [10]
Omegas for deterministic variable 11:
      0.046118  (0.008955) [11]
Coefficients for regular AR factor 1:
      0.000000
Mean parameter (mu):
      0.000000

Box-Cox lambda     :  0.0
Seasonal period    : 12
Regular differences:  1
Annual differences :  0
Irreducible factors:  0 0 0 0 0 0 0

Coefficients of the non-stationary operator: 
  u[ 1]     =    1.0000000000
Coefficients of the Autoregressive operator: 
  phi[ 1]   =   -0.0000000000
Coefficients of the Moving-Average operator: 

sigma2:   0.0689452078 (   0.0066496663)
sigma :   0.2625741949
logelf: -17.5691428486

Selection Model Criterium:
Hannan-Quinn =  -2.66
Schwarz   =  -2.62

Estimated covariance matrix:

x[ 1] ->  0.002384844
x[ 2] -> -0.000005599  0.002404225
x[ 3] ->  0.000001983 -0.000005650  0.000640659
x[ 4] -> -0.000002810  0.000010021 -0.000002829  0.000643085
x[ 5] ->  0.000001839 -0.000005721  0.000001497 -0.000002677  0.000321107
x[ 6] -> -0.000001791  0.000005728 -0.000001486  0.000002667 -0.000001933  0.000321162
x[ 7] ->  0.000001141 -0.000005930  0.000001187 -0.000002619  0.000001454 -0.000001462  0.000214615
x[ 8] -> -0.000000527  0.000003480 -0.000000206  0.000001523 -0.000000719  0.000000847 -0.000001157  0.000218165
x[ 9] ->  0.000001779 -0.000005739  0.000001913 -0.000002775  0.000001474 -0.000001462  0.000001374 -0.000000825  0.000172815
x[10] -> -0.000001650  0.000001146 -0.000002052  0.000001035 -0.000000534  0.000000575  0.000000563 -0.000000236 -0.000001248  0.000175460
x[11] ->  0.000000775 -0.000002906  0.000000753 -0.000001342  0.000000801 -0.000000804  0.000000785 -0.000000481  0.000000763 -0.000000172  0.000080189


Estimated correlation matrix:

x[ 1] ->  1.00
x[ 2] -> -0.00  1.00
x[ 3] ->  0.00 -0.00  1.00
x[ 4] -> -0.00  0.01 -0.00  1.00
x[ 5] ->  0.00 -0.01  0.00 -0.01  1.00
x[ 6] -> -0.00  0.01 -0.00  0.01 -0.01  1.00
x[ 7] ->  0.00 -0.01  0.00 -0.01  0.01 -0.01  1.00
x[ 8] -> -0.00  0.00 -0.00  0.00 -0.00  0.00 -0.01  1.00
x[ 9] ->  0.00 -0.01  0.01 -0.01  0.01 -0.01  0.01 -0.00  1.00
x[10] -> -0.00  0.00 -0.01  0.00 -0.00  0.00  0.00 -0.00 -0.01  1.00
x[11] ->  0.00 -0.01  0.00 -0.01  0.00 -0.01  0.01 -0.00  0.01 -0.00  1.00

Correlations greater than or equal to 0.7 in absolute value:


Unconditional residuals (seasonal period: 12)
215 observations: from 2/2002 to 12/2019

                  Mean:           0.114721
Standard error of mean:           0.016108
              Variance:           0.055784
    Standard deviation:           0.236187
              Skewness:           0.177628
              Kurtosis:           0.619929
           Jarque-Bera:           4.467046
               Minimum:          -0.494499 at 12/2014 (observation 155)
               Maximum:           0.933581 at  4/2019 (observation 207)

Standardized time series plot (original values on right-side column):

                -3      -2     -1      0     +1     +2      +3    
-------------+---+-------+------+------+------+------+-------+---+--------------
   1  2/2002 |           :      :   *  |      :      :           |  0.0220257756
   2  3/2002 |           :      :   *  |      :      :           |  0.0185811327
   3  4/2002 |           :      *      |      :      :           | -0.1039348213
   4  5/2002 |           :      :     *|      :      :           |  0.0856705650
   5  6/2002 |           :      : *    |      :      :           | -0.0354910627
   6  7/2002 |           :      : *    |      :      :           | -0.0596909479
   7  8/2002 |           :      :  *   |      :      :           | -0.0247531380
   8  9/2002 |           :      :      |*     :      :           |  0.1431531374
   9 10/2002 |           :      :  *   |      :      :           | -0.0214527379
  10 11/2002 |           :      :*     |      :      :           | -0.0737862195
  11 12/2002 +           :      :      |      :    * :           +  0.5075470819
  12  1/2003 |           :      :      |      :      *           |  0.5664679767
  13  2/2003 |           :      :      |    * :      :           |  0.2715916102
  14  3/2003 |           :  *   :      |      :      :           | -0.2375009522
  15  4/2003 |           :  *   :      |      :      :           | -0.2294613114
  16  5/2003 |           :*     :      |      :      :           | -0.2964182482
  17  6/2003 |           :      :      |      *      :           |  0.3454617787
  18  7/2003 |           :      : *    |      :      :           | -0.0608240309
  19  8/2003 |           :      :      *      :      :           |  0.1030424073
  20  9/2003 |           :      :      |*     :      :           |  0.1431531367
  21 10/2003 |           :      :      *      :      :           |  0.1065063337
  22 11/2003 |           :      :    * |      :      :           |  0.0575907851
  23 12/2003 +           :      :      |      :*     :           +  0.3703648610
  24  1/2004 |           :      :      |      :      *           |  0.5664679771
  25  2/2004 |           :      *      |      :      :           | -0.1117586996
  26  3/2004 |           :      :      |*     :      :           |  0.1386750413
  27  4/2004 |           :      :      |    * :      :           |  0.2740243787
  28  5/2004 |           :      :      |  *   :      :           |  0.2070881827
  29  6/2004 |           :      : *    |      :      :           | -0.0354910632
  30  7/2004 |           :      : *    |      :      :           | -0.0630309692
  31  8/2004 |           :      :      |  *   :      :           |  0.2273432320
  32  9/2004 |           :      *      |      :      :           | -0.1056032112
  33 10/2004 |           :      :      |   *  :      :           |  0.2309618579
  34 11/2004 |           :      :      | *    :      :           |  0.1866208209
  35 12/2004@+           :      :      |      :      :    *      +@ 0.7263903442
  36  1/2005 |           :    * :      |      :      :           | -0.1751917880
  37  2/2005 |           :      :   *  |      :      :           |  0.0081862942
  38  3/2005 |           :      :      |   *  :      :           |  0.2557182993
  39  4/2005 |           *      :      |      :      :           | -0.3456619400
  40  5/2005 |           :      :      |  *   :      :           |  0.2043207446
  41  6/2005 |           :      :     *|      :      :           |  0.0875858751
  42  7/2005 |           :      :      |     *:      :           |  0.3033120387
  43  8/2005 |           :      :      |  *   :      :           |  0.2253665830
  44  9/2005 |           :      :      |    * :      :           |  0.2653278604
  45 10/2005 |           :      :      *      :      :           |  0.1065063356
  46 11/2005 |           :      :     *|      :      :           |  0.0665774436
  47 12/2005 +           :      :      |      *      :           +  0.3435383050
  48  1/2006 |           :      :      |  *   :      :           |  0.2012819361
  49  2/2006 |           :      :      *      :      :           |  0.1232878025
  50  3/2006 |           :  *   :      |      :      :           | -0.2375009483
  51  4/2006 |           :      :      |      :*     :           |  0.3874407592
  52  5/2006 |           :      : *    |      :      :           | -0.0422885047
  53  6/2006 |           :      :      |  *   :      :           |  0.2060549474
  54  7/2006 |           :      :      | *    :      :           |  0.1737420761
  55  8/2006 |           :     *:      |      :      :           | -0.1376315935
  56  9/2006 |           :   *  :      |      :      :           | -0.2189474420
  57 10/2006 |           :      :      |  *   :      :           |  0.2273522727
  58 11/2006 |           :      :      |     *:      :           |  0.3110763417
  59 12/2006 +           :      :      |      :  *   :           +  0.4536847704
  60  1/2007 |           :      :      |      :      *           |  0.5664679784
  61  2/2007 |           :      :  *   |      :      :           | -0.0046936012
  62  3/2007 |           :      :   *  |      :      :           |  0.0008781885
  63  4/2007 |           :      :      |      :    * :           |  0.4990845232
  64  5/2007 |           :      : *    |      :      :           | -0.0422885045
  65  6/2007 |           :      :     *|      :      :           |  0.0829222121
  66  7/2007 |           :      :      |    * :      :           |  0.2847694029
  67  8/2007 |           :      :  *   |      :      :           | -0.0148126417
  68  9/2007 |           :      :      |   *  :      :           |  0.2610081859
  69 10/2007 |           :      :      |      *      :           |  0.3418005638
  70 11/2007@|           :      :      |      :      :         * |@ 0.8969010973
  71 12/2007 +           :      :      | *    :      :           +  0.1942405531
  72  1/2008 |           :      :      |  *   :      :           |  0.2174274848
  73  2/2008 |           :      :      *      :      :           |  0.1017859516
  74  3/2008 |           :      :      |  *   :      :           |  0.2254628442
  75  4/2008 |           :   *  :      |      :      :           | -0.2071897289
  76  5/2008 |           :      :      |      :     *:           |  0.5347471419
  77  6/2008 |           :      :      |     *:      :           |  0.3091388001
  78  7/2008 |           :      :      |      :*     :           |  0.3842703538
  79  8/2008 |           :  *   :      |      :      :           | -0.2396192607
  80  9/2008 |           :      :      |*     :      :           |  0.1431531333
  81 10/2008 |           :      *      |      :      :           | -0.1225888361
  82 11/2008 |           :     *:      |      :      :           | -0.1486945856
  83 12/2008 +           :     *:      |      :      :           + -0.1580225761
  84  1/2009 |           :      :      *      :      :           |  0.1056376706
  85  2/2009 |           :      :      |  *   :      :           |  0.2123756613
  86  3/2009 |           *      :      |      :      :           | -0.3523774648
  87  4/2009 |           :      :   *  |      :      :           |  0.0240242466
  88  5/2009 |           :      : *    |      :      :           | -0.0422885040
  89  6/2009 |           :      :      |     *:      :           |  0.3087433546
  90  7/2009 |           :    * :      |      :      :           | -0.1874864925
  91  8/2009 |           :      :      |      *      :           |  0.3318754635
  92  9/2009 |           :*     :      |      :      :           | -0.3150378179
  93 10/2009 |           :      :      |  *   :      :           |  0.2212510451
  94 11/2009 |           :      :      | *    :      :           |  0.1963316324
  95 12/2009 +           :      :      |      : *    :           +  0.4122894039
  96  1/2010 |           :      :  *   |      :      :           | -0.0046357999
  97  2/2010 |           :      :  *   |      :      :           | -0.0202776597
  98  3/2010 |           :      :      |      *      :           |  0.3316525568
  99  4/2010 |           :      :   *  |      :      :           |  0.0240242462
 100  5/2010 |           :      : *    |      :      :           | -0.0422885038
 101  6/2010 |           :      : *    |      :      :           | -0.0354910648
 102  7/2010 |           :      :*     |      :      :           | -0.0740434855
 103  8/2010 |           :      :      |  *   :      :           |  0.2163568722
 104  9/2010 |           :      :   *  |      :      :           |  0.0298386722
 105 10/2010 |           :      :      |  *   :      :           |  0.2198208002
 106 11/2010 |           :      :      |      : *    :           |  0.4242625402
 107 12/2010 +           :      :      |    * :      :           +  0.2882677351
 108  1/2011 |           :      :      |  *   :      :           |  0.2288199384
 109  2/2011 |           :      :      |     *:      :           |  0.3108286857
 110  3/2011 |           :      :      |     *:      :           |  0.3208478007
 111  4/2011 |           :      :   *  |      :      :           |  0.0240242458
 112  5/2011 |           :      : *    |      :      :           | -0.0422885036
 113  6/2011 |           :      :     *|      :      :           |  0.0758055519
 114  7/2011 |           :      :    * |      :      :           |  0.0347358211
 115  8/2011 |           :      :      |  *   :      :           |  0.2139686586
 116  9/2011 |           :      :      |   *  :      :           |  0.2539564667
 117 10/2011 |           :      :      |  *   :      :           |  0.2171870390
 118 11/2011 |           :      :      |      : *    :           |  0.4216346663
 119 12/2011 +           :    * :      |      :      :           + -0.1674216316
 120  1/2012 |           :      :      |      :  *   :           |  0.4561535733
 121  2/2012 |           :      :      |     *:      :           |  0.2967372305
 122  3/2012 |           :      :      |     *:      :           |  0.3092472776
 123  4/2012 |           :      :*     |      :      :           | -0.0850865128
 124  5/2012 |           :     *:      |      :      :           | -0.1515184432
 125  6/2012 |           :     *:      |      :      :           | -0.1448404474
 126  7/2012 |           :      :      |*     :      :           |  0.1402035876
 127  8/2012 |           :      :      |      :     *:           |  0.5382988138
 128  9/2012 |           :      :      |   *  :      :           |  0.2516718607
 129 10/2012 |           :      :      *      :      :           |  0.1065063424
 130 11/2012 |           :      :      |     *:      :           |  0.3110763343
 131 12/2012 +           :      : *    |      :      :           + -0.0633208769
 132  1/2013 |           :      :      |*     :      :           |  0.1330978552
 133  2/2013 |           :      :      | *    :      :           |  0.1780886647
 134  3/2013 |           :      :      | *    :      :           |  0.1935342108
 135  4/2013@|         * :      :      |      :      :           |@-0.4070109050
 136  5/2013 |           :      :      |      :*     :           |  0.3887466470
 137  6/2013 |           :      :     *|      :      :           |  0.0719780474
 138  7/2013 |           :      :      |   *  :      :           |  0.2412387085
 139  8/2013 |           :      :      *      :      :           |  0.1030424147
 140  9/2013 |           :      :      |*     :      :           |  0.1431531299
 141 10/2013 |           :      *      |      :      :           | -0.1076265008
 142 11/2013 |           :      :      |      :     *:           |  0.5252091772
 143 12/2013 +           :      :    * |      :      :           +  0.0387227201
 144  1/2014 |           :      :*     |      :      :           | -0.0745598548
 145  2/2014 |           :      :      | *    :      :           |  0.1711436399
 146  3/2014 |           :      :  *   |      :      :           | -0.0245083122
 147  4/2014 |           :      :*     |      :      :           | -0.0824153609
 148  5/2014 |           :     *:      |      :      :           | -0.1488415231
 149  6/2014 |           :      :      | *    :      :           |  0.1775015600
 150  7/2014 |           :      :      |*     :      :           |  0.1311542443
 151  8/2014 |           :      :      *      :      :           |  0.1030424154
 152  9/2014 |           :      :      |*     :      :           |  0.1431531292
 153 10/2014 |           :      *      |      :      :           | -0.1058079605
 154 11/2014 |           :      :      |     *:      :           |  0.3110763319
 155 12/2014@+      *    :      :      |      :      :           +@-0.4944987034
 156  1/2015@|         * :      :      |      :      :           |@-0.3955918169
 157  2/2015 |           :      :      |      :*     :           |  0.3857359952
 158  3/2015 |           :      :      |    * :      :           |  0.2941324260
 159  4/2015 |           :      :      |      :  *   :           |  0.4473052996
 160  5/2015 |           :      :      | *    :      :           |  0.1686820397
 161  6/2015 |           :      : *    |      :      :           | -0.0354910661
 162  7/2015 |           :      :   *  |      :      :           |  0.0230399009
 163  8/2015 |           :      :  *   |      :      :           | -0.0021653789
 164  9/2015 |           :      :    * |      :      :           |  0.0378345301
 165 10/2015 |           :      :      *      :      :           |  0.1065063453
 166 11/2015 |           :*     :      |      :      :           | -0.3231752670
 167 12/2015@+          *:      :      |      :      :           +@-0.3881722707
 168  1/2016 |           :    * :      |      :      :           | -0.1786126334
 169  2/2016 |           :      : *    |      :      :           | -0.0433309063
 170  3/2016 |           :      :      |      : *    :           |  0.3994438931
 171  4/2016 |           :      :      *      :      :           |  0.1297883998
 172  5/2016 |           :      :      |      :   *  :           |  0.4848608469
 173  6/2016 |           :      :     *|      :      :           |  0.0696061583
 174  7/2016 |           :      :      *      :      :           |  0.1271440763
 175  8/2016 |           :      :  *   |      :      :           | -0.0017244864
 176  9/2016 |           :      :      |   *  :      :           |  0.2479200311
 177 10/2016 |           :      :      |  *   :      :           |  0.2111636034
 178 11/2016 |           :*     :      |      :      :           | -0.3185165163
 179 12/2016 +           :      :      |   *  :      :           +  0.2414205756
 180  1/2017 |           :      :    * |      :      :           |  0.0420829320
 181  2/2017 |           :      :      |*     :      :           |  0.1610538696
 182  3/2017 |           :      :  *   |      :      :           | -0.0285144422
 183  4/2017 |           :      :      |      :  *   :           |  0.4406915131
 184  5/2017 |           :      : *    |      :      :           | -0.0422885023
 185  6/2017 |           :      :      |    * :      :           |  0.2758740007
 186  7/2017 |           :      :      |  *   :      :           |  0.2261645625
 187  8/2017 |           :      :      |  *   :      :           |  0.2061883783
 188  9/2017 |           :      :      |*     :      :           |  0.1431531272
 189 10/2017 |           :      :   *  |      :      :           |  0.0033603866
 190 11/2017 |           :      *      |      :      :           | -0.1025747270
 191 12/2017 +           :      :   *  |      :      :           +  0.0254787857
 192  1/2018 |           :      :    * |      :      :           |  0.0491362550
 193  2/2018 |           :      : *    |      :      :           | -0.0526110984
 194  3/2018 |           :      :      |    * :      :           |  0.2782299679
 195  4/2018 |           :      :      |      *      :           |  0.3321908969
 196  5/2018@|           :      :      |      :      :  *        |@ 0.6730952336
 197  6/2018 |           :      :     *|      :      :           |  0.0662901124
 198  7/2018 |           :      :      |  *   :      :           |  0.2186054359
 199  8/2018 |           :      :      |  *   :      :           |  0.2043082498
 200  9/2018 |           :      :      |      *      :           |  0.3453776646
 201 10/2018 |           :      :      |  *   :      :           |  0.2074654684
 202 11/2018 |           :*     :      |      :      :           | -0.2962129889
 203 12/2018@+          *:      :      |      :      :           +@-0.3881722689
 204  1/2019 |           :  *   :      |      :      :           | -0.2490309295
 205  2/2019 |           :      :    * |      :      :           |  0.0452495679
 206  3/2019 |           :      :      | *    :      :           |  0.1694172291
 207  4/2019@|           :      :      |      :      :          *|@ 0.9335807913
 208  5/2019 |           :      :      |*     :      :           |  0.1587165910
 209  6/2019 |           :      :      |    * :      :           |  0.2652610393
 210  7/2019 |           :      :      |  *   :      :           |  0.2121144386
 211  8/2019 |           :      :   *  |      :      :           |  0.0032917874
 212  9/2019 |           :      :      |*     :      :           |  0.1431531258
 213 10/2019 |           :      :      *      :      :           |  0.1065063492
 214 11/2019@|          *:      :      |      :      :           |@-0.3899781229
 215 12/2019 +           :      :      *      :      :           +  0.1130819141
-------------+---+-------+------+------+------+------+-------+---+--------------
                -3      -2     -1      0     +1     +2      +3    

                 +------------------------------------------+
                 |       Table of standardized values       |
                 |       greater than or equal to 2.0       |
                 +------------------------------------------+
                 |                                          |
                 | Observation    Date   Standardized value |
                 |                                          |
                 |     35       12/2004         2.59        |
                 |     70       11/2007         3.31        |
                 |    135        4/2013        -2.21        |
                 |    155       12/2014        -2.58        |
                 |    156        1/2015        -2.16        |
                 |    167       12/2015        -2.13        |
                 |    196        5/2018         2.36        |
                 |    203       12/2018        -2.13        |
                 |    207        4/2019         3.47        |
                 |    214       11/2019        -2.14        |
                 +------------------------------------------+

Standardized time series histogram:

       -4      -3      -2      -1       0      +1      +2      +3      +4
        +---+---+---+---+---+---+---+---+---+---+---+---+---+---+---+---+
        |                                 50                            |
        |                                ....                           |
        |                                ....                           |
        |                             40 ....                           |
        |                         35 ........                           |
        |                        ............ 33                        |
        |                        ................                       |
        |                        ................                       |
        |                        ................                       |
        |                        ................                       |
        |                     16 ................                       |
        |                    .................... 13                    |
        |                    ........................                   |
        |                  9 ........................  9                |
        |              5 ................................               |
        |          1 ....................................  1   1   2    |
        |        ....................................................   |
        +---+---+---+---+---+---+---+---+---+---+---+---+---+---+---+---+
       -4      -3      -2      -1       0      +1      +2      +3      +4

              57 values outside (-1,+1): 26.51 % (31.74 % expected)
              10 values outside (-2,+2):  4.65 % ( 4.56 % expected)

Autocorrelation function (acf bands = +- 0.136):

            -1                         0                         1  L-B Q  DF
-------------+-------------------------+-------------------------+--------------
   1   0.084 |                      :  |**:                      | 
   2   0.071 |                      :  |**:                      | 
   3  -0.131 |                      ***|  :                      | 
   4  -0.065 |                      :**|  :                      | 
   5  -0.155 |                     ****|  :                      | 
   6  -0.012 |                      :  |  :                      | 
   7  -0.011 |                      :  |  :                      | 
   8  -0.109 |                      ***|  :                      | 
   9   0.009 |                      :  |  :                      | 
  10   0.013 |                      :  |  :                      | 
  11   0.251 |                      :  |******                   | 
  12   0.152 +                      :  |++++                     +  35.26  12
  13   0.069 |                      :  |**:                      | 
  14  -0.060 |                      :**|  :                      | 
  15   0.000 |                      :  |  :                      | 
  16  -0.058 |                      : *|  :                      | 
  17  -0.077 |                      :**|  :                      | 
  18  -0.049 |                      : *|  :                      | 
  19  -0.070 |                      :**|  :                      | 
  20  -0.060 |                      : *|  :                      | 
  21  -0.026 |                      : *|  :                      | 
  22   0.033 |                      :  |* :                      | 
  23   0.065 |                      :  |**:                      | 
  24   0.040 +                      :  |+ :                      +  43.83  24
  25   0.078 |                      :  |**:                      | 
  26  -0.061 |                      :**|  :                      | 
  27  -0.031 |                      : *|  :                      | 
  28  -0.114 |                      ***|  :                      | 
  29  -0.068 |                      :**|  :                      | 
  30  -0.036 |                      : *|  :                      | 
  31  -0.025 |                      : *|  :                      | 
  32  -0.023 |                      : *|  :                      | 
  33  -0.051 |                      : *|  :                      | 
  34  -0.012 |                      :  |  :                      | 
  35   0.034 |                      :  |* :                      | 
  36   0.183 +                      :  |+++++                    +  61.25  36
  37   0.062 |                      :  |**:                      | 
  38  -0.026 |                      : *|  :                      | 
  39  -0.073 |                      :**|  :                      |  63.83  39
-------------+-------------------------+-------------------------+--------------
            -1                         0                         1  L-B Q  DF

Partial autocorrelation function (pacf bands = +- 0.136):

            -1                         0                         1
-------------+-------------------------+-------------------------+--------------
   1   0.084 |                      :  |**:                      | 
   2   0.065 |                      :  |**:                      | 
   3  -0.144 |                     ****|  :                      | 
   4  -0.048 |                      : *|  :                      | 
   5  -0.130 |                      ***|  :                      | 
   6   0.000 |                      :  |  :                      | 
   7  -0.005 |                      :  |  :                      | 
   8  -0.154 |                     ****|  :                      | 
   9   0.014 |                      :  |  :                      | 
  10   0.006 |                      :  |  :                      | 
  11   0.228 |                      :  |******                   | 
  12   0.119 +                      :  |+++                      + 
  13  -0.015 |                      :  |  :                      | 
  14  -0.020 |                      :  |  :                      | 
  15   0.065 |                      :  |**:                      | 
  16   0.025 |                      :  |* :                      | 
  17  -0.059 |                      : *|  :                      | 
  18  -0.046 |                      : *|  :                      | 
  19  -0.028 |                      : *|  :                      | 
  20  -0.032 |                      : *|  :                      | 
  21  -0.035 |                      : *|  :                      | 
  22  -0.068 |                      :**|  :                      | 
  23  -0.011 |                      :  |  :                      | 
  24  -0.015 +                      :  |  :                      + 
  25   0.072 |                      :  |**:                      | 
  26  -0.091 |                      :**|  :                      | 
  27  -0.046 |                      : *|  :                      | 
  28  -0.063 |                      :**|  :                      | 
  29  -0.032 |                      : *|  :                      | 
  30   0.021 |                      :  |* :                      | 
  31  -0.041 |                      : *|  :                      | 
  32  -0.025 |                      : *|  :                      | 
  33  -0.054 |                      : *|  :                      | 
  34  -0.049 |                      : *|  :                      | 
  35   0.032 |                      :  |* :                      | 
  36   0.127 +                      :  |+++                      + 
  37   0.035 |                      :  |* :                      | 
  38  -0.053 |                      : *|  :                      | 
  39  -0.003 |                      :  |  :                      | 
-------------+-------------------------+-------------------------+--------------
            -1                         0                         1

      +------------------------------------------------------+
      |         Calibration of distortions of the ACF        |
      |                                                      |
      +------------------------------------------------------+
      |                                                      |
      |     Lag                 Dates          Contribution  |
      |                                                      |
      |  r(1) = 0.084       12/2014 -  1/2015        0.026    |
      |                    11/2015 - 12/2015        0.018    |
      |                    11/2018 - 12/2018        0.017    |
      |                    12/2018 -  1/2019        0.015    |
      |                                                      |
      |  r(2) = 0.071       11/2018 -  1/2019        0.012    |
      |                     3/2003 -  5/2003        0.012    |
      |                    10/2014 - 12/2014        0.011    |
      |                     7/2009 -  9/2009        0.011    |
      |                                                      |
      |  r(3) = -0.131       1/2019 -  4/2019       -0.025    |
      |                     1/2015 -  4/2015       -0.014    |
      |                     1/2003 -  4/2003       -0.013    |
      |                     5/2008 -  8/2008       -0.012    |
      |                                                      |
      |  r(4) = -0.065      12/2018 -  4/2019       -0.034    |
      |                    12/2004 -  4/2005       -0.023    |
      |                    12/2014 -  4/2015       -0.017    |
      |                     1/2003 -  5/2003       -0.015    |
      |                                                      |
      |  r(5) = -0.155      11/2018 -  4/2019       -0.028    |
      |                    11/2007 -  4/2008       -0.021    |
      |                    12/2015 -  5/2016       -0.016    |
      |                    12/2002 -  5/2003       -0.013    |
      |                                                      |
      |  r(6) = -0.012       5/2018 - 11/2018       -0.019    |
      |                    11/2015 -  5/2016       -0.014    |
      |                     5/2016 - 11/2016       -0.013    |
      |                     5/2007 - 11/2007       -0.010    |
      |                                                      |
      |  r(7) = -0.011       4/2019 - 11/2019       -0.034    |
      |                     5/2018 - 12/2018       -0.023    |
      |                     4/2013 - 11/2013       -0.018    |
      |                     4/2015 - 11/2015       -0.012    |
      |                                                      |
      |  r(8) = -0.109       8/2012 -  4/2013       -0.018    |
      |                     5/2018 -  1/2019       -0.017    |
      |                     5/2003 -  1/2004       -0.015    |
      |                     4/2015 - 12/2015       -0.014    |
      |                                                      |
      |  r(9) = 0.009       11/2011 -  8/2012        0.011    |
      |                     4/2006 -  1/2007        0.010    |
      |                    12/2008 -  9/2009        0.010    |
      |                     8/2012 -  5/2013        0.010    |
      |                                                      |
      |  r(10) = 0.013        1/2007 - 11/2007        0.029    |
      |                     1/2015 - 11/2015        0.019    |
      |                     1/2019 - 11/2019        0.015    |
      |                     6/2012 -  4/2013        0.011    |
      |                                                      |
      |  r(11) = 0.251        5/2018 -  4/2019        0.038    |
      |                     1/2004 - 12/2004        0.023    |
      |                    12/2014 - 11/2015        0.022    |
      |                    12/2006 - 11/2007        0.022    |
      |                                                      |
      |  r(12) = 0.152       12/2014 - 12/2015        0.026    |
      |                    11/2018 - 11/2019        0.017    |
      |                     1/2003 -  1/2004        0.017    |
      |                    11/2015 - 11/2016        0.016    |
      |                                                      |
      |  r(13) = 0.069        4/2017 -  5/2018        0.015    |
      |                    12/2014 -  1/2016        0.015    |
      |                    12/2002 -  1/2004        0.015    |
      |                     4/2007 -  5/2008        0.013    |
      |                                                      |
      |  r(14) = -0.060       9/2006 - 11/2007       -0.022    |
      |                    11/2013 -  1/2015       -0.017    |
      |                     1/2015 -  3/2016       -0.012    |
      |                     2/2018 -  4/2019       -0.011    |
      |                                                      |
      |  r(15) = 0.000        8/2012 - 11/2013        0.014    |
      |                    10/2013 -  1/2015        0.009    |
      |                    11/2013 -  2/2015        0.009    |
      |                     4/2007 -  7/2008        0.009    |
      |                                                      |
      |  r(16) = -0.058      11/2007 -  3/2009       -0.030    |
      |                     1/2015 -  5/2016       -0.016    |
      |                     5/2008 -  9/2009       -0.015    |
      |                    12/2015 -  4/2017       -0.014    |
      |                                                      |
      |  r(17) = -0.077      12/2014 -  5/2016       -0.019    |
      |                    11/2017 -  4/2019       -0.015    |
      |                    11/2011 -  4/2013       -0.013    |
      |                    11/2015 -  4/2017       -0.012    |
      |                                                      |
      |  r(18) = -0.049       5/2018 - 11/2019       -0.023    |
      |                    11/2016 -  5/2018       -0.020    |
      |                     5/2006 - 11/2007       -0.010    |
      |                     5/2012 - 11/2013       -0.009    |
      |                                                      |
      |  r(19) = -0.070       5/2003 - 12/2004       -0.021    |
      |                     5/2013 - 12/2014       -0.014    |
      |                     1/2007 -  8/2008       -0.013    |
      |                     4/2015 - 11/2016       -0.012    |
      |                                                      |
      |  r(20) = -0.060       3/2006 - 11/2007       -0.023    |
      |                    11/2007 -  7/2009       -0.020    |
      |                     4/2003 - 12/2004       -0.018    |
      |                     4/2017 - 12/2018       -0.014    |
      |                                                      |
      |  r(21) = -0.026       3/2003 - 12/2004       -0.018    |
      |                     4/2005 -  1/2007       -0.017    |
      |                    12/2004 -  9/2006       -0.017    |
      |                     4/2017 -  1/2019       -0.010    |
      |                                                      |
      |  r(22) = 0.033        1/2015 - 11/2016        0.018    |
      |                     1/2012 - 11/2013        0.012    |
      |                     6/2017 -  4/2019        0.011    |
      |                     3/2003 -  1/2005        0.009    |
      |                                                      |
      |  r(23) = 0.065        1/2003 - 12/2004        0.023    |
      |                    12/2014 - 11/2016        0.022    |
      |                     5/2003 -  4/2005        0.016    |
      |                    12/2005 - 11/2007        0.015    |
      |                                                      |
      |  r(24) = 0.040        4/2017 -  4/2019        0.022    |
      |                    12/2002 - 12/2004        0.020    |
      |                    12/2004 - 12/2006        0.017    |
      |                     5/2016 -  5/2018        0.017    |
      |                                                      |
      |  r(25) = 0.078       12/2004 -  1/2007        0.023    |
      |                    11/2007 - 12/2009        0.019    |
      |                    11/2016 - 12/2018        0.018    |
      |                     3/2003 -  4/2005        0.014    |
      |                                                      |
      |  r(26) = -0.061       1/2007 -  3/2009       -0.018    |
      |                     1/2004 -  3/2006       -0.013    |
      |                     3/2006 -  5/2008       -0.012    |
      |                     9/2009 - 11/2011       -0.011    |
      |                                                      |
      |  r(27) = -0.031       1/2003 -  4/2005       -0.017    |
      |                     1/2015 -  4/2017       -0.014    |
      |                    12/2006 -  3/2009       -0.013    |
      |                     4/2007 -  7/2009       -0.010    |
      |                                                      |
      |  r(28) = -0.114       8/2012 - 12/2014       -0.022    |
      |                    12/2014 -  4/2017       -0.017    |
      |                    12/2002 -  4/2005       -0.015    |
      |                     1/2016 -  5/2018       -0.014    |
      |                                                      |
      |  r(29) = -0.068      11/2016 -  4/2019       -0.030    |
      |                    12/2015 -  5/2018       -0.023    |
      |                     8/2012 -  1/2015       -0.018    |
      |                     4/2007 -  9/2009       -0.014    |
      |                                                      |
      |  r(30) = -0.036      11/2015 -  5/2018       -0.020    |
      |                     5/2016 - 11/2018       -0.013    |
      |                     1/2007 -  7/2009       -0.011    |
      |                    11/2007 -  5/2010       -0.010    |
      |                                                      |
      |  r(31) = -0.025       4/2005 - 11/2007       -0.030    |
      |                     5/2016 - 12/2018       -0.016    |
      |                     4/2017 - 11/2019       -0.014    |
      |                     5/2013 - 12/2015       -0.011    |
      |                                                      |
      |  r(32) = -0.023       1/2007 -  9/2009       -0.016    |
      |                     1/2004 -  9/2006       -0.013    |
      |                    11/2007 -  7/2010       -0.012    |
      |                     3/2009 - 11/2011       -0.012    |
      |                                                      |
      |  r(33) = -0.051      12/2006 -  9/2009       -0.012    |
      |                     3/2016 - 12/2018       -0.012    |
      |                     3/2012 - 12/2014       -0.010    |
      |                    12/2015 -  9/2018       -0.010    |
      |                                                      |
      |  r(34) = -0.012       1/2005 - 11/2007       -0.019    |
      |                     3/2009 -  1/2012       -0.013    |
      |                     2/2012 - 12/2014       -0.009    |
      |                     3/2016 -  1/2019       -0.009    |
      |                                                      |
      |  r(35) = 0.034       12/2004 - 11/2007        0.040    |
      |                     5/2016 -  4/2019        0.025    |
      |                    12/2015 - 11/2018        0.017    |
      |                     1/2004 - 12/2006        0.013    |
      |                                                      |
      |  r(36) = 0.183       12/2015 - 12/2018        0.021    |
      |                    11/2007 - 11/2010        0.020    |
      |                    11/2016 - 11/2019        0.018    |
      |                     1/2004 -  1/2007        0.017    |
      |                                                      |
      |  r(37) = 0.062        3/2016 -  4/2019        0.019    |
      |                    11/2015 - 12/2018        0.018    |
      |                     4/2015 -  5/2018        0.015    |
      |                    12/2015 -  1/2019        0.015    |
      |                                                      |
      |  r(38) = -0.026       9/2004 - 11/2007       -0.014    |
      |                     1/2003 -  3/2006       -0.013    |
      |                    11/2011 -  1/2015       -0.013    |
      |                     2/2016 -  4/2019       -0.011    |
      |                                                      |
      |  r(39) = -0.073       1/2016 -  4/2019       -0.020    |
      |                     8/2012 - 11/2015       -0.015    |
      |                    12/2002 -  3/2006       -0.012    |
      |                     4/2005 -  7/2008       -0.010    |
      |                                                      |
      +------------------------------------------------------+
