
Output file            : IPC_DE_mar3sar_uf.out
Estimation method      : exact maximum likelihood
Check for invertibility: constrained search

Observations: 216.
Parameters  : 14.


Omegas for deterministic variable 1:
      0.064334  (0.013685) [ 1]
Omegas for deterministic variable 2:
     -0.066718  (0.013671) [ 2]
Omegas for deterministic variable 3:
      0.086031  (0.011466) [ 3]
Omegas for deterministic variable 4:
      0.001673  (0.011762) [ 4]
Omegas for deterministic variable 5:
      0.132061  (0.011546) [ 5]
Omegas for deterministic variable 6:
      0.008958  (0.011624) [ 6]
Omegas for deterministic variable 7:
      0.046254  (0.009096) [ 7]
Coefficients for regular AR factor 1:
     -0.101331  (0.075103) [ 8]
      0.039653  (0.072205) [ 9]
     -0.064762  (0.075104) [10]
Coefficients for annual AR factor 1:
      0.008828  (0.077995) [11]
Coefficients for regular f-fixed MA factor 1 [f = 1.0]:
      1.647700
     -0.904972  (0.031467) [12]
Coefficients for regular f-fixed MA factor 2 [f = 2.0]:
      0.966306
     -0.933747  (0.027682) [13]
Mean parameter (mu):
      0.031434  (0.003355) [14]

Box-Cox lambda     :  0.0
Seasonal period    : 12
Regular differences:  1
Annual differences :  0
Irreducible factors:  0 1 1 0 0 0 0

Coefficients of the non-stationary operator: 
  u[ 1]     =    3.7320508076
  u[ 2]     =   -6.4641016151
  u[ 3]     =    6.4641016151
  u[ 4]     =   -3.7320508076
  u[ 5]     =    1.0000000000
Coefficients of the Autoregressive operator: 
  phi[ 1]   =   -0.1013305542
  phi[ 2]   =    0.0396526403
  phi[ 3]   =   -0.0647617015
  phi[ 4]   =   -0.0000000000
  phi[ 5]   =   -0.0000000000
  phi[ 6]   =   -0.0000000000
  phi[ 7]   =   -0.0000000000
  phi[ 8]   =   -0.0000000000
  phi[ 9]   =   -0.0000000000
  phi[10]   =   -0.0000000000
  phi[11]   =   -0.0000000000
  phi[12]   =    0.0088284788
  phi[13]   =    0.0008945946
  phi[14]   =   -0.0003500725
  phi[15]   =    0.0005717473
Coefficients of the Moving-Average operator: 
  theta[ 1] =    2.6140059588
  theta[ 2] =   -3.4309007736
  theta[ 3] =    2.4130141547
  theta[ 4] =   -0.8450146055

sigma2:   0.0504528259 (   0.0049120103)
sigma :   0.2246170650
logelf:  10.1971815721

Selection Model Criterium:
Hannan-Quinn =  -2.88
Schwarz   =  -2.63

Estimated covariance matrix:

x[ 1] ->  0.000187292
x[ 2] -> -0.000000648  0.000186904
x[ 3] -> -0.000001874 -0.000001506  0.000131478
x[ 4] ->  0.000002415  0.000000805 -0.000005029  0.000138352
x[ 5] -> -0.000001099 -0.000000703  0.000002456  0.000000846  0.000133300
x[ 6] ->  0.000000006  0.000000452 -0.000000534 -0.000001886 -0.000000406  0.000135107
x[ 7] ->  0.000001888 -0.000001533  0.000001425 -0.000003559 -0.000001140  0.000000359  0.000082745
x[ 8] -> -0.000025193  0.000018293 -0.000028976  0.000010422  0.000023396  0.000000846 -0.000002507  0.005640527
x[ 9] -> -0.000005437 -0.000014363 -0.000006707  0.000025443  0.000010689 -0.000027265 -0.000005766  0.000654802  0.005213553
x[10] ->  0.000026324 -0.000024727  0.000042992 -0.000014844 -0.000018048  0.000021982 -0.000005800 -0.000831349  0.000498832  0.005640591
x[11] -> -0.000016854  0.000048181  0.000013482  0.000026987  0.000017163 -0.000021145  0.000007082  0.000581186  0.000437220 -0.001367974  0.006083178
x[12] ->  0.000016199 -0.000012044  0.000010639 -0.000011244 -0.000007403  0.000009702 -0.000002183 -0.000907391 -0.000523183  0.000202225 -0.000758143  0.000990200
x[13] ->  0.000005923 -0.000009747  0.000008641 -0.000002979  0.000003168 -0.000002045 -0.000005545 -0.000532001  0.000173978  0.000833515 -0.000674649  0.000179720  0.000766287
x[14] -> -0.000000150 -0.000000257 -0.000000387  0.000000605  0.000001136 -0.000000302 -0.000001013 -0.000005289 -0.000006681 -0.000001210 -0.000007108  0.000005340 -0.000000852  0.000011256


Estimated correlation matrix:

x[ 1] ->  1.00
x[ 2] -> -0.00  1.00
x[ 3] -> -0.01 -0.01  1.00
x[ 4] ->  0.02  0.01 -0.04  1.00
x[ 5] -> -0.01 -0.00  0.02  0.01  1.00
x[ 6] ->  0.00  0.00 -0.00 -0.01 -0.00  1.00
x[ 7] ->  0.02 -0.01  0.01 -0.03 -0.01  0.00  1.00
x[ 8] -> -0.02  0.02 -0.03  0.01  0.03  0.00 -0.00  1.00
x[ 9] -> -0.01 -0.01 -0.01  0.03  0.01 -0.03 -0.01  0.12  1.00
x[10] ->  0.03 -0.02  0.05 -0.02 -0.02  0.03 -0.01 -0.15  0.09  1.00
x[11] -> -0.02  0.05  0.02  0.03  0.02 -0.02  0.01  0.10  0.08 -0.23  1.00
x[12] ->  0.04 -0.03  0.03 -0.03 -0.02  0.03 -0.01 -0.38 -0.23  0.09 -0.31  1.00
x[13] ->  0.02 -0.03  0.03 -0.01  0.01 -0.01 -0.02 -0.26  0.09  0.40 -0.31  0.21  1.00
x[14] -> -0.00 -0.01 -0.01  0.02  0.03 -0.01 -0.03 -0.02 -0.03 -0.00 -0.03  0.05 -0.01  1.00

Correlations greater than or equal to 0.7 in absolute value:


Unconditional residuals (seasonal period: 12)
211 observations: from 6/2002 to 12/2019

                  Mean:           0.000365
Standard error of mean:           0.015444
              Variance:           0.050330
    Standard deviation:           0.224343
              Skewness:           0.014925
              Kurtosis:           0.119137
           Jarque-Bera:           0.131991
               Minimum:          -0.670925 at 12/2014 (observation 151)
               Maximum:           0.632909 at 11/2007 (observation  66)

Standardized time series plot (original values on right-side column):

                     -2       -1       0      +1       +2         
-------------+--------+--------+-------+-------+--------+--------+--------------
   1  6/2002 |        :        :   *   |       :        :        | -0.1166214880
   2  7/2002 |        :        : *     |       :        :        | -0.1655294666
   3  8/2002 |        :        :     * |       :        :        | -0.0573256443
   4  9/2002 |        :        :       |   *   :        :        |  0.1077261051
   5 10/2002 |        :        : *     |       :        :        | -0.1626147983
   6 11/2002 |        :  *     :       |       :        :        | -0.3707819136
   7 12/2002 +        :        :       |     * :        :        +  0.1573198435
   8  1/2003 |        :        :       |       :*       :        |  0.2542664425
   9  2/2003 |        :        :       | *     :        :        |  0.0519040150
  10  3/2003 |        :      * :       |       :        :        | -0.2717709705
  11  4/2003 |        :        : *     |       :        :        | -0.1621575726
  12  5/2003 |        :       *:       |       :        :        | -0.2520842498
  13  6/2003 |        :        :       |       : *      :        |  0.2699013373
  14  7/2003 |        :        : *     |       :        :        | -0.1679105721
  15  8/2003 |        :        :       *       :        :        | -0.0007238077
  16  9/2003 |        :        :       |     * :        :        |  0.1599228624
  17 10/2003 |        :        :       *       :        :        |  0.0069396745
  18 11/2003 |        :        *       |       :        :        | -0.2093665197
  19 12/2003 +        :        :      *|       :        :        + -0.0296567111
  20  1/2004 |        :        :       |      *:        :        |  0.1988934306
  21  2/2004 |        :    *   :       |       :        :        | -0.3283961179
  22  3/2004 |        :        :       |    *  :        :        |  0.1447786338
  23  4/2004 |        :        :       |       :       *:        |  0.4298419741
  24  5/2004 |        :        :       |       *        :        |  0.2241507474
  25  6/2004 |        :        :  *    |       :        :        | -0.1251480457
  26  7/2004 |        :        : *     |       :        :        | -0.1501278304
  27  8/2004 |        :        :       |       *        :        |  0.2160883614
  28  9/2004 |        :        :   *   |       :        :        | -0.1095266443
  29 10/2004 |        :        :       |    *  :        :        |  0.1296508920
  30 11/2004 |        :        :      *|       :        :        | -0.0222632784
  31 12/2004 +        :        :       |       :    *   :        +  0.3537083373
  32  1/2005@|      * :        :       |       :        :        |@-0.4986599722
  33  2/2005 |        :        :*      |       :        :        | -0.1935528116
  34  3/2005 |        :        :       |       :  *     :        |  0.3029365508
  35  4/2005 |        :   *    :       |       :        :        | -0.3540234708
  36  5/2005 |        :        :       |    *  :        :        |  0.1476649414
  37  6/2005 |        :        :       | *     :        :        |  0.0428993006
  38  7/2005 |        :        :       |      *:        :        |  0.1813571607
  39  8/2005 |        :        :       |      *:        :        |  0.1926081498
  40  9/2005 |        :        :       |       *        :        |  0.2175214245
  41 10/2005 |        :        :       *       :        :        | -0.0039742360
  42 11/2005 |        :        :*      |       :        :        | -0.1760273467
  43 12/2005 +        :        :       | *     :        :        +  0.0457734282
  44  1/2006 |        :        :     * |       :        :        | -0.0404389787
  45  2/2006 |        :        :       *       :        :        | -0.0022767570
  46  3/2006 |        :        *       |       :        :        | -0.2125005432
  47  4/2006 |        :        :       |       :        *        |  0.4442616829
  48  5/2006 |        :        :     * |       :        :        | -0.0528384182
  49  6/2006 |        :        :       |*      :        :        |  0.0351837687
  50  7/2006 |        :        :       | *     :        :        |  0.0631087866
  51  8/2006 |        :       *:       |       :        :        | -0.2521858767
  52  9/2006 |        :      * :       |       :        :        | -0.2813060061
  53 10/2006 |        :        :       |    *  :        :        |  0.1371812575
  54 11/2006 |        :        :       |  *    :        :        |  0.0834236837
  55 12/2006 +        :        :       |   *   :        :        +  0.1132618312
  56  1/2007 |        :        :       |       :   *    :        |  0.3223111398
  57  2/2007 |        :        :   *   |       :        :        | -0.1090024139
  58  3/2007 |        :        :       *       :        :        |  0.0129650175
  59  4/2007@|        :        :       |       :        :   *    |@ 0.5530122608
  60  5/2007 |        :        :   *   |       :        :        | -0.1202240308
  61  6/2007 |        :        :    *  |       :        :        | -0.0766032311
  62  7/2007 |        :        :       |       : *      :        |  0.2583362535
  63  8/2007 |        :        :       *       :        :        | -0.0079659610
  64  9/2007 |        :        :       |       : *      :        |  0.2685212753
  65 10/2007 |        :        :       |       : *      :        |  0.2718826348
  66 11/2007@|        :        :       |       :        :      * |@ 0.6329090060
  67 12/2007 +        :        :  *    |       :        :        + -0.1289245789
  68  1/2008 |        :        :      *|       :        :        | -0.0390807239
  69  2/2008 |        :        :       |   *   :        :        |  0.1050100613
  70  3/2008 |        :        :       |       :*       :        |  0.2545950903
  71  4/2008 |        :        *       |       :        :        | -0.2072605359
  72  5/2008@|        :        :       |       :        :*       |@ 0.4711673590
  73  6/2008 |        :        :       |       : *      :        |  0.2664056294
  74  7/2008 |        :        :       |       :  *     :        |  0.2976587760
  75  8/2008 |        :        *       |       :        :        | -0.2069843165
  76  9/2008 |        :        :       |    *  :        :        |  0.1236474323
  77 10/2008 |        :       *:       |       :        :        | -0.2310118656
  78 11/2008@|       *:        :       |       :        :        |@-0.4778496611
  79 12/2008@+        *        :       |       :        :        +@-0.4548741054
  80  1/2009 |        :        :    *  |       :        :        | -0.0905292586
  81  2/2009 |        :        :       |    *  :        :        |  0.1401341592
  82  3/2009 |        :*       :       |       :        :        | -0.4180611073
  83  4/2009 |        :        :    *  |       :        :        | -0.0811772469
  84  5/2009 |        :        :*      |       :        :        | -0.1933527348
  85  6/2009 |        :        :       | *     :        :        |  0.0508276459
  86  7/2009 |        :  *     :       |       :        :        | -0.3663203435
  87  8/2009 |        :        :       |       :*       :        |  0.2302756780
  88  9/2009 |        :    *   :       |       :        :        | -0.3224070624
  89 10/2009 |        :        :       |  *    :        :        |  0.0882206103
  90 11/2009 |        :        :       | *     :        :        |  0.0423779008
  91 12/2009 +        :        :       |    *  :        :        +  0.1234863086
  92  1/2010 |        :        :*      |       :        :        | -0.1822437166
  93  2/2010 |        :        :    *  |       :        :        | -0.0875412853
  94  3/2010 |        :        :       |       :     *  :        |  0.3716869203
  95  4/2010 |        :        :      *|       :        :        | -0.0369762281
  96  5/2010 |        :        *       |       :        :        | -0.2244109434
  97  6/2010 |        :        :*      |       :        :        | -0.1950189862
  98  7/2010 |        :        :*      |       :        :        | -0.1873844997
  99  8/2010 |        :        :       |     * :        :        |  0.1638204844
 100  9/2010 |        :        :      *|       :        :        | -0.0187999053
 101 10/2010 |        :        :       | *     :        :        |  0.0670777836
 102 11/2010 |        :        :       |       *        :        |  0.2158043147
 103 12/2010 +        :        :       |*      :        :        +  0.0216378777
 104  1/2011 |        :        :       |*      :        :        |  0.0373135587
 105  2/2011 |        :        :       |       :*       :        |  0.2468733099
 106  3/2011 |        :        :       |       :  *     :        |  0.2932800343
 107  4/2011 |        :        :      *|       :        :        | -0.0287461600
 108  5/2011 |        :        :   *   |       :        :        | -0.1104419870
 109  6/2011 |        :        :       |*      :        :        |  0.0349514877
 110  7/2011 |        :        :       *       :        :        |  0.0003851107
 111  8/2011 |        :        :       |     * :        :        |  0.1747402867
 112  9/2011 |        :        :       |      *:        :        |  0.1928188172
 113 10/2011 |        :        :       | *     :        :        |  0.0620739567
 114 11/2011 |        :        :       |      *:        :        |  0.1992181705
 115 12/2011 +        : *      :       |       :        :        + -0.4132542001
 116  1/2012 |        :        :       |       :*       :        |  0.2490485261
 117  2/2012 |        :        :       |       *        :        |  0.2104242075
 118  3/2012 |        :        :       |      *:        :        |  0.1792343087
 119  4/2012 |        :        :   *   |       :        :        | -0.1198771341
 120  5/2012 |        :        : *     |       :        :        | -0.1632683657
 121  6/2012 |        :        :  *    |       :        :        | -0.1236683054
 122  7/2012 |        :        :       |   *   :        :        |  0.1053877660
 123  8/2012 |        :        :       |       :       *:        |  0.4432348442
 124  9/2012 |        :        :       |  *    :        :        |  0.0876756650
 125 10/2012 |        :        :    *  |       :        :        | -0.0807268652
 126 11/2012 |        :        :       |     * :        :        |  0.1626728748
 127 12/2012 +        :       *:       |       :        :        + -0.2519231012
 128  1/2013 |        :        :   *   |       :        :        | -0.0975930435
 129  2/2013 |        :        :       |*      :        :        |  0.0207818175
 130  3/2013 |        :        :       |  *    :        :        |  0.0710673157
 131  4/2013 |        :*       :       |       :        :        | -0.4206569727
 132  5/2013 |        :        :       |       :       *:        |  0.4422209493
 133  6/2013 |        :        :       |   *   :        :        |  0.1165790323
 134  7/2013 |        :        :       |  *    :        :        |  0.0726452129
 135  8/2013 |        :        :     * |       :        :        | -0.0613454804
 136  9/2013 |        :        :     * |       :        :        | -0.0539550202
 137 10/2013 |        :       *:       |       :        :        | -0.2508229511
 138 11/2013 |        :        :       |       :     *  :        |  0.3753932716
 139 12/2013 +        :        :  *    |       :        :        + -0.1254929098
 140  1/2014 |        :     *  :       |       :        :        | -0.3074335145
 141  2/2014 |        :        :       |  *    :        :        |  0.0722121605
 142  3/2014 |        :        :    *  |       :        :        | -0.0862064845
 143  4/2014 |        :        :   *   |       :        :        | -0.1200518429
 144  5/2014 |        :        : *     |       :        :        | -0.1594378593
 145  6/2014 |        :        :       |   *   :        :        |  0.1088287913
 146  7/2014 |        :        :      *|       :        :        | -0.0133707530
 147  8/2014 |        :        :   *   |       :        :        | -0.1125288297
 148  9/2014 |        :        :      *|       :        :        | -0.0386510503
 149 10/2014 |        :      * :       |       :        :        | -0.2684011635
 150 11/2014 |        :        :       |    *  :        :        |  0.1364688707
 151 12/2014@+*       :        :       |       :        :        +@-0.6709246216
 152  1/2015@|   *    :        :       |       :        :        |@-0.5959571773
 153  2/2015 |        :        :       |       :   *    :        |  0.3226985815
 154  3/2015 |        :        :       |      *:        :        |  0.1903451946
 155  4/2015 |        :        :       |       :   *    :        |  0.3099950706
 156  5/2015 |        :        :       |   *   :        :        |  0.1060079680
 157  6/2015 |        :        :  *    |       :        :        | -0.1352867955
 158  7/2015 |        :        :    *  |       :        :        | -0.0916929529
 159  8/2015 |        :        : *     |       :        :        | -0.1720731760
 160  9/2015 |        :        : *     |       :        :        | -0.1563065140
 161 10/2015 |        :        :      *|       :        :        | -0.0237836243
 162 11/2015 |        : *      :       |       :        :        | -0.3939814030
 163 12/2015 +        :*       :       |       :        :        + -0.4240325422
 164  1/2016 |        :        *       |       :        :        | -0.2161775392
 165  2/2016 |        :        *       |       :        :        | -0.2163916244
 166  3/2016 |        :        :       |    *  :        :        |  0.1270344650
 167  4/2016 |        :        :  *    |       :        :        | -0.1353297134
 168  5/2016 |        :        :       |       : *      :        |  0.2766511115
 169  6/2016 |        :        :      *|       :        :        | -0.0374269108
 170  7/2016 |        :        :     * |       :        :        | -0.0399211739
 171  8/2016 |        :        : *     |       :        :        | -0.1519177980
 172  9/2016 |        :        :       |  *    :        :        |  0.0729133289
 173 10/2016 |        :        :       |    *  :        :        |  0.1321764997
 174 11/2016 |        :    *   :       |       :        :        | -0.3088449916
 175 12/2016 +        :        :       |       :    *   :        +  0.3371487754
 176  1/2017 |        :        :       |   *   :        :        |  0.1087845709
 177  2/2017 |        :        :       *       :        :        | -0.0046890658
 178  3/2017 |        :      * :       |       :        :        | -0.2650602048
 179  4/2017 |        :        :       |      *:        :        |  0.1766267837
 180  5/2017 |        :        *       |       :        :        | -0.2251880308
 181  6/2017 |        :        :       |   *   :        :        |  0.1078681702
 182  7/2017 |        :        :       |    *  :        :        |  0.1259499164
 183  8/2017 |        :        :       |*      :        :        |  0.0159242733
 184  9/2017 |        :        :       *       :        :        | -0.0121552132
 185 10/2017 |        :        :    *  |       :        :        | -0.0737556147
 186 11/2017 |        :        :    *  |       :        :        | -0.0761798218
 187 12/2017 +        :        :       |  *    :        :        +  0.0831771733
 188  1/2018 |        :        :       | *     :        :        |  0.0454683959
 189  2/2018 |        :        :*      |       :        :        | -0.1896101966
 190  3/2018 |        :        :       | *     :        :        |  0.0655137618
 191  4/2018 |        :        :       |   *   :        :        |  0.1093375082
 192  5/2018@|        :        :       |       :        *        |@ 0.4570093161
 193  6/2018 |        :        :   *   |       :        :        | -0.1083803988
 194  7/2018 |        :        :       |*      :        :        |  0.0390192737
 195  8/2018 |        :        :       |   *   :        :        |  0.1026356159
 196  9/2018 |        :        :       |       *        :        |  0.2149591961
 197 10/2018 |        :        :       |     * :        :        |  0.1576117036
 198 11/2018 |        :      * :       |       :        :        | -0.2651718145
 199 12/2018 +        :      * :       |       :        :        + -0.2797053328
 200  1/2019 |        :        : *     |       :        :        | -0.1530061381
 201  2/2019 |        :        :      *|       :        :        | -0.0365849352
 202  3/2019 |        :        :    *  |       :        :        | -0.0932525527
 203  4/2019@|        :        :       |       :        :    *   |@ 0.6001384191
 204  5/2019 |        :        :  *    |       :        :        | -0.1310147229
 205  6/2019 |        :        :       *       :        :        |  0.0110265400
 206  7/2019 |        :        :       |   *   :        :        |  0.0988254446
 207  8/2019 |        :        :*      |       :        :        | -0.1983817213
 208  9/2019 |        :        :      *|       :        :        | -0.0320718825
 209 10/2019 |        :        :       | *     :        :        |  0.0567336056
 210 11/2019 |        :     *  :       |       :        :        | -0.2985474563
 211 12/2019 +        :        :       |       :   *    :        +  0.3182597662
-------------+--------+--------+-------+-------+--------+--------+--------------
                     -2       -1       0      +1       +2         

                 +------------------------------------------+
                 |       Table of standardized values       |
                 |       greater than or equal to 2.0       |
                 +------------------------------------------+
                 |                                          |
                 | Observation    Date   Standardized value |
                 |                                          |
                 |     32        1/2005        -2.22        |
                 |     59        4/2007         2.46        |
                 |     66       11/2007         2.82        |
                 |     72        5/2008         2.10        |
                 |     78       11/2008        -2.13        |
                 |     79       12/2008        -2.03        |
                 |    151       12/2014        -2.99        |
                 |    152        1/2015        -2.66        |
                 |    192        5/2018         2.04        |
                 |    203        4/2019         2.67        |
                 +------------------------------------------+

Standardized time series histogram:

       -4      -3      -2      -1       0      +1      +2      +3      +4
        +---+---+---+---+---+---+---+---+---+---+---+---+---+---+---+---+
        |                             39  40                            |
        |                         37 ........                           |
        |                        ............ 33                        |
        |                        ................                       |
        |                        ................                       |
        |                        ................                       |
        |                        ................                       |
        |                        ................                       |
        |                     18 ................ 18                    |
        |                    ........................                   |
        |                    ........................                   |
        |                    ........................                   |
        |                  8 ........................  8                |
        |                ................................               |
        |              3 ................................  3            |
        |          2 ........................................  2        |
        |        ................................................       |
        +---+---+---+---+---+---+---+---+---+---+---+---+---+---+---+---+
       -4      -3      -2      -1       0      +1      +2      +3      +4

              62 values outside (-1,+1): 29.38 % (31.74 % expected)
              10 values outside (-2,+2):  4.74 % ( 4.56 % expected)

Autocorrelation function (acf bands = +- 0.138):

            -1                         0                         1  L-B Q  DF
-------------+-------------------------+-------------------------+--------------
   1  -0.009 |                      :  |  :                      | 
   2  -0.007 |                      :  |  :                      | 
   3   0.018 |                      :  |  :                      | 
   4   0.039 |                      :  |* :                      | 
   5  -0.084 |                      :**|  :                      | 
   6   0.056 |                      :  |* :                      | 
   7   0.084 |                      :  |**:                      | 
   8  -0.001 |                      :  |  :                      | 
   9   0.066 |                      :  |**:                      | 
  10  -0.010 |                      :  |  :                      | 
  11   0.132 |                      :  |***                      | 
  12  -0.008 +                      :  |  :                      +   9.14   6
  13  -0.076 |                      :**|  :                      | 
  14  -0.072 |                      :**|  :                      | 
  15   0.075 |                      :  |**:                      | 
  16   0.020 |                      :  |* :                      | 
  17  -0.044 |                      : *|  :                      | 
  18  -0.012 |                      :  |  :                      | 
  19  -0.020 |                      : *|  :                      | 
  20  -0.011 |                      :  |  :                      | 
  21   0.010 |                      :  |  :                      | 
  22   0.003 |                      :  |  :                      | 
  23  -0.044 |                      : *|  :                      | 
  24  -0.092 +                      :++|  :                      +  16.12  18
  25  -0.008 |                      :  |  :                      | 
  26  -0.072 |                      :**|  :                      | 
  27   0.016 |                      :  |  :                      | 
  28  -0.059 |                      : *|  :                      | 
  29  -0.053 |                      : *|  :                      | 
  30  -0.029 |                      : *|  :                      | 
  31  -0.018 |                      :  |  :                      | 
  32   0.024 |                      :  |* :                      | 
  33  -0.032 |                      : *|  :                      | 
  34  -0.044 |                      : *|  :                      | 
  35  -0.035 |                      : *|  :                      | 
  36   0.115 +                      :  |+++                      +  23.90  30
  37   0.001 |                      :  |  :                      | 
  38  -0.043 |                      : *|  :                      | 
  39  -0.027 |                      : *|  :                      |  24.58  33
-------------+-------------------------+-------------------------+--------------
            -1                         0                         1  L-B Q  DF

Partial autocorrelation function (pacf bands = +- 0.138):

            -1                         0                         1
-------------+-------------------------+-------------------------+--------------
   1  -0.009 |                      :  |  :                      | 
   2  -0.007 |                      :  |  :                      | 
   3   0.018 |                      :  |  :                      | 
   4   0.039 |                      :  |* :                      | 
   5  -0.083 |                      :**|  :                      | 
   6   0.055 |                      :  |* :                      | 
   7   0.084 |                      :  |**:                      | 
   8   0.002 |                      :  |  :                      | 
   9   0.072 |                      :  |**:                      | 
  10  -0.023 |                      : *|  :                      | 
  11   0.138 |                      :  |***                      | 
  12   0.001 +                      :  |  :                      + 
  13  -0.091 |                      :**|  :                      | 
  14  -0.073 |                      :**|  :                      | 
  15   0.055 |                      :  |* :                      | 
  16   0.039 |                      :  |* :                      | 
  17  -0.053 |                      : *|  :                      | 
  18  -0.055 |                      : *|  :                      | 
  19  -0.026 |                      : *|  :                      | 
  20   0.008 |                      :  |  :                      | 
  21   0.029 |                      :  |* :                      | 
  22  -0.028 |                      : *|  :                      | 
  23  -0.042 |                      : *|  :                      | 
  24  -0.076 +                      :++|  :                      + 
  25   0.017 |                      :  |  :                      | 
  26  -0.085 |                      :**|  :                      | 
  27  -0.001 |                      :  |  :                      | 
  28  -0.047 |                      : *|  :                      | 
  29  -0.039 |                      : *|  :                      | 
  30  -0.012 |                      :  |  :                      | 
  31  -0.034 |                      : *|  :                      | 
  32   0.038 |                      :  |* :                      | 
  33  -0.011 |                      :  |  :                      | 
  34  -0.035 |                      : *|  :                      | 
  35   0.007 |                      :  |  :                      | 
  36   0.113 +                      :  |+++                      + 
  37   0.031 |                      :  |* :                      | 
  38  -0.054 |                      : *|  :                      | 
  39  -0.028 |                      : *|  :                      | 
-------------+-------------------------+-------------------------+--------------
            -1                         0                         1

      +------------------------------------------------------+
      |         Calibration of distortions of the ACF        |
      |                                                      |
      +------------------------------------------------------+
      |                                                      |
      |     Lag                 Dates          Contribution  |
      |                                                      |
      |  r(1) = -0.009       1/2015 -  2/2015       -0.018    |
      |                     4/2013 -  5/2013       -0.018    |
      |                    12/2004 -  1/2005       -0.017    |
      |                     3/2005 -  4/2005       -0.010    |
      |                                                      |
      |  r(2) = -0.007      12/2014 -  2/2015       -0.020    |
      |                     1/2005 -  3/2005       -0.014    |
      |                     2/2004 -  4/2004       -0.013    |
      |                    11/2013 -  1/2014       -0.011    |
      |                                                      |
      |  r(3) = 0.018       12/2008 -  3/2009        0.018    |
      |                     1/2007 -  4/2007        0.017    |
      |                     1/2005 -  4/2005        0.017    |
      |                    10/2014 -  1/2015        0.015    |
      |                                                      |
      |  r(4) = 0.039       11/2008 -  3/2009        0.019    |
      |                     7/2007 - 11/2007        0.015    |
      |                    11/2007 -  3/2008        0.015    |
      |                     3/2009 -  7/2009        0.014    |
      |                                                      |
      |  r(5) = -0.084      11/2018 -  4/2019       -0.015    |
      |                     7/2008 - 12/2008       -0.013    |
      |                    11/2007 -  4/2008       -0.012    |
      |                     6/2008 - 11/2008       -0.012    |
      |                                                      |
      |  r(6) = 0.056       11/2007 -  5/2008        0.028    |
      |                     5/2013 - 11/2013        0.016    |
      |                     4/2007 - 10/2007        0.014    |
      |                     3/2009 -  9/2009        0.013    |
      |                                                      |
      |  r(7) = 0.084        4/2007 - 11/2007        0.033    |
      |                    11/2007 -  6/2008        0.016    |
      |                    12/2008 -  7/2009        0.016    |
      |                     9/2018 -  4/2019        0.012    |
      |                                                      |
      |  r(8) = -0.001       8/2012 -  4/2013       -0.018    |
      |                    12/2011 -  8/2012       -0.017    |
      |                     8/2006 -  4/2007       -0.013    |
      |                     7/2009 -  3/2010       -0.013    |
      |                                                      |
      |  r(9) = 0.066        8/2012 -  5/2013        0.018    |
      |                    12/2008 -  9/2009        0.014    |
      |                     4/2006 -  1/2007        0.013    |
      |                     4/2013 -  1/2014        0.012    |
      |                                                      |
      |  r(10) = -0.010       5/2008 -  3/2009       -0.019    |
      |                     2/2015 - 12/2015       -0.013    |
      |                     2/2004 - 12/2004       -0.011    |
      |                     2/2011 - 12/2011       -0.010    |
      |                                                      |
      |  r(11) = 0.132        5/2018 -  4/2019        0.026    |
      |                    12/2014 - 11/2015        0.025    |
      |                     1/2015 - 12/2015        0.024    |
      |                     1/2014 - 12/2014        0.019    |
      |                                                      |
      |  r(12) = -0.008      11/2007 - 11/2008       -0.028    |
      |                     4/2005 -  4/2006       -0.015    |
      |                     3/2009 -  3/2010       -0.015    |
      |                     4/2004 -  4/2005       -0.014    |
      |                                                      |
      |  r(13) = -0.076      11/2007 - 12/2008       -0.027    |
      |                    11/2013 - 12/2014       -0.024    |
      |                    11/2015 - 12/2016       -0.013    |
      |                    10/2007 - 11/2008       -0.012    |
      |                                                      |
      |  r(14) = -0.072      11/2013 -  1/2015       -0.021    |
      |                     9/2006 - 11/2007       -0.017    |
      |                     5/2008 -  7/2009       -0.016    |
      |                     9/2007 - 11/2008       -0.012    |
      |                                                      |
      |  r(15) = 0.075        8/2012 - 11/2013        0.016    |
      |                     4/2007 -  7/2008        0.015    |
      |                    10/2013 -  1/2015        0.014    |
      |                    11/2002 -  2/2004        0.011    |
      |                                                      |
      |  r(16) = 0.020       12/2011 -  4/2013        0.016    |
      |                    12/2004 -  4/2006        0.015    |
      |                     1/2007 -  5/2008        0.014    |
      |                     1/2012 -  5/2013        0.010    |
      |                                                      |
      |  r(17) = -0.044      12/2014 -  5/2016       -0.017    |
      |                    12/2011 -  5/2013       -0.017    |
      |                    11/2002 -  4/2004       -0.015    |
      |                     8/2012 -  1/2014       -0.013    |
      |                                                      |
      |  r(18) = -0.012      11/2016 -  5/2018       -0.013    |
      |                     5/2018 - 11/2019       -0.013    |
      |                     4/2007 - 10/2008       -0.012    |
      |                    11/2007 -  5/2009       -0.012    |
      |                                                      |
      |  r(19) = -0.020       5/2013 - 12/2014       -0.028    |
      |                     4/2007 - 11/2008       -0.025    |
      |                     6/2003 -  1/2005       -0.013    |
      |                     4/2015 - 11/2016       -0.009    |
      |                                                      |
      |  r(20) = -0.011       5/2013 -  1/2015       -0.025    |
      |                     4/2007 - 12/2008       -0.024    |
      |                    11/2007 -  7/2009       -0.022    |
      |                     3/2006 - 11/2007       -0.013    |
      |                                                      |
      |  r(21) = 0.010        4/2013 -  1/2015        0.024    |
      |                    11/2007 -  8/2009        0.014    |
      |                     5/2013 -  2/2015        0.013    |
      |                     7/2005 -  4/2007        0.009    |
      |                                                      |
      |  r(22) = 0.003        1/2015 - 11/2016        0.017    |
      |                     5/2008 -  3/2010        0.016    |
      |                     3/2003 -  1/2005        0.013    |
      |                     1/2014 - 11/2015        0.011    |
      |                                                      |
      |  r(23) = -0.044       4/2007 -  3/2009       -0.022    |
      |                     1/2015 - 12/2016       -0.019    |
      |                    12/2011 - 11/2013       -0.015    |
      |                     1/2007 - 12/2008       -0.014    |
      |                                                      |
      |  r(24) = -0.092      12/2014 - 12/2016       -0.021    |
      |                     4/2005 -  4/2007       -0.018    |
      |                     1/2005 -  1/2007       -0.015    |
      |                    11/2013 - 11/2015       -0.014    |
      |                                                      |
      |  r(25) = -0.008       3/2017 -  4/2019       -0.015    |
      |                    11/2013 - 12/2015       -0.015    |
      |                    11/2002 - 12/2004       -0.012    |
      |                     3/2011 -  4/2013       -0.012    |
      |                                                      |
      |  r(26) = -0.072       2/2004 -  4/2006       -0.014    |
      |                     1/2007 -  3/2009       -0.013    |
      |                     8/2012 - 10/2014       -0.011    |
      |                    11/2007 -  1/2010       -0.011    |
      |                                                      |
      |  r(27) = 0.016       12/2014 -  3/2017        0.017    |
      |                     9/2009 - 12/2011        0.013    |
      |                     4/2006 -  7/2008        0.012    |
      |                     9/2006 - 12/2008        0.012    |
      |                                                      |
      |  r(28) = -0.059       8/2012 - 12/2014       -0.028    |
      |                    11/2008 -  3/2011       -0.013    |
      |                    12/2014 -  4/2017       -0.011    |
      |                    11/2002 -  3/2005       -0.011    |
      |                                                      |
      |  r(29) = -0.053       8/2012 -  1/2015       -0.025    |
      |                    12/2015 -  5/2018       -0.018    |
      |                    11/2016 -  4/2019       -0.017    |
      |                     4/2007 -  9/2009       -0.017    |
      |                                                      |
      |  r(30) = -0.029      11/2015 -  5/2018       -0.017    |
      |                     5/2013 - 11/2015       -0.016    |
      |                    11/2007 -  5/2010       -0.013    |
      |                     1/2005 -  7/2007       -0.012    |
      |                                                      |
      |  r(31) = -0.018       4/2005 - 11/2007       -0.021    |
      |                     4/2006 - 11/2008       -0.020    |
      |                     5/2013 - 12/2015       -0.018    |
      |                    11/2007 -  6/2010       -0.012    |
      |                                                      |
      |  r(32) = 0.024        3/2005 - 11/2007        0.018    |
      |                     4/2013 - 12/2015        0.017    |
      |                     8/2012 -  4/2015        0.013    |
      |                     8/2004 -  4/2007        0.011    |
      |                                                      |
      |  r(33) = -0.032       1/2005 - 10/2007       -0.013    |
      |                     2/2005 - 11/2007       -0.012    |
      |                     3/2012 - 12/2014       -0.011    |
      |                     4/2007 -  1/2010       -0.010    |
      |                                                      |
      |  r(34) = -0.044       1/2005 - 11/2007       -0.030    |
      |                     2/2012 - 12/2014       -0.013    |
      |                     3/2012 -  1/2015       -0.010    |
      |                     3/2009 -  1/2012       -0.010    |
      |                                                      |
      |  r(35) = -0.035       4/2006 -  3/2009       -0.017    |
      |                     1/2012 - 12/2014       -0.016    |
      |                     9/2009 -  8/2012       -0.013    |
      |                     2/2012 -  1/2015       -0.012    |
      |                                                      |
      |  r(36) = 0.115       12/2011 - 12/2014        0.026    |
      |                     4/2004 -  4/2007        0.022    |
      |                    12/2008 - 12/2011        0.018    |
      |                    11/2007 - 11/2010        0.013    |
      |                                                      |
      |  r(37) = 0.001       12/2011 -  1/2015        0.023    |
      |                    11/2008 - 12/2011        0.019    |
      |                     4/2015 -  5/2018        0.013    |
      |                    11/2013 - 12/2016        0.012    |
      |                                                      |
      |  r(38) = -0.043       2/2004 -  4/2007       -0.017    |
      |                    12/2011 -  2/2015       -0.013    |
      |                     2/2016 -  4/2019       -0.012    |
      |                     1/2005 -  3/2008       -0.012    |
      |                                                      |
      |  r(39) = -0.027       8/2012 - 11/2015       -0.016    |
      |                     4/2006 -  7/2009       -0.015    |
      |                     1/2016 -  4/2019       -0.012    |
      |                     9/2011 - 12/2014       -0.012    |
      |                                                      |
      +------------------------------------------------------+
