
Output file            : IPC_DE_mar5.out
Estimation method      : exact maximum likelihood
Check for invertibility: constrained search

Observations: 216.
Parameters  : 17.


Omegas for deterministic variable 1:
     -0.240851  (0.054297) [ 1]
Omegas for deterministic variable 2:
     -0.069067  (0.055421) [ 2]
Omegas for deterministic variable 3:
     -0.040224  (0.023311) [ 3]
Omegas for deterministic variable 4:
      0.011837  (0.023069) [ 4]
Omegas for deterministic variable 5:
      0.062113  (0.014179) [ 5]
Omegas for deterministic variable 6:
     -0.067239  (0.014171) [ 6]
Omegas for deterministic variable 7:
      0.084862  (0.011420) [ 7]
Omegas for deterministic variable 8:
      0.001404  (0.011422) [ 8]
Omegas for deterministic variable 9:
      0.131253  (0.010154) [ 9]
Omegas for deterministic variable 10:
      0.008652  (0.010036) [10]
Omegas for deterministic variable 11:
      0.046028  (0.009126) [11]
Coefficients for regular AR factor 1:
      0.073809  (0.068087) [12]
      0.060821  (0.069596) [13]
     -0.130998  (0.067653) [14]
     -0.038114  (0.069566) [15]
     -0.130818  (0.068941) [16]
Mean parameter (mu):
      0.115804  (0.014408) [17]

Box-Cox lambda     :  0.0
Seasonal period    : 12
Regular differences:  1
Annual differences :  0
Irreducible factors:  0 0 0 0 0 0 0

Coefficients of the non-stationary operator: 
  u[ 1]     =    1.0000000000
Coefficients of the Autoregressive operator: 
  phi[ 1]   =    0.0738091133
  phi[ 2]   =    0.0608212512
  phi[ 3]   =   -0.1309984687
  phi[ 4]   =   -0.0381140501
  phi[ 5]   =   -0.1308175383
Coefficients of the Moving-Average operator: 

sigma2:   0.0529212484 (   0.0051041784)
sigma :   0.2300461876
logelf:  10.7777285986

Selection Model Criterium:
Hannan-Quinn =  -2.85
Schwarz   =  -2.64

Estimated covariance matrix:

x[ 1] ->  0.002948163
x[ 2] ->  0.000013208  0.003071447
x[ 3] -> -0.000008610 -0.000002257  0.000543403
x[ 4] -> -0.000005115 -0.000006667  0.000009679  0.000532201
x[ 5] -> -0.000000248 -0.000004037 -0.000000484  0.000003187  0.000201044
x[ 6] -> -0.000002320  0.000004722  0.000001199  0.000000015  0.000002051  0.000200807
x[ 7] ->  0.000002574  0.000003045  0.000001657 -0.000002810  0.000000639 -0.000000582  0.000130407
x[ 8] -> -0.000002504 -0.000002502 -0.000000105  0.000001266 -0.000000255  0.000000540 -0.000000076  0.000130469
x[ 9] ->  0.000003054 -0.000000077 -0.000000206  0.000000162  0.000002465 -0.000002473  0.000004218 -0.000002220  0.000103095
x[10] -> -0.000000563  0.000000235  0.000000265  0.000000246 -0.000000405  0.000001129 -0.000000864  0.000000670 -0.000000553  0.000100724
x[11] ->  0.000000037 -0.000005923  0.000000388 -0.000001185  0.000000455 -0.000000402 -0.000001294  0.000000631 -0.000002304  0.000000611  0.000083278
x[12] ->  0.000000566  0.000039123  0.000005625 -0.000010468  0.000002029 -0.000005029  0.000006287 -0.000005557  0.000005489 -0.000002696  0.000007906  0.004635892
x[13] ->  0.000005557 -0.000146626  0.000005135 -0.000002496  0.000011174 -0.000028579  0.000008551 -0.000000685  0.000019833 -0.000008578 -0.000017791 -0.000469329  0.004843546
x[14] ->  0.000018715 -0.000121356  0.000002585  0.000031391  0.000015764  0.000007067 -0.000015457  0.000015896 -0.000009486  0.000011021  0.000008225 -0.000333752 -0.000384146  0.004576987
x[15] ->  0.000034939 -0.000042749 -0.000008502  0.000013244 -0.000017667  0.000016611 -0.000017904 -0.000006825 -0.000014781 -0.000011783  0.000013614  0.000759923 -0.000543890 -0.000267973  0.004839398
x[16] ->  0.000031653 -0.000114755 -0.000022928  0.000010095 -0.000006523 -0.000015742  0.000018556 -0.000005465  0.000029123  0.000004533  0.000002059  0.000161713  0.000872088 -0.000420387 -0.000523476  0.004752857
x[17] ->  0.000000326  0.000008743 -0.000000954  0.000000869 -0.000000604 -0.000001693  0.000002518 -0.000000225  0.000004488 -0.000000516 -0.000002977 -0.000029693  0.000044370 -0.000041102 -0.000077547  0.000037718  0.000207595


Estimated correlation matrix:

x[ 1] ->  1.00
x[ 2] ->  0.00  1.00
x[ 3] -> -0.01 -0.00  1.00
x[ 4] -> -0.00 -0.01  0.02  1.00
x[ 5] -> -0.00 -0.01 -0.00  0.01  1.00
x[ 6] -> -0.00  0.01  0.00  0.00  0.01  1.00
x[ 7] ->  0.00  0.00  0.01 -0.01  0.00 -0.00  1.00
x[ 8] -> -0.00 -0.00 -0.00  0.00 -0.00  0.00 -0.00  1.00
x[ 9] ->  0.01 -0.00 -0.00  0.00  0.02 -0.02  0.04 -0.02  1.00
x[10] -> -0.00  0.00  0.00  0.00 -0.00  0.01 -0.01  0.01 -0.01  1.00
x[11] ->  0.00 -0.01  0.00 -0.01  0.00 -0.00 -0.01  0.01 -0.02  0.01  1.00
x[12] ->  0.00  0.01  0.00 -0.01  0.00 -0.01  0.01 -0.01  0.01 -0.00  0.01  1.00
x[13] ->  0.00 -0.04  0.00 -0.00  0.01 -0.03  0.01 -0.00  0.03 -0.01 -0.03 -0.10  1.00
x[14] ->  0.01 -0.03  0.00  0.02  0.02  0.01 -0.02  0.02 -0.01  0.02  0.01 -0.07 -0.08  1.00
x[15] ->  0.01 -0.01 -0.01  0.01 -0.02  0.02 -0.02 -0.01 -0.02 -0.02  0.02  0.16 -0.11 -0.06  1.00
x[16] ->  0.01 -0.03 -0.01  0.01 -0.01 -0.02  0.02 -0.01  0.04  0.01  0.00  0.03  0.18 -0.09 -0.11  1.00
x[17] ->  0.00  0.01 -0.00  0.00 -0.00 -0.01  0.02 -0.00  0.03 -0.00 -0.02 -0.03  0.04 -0.04 -0.08  0.04  1.00

Correlations greater than or equal to 0.7 in absolute value:


Unconditional residuals (seasonal period: 12)
215 observations: from 2/2002 to 12/2019

                  Mean:          -0.000463
Standard error of mean:           0.015686
              Variance:           0.052903
    Standard deviation:           0.230006
              Skewness:           0.066739
              Kurtosis:           0.358837
           Jarque-Bera:           1.282583
               Minimum:          -0.605235 at 12/2014 (observation 155)
               Maximum:           0.740034 at 11/2007 (observation  70)

Standardized time series plot (original values on right-side column):

               -3     -2      -1       0      +1      +2     +3   
-------------+--+------+-------+-------+-------+-------+------+--+--------------
   1  2/2002 |         :       :    *  |       :       :         | -0.0911090349
   2  3/2002 |         :       :    *  |       :       :         | -0.0853598738
   3  4/2002 |         :       :*      |       :       :         | -0.1970997914
   4  5/2002 |         :       :       *       :       :         | -0.0143281081
   5  6/2002 |         :       :  *    |       :       :         | -0.1451460808
   6  7/2002 |         :       :*      |       :       :         | -0.2050503543
   7  8/2002 |         :       :  *    |       :       :         | -0.1410433763
   8  9/2002 |         :       :       *       :       :         | -0.0000907822
   9 10/2002 |         :       :  *    |       :       :         | -0.1623224668
  10 11/2002 |         :       *       |       :       :         | -0.2265953181
  11 12/2002 +         :       :       |       :    *  :         +  0.3902495597
  12  1/2003 |         :       :       |       :    *  :         |  0.3920168826
  13  2/2003 |         :       :       | *     :       :         |  0.0707606614
  14  3/2003 |         :   *   :       |       :       :         | -0.3653297564
  15  4/2003 |         :     * :       |       :       :         | -0.2828053057
  16  5/2003 |         :      *:       |       :       :         | -0.2749366403
  17  6/2003 |         :       :       |       : *     :         |  0.3009109008
  18  7/2003 |         :       :*      |       :       :         | -0.2046186243
  19  8/2003 |         :       :   *   |       :       :         | -0.1246716280
  20  9/2003 |         :       :       *       :       :         |  0.0094658770
  21 10/2003 |         :       :    *  |       :       :         | -0.0777487746
  22 11/2003 |         :       :      *|       :       :         | -0.0381297118
  23 12/2003 +         :       :       |       *       :         +  0.2403104664
  24  1/2004 |         :       :       |       :     * :         |  0.4276320083
  25  2/2004 |         :     * :       |       :       :         | -0.2821588293
  26  3/2004 |         :       :       |*      :       :         |  0.0429169231
  27  4/2004 |         :       :       |       *       :         |  0.2281888598
  28  5/2004 |         :       :       |  *    :       :         |  0.1003643198
  29  6/2004 |         :       :   *   |       :       :         | -0.1131604877
  30  7/2004 |         :       : *     |       :       :         | -0.1791871611
  31  8/2004 |         :       :       |    *  :       :         |  0.1573209850
  32  9/2004 |         :       :*      |       :       :         | -0.2131795868
  33 10/2004 |         :       :       |   *   :       :         |  0.1085658139
  34 11/2004 |         :       :       | *     :       :         |  0.0632078339
  35 12/2004@+         :       :       |       :       :  *      +@ 0.5511050173
  36  1/2005 |         :    *  :       |       :       :         | -0.3250703511
  37  2/2005 |         :       :  *    |       :       :         | -0.1400219531
  38  3/2005 |         :       :       |       :*      :         |  0.2640534380
  39  4/2005@|         *       :       |       :       :         |@-0.4741388514
  40  5/2005 |         :       :       |     * :       :         |  0.1702359923
  41  6/2005 |         :       :      *|       :       :         | -0.0293072176
  42  7/2005 |         :       :       |   *   :       :         |  0.1172139089
  43  8/2005 |         :       :       |   *   :       :         |  0.1121492155
  44  9/2005 |         :       :       | *     :       :         |  0.0705675128
  45 10/2005 |         :       :       *       :       :         |  0.0091717247
  46 11/2005 |         :       :      *|       :       :         | -0.0404055837
  47 12/2005 +         :       :       |       : *     :         +  0.2811229687
  48  1/2006 |         :       :       |  *    :       :         |  0.0845381531
  49  2/2006 |         :       :       *       :       :         | -0.0013668095
  50  3/2006 |         :    *  :       |       :       :         | -0.3315682880
  51  4/2006 |         :       :       |       : *     :         |  0.3073889658
  52  5/2006 |         :       :   *   |       :       :         | -0.1211414070
  53  6/2006 |         :       :       | *     :       :         |  0.0518010256
  54  7/2006 |         :       :       |  *    :       :         |  0.0861929760
  55  8/2006 |         :    *  :       |       :       :         | -0.3173766031
  56  9/2006 |         :      *:       |       :       :         | -0.2770119286
  57 10/2006 |         :       :       |    *  :       :         |  0.1431206503
  58 11/2006 |         :       :       |     * :       :         |  0.1876352038
  59 12/2006 +         :       :       |       :*      :         +  0.2716485089
  60  1/2007 |         :       :       |       :    *  :         |  0.3766100653
  61  2/2007 |         :       : *     |       :       :         | -0.1897183105
  62  3/2007 |         :       :     * |       :       :         | -0.0663973997
  63  4/2007@|         :       :       |       :       :*        |@ 0.4932438504
  64  5/2007 |         :       :   *   |       :       :         | -0.1323178107
  65  6/2007 |         :       :       *       :       :         | -0.0039998718
  66  7/2007 |         :       :       |      *:       :         |  0.2132771651
  67  8/2007 |         :       :  *    |       :       :         | -0.1598240249
  68  9/2007 |         :       :       |     * :       :         |  0.1856004831
  69 10/2007 |         :       :       |       *       :         |  0.2245251622
  70 11/2007@|         :       :       |       :       :        *|@ 0.7400340051
  71 12/2007 +         :       :       | *     :       :         +  0.0440830991
  72  1/2008 |         :       :       | *     :       :         |  0.0604408014
  73  2/2008 |         :       :       |  *    :       :         |  0.1021941810
  74  3/2008 |         :       :       |     * :       :         |  0.1748703766
  75  4/2008 |         :       :*      |       :       :         | -0.2150591032
  76  5/2008 |         :       :       |       :      *:         |  0.4498932499
  77  6/2008 |         :       :       |      *:       :         |  0.2104007053
  78  7/2008 |         :       :       |     * :       :         |  0.1909536186
  79  8/2008 |         :    *  :       |       :       :         | -0.3276820711
  80  9/2008 |         :       :       |*      :       :         |  0.0375205684
  81 10/2008 |         :       :   *   |       :       :         | -0.1203495555
  82 11/2008 |         :      *:       |       :       :         | -0.2601812577
  83 12/2008 +         :       :*      |       :       :         + -0.2137514482
  84  1/2009 |         :       :     * |       :       :         | -0.0564892281
  85  2/2009 |         :       :       | *     :       :         |  0.0723713801
  86  3/2009@|      *  :       :       |       :       :         |@-0.5510813592
  87  4/2009 |         :       :   *   |       :       :         | -0.1127741738
  88  5/2009 |         :       :  *    |       :       :         | -0.1449189993
  89  6/2009 |         :       :       |    *  :       :         |  0.1524277837
  90  7/2009 |         :    *  :       |       :       :         | -0.3229460945
  91  8/2009 |         :       :       |    *  :       :         |  0.1436676387
  92  9/2009 |         : *     :       |       :       :         | -0.4198750600
  93 10/2009 |         :       :       | *     :       :         |  0.0721492433
  94 11/2009 |         :       :       |    *  :       :         |  0.1403554240
  95 12/2009 +         :       :       |      *:       :         +  0.1971455232
  96  1/2010 |         :       :   *   |       :       :         | -0.1275013284
  97  2/2010 |         :       : *     |       :       :         | -0.1884662177
  98  3/2010 |         :       :       |       : *     :         |  0.2896681976
  99  4/2010 |         :       :    *  |       :       :         | -0.0966848333
 100  5/2010 |         :       :  *    |       :       :         | -0.1465959489
 101  6/2010 |         :       :   *   |       :       :         | -0.1254928146
 102  7/2010 |         :       : *     |       :       :         | -0.1884594305
 103  8/2010 |         :       :       |   *   :       :         |  0.1301958112
 104  9/2010 |         :       :   *   |       :       :         | -0.1184661725
 105 10/2010 |         :       :       | *     :       :         |  0.0540306480
 106 11/2010 |         :       :       |       : *     :         |  0.2915751918
 107 12/2010 +         :       :       |   *   :       :         +  0.1120032111
 108  1/2011 |         :       :       |  *    :       :         |  0.0990907185
 109  2/2011 |         :       :       |      *:       :         |  0.2078721007
 110  3/2011 |         :       :       |       *       :         |  0.2324793259
 111  4/2011 |         :       :     * |       :       :         | -0.0603529101
 112  5/2011 |         :       :   *   |       :       :         | -0.1098906313
 113  6/2011 |         :       :       |*      :       :         |  0.0275483044
 114  7/2011 |         :       :     * |       :       :         | -0.0449921245
 115  8/2011 |         :       :       |   *   :       :         |  0.1115960425
 116  9/2011 |         :       :       |   *   :       :         |  0.1137914866
 117 10/2011 |         :       :       | *     :       :         |  0.0534920927
 118 11/2011 |         :       :       |       : *     :         |  0.2939033059
 119 12/2011 +         :     * :       |       :       :         + -0.2998337014
 120  1/2012 |         :       :       |       :   *   :         |  0.3681028099
 121  2/2012 |         :       :       |       *       :         |  0.2335908563
 122  3/2012 |         :       :       |    *  :       :         |  0.1479528542
 123  4/2012 |         :       :  *    |       :       :         | -0.1556819657
 124  5/2012 |         :      *:       |       :       :         | -0.2631551590
 125  6/2012 |         :       :  *    |       :       :         | -0.1507167838
 126  7/2012 |         :       :       | *     :       :         |  0.0668259345
 127  8/2012 |         :       :       |       :     * :         |  0.4215765215
 128  9/2012 |         :       :       |*      :       :         |  0.0338125937
 129 10/2012 |         :       :    *  |       :       :         | -0.0856289335
 130 11/2012 |         :       :       |      *:       :         |  0.2092953615
 131 12/2012 +         :       :  *    |       :       :         + -0.1549817064
 132  1/2013 |         :       :       | *     :       :         |  0.0719297987
 133  2/2013 |         :       :       |   *   :       :         |  0.1134548802
 134  3/2013 |         :       :       | *     :       :         |  0.0555900232
 135  4/2013@|        *:       :       |       :       :         |@-0.5146643967
 136  5/2013 |         :       :       |       : *     :         |  0.2936711609
 137  6/2013 |         :       :      *|       :       :         | -0.0161366975
 138  7/2013 |         :       :       | *     :       :         |  0.0568950664
 139  8/2013 |         :       :       *       :       :         |  0.0090423960
 140  9/2013 |         :       :      *|       :       :         | -0.0418441057
 141 10/2013 |         :       : *     |       :       :         | -0.1731038404
 142 11/2013 |         :       :       |       :     * :         |  0.4210300023
 143 12/2013 +         :       :     * |       :       :         + -0.0733072432
 144  1/2014 |         :       *       |       :       :         | -0.2454098197
 145  2/2014 |         :       :       |   *   :       :         |  0.1213239189
 146  3/2014 |         :       :  *    |       :       :         | -0.1557931986
 147  4/2014 |         :       : *     |       :       :         | -0.1688541380
 148  5/2014 |         :       *       |       :       :         | -0.2500888713
 149  6/2014 |         :       :       | *     :       :         |  0.0533302039
 150  7/2014 |         :       :       *       :       :         |  0.0050212950
 151  8/2014 |         :       :    *  |       :       :         | -0.0758258010
 152  9/2014 |         :       :       *       :       :         |  0.0006479146
 153 10/2014 |         :       *       |       :       :         | -0.2520102289
 154 11/2014 |         :       :       |      *:       :         |  0.2163714936
 155 12/2014@+     *   :       :       |       :       :         +@-0.6052352958
 156  1/2015@|        *:       :       |       :       :         |@-0.5138231278
 157  2/2015 |         :       :       |       :   *   :         |  0.3640607899
 158  3/2015 |         :       :       |  *    :       :         |  0.0887594708
 159  4/2015 |         :       :       |       *       :         |  0.2339059014
 160  5/2015 |         :       :     * |       :       :         | -0.0449229214
 161  6/2015 |         :       :*      |       :       :         | -0.2073930065
 162  7/2015 |         :       :       *       :       :         |  0.0029252961
 163  8/2015 |         :       :     * |       :       :         | -0.0566305962
 164  9/2015 |         :       :      *|       :       :         | -0.0368325870
 165 10/2015 |         :       :       *       :       :         | -0.0062667553
 166 11/2015@|         *       :       |       :       :         |@-0.4729111334
 167 12/2015@+        *:       :       |       :       :         +@-0.4969582593
 168  1/2016 |         :      *:       |       :       :         | -0.2560801222
 169  2/2016 |         :       : *     |       :       :         | -0.1762594095
 170  3/2016 |         :       :       |       *       :         |  0.2300721775
 171  4/2016 |         :       :   *   |       :       :         | -0.1157823197
 172  5/2016 |         :       :       |       :*      :         |  0.2542585620
 173  6/2016 |         :       :    *  |       :       :         | -0.0804940383
 174  7/2016 |         :       :       *       :       :         | -0.0136679090
 175  8/2016 |         :       :      *|       :       :         | -0.0271720138
 176  9/2016 |         :       :       |    *  :       :         |  0.1511702770
 177 10/2016 |         :       :       |    *  :       :         |  0.1418623642
 178 11/2016@|         *       :       |       :       :         |@-0.4709805570
 179 12/2016 +         :       :       |     * :       :         +  0.1670816784
 180  1/2017 |         :       :     * |       :       :         | -0.0603627713
 181  2/2017 |         :       :       *       :       :         |  0.0056254670
 182  3/2017 |         :       :   *   |       :       :         | -0.1300503298
 183  4/2017 |         :       :       |       :*      :         |  0.2677936417
 184  5/2017 |         :       :  *    |       :       :         | -0.1522618280
 185  6/2017 |         :       :       |   *   :       :         |  0.1263716094
 186  7/2017 |         :       :       |    *  :       :         |  0.1533437332
 187  8/2017 |         :       :       | *     :       :         |  0.0476963317
 188  9/2017 |         :       :       | *     :       :         |  0.0726355138
 189 10/2017 |         :       :   *   |       :       :         | -0.1189807661
 190 11/2017 |         :       : *     |       :       :         | -0.1753351523
 191 12/2017 +         :       :     * |       :       :         + -0.0450060182
 192  1/2018 |         :       :     * |       :       :         | -0.0545211711
 193  2/2018 |         :       : *     |       :       :         | -0.1887637776
 194  3/2018 |         :       :       |    *  :       :         |  0.1447935772
 195  4/2018 |         :       :       |     * :       :         |  0.1705903950
 196  5/2018@|         :       :       |       :       :*        |@ 0.4965037370
 197  6/2018 |         :       :    *  |       :       :         | -0.0964528658
 198  7/2018 |         :       :       |  *    :       :         |  0.0872700058
 199  8/2018 |         :       :       |     * :       :         |  0.1888276146
 200  9/2018 |         :       :       |       :*      :         |  0.2610757970
 201 10/2018 |         :       :       |    *  :       :         |  0.1549190681
 202 11/2018 |         : *     :       |       :       :         | -0.4242894298
 203 12/2018 +         :*      :       |       :       :         + -0.4313481518
 204  1/2019 |         :      *:       |       :       :         | -0.2761807212
 205  2/2019 |         :       :      *|       :       :         | -0.0348694094
 206  3/2019 |         :       :       *       :       :         |  0.0120252619
 207  4/2019@|         :       :       |       :       :      *  |@ 0.6939030106
 208  5/2019 |         :       :   *   |       :       :         | -0.1083024078
 209  6/2019 |         :       :       | *     :       :         |  0.0543766739
 210  7/2019 |         :       :       |     * :       :         |  0.1848140460
 211  8/2019 |         :       :    *  |       :       :         | -0.0825074384
 212  9/2019 |         :       :       |    *  :       :         |  0.1592150746
 213 10/2019 |         :       :       |*      :       :         |  0.0205555650
 214 11/2019@|        *:       :       |       :       :         |@-0.4988546715
 215 12/2019 +         :       :       | *     :       :         +  0.0479654198
-------------+--+------+-------+-------+-------+-------+------+--+--------------
               -3     -2      -1       0      +1      +2     +3   

                 +------------------------------------------+
                 |       Table of standardized values       |
                 |       greater than or equal to 2.0       |
                 +------------------------------------------+
                 |                                          |
                 | Observation    Date   Standardized value |
                 |                                          |
                 |     35       12/2004         2.40        |
                 |     39        4/2005        -2.06        |
                 |     63        4/2007         2.15        |
                 |     70       11/2007         3.22        |
                 |     86        3/2009        -2.39        |
                 |    135        4/2013        -2.24        |
                 |    155       12/2014        -2.63        |
                 |    156        1/2015        -2.23        |
                 |    166       11/2015        -2.05        |
                 |    167       12/2015        -2.16        |
                 |    178       11/2016        -2.05        |
                 |    196        5/2018         2.16        |
                 |    207        4/2019         3.02        |
                 |    214       11/2019        -2.17        |
                 +------------------------------------------+

Standardized time series histogram:

       -4      -3      -2      -1       0      +1      +2      +3      +4
        +---+---+---+---+---+---+---+---+---+---+---+---+---+---+---+---+
        |                                 46                            |
        |                                ....                           |
        |                         39     ....                           |
        |                        .... 36 ....                           |
        |                        ............ 33                        |
        |                        ................                       |
        |                        ................                       |
        |                        ................                       |
        |                        ................                       |
        |                        ................                       |
        |                     17 ................ 17                    |
        |                    ........................                   |
        |                    ........................  9                |
        |              8     ............................               |
        |            ....  4 ............................  3            |
        |          1 ........................................      2    |
        |        ............................................    ....   |
        +---+---+---+---+---+---+---+---+---+---+---+---+---+---+---+---+
       -4      -3      -2      -1       0      +1      +2      +3      +4

              61 values outside (-1,+1): 28.37 % (31.74 % expected)
              14 values outside (-2,+2):  6.51 % ( 4.56 % expected)

Autocorrelation function (acf bands = +- 0.136):

            -1                         0                         1  L-B Q  DF
-------------+-------------------------+-------------------------+--------------
   1   0.000 |                      :  |  :                      | 
   2  -0.000 |                      :  |  :                      | 
   3  -0.022 |                      : *|  :                      | 
   4  -0.007 |                      :  |  :                      | 
   5  -0.022 |                      : *|  :                      | 
   6   0.042 |                      :  |* :                      | 
   7   0.034 |                      :  |* :                      | 
   8  -0.113 |                      ***|  :                      | 
   9   0.001 |                      :  |  :                      | 
  10  -0.018 |                      :  |  :                      | 
  11   0.229 |                      :  |******                   | 
  12   0.136 +                      :  |+++                      +  20.11   7
  13   0.023 |                      :  |* :                      | 
  14  -0.068 |                      :**|  :                      | 
  15   0.016 |                      :  |  :                      | 
  16  -0.021 |                      : *|  :                      | 
  17  -0.063 |                      :**|  :                      | 
  18  -0.020 |                      :  |  :                      | 
  19  -0.065 |                      :**|  :                      | 
  20  -0.048 |                      : *|  :                      | 
  21  -0.040 |                      : *|  :                      | 
  22   0.019 |                      :  |  :                      | 
  23   0.028 |                      :  |* :                      | 
  24   0.005 +                      :  |  :                      +  24.71  19
  25   0.059 |                      :  |* :                      | 
  26  -0.076 |                      :**|  :                      | 
  27  -0.021 |                      : *|  :                      | 
  28  -0.105 |                      ***|  :                      | 
  29  -0.068 |                      :**|  :                      | 
  30  -0.023 |                      : *|  :                      | 
  31  -0.014 |                      :  |  :                      | 
  32  -0.013 |                      :  |  :                      | 
  33  -0.054 |                      : *|  :                      | 
  34  -0.036 |                      : *|  :                      | 
  35  -0.001 |                      :  |  :                      | 
  36   0.163 +                      :  |++++                     +  39.30  31
  37   0.040 |                      :  |* :                      | 
  38  -0.039 |                      : *|  :                      | 
  39  -0.061 |                      :**|  :                      |  41.10  34
-------------+-------------------------+-------------------------+--------------
            -1                         0                         1  L-B Q  DF

Partial autocorrelation function (pacf bands = +- 0.136):

            -1                         0                         1
-------------+-------------------------+-------------------------+--------------
   1   0.000 |                      :  |  :                      | 
   2  -0.000 |                      :  |  :                      | 
   3  -0.022 |                      : *|  :                      | 
   4  -0.007 |                      :  |  :                      | 
   5  -0.022 |                      : *|  :                      | 
   6   0.041 |                      :  |* :                      | 
   7   0.034 |                      :  |* :                      | 
   8  -0.115 |                      ***|  :                      | 
   9   0.002 |                      :  |  :                      | 
  10  -0.016 |                      :  |  :                      | 
  11   0.231 |                      :  |******                   | 
  12   0.142 +                      :  |++++                     + 
  13   0.017 |                      :  |  :                      | 
  14  -0.061 |                      :**|  :                      | 
  15   0.025 |                      :  |* :                      | 
  16  -0.017 |                      :  |  :                      | 
  17  -0.080 |                      :**|  :                      | 
  18  -0.060 |                      :**|  :                      | 
  19  -0.034 |                      : *|  :                      | 
  20  -0.016 |                      :  |  :                      | 
  21  -0.029 |                      : *|  :                      | 
  22  -0.053 |                      : *|  :                      | 
  23  -0.029 |                      : *|  :                      | 
  24  -0.024 +                      : +|  :                      + 
  25   0.083 |                      :  |**:                      | 
  26  -0.076 |                      :**|  :                      | 
  27  -0.031 |                      : *|  :                      | 
  28  -0.087 |                      :**|  :                      | 
  29  -0.043 |                      : *|  :                      | 
  30   0.008 |                      :  |  :                      | 
  31  -0.003 |                      :  |  :                      | 
  32   0.008 |                      :  |  :                      | 
  33  -0.030 |                      : *|  :                      | 
  34  -0.054 |                      : *|  :                      | 
  35   0.002 |                      :  |  :                      | 
  36   0.126 +                      :  |+++                      + 
  37   0.055 |                      :  |* :                      | 
  38  -0.030 |                      : *|  :                      | 
  39  -0.015 |                      :  |  :                      | 
-------------+-------------------------+-------------------------+--------------
            -1                         0                         1

      +------------------------------------------------------+
      |         Calibration of distortions of the ACF        |
      |                                                      |
      +------------------------------------------------------+
      |                                                      |
      |     Lag                 Dates          Contribution  |
      |                                                      |
      |  r(1) = 0.000       12/2014 -  1/2015        0.027    |
      |                    11/2015 - 12/2015        0.021    |
      |                    11/2018 - 12/2018        0.016    |
      |                    10/2007 - 11/2007        0.015    |
      |                                                      |
      |  r(2) = -0.000      12/2014 -  2/2015       -0.019    |
      |                     1/2003 -  3/2003       -0.013    |
      |                    11/2014 -  1/2015       -0.010    |
      |                     9/2018 - 11/2018       -0.010    |
      |                                                      |
      |  r(3) = -0.022       1/2019 -  4/2019       -0.017    |
      |                     5/2008 -  8/2008       -0.013    |
      |                    12/2002 -  3/2003       -0.013    |
      |                     1/2015 -  4/2015       -0.011    |
      |                                                      |
      |  r(4) = -0.007      12/2018 -  4/2019       -0.026    |
      |                    12/2004 -  4/2005       -0.023    |
      |                    12/2014 -  4/2015       -0.012    |
      |                    12/2002 -  4/2003       -0.010    |
      |                                                      |
      |  r(5) = -0.022      11/2018 -  4/2019       -0.026    |
      |                    11/2007 -  4/2008       -0.014    |
      |                    12/2015 -  5/2016       -0.011    |
      |                    11/2016 -  4/2017       -0.011    |
      |                                                      |
      |  r(6) = 0.042       11/2007 -  5/2008        0.029    |
      |                     3/2009 -  9/2009        0.020    |
      |                    12/2014 -  6/2015        0.011    |
      |                     5/2013 - 11/2013        0.011    |
      |                                                      |
      |  r(7) = 0.034        4/2007 - 11/2007        0.032    |
      |                     9/2018 -  4/2019        0.016    |
      |                     8/2008 -  3/2009        0.016    |
      |                    11/2007 -  6/2008        0.014    |
      |                                                      |
      |  r(8) = -0.113       8/2012 -  4/2013       -0.019    |
      |                     8/2006 -  4/2007       -0.014    |
      |                     5/2018 -  1/2019       -0.012    |
      |                     4/2005 - 12/2005       -0.012    |
      |                                                      |
      |  r(9) = 0.001        4/2013 -  1/2014        0.011    |
      |                    11/2011 -  8/2012        0.011    |
      |                     8/2012 -  5/2013        0.011    |
      |                     4/2006 -  1/2007        0.010    |
      |                                                      |
      |  r(10) = -0.018       5/2008 -  3/2009       -0.022    |
      |                     2/2015 - 12/2015       -0.016    |
      |                     3/2003 -  1/2004       -0.014    |
      |                     2/2004 - 12/2004       -0.014    |
      |                                                      |
      |  r(11) = 0.229        5/2018 -  4/2019        0.030    |
      |                    12/2014 - 11/2015        0.025    |
      |                     1/2015 - 12/2015        0.022    |
      |                     1/2004 - 12/2004        0.021    |
      |                                                      |
      |  r(12) = 0.136       12/2014 - 12/2015        0.026    |
      |                    11/2015 - 11/2016        0.020    |
      |                    11/2018 - 11/2019        0.019    |
      |                     1/2003 -  1/2004        0.015    |
      |                                                      |
      |  r(13) = 0.023        4/2007 -  5/2008        0.020    |
      |                    12/2002 -  1/2004        0.015    |
      |                    12/2014 -  1/2016        0.014    |
      |                     8/2008 -  9/2009        0.012    |
      |                                                      |
      |  r(14) = -0.068      11/2013 -  1/2015       -0.019    |
      |                     9/2006 - 11/2007       -0.018    |
      |                     5/2008 -  7/2009       -0.013    |
      |                     2/2018 -  4/2019       -0.011    |
      |                                                      |
      |  r(15) = 0.016        8/2012 - 11/2013        0.016    |
      |                    11/2013 -  2/2015        0.014    |
      |                     4/2007 -  7/2008        0.008    |
      |                     2/2015 -  5/2016        0.008    |
      |                                                      |
      |  r(16) = -0.021      11/2007 -  3/2009       -0.036    |
      |                     5/2008 -  9/2009       -0.017    |
      |                     4/2007 -  8/2008       -0.014    |
      |                    12/2015 -  4/2017       -0.012    |
      |                                                      |
      |  r(17) = -0.063      12/2014 -  5/2016       -0.014    |
      |                    11/2011 -  4/2013       -0.013    |
      |                    11/2015 -  4/2017       -0.011    |
      |                    10/2007 -  3/2009       -0.011    |
      |                                                      |
      |  r(18) = -0.020       5/2018 - 11/2019       -0.022    |
      |                    11/2016 -  5/2018       -0.021    |
      |                     5/2012 - 11/2013       -0.010    |
      |                    11/2007 -  5/2009       -0.009    |
      |                                                      |
      |  r(19) = -0.065       5/2013 - 12/2014       -0.016    |
      |                     5/2003 - 12/2004       -0.013    |
      |                     4/2007 - 11/2008       -0.011    |
      |                     1/2007 -  8/2008       -0.011    |
      |                                                      |
      |  r(20) = -0.048       3/2006 - 11/2007       -0.022    |
      |                    11/2007 -  7/2009       -0.021    |
      |                    12/2004 -  8/2006       -0.015    |
      |                     3/2009 - 11/2010       -0.014    |
      |                                                      |
      |  r(21) = -0.040       3/2003 - 12/2004       -0.018    |
      |                     4/2005 -  1/2007       -0.016    |
      |                     2/2015 - 11/2016       -0.015    |
      |                    12/2004 -  9/2006       -0.013    |
      |                                                      |
      |  r(22) = 0.019        1/2015 - 11/2016        0.021    |
      |                     1/2012 - 11/2013        0.014    |
      |                     5/2008 -  3/2010        0.011    |
      |                     3/2003 -  1/2005        0.010    |
      |                                                      |
      |  r(23) = 0.028       12/2014 - 11/2016        0.025    |
      |                     1/2003 - 12/2004        0.019    |
      |                    12/2005 - 11/2007        0.018    |
      |                     5/2003 -  4/2005        0.011    |
      |                                                      |
      |  r(24) = 0.005       12/2002 - 12/2004        0.019    |
      |                    11/2016 - 11/2018        0.018    |
      |                     4/2017 -  4/2019        0.016    |
      |                    12/2004 - 12/2006        0.013    |
      |                                                      |
      |  r(25) = 0.059       12/2004 -  1/2007        0.018    |
      |                    11/2016 - 12/2018        0.018    |
      |                     3/2003 -  4/2005        0.015    |
      |                    11/2007 - 12/2009        0.013    |
      |                                                      |
      |  r(26) = -0.076       1/2007 -  3/2009       -0.018    |
      |                     3/2006 -  5/2008       -0.013    |
      |                     1/2004 -  3/2006       -0.012    |
      |                     9/2009 - 11/2011       -0.011    |
      |                                                      |
      |  r(27) = -0.021       1/2003 -  4/2005       -0.016    |
      |                     1/2005 -  4/2007       -0.014    |
      |                     4/2007 -  7/2009       -0.014    |
      |                    12/2006 -  3/2009       -0.013    |
      |                                                      |
      |  r(28) = -0.105       8/2012 - 12/2014       -0.022    |
      |                    12/2002 -  4/2005       -0.016    |
      |                    12/2014 -  4/2017       -0.014    |
      |                     9/2009 -  1/2012       -0.014    |
      |                                                      |
      |  r(29) = -0.068      11/2016 -  4/2019       -0.029    |
      |                    12/2015 -  5/2018       -0.022    |
      |                     8/2012 -  1/2015       -0.019    |
      |                     4/2007 -  9/2009       -0.018    |
      |                                                      |
      |  r(30) = -0.023      11/2015 -  5/2018       -0.021    |
      |                     5/2013 - 11/2015       -0.012    |
      |                     1/2007 -  7/2009       -0.011    |
      |                     7/2009 -  1/2012       -0.010    |
      |                                                      |
      |  r(31) = -0.014       4/2005 - 11/2007       -0.031    |
      |                     5/2013 - 12/2015       -0.013    |
      |                     1/2004 -  8/2006       -0.012    |
      |                     4/2017 - 11/2019       -0.012    |
      |                                                      |
      |  r(32) = -0.013       3/2009 - 11/2011       -0.014    |
      |                     1/2007 -  9/2009       -0.014    |
      |                    11/2007 -  7/2010       -0.012    |
      |                     1/2004 -  9/2006       -0.010    |
      |                                                      |
      |  r(33) = -0.054      12/2015 -  9/2018       -0.011    |
      |                    12/2006 -  9/2009       -0.010    |
      |                     2/2005 - 11/2007       -0.009    |
      |                     3/2003 - 12/2005       -0.009    |
      |                                                      |
      |  r(34) = -0.036       1/2005 - 11/2007       -0.021    |
      |                     3/2009 -  1/2012       -0.018    |
      |                     2/2012 - 12/2014       -0.012    |
      |                    11/2015 -  9/2018       -0.011    |
      |                                                      |
      |  r(35) = -0.001       1/2012 - 12/2014       -0.020    |
      |                     9/2009 -  8/2012       -0.016    |
      |                     4/2006 -  3/2009       -0.015    |
      |                     3/2009 -  2/2012       -0.011    |
      |                                                      |
      |  r(36) = 0.163       11/2016 - 11/2019        0.021    |
      |                    11/2007 - 11/2010        0.019    |
      |                    12/2015 - 12/2018        0.019    |
      |                    11/2015 - 11/2018        0.018    |
      |                                                      |
      |  r(37) = 0.040       11/2015 - 12/2018        0.018    |
      |                     3/2016 -  4/2019        0.014    |
      |                    12/2011 -  1/2015        0.014    |
      |                    12/2015 -  1/2019        0.012    |
      |                                                      |
      |  r(38) = -0.039       9/2004 - 11/2007       -0.014    |
      |                    11/2011 -  1/2015       -0.013    |
      |                     2/2004 -  4/2007       -0.012    |
      |                     1/2003 -  3/2006       -0.011    |
      |                                                      |
      |  r(39) = -0.061       8/2012 - 11/2015       -0.018    |
      |                     1/2016 -  4/2019       -0.016    |
      |                    12/2005 -  3/2009       -0.014    |
      |                    12/2002 -  3/2006       -0.011    |
      |                                                      |
      +------------------------------------------------------+
