
Output file            : IPC_DE_uf.out
Estimation method      : exact maximum likelihood
Check for invertibility: constrained search

Observations: 216.
Parameters  : 13.


Omegas for deterministic variable 1:
      0.064348  (0.012923) [ 1]
Omegas for deterministic variable 2:
     -0.066793  (0.012688) [ 2]
Omegas for deterministic variable 3:
      0.086043  (0.010637) [ 3]
Omegas for deterministic variable 4:
      0.001612  (0.011272) [ 4]
Omegas for deterministic variable 5:
      0.132036  (0.011081) [ 5]
Omegas for deterministic variable 6:
      0.008982  (0.010740) [ 6]
Omegas for deterministic variable 7:
      0.046228  (0.008399) [ 7]
Coefficients for regular AR factor 1:
     -0.102252  (0.064026) [ 8]
      0.038756  (0.053194) [ 9]
     -0.062701  (0.068012) [10]
Coefficients for regular f-fixed MA factor 1 [f = 1.0]:
      1.646699
     -0.903872  (0.030628) [11]
Coefficients for regular f-fixed MA factor 2 [f = 2.0]:
      0.965806
     -0.932781  (0.027140) [12]
Mean parameter (mu):
      0.031439  (0.003161) [13]

Box-Cox lambda     :  0.0
Seasonal period    : 12
Regular differences:  1
Annual differences :  0
Irreducible factors:  0 1 1 0 0 0 0

Coefficients of the non-stationary operator: 
  u[ 1]     =    3.7320508076
  u[ 2]     =   -6.4641016151
  u[ 3]     =    6.4641016151
  u[ 4]     =   -3.7320508076
  u[ 5]     =    1.0000000000
Coefficients of the Autoregressive operator: 
  phi[ 1]   =   -0.1022517805
  phi[ 2]   =    0.0387558246
  phi[ 3]   =   -0.0627014946
Coefficients of the Moving-Average operator: 
  theta[ 1] =    2.6125043961
  theta[ 2] =   -3.4270439525
  theta[ 3] =    2.4089737633
  theta[ 4] =   -0.8431145528

sigma2:   0.0504544377 (   0.0049121672)
sigma :   0.2246206528
logelf:  10.1907862660

Selection Model Criterium:
Hannan-Quinn =  -2.89
Schwarz   =  -2.68

Estimated covariance matrix:

x[ 1] ->  0.000166991
x[ 2] ->  0.000012395  0.000160975
x[ 3] ->  0.000014869 -0.000009474  0.000113154
x[ 4] ->  0.000003041  0.000005713 -0.000001632  0.000127055
x[ 5] -> -0.000001234 -0.000002414  0.000008154  0.000003169  0.000122787
x[ 6] ->  0.000000929  0.000003374  0.000001565  0.000002697 -0.000001726  0.000115350
x[ 7] -> -0.000001362 -0.000001503  0.000002371  0.000001691  0.000000907 -0.000001473  0.000070547
x[ 8] ->  0.000020696  0.000031757  0.000015704 -0.000015961 -0.000035353 -0.000015415 -0.000052893  0.004099330
x[ 9] ->  0.000041988 -0.000010293  0.000018224 -0.000033768 -0.000035800 -0.000022696 -0.000044664 -0.000862199  0.002829637
x[10] ->  0.000005081  0.000039400  0.000053433 -0.000011362 -0.000028207  0.000003779 -0.000046557 -0.001869173 -0.000315877  0.004625607
x[11] -> -0.000007843 -0.000000882  0.000001587 -0.000003747  0.000007431  0.000004338  0.000012855 -0.000584034 -0.000070684  0.000363772  0.000938099
x[12] ->  0.000006078  0.000013072  0.000010567 -0.000010870 -0.000001759  0.000001427 -0.000000349 -0.000661934  0.000077156  0.000612524  0.000152210  0.000736558
x[13] ->  0.000000972 -0.000000959 -0.000001554  0.000000450  0.000000096 -0.000000827  0.000000203  0.000003068  0.000000089  0.000001102 -0.000000380 -0.000000910  0.000009995


Estimated correlation matrix:

x[ 1] ->  1.00
x[ 2] ->  0.08  1.00
x[ 3] ->  0.11 -0.07  1.00
x[ 4] ->  0.02  0.04 -0.01  1.00
x[ 5] -> -0.01 -0.02  0.07  0.03  1.00
x[ 6] ->  0.01  0.02  0.01  0.02 -0.01  1.00
x[ 7] -> -0.01 -0.01  0.03  0.02  0.01 -0.02  1.00
x[ 8] ->  0.03  0.04  0.02 -0.02 -0.05 -0.02 -0.10  1.00
x[ 9] ->  0.06 -0.02  0.03 -0.06 -0.06 -0.04 -0.10 -0.25  1.00
x[10] ->  0.01  0.05  0.07 -0.01 -0.04  0.01 -0.08 -0.43 -0.09  1.00
x[11] -> -0.02 -0.00  0.00 -0.01  0.02  0.01  0.05 -0.30 -0.04  0.17  1.00
x[12] ->  0.02  0.04  0.04 -0.04 -0.01  0.00 -0.00 -0.38  0.05  0.33  0.18  1.00
x[13] ->  0.02 -0.02 -0.05  0.01  0.00 -0.02  0.01  0.02  0.00  0.01 -0.00 -0.01  1.00

Correlations greater than or equal to 0.7 in absolute value:


Unconditional residuals (seasonal period: 12)
211 observations: from 6/2002 to 12/2019

                  Mean:           0.000337
Standard error of mean:           0.015445
              Variance:           0.050332
    Standard deviation:           0.224348
              Skewness:           0.016541
              Kurtosis:           0.119418
           Jarque-Bera:           0.134356
               Minimum:          -0.671794 at 12/2014 (observation 151)
               Maximum:           0.633379 at 11/2007 (observation  66)

Standardized time series plot (original values on right-side column):

                     -2       -1       0      +1       +2         
-------------+--------+--------+-------+-------+--------+--------+--------------
   1  6/2002 |        :        :   *   |       :        :        | -0.1170974262
   2  7/2002 |        :        : *     |       :        :        | -0.1656952947
   3  8/2002 |        :        :     * |       :        :        | -0.0577293627
   4  9/2002 |        :        :       |   *   :        :        |  0.1079053092
   5 10/2002 |        :        : *     |       :        :        | -0.1628949633
   6 11/2002 |        :  *     :       |       :        :        | -0.3713814101
   7 12/2002 +        :        :       |     * :        :        +  0.1568745648
   8  1/2003 |        :        :       |       :*       :        |  0.2543278417
   9  2/2003 |        :        :       | *     :        :        |  0.0511065498
  10  3/2003 |        :      * :       |       :        :        | -0.2718713615
  11  4/2003 |        :        : *     |       :        :        | -0.1620777199
  12  5/2003 |        :       *:       |       :        :        | -0.2513468972
  13  6/2003 |        :        :       |       : *      :        |  0.2692081630
  14  7/2003 |        :        : *     |       :        :        | -0.1700044282
  15  8/2003 |        :        :       *       :        :        | -0.0009637583
  16  9/2003 |        :        :       |     * :        :        |  0.1605201415
  17 10/2003 |        :        :       *       :        :        |  0.0062066507
  18 11/2003 |        :        *       |       :        :        | -0.2131308709
  19 12/2003 +        :        :      *|       :        :        + -0.0289213894
  20  1/2004 |        :        :       |      *:        :        |  0.2003185270
  21  2/2004 |        :    *   :       |       :        :        | -0.3280711729
  22  3/2004 |        :        :       |    *  :        :        |  0.1429960129
  23  4/2004 |        :        :       |       :       *:        |  0.4289386244
  24  5/2004 |        :        :       |       *        :        |  0.2228940688
  25  6/2004 |        :        :  *    |       :        :        | -0.1232345847
  26  7/2004 |        :        : *     |       :        :        | -0.1523745535
  27  8/2004 |        :        :       |       *        :        |  0.2157381253
  28  9/2004 |        :        :   *   |       :        :        | -0.1076549327
  29 10/2004 |        :        :       |    *  :        :        |  0.1303738217
  30 11/2004 |        :        :      *|       :        :        | -0.0247636577
  31 12/2004 +        :        :       |       :    *   :        +  0.3541901866
  32  1/2005@|      * :        :       |       :        :        |@-0.4972408955
  33  2/2005 |        :        :*      |       :        :        | -0.1958858711
  34  3/2005 |        :        :       |       :  *     :        |  0.3031155724
  35  4/2005 |        :   *    :       |       :        :        | -0.3495756946
  36  5/2005 |        :        :       |     * :        :        |  0.1495596894
  37  6/2005 |        :        :       | *     :        :        |  0.0407990113
  38  7/2005 |        :        :       |      *:        :        |  0.1808751470
  39  8/2005 |        :        :       |      *:        :        |  0.1940136159
  40  9/2005 |        :        :       |       *        :        |  0.2166021267
  41 10/2005 |        :        :       *       :        :        | -0.0034522933
  42 11/2005 |        :        :*      |       :        :        | -0.1766290518
  43 12/2005 +        :        :       | *     :        :        +  0.0492957511
  44  1/2006 |        :        :     * |       :        :        | -0.0440724417
  45  2/2006 |        :        :       *       :        :        | -0.0031462862
  46  3/2006 |        :        *       |       :        :        | -0.2097988234
  47  4/2006 |        :        :       |       :       *:        |  0.4417301644
  48  5/2006 |        :        :     * |       :        :        | -0.0521177223
  49  6/2006 |        :        :       |*      :        :        |  0.0358106384
  50  7/2006 |        :        :       | *     :        :        |  0.0633244053
  51  8/2006 |        :       *:       |       :        :        | -0.2506903076
  52  9/2006 |        :      * :       |       :        :        | -0.2796530544
  53 10/2006 |        :        :       |    *  :        :        |  0.1369584596
  54 11/2006 |        :        :       |  *    :        :        |  0.0818466151
  55 12/2006 +        :        :       |   *   :        :        +  0.1146432280
  56  1/2007 |        :        :       |       :   *    :        |  0.3222080020
  57  2/2007 |        :        :   *   |       :        :        | -0.1087668213
  58  3/2007 |        :        :       *       :        :        |  0.0111924712
  59  4/2007@|        :        :       |       :        :   *    |@ 0.5562811304
  60  5/2007 |        :        :  *    |       :        :        | -0.1212960165
  61  6/2007 |        :        :    *  |       :        :        | -0.0763116166
  62  7/2007 |        :        :       |       : *      :        |  0.2584438009
  63  8/2007 |        :        :       *       :        :        | -0.0090879106
  64  9/2007 |        :        :       |       : *      :        |  0.2670058725
  65 10/2007 |        :        :       |       : *      :        |  0.2726696023
  66 11/2007@|        :        :       |       :        :      * |@ 0.6333794117
  67 12/2007 +        :        :  *    |       :        :        + -0.1282358089
  68  1/2008 |        :        :      *|       :        :        | -0.0354095517
  69  2/2008 |        :        :       |   *   :        :        |  0.1036812178
  70  3/2008 |        :        :       |       :*       :        |  0.2552904687
  71  4/2008 |        :        *       |       :        :        | -0.2025403070
  72  5/2008@|        :        :       |       :        *        |@ 0.4699797536
  73  6/2008 |        :        :       |       : *      :        |  0.2653600459
  74  7/2008 |        :        :       |       :  *     :        |  0.3015215814
  75  8/2008 |        :        *       |       :        :        | -0.2073081203
  76  9/2008 |        :        :       |    *  :        :        |  0.1263039511
  77 10/2008 |        :       *:       |       :        :        | -0.2298057408
  78 11/2008@|       *:        :       |       :        :        |@-0.4723822597
  79 12/2008@+        *        :       |       :        :        +@-0.4559970827
  80  1/2009 |        :        :    *  |       :        :        | -0.0896003168
  81  2/2009 |        :        :       |    *  :        :        |  0.1419787513
  82  3/2009 |        : *      :       |       :        :        | -0.4157693491
  83  4/2009 |        :        :    *  |       :        :        | -0.0835653432
  84  5/2009 |        :        :*      |       :        :        | -0.1910548093
  85  6/2009 |        :        :       | *     :        :        |  0.0527897619
  86  7/2009 |        :  *     :       |       :        :        | -0.3647546984
  87  8/2009 |        :        :       |       *        :        |  0.2284117405
  88  9/2009 |        :    *   :       |       :        :        | -0.3219358373
  89 10/2009 |        :        :       |  *    :        :        |  0.0873526586
  90 11/2009 |        :        :       |*      :        :        |  0.0375028315
  91 12/2009 +        :        :       |   *   :        :        +  0.1209121575
  92  1/2010 |        :        :*      |       :        :        | -0.1829395832
  93  2/2010 |        :        :    *  |       :        :        | -0.0858396763
  94  3/2010 |        :        :       |       :     *  :        |  0.3675931947
  95  4/2010 |        :        :      *|       :        :        | -0.0376610582
  96  5/2010 |        :        *       |       :        :        | -0.2263948591
  97  6/2010 |        :        :*      |       :        :        | -0.1954429551
  98  7/2010 |        :        :*      |       :        :        | -0.1904382118
  99  8/2010 |        :        :       |     * :        :        |  0.1660307383
 100  9/2010 |        :        :      *|       :        :        | -0.0217368102
 101 10/2010 |        :        :       |  *    :        :        |  0.0679207836
 102 11/2010 |        :        :       |       *        :        |  0.2155336595
 103 12/2010 +        :        :       |*      :        :        +  0.0233069148
 104  1/2011 |        :        :       |*      :        :        |  0.0359866837
 105  2/2011 |        :        :       |       :*       :        |  0.2455917507
 106  3/2011 |        :        :       |       :  *     :        |  0.2959372117
 107  4/2011 |        :        :      *|       :        :        | -0.0290785913
 108  5/2011 |        :        :   *   |       :        :        | -0.1122128711
 109  6/2011 |        :        :       |*      :        :        |  0.0338270529
 110  7/2011 |        :        :       *       :        :        | -0.0003886129
 111  8/2011 |        :        :       |      *:        :        |  0.1764557579
 112  9/2011 |        :        :       |      *:        :        |  0.1921884616
 113 10/2011 |        :        :       | *     :        :        |  0.0624497553
 114 11/2011 |        :        :       |      *:        :        |  0.2008543630
 115 12/2011 +        : *      :       |       :        :        + -0.4127554297
 116  1/2012 |        :        :       |       :*       :        |  0.2497886064
 117  2/2012 |        :        :       |       *        :        |  0.2112587166
 118  3/2012 |        :        :       |      *:        :        |  0.1818005903
 119  4/2012 |        :        :   *   |       :        :        | -0.1206010179
 120  5/2012 |        :        : *     |       :        :        | -0.1633692733
 121  6/2012 |        :        :  *    |       :        :        | -0.1223856777
 122  7/2012 |        :        :       |   *   :        :        |  0.1062064827
 123  8/2012 |        :        :       |       :        *        |  0.4441647839
 124  9/2012 |        :        :       |  *    :        :        |  0.0884681671
 125 10/2012 |        :        :    *  |       :        :        | -0.0804239123
 126 11/2012 |        :        :       |     * :        :        |  0.1643802307
 127 12/2012 +        :       *:       |       :        :        + -0.2546161563
 128  1/2013 |        :        :   *   |       :        :        | -0.0950884078
 129  2/2013 |        :        :       |*      :        :        |  0.0211302016
 130  3/2013 |        :        :       |  *    :        :        |  0.0721230790
 131  4/2013 |        :*       :       |       :        :        | -0.4211502958
 132  5/2013 |        :        :       |       :       *:        |  0.4423391247
 133  6/2013 |        :        :       |   *   :        :        |  0.1159325937
 134  7/2013 |        :        :       |  *    :        :        |  0.0742506005
 135  8/2013 |        :        :     * |       :        :        | -0.0598264065
 136  9/2013 |        :        :     * |       :        :        | -0.0541200675
 137 10/2013 |        :       *:       |       :        :        | -0.2517926167
 138 11/2013 |        :        :       |       :     *  :        |  0.3777063634
 139 12/2013 +        :        :  *    |       :        :        + -0.1270744010
 140  1/2014 |        :     *  :       |       :        :        | -0.3073261236
 141  2/2014 |        :        :       |  *    :        :        |  0.0713883520
 142  3/2014 |        :        :    *  |       :        :        | -0.0857093703
 143  4/2014 |        :        :  *    |       :        :        | -0.1230092173
 144  5/2014 |        :        : *     |       :        :        | -0.1556245234
 145  6/2014 |        :        :       |   *   :        :        |  0.1099457024
 146  7/2014 |        :        :      *|       :        :        | -0.0132554381
 147  8/2014 |        :        :   *   |       :        :        | -0.1136760932
 148  9/2014 |        :        :      *|       :        :        | -0.0399239681
 149 10/2014 |        :      * :       |       :        :        | -0.2707446310
 150 11/2014 |        :        :       |    *  :        :        |  0.1400664004
 151 12/2014@+*       :        :       |       :        :        +@-0.6717941902
 152  1/2015@|   *    :        :       |       :        :        |@-0.5976602626
 153  2/2015 |        :        :       |       :   *    :        |  0.3226760151
 154  3/2015 |        :        :       |      *:        :        |  0.1897909974
 155  4/2015 |        :        :       |       :  *     :        |  0.3093735847
 156  5/2015 |        :        :       |   *   :        :        |  0.1034447484
 157  6/2015 |        :        :  *    |       :        :        | -0.1345453214
 158  7/2015 |        :        :    *  |       :        :        | -0.0924305467
 159  8/2015 |        :        : *     |       :        :        | -0.1738650151
 160  9/2015 |        :        : *     |       :        :        | -0.1570137565
 161 10/2015 |        :        :      *|       :        :        | -0.0260727056
 162 11/2015 |        : *      :       |       :        :        | -0.3917044238
 163 12/2015 +        :*       :       |       :        :        + -0.4276995904
 164  1/2016 |        :        *       |       :        :        | -0.2203884037
 165  2/2016 |        :        *       |       :        :        | -0.2136918443
 166  3/2016 |        :        :       |    *  :        :        |  0.1271142031
 167  4/2016 |        :        :  *    |       :        :        | -0.1344654191
 168  5/2016 |        :        :       |       : *      :        |  0.2767699049
 169  6/2016 |        :        :      *|       :        :        | -0.0394030031
 170  7/2016 |        :        :     * |       :        :        | -0.0403051394
 171  8/2016 |        :        : *     |       :        :        | -0.1545974654
 172  9/2016 |        :        :       |  *    :        :        |  0.0713192500
 173 10/2016 |        :        :       |    *  :        :        |  0.1319384842
 174 11/2016 |        :    *   :       |       :        :        | -0.3109777801
 175 12/2016 +        :        :       |       :   *    :        +  0.3357045497
 176  1/2017 |        :        :       |   *   :        :        |  0.1079771454
 177  2/2017 |        :        :       *       :        :        | -0.0059052638
 178  3/2017 |        :      * :       |       :        :        | -0.2660413342
 179  4/2017 |        :        :       |     * :        :        |  0.1743301136
 180  5/2017 |        :        *       |       :        :        | -0.2238929307
 181  6/2017 |        :        :       |   *   :        :        |  0.1081138603
 182  7/2017 |        :        :       |    *  :        :        |  0.1250972742
 183  8/2017 |        :        :       |*      :        :        |  0.0149061763
 184  9/2017 |        :        :       *       :        :        | -0.0119089725
 185 10/2017 |        :        :    *  |       :        :        | -0.0725886706
 186 11/2017 |        :        :    *  |       :        :        | -0.0785842430
 187 12/2017 +        :        :       |  *    :        :        +  0.0872273135
 188  1/2018 |        :        :       | *     :        :        |  0.0470829464
 189  2/2018 |        :        :*      |       :        :        | -0.1896443891
 190  3/2018 |        :        :       | *     :        :        |  0.0625485657
 191  4/2018 |        :        :       |   *   :        :        |  0.1104186227
 192  5/2018@|        :        :       |       :        *        |@ 0.4548633229
 193  6/2018 |        :        :   *   |       :        :        | -0.1081649879
 194  7/2018 |        :        :       |*      :        :        |  0.0402015792
 195  8/2018 |        :        :       |   *   :        :        |  0.1019689372
 196  9/2018 |        :        :       |       *        :        |  0.2155615819
 197 10/2018 |        :        :       |     * :        :        |  0.1570229128
 198 11/2018 |        :      * :       |       :        :        | -0.2656761374
 199 12/2018 +        :      * :       |       :        :        + -0.2779401245
 200  1/2019 |        :        : *     |       :        :        | -0.1516914233
 201  2/2019 |        :        :      *|       :        :        | -0.0375603148
 202  3/2019 |        :        :    *  |       :        :        | -0.0931442869
 203  4/2019@|        :        :       |       :        :    *   |@ 0.6004869648
 204  5/2019 |        :        :  *    |       :        :        | -0.1283065804
 205  6/2019 |        :        :       *       :        :        |  0.0102586852
 206  7/2019 |        :        :       |   *   :        :        |  0.0979409449
 207  8/2019 |        :        :*      |       :        :        | -0.1974054065
 208  9/2019 |        :        :      *|       :        :        | -0.0306274734
 209 10/2019 |        :        :       | *     :        :        |  0.0577713211
 210 11/2019 |        :     *  :       |       :        :        | -0.3000879277
 211 12/2019 +        :        :       |       :   *    :        +  0.3177675543
-------------+--------+--------+-------+-------+--------+--------+--------------
                     -2       -1       0      +1       +2         

                 +------------------------------------------+
                 |       Table of standardized values       |
                 |       greater than or equal to 2.0       |
                 +------------------------------------------+
                 |                                          |
                 | Observation    Date   Standardized value |
                 |                                          |
                 |     32        1/2005        -2.22        |
                 |     59        4/2007         2.48        |
                 |     66       11/2007         2.82        |
                 |     72        5/2008         2.09        |
                 |     78       11/2008        -2.11        |
                 |     79       12/2008        -2.03        |
                 |    151       12/2014        -3.00        |
                 |    152        1/2015        -2.67        |
                 |    192        5/2018         2.03        |
                 |    203        4/2019         2.68        |
                 +------------------------------------------+

Standardized time series histogram:

       -4      -3      -2      -1       0      +1      +2      +3      +4
        +---+---+---+---+---+---+---+---+---+---+---+---+---+---+---+---+
        |                         39  39  39                            |
        |                        ............                           |
        |                        ............ 33                        |
        |                        ................                       |
        |                        ................                       |
        |                        ................                       |
        |                        ................                       |
        |                        ................                       |
        |                        ................ 19                    |
        |                     17 ....................                   |
        |                    ........................                   |
        |                    ........................                   |
        |                  8 ........................                   |
        |                ............................  7                |
        |              3 ................................  3            |
        |          2 ........................................  2        |
        |        ................................................       |
        +---+---+---+---+---+---+---+---+---+---+---+---+---+---+---+---+
       -4      -3      -2      -1       0      +1      +2      +3      +4

              61 values outside (-1,+1): 28.91 % (31.74 % expected)
              10 values outside (-2,+2):  4.74 % ( 4.56 % expected)

Autocorrelation function (acf bands = +- 0.138):

            -1                         0                         1  L-B Q  DF
-------------+-------------------------+-------------------------+--------------
   1  -0.009 |                      :  |  :                      | 
   2  -0.006 |                      :  |  :                      | 
   3   0.019 |                      :  |  :                      | 
   4   0.040 |                      :  |* :                      | 
   5  -0.083 |                      :**|  :                      | 
   6   0.057 |                      :  |* :                      | 
   7   0.084 |                      :  |**:                      | 
   8   0.000 |                      :  |  :                      | 
   9   0.066 |                      :  |**:                      | 
  10  -0.010 |                      :  |  :                      | 
  11   0.131 |                      :  |***                      | 
  12  -0.002 +                      :  |  :                      +   9.08   7
  13  -0.077 |                      :**|  :                      | 
  14  -0.073 |                      :**|  :                      | 
  15   0.076 |                      :  |**:                      | 
  16   0.021 |                      :  |* :                      | 
  17  -0.044 |                      : *|  :                      | 
  18  -0.012 |                      :  |  :                      | 
  19  -0.019 |                      :  |  :                      | 
  20  -0.011 |                      :  |  :                      | 
  21   0.011 |                      :  |  :                      | 
  22   0.003 |                      :  |  :                      | 
  23  -0.044 |                      : *|  :                      | 
  24  -0.092 +                      :++|  :                      +  16.16  19
  25  -0.009 |                      :  |  :                      | 
  26  -0.072 |                      :**|  :                      | 
  27   0.017 |                      :  |  :                      | 
  28  -0.059 |                      : *|  :                      | 
  29  -0.054 |                      : *|  :                      | 
  30  -0.029 |                      : *|  :                      | 
  31  -0.017 |                      :  |  :                      | 
  32   0.023 |                      :  |* :                      | 
  33  -0.032 |                      : *|  :                      | 
  34  -0.045 |                      : *|  :                      | 
  35  -0.035 |                      : *|  :                      | 
  36   0.113 +                      :  |+++                      +  23.87  31
  37   0.001 |                      :  |  :                      | 
  38  -0.043 |                      : *|  :                      | 
  39  -0.027 |                      : *|  :                      |  24.54  34
-------------+-------------------------+-------------------------+--------------
            -1                         0                         1  L-B Q  DF

Partial autocorrelation function (pacf bands = +- 0.138):

            -1                         0                         1
-------------+-------------------------+-------------------------+--------------
   1  -0.009 |                      :  |  :                      | 
   2  -0.006 |                      :  |  :                      | 
   3   0.018 |                      :  |  :                      | 
   4   0.040 |                      :  |* :                      | 
   5  -0.082 |                      :**|  :                      | 
   6   0.056 |                      :  |* :                      | 
   7   0.083 |                      :  |**:                      | 
   8   0.003 |                      :  |  :                      | 
   9   0.073 |                      :  |**:                      | 
  10  -0.023 |                      : *|  :                      | 
  11   0.138 |                      :  |***                      | 
  12   0.007 +                      :  |  :                      + 
  13  -0.092 |                      :**|  :                      | 
  14  -0.074 |                      :**|  :                      | 
  15   0.055 |                      :  |* :                      | 
  16   0.039 |                      :  |* :                      | 
  17  -0.052 |                      : *|  :                      | 
  18  -0.056 |                      : *|  :                      | 
  19  -0.026 |                      : *|  :                      | 
  20   0.008 |                      :  |  :                      | 
  21   0.029 |                      :  |* :                      | 
  22  -0.028 |                      : *|  :                      | 
  23  -0.043 |                      : *|  :                      | 
  24  -0.076 +                      :++|  :                      + 
  25   0.017 |                      :  |  :                      | 
  26  -0.085 |                      :**|  :                      | 
  27  -0.002 |                      :  |  :                      | 
  28  -0.047 |                      : *|  :                      | 
  29  -0.039 |                      : *|  :                      | 
  30  -0.011 |                      :  |  :                      | 
  31  -0.033 |                      : *|  :                      | 
  32   0.038 |                      :  |* :                      | 
  33  -0.011 |                      :  |  :                      | 
  34  -0.035 |                      : *|  :                      | 
  35   0.008 |                      :  |  :                      | 
  36   0.111 +                      :  |+++                      + 
  37   0.031 |                      :  |* :                      | 
  38  -0.053 |                      : *|  :                      | 
  39  -0.028 |                      : *|  :                      | 
-------------+-------------------------+-------------------------+--------------
            -1                         0                         1

      +------------------------------------------------------+
      |         Calibration of distortions of the ACF        |
      |                                                      |
      +------------------------------------------------------+
      |                                                      |
      |     Lag                 Dates          Contribution  |
      |                                                      |
      |  r(1) = -0.009       1/2015 -  2/2015       -0.018    |
      |                     4/2013 -  5/2013       -0.018    |
      |                    12/2004 -  1/2005       -0.017    |
      |                     3/2005 -  4/2005       -0.010    |
      |                                                      |
      |  r(2) = -0.006      12/2014 -  2/2015       -0.020    |
      |                     1/2005 -  3/2005       -0.014    |
      |                     2/2004 -  4/2004       -0.013    |
      |                    11/2013 -  1/2014       -0.011    |
      |                                                      |
      |  r(3) = 0.019       12/2008 -  3/2009        0.018    |
      |                     1/2007 -  4/2007        0.017    |
      |                     1/2005 -  4/2005        0.016    |
      |                    10/2014 -  1/2015        0.015    |
      |                                                      |
      |  r(4) = 0.040       11/2008 -  3/2009        0.019    |
      |                     7/2007 - 11/2007        0.015    |
      |                    11/2007 -  3/2008        0.015    |
      |                     3/2009 -  7/2009        0.014    |
      |                                                      |
      |  r(5) = -0.083      11/2018 -  4/2019       -0.015    |
      |                     7/2008 - 12/2008       -0.013    |
      |                    11/2007 -  4/2008       -0.012    |
      |                     6/2008 - 11/2008       -0.012    |
      |                                                      |
      |  r(6) = 0.057       11/2007 -  5/2008        0.028    |
      |                     5/2013 - 11/2013        0.016    |
      |                     4/2007 - 10/2007        0.014    |
      |                     3/2009 -  9/2009        0.013    |
      |                                                      |
      |  r(7) = 0.084        4/2007 - 11/2007        0.033    |
      |                    11/2007 -  6/2008        0.016    |
      |                    12/2008 -  7/2009        0.016    |
      |                     9/2018 -  4/2019        0.012    |
      |                                                      |
      |  r(8) = 0.000       11/2007 -  7/2008        0.018    |
      |                     4/2019 - 12/2019        0.018    |
      |                    11/2008 -  7/2009        0.016    |
      |                     4/2004 - 12/2004        0.014    |
      |                                                      |
      |  r(9) = 0.066        8/2012 -  5/2013        0.018    |
      |                    12/2008 -  9/2009        0.014    |
      |                     4/2006 -  1/2007        0.013    |
      |                     4/2013 -  1/2014        0.012    |
      |                                                      |
      |  r(10) = -0.010       5/2008 -  3/2009       -0.018    |
      |                     2/2015 - 12/2015       -0.013    |
      |                     2/2004 - 12/2004       -0.011    |
      |                     2/2011 - 12/2011       -0.010    |
      |                                                      |
      |  r(11) = 0.131        5/2018 -  4/2019        0.026    |
      |                    12/2014 - 11/2015        0.025    |
      |                     1/2015 - 12/2015        0.024    |
      |                     1/2014 - 12/2014        0.019    |
      |                                                      |
      |  r(12) = -0.002      11/2007 - 11/2008       -0.028    |
      |                     4/2005 -  4/2006       -0.015    |
      |                     3/2009 -  3/2010       -0.014    |
      |                     4/2004 -  4/2005       -0.014    |
      |                                                      |
      |  r(13) = -0.077      11/2007 - 12/2008       -0.027    |
      |                    11/2013 - 12/2014       -0.024    |
      |                    11/2015 - 12/2016       -0.012    |
      |                    10/2007 - 11/2008       -0.012    |
      |                                                      |
      |  r(14) = -0.073      11/2013 -  1/2015       -0.021    |
      |                     9/2006 - 11/2007       -0.017    |
      |                     5/2008 -  7/2009       -0.016    |
      |                     9/2007 - 11/2008       -0.012    |
      |                                                      |
      |  r(15) = 0.076        8/2012 - 11/2013        0.016    |
      |                     4/2007 -  7/2008        0.016    |
      |                    10/2013 -  1/2015        0.014    |
      |                    11/2002 -  2/2004        0.011    |
      |                                                      |
      |  r(16) = 0.021       12/2011 -  4/2013        0.016    |
      |                    12/2004 -  4/2006        0.015    |
      |                     1/2007 -  5/2008        0.014    |
      |                     1/2012 -  5/2013        0.010    |
      |                                                      |
      |  r(17) = -0.044      12/2014 -  5/2016       -0.017    |
      |                    12/2011 -  5/2013       -0.017    |
      |                    11/2002 -  4/2004       -0.015    |
      |                     8/2012 -  1/2014       -0.013    |
      |                                                      |
      |  r(18) = -0.012      11/2016 -  5/2018       -0.013    |
      |                     5/2018 - 11/2019       -0.013    |
      |                     4/2007 - 10/2008       -0.012    |
      |                    11/2007 -  5/2009       -0.011    |
      |                                                      |
      |  r(19) = -0.019       5/2013 - 12/2014       -0.028    |
      |                     4/2007 - 11/2008       -0.025    |
      |                     6/2003 -  1/2005       -0.013    |
      |                     4/2015 - 11/2016       -0.009    |
      |                                                      |
      |  r(20) = -0.011       5/2013 -  1/2015       -0.025    |
      |                     4/2007 - 12/2008       -0.024    |
      |                    11/2007 -  7/2009       -0.022    |
      |                     3/2006 - 11/2007       -0.013    |
      |                                                      |
      |  r(21) = 0.011        4/2013 -  1/2015        0.024    |
      |                    11/2007 -  8/2009        0.014    |
      |                     5/2013 -  2/2015        0.013    |
      |                     7/2005 -  4/2007        0.009    |
      |                                                      |
      |  r(22) = 0.003        1/2015 - 11/2016        0.018    |
      |                     5/2008 -  3/2010        0.016    |
      |                     3/2003 -  1/2005        0.013    |
      |                     1/2014 - 11/2015        0.011    |
      |                                                      |
      |  r(23) = -0.044       4/2007 -  3/2009       -0.022    |
      |                     1/2015 - 12/2016       -0.019    |
      |                    12/2011 - 11/2013       -0.015    |
      |                     1/2007 - 12/2008       -0.014    |
      |                                                      |
      |  r(24) = -0.092      12/2014 - 12/2016       -0.021    |
      |                     4/2005 -  4/2007       -0.018    |
      |                     1/2005 -  1/2007       -0.015    |
      |                    11/2013 - 11/2015       -0.014    |
      |                                                      |
      |  r(25) = -0.009      11/2013 - 12/2015       -0.015    |
      |                     3/2017 -  4/2019       -0.015    |
      |                    11/2002 - 12/2004       -0.012    |
      |                     3/2011 -  4/2013       -0.012    |
      |                                                      |
      |  r(26) = -0.072       2/2004 -  4/2006       -0.014    |
      |                     1/2007 -  3/2009       -0.013    |
      |                     8/2012 - 10/2014       -0.011    |
      |                    11/2007 -  1/2010       -0.011    |
      |                                                      |
      |  r(27) = 0.017       12/2014 -  3/2017        0.017    |
      |                     9/2009 - 12/2011        0.013    |
      |                     4/2006 -  7/2008        0.013    |
      |                     9/2006 - 12/2008        0.012    |
      |                                                      |
      |  r(28) = -0.059       8/2012 - 12/2014       -0.028    |
      |                    11/2008 -  3/2011       -0.013    |
      |                    12/2014 -  4/2017       -0.011    |
      |                    11/2002 -  3/2005       -0.011    |
      |                                                      |
      |  r(29) = -0.054       8/2012 -  1/2015       -0.025    |
      |                    12/2015 -  5/2018       -0.018    |
      |                    11/2016 -  4/2019       -0.018    |
      |                     4/2007 -  9/2009       -0.017    |
      |                                                      |
      |  r(30) = -0.029      11/2015 -  5/2018       -0.017    |
      |                     5/2013 - 11/2015       -0.016    |
      |                    11/2007 -  5/2010       -0.014    |
      |                     1/2005 -  7/2007       -0.012    |
      |                                                      |
      |  r(31) = -0.017       4/2005 - 11/2007       -0.021    |
      |                     4/2006 - 11/2008       -0.020    |
      |                     5/2013 - 12/2015       -0.018    |
      |                    11/2007 -  6/2010       -0.012    |
      |                                                      |
      |  r(32) = 0.023        3/2005 - 11/2007        0.018    |
      |                     4/2013 - 12/2015        0.017    |
      |                     8/2012 -  4/2015        0.013    |
      |                     8/2004 -  4/2007        0.011    |
      |                                                      |
      |  r(33) = -0.032       1/2005 - 10/2007       -0.013    |
      |                     2/2005 - 11/2007       -0.012    |
      |                     3/2012 - 12/2014       -0.011    |
      |                     4/2007 -  1/2010       -0.010    |
      |                                                      |
      |  r(34) = -0.045       1/2005 - 11/2007       -0.030    |
      |                     2/2012 - 12/2014       -0.013    |
      |                     3/2012 -  1/2015       -0.010    |
      |                     3/2009 -  1/2012       -0.010    |
      |                                                      |
      |  r(35) = -0.035       4/2006 -  3/2009       -0.017    |
      |                     1/2012 - 12/2014       -0.016    |
      |                     9/2009 -  8/2012       -0.013    |
      |                     2/2012 -  1/2015       -0.012    |
      |                                                      |
      |  r(36) = 0.113       12/2011 - 12/2014        0.026    |
      |                     4/2004 -  4/2007        0.022    |
      |                    12/2008 - 12/2011        0.018    |
      |                    11/2007 - 11/2010        0.013    |
      |                                                      |
      |  r(37) = 0.001       12/2011 -  1/2015        0.023    |
      |                    11/2008 - 12/2011        0.018    |
      |                     4/2015 -  5/2018        0.013    |
      |                    11/2013 - 12/2016        0.012    |
      |                                                      |
      |  r(38) = -0.043       2/2004 -  4/2007       -0.017    |
      |                    12/2011 -  2/2015       -0.013    |
      |                     2/2016 -  4/2019       -0.012    |
      |                     1/2005 -  3/2008       -0.012    |
      |                                                      |
      |  r(39) = -0.027       8/2012 - 11/2015       -0.016    |
      |                     4/2006 -  7/2009       -0.015    |
      |                     1/2016 -  4/2019       -0.012    |
      |                     9/2011 - 12/2014       -0.012    |
      |                                                      |
      +------------------------------------------------------+
