
Output file            : IPC_ES_m00.out
Estimation method      : exact maximum likelihood
Check for invertibility: constrained search

Observations: 216.
Parameters  : 11.


Omegas for deterministic variable 1:
     -0.160952  (0.058469) [ 1]
Omegas for deterministic variable 2:
     -0.168330  (0.058716) [ 2]
Omegas for deterministic variable 3:
      0.289607  (0.030293) [ 3]
Omegas for deterministic variable 4:
     -0.578460  (0.030367) [ 4]
Omegas for deterministic variable 5:
      0.086604  (0.021447) [ 5]
Omegas for deterministic variable 6:
     -0.033928  (0.021447) [ 6]
Omegas for deterministic variable 7:
      0.059148  (0.017532) [ 7]
Omegas for deterministic variable 8:
     -0.017730  (0.017490) [ 8]
Omegas for deterministic variable 9:
     -0.002032  (0.015733) [ 9]
Omegas for deterministic variable 10:
      0.011384  (0.015667) [10]
Omegas for deterministic variable 11:
      0.115255  (0.010723) [11]
Coefficients for regular AR factor 1:
      0.000000
Mean parameter (mu):
      0.000000

Box-Cox lambda     :  0.0
Seasonal period    : 12
Regular differences:  1
Annual differences :  0
Irreducible factors:  0 0 0 0 0 0 0

Coefficients of the non-stationary operator: 
  u[ 1]     =    1.0000000000
Coefficients of the Autoregressive operator: 
  phi[ 1]   =   -0.0000000000
Coefficients of the Moving-Average operator: 

sigma2:   0.0988680708 (   0.0095356835)
sigma :   0.3144329353
logelf: -56.3201239805

Selection Model Criterium:
Hannan-Quinn =  -2.30
Schwarz   =  -2.26

Estimated covariance matrix:

x[ 1] ->  0.003418664
x[ 2] -> -0.000008284  0.003447545
x[ 3] ->  0.000002300 -0.000008389  0.000917681
x[ 4] -> -0.000003886  0.000014449 -0.000003867  0.000922143
x[ 5] ->  0.000002223 -0.000008325  0.000002233 -0.000003867  0.000459955
x[ 6] -> -0.000002218  0.000008320 -0.000002233  0.000003867 -0.000002233  0.000459955
x[ 7] ->  0.000002244 -0.000008343  0.000002233 -0.000003867  0.000002233 -0.000002233  0.000307381
x[ 8] -> -0.000001302  0.000004822 -0.000001289  0.000002233 -0.000001289  0.000001289 -0.000001289  0.000305893
x[ 9] ->  0.000002220 -0.000008322  0.000002233 -0.000003867  0.000002233 -0.000002233  0.000002233 -0.000001289  0.000247525
x[10] -> -0.000000588  0.000002224 -0.000000598  0.000001036 -0.000000598  0.000000598 -0.000000598  0.000000345 -0.000000598  0.000245453
x[11] ->  0.000001120 -0.000004169  0.000001116 -0.000001934  0.000001116 -0.000001116  0.000001116 -0.000000645  0.000001116 -0.000000299  0.000114989


Estimated correlation matrix:

x[ 1] ->  1.00
x[ 2] -> -0.00  1.00
x[ 3] ->  0.00 -0.00  1.00
x[ 4] -> -0.00  0.01 -0.00  1.00
x[ 5] ->  0.00 -0.01  0.00 -0.01  1.00
x[ 6] -> -0.00  0.01 -0.00  0.01 -0.00  1.00
x[ 7] ->  0.00 -0.01  0.00 -0.01  0.01 -0.01  1.00
x[ 8] -> -0.00  0.00 -0.00  0.00 -0.00  0.00 -0.00  1.00
x[ 9] ->  0.00 -0.01  0.00 -0.01  0.01 -0.01  0.01 -0.00  1.00
x[10] -> -0.00  0.00 -0.00  0.00 -0.00  0.00 -0.00  0.00 -0.00  1.00
x[11] ->  0.00 -0.01  0.00 -0.01  0.00 -0.00  0.01 -0.00  0.01 -0.00  1.00

Correlations greater than or equal to 0.7 in absolute value:


Unconditional residuals (seasonal period: 12)
215 observations: from 2/2002 to 12/2019

                  Mean:           0.154720
Standard error of mean:           0.018668
              Variance:           0.074930
    Standard deviation:           0.273733
              Skewness:          -0.224203
              Kurtosis:           0.343925
           Jarque-Bera:           2.794331
               Minimum:          -0.772340 at  1/2016 (observation 168)
               Maximum:           0.981402 at  9/2012 (observation 128)

Standardized time series plot (original values on right-side column):

                -3     -2      -1      0     +1      +2     +3    
-------------+---+------+-------+------+------+-------+------+---+--------------
   1  2/2002 |          :       :      |*     :       :          |  0.1883483643
   2  3/2002 |          :       :      |      *       :          |  0.4231425028
   3  4/2002 |          :       :      |      :*      :          |  0.4414107180
   4  5/2002 |          :       :      |  *   :       :          |  0.2567439328
   5  6/2002 |          :       :  *   |      :       :          |  0.0053323621
   6  7/2002 |          :       :     *|      :       :          |  0.1107833004
   7  8/2002 |          :       :      | *    :       :          |  0.2406669678
   8  9/2002 |          :       :      |     *:       :          |  0.3752031689
   9 10/2002 |          :       :      |    * :       :          |  0.3492780597
  10 11/2002 |          :       :    * |      :       :          |  0.0768865079
  11 12/2002 +          :       :      |      :*      :          +  0.4354332524
  12  1/2003@|          :       :      |      :       :*         |@ 0.7415993066
  13  2/2003 |          :       :      |   *  :       :          |  0.3140400193
  14  3/2003 |          :       :      |   *  :       :          |  0.2911683191
  15  4/2003 |          :       *      |      :       :          | -0.0973888411
  16  5/2003 |          :     * :      |      :       :          | -0.1953152183
  17  6/2003 |          :       :    * |      :       :          |  0.0679655006
  18  7/2003 |          :       :      |*     :       :          |  0.1774917180
  19  8/2003 |          :       :      |      *       :          |  0.4133038808
  20  9/2003 |          :       :      |   *  :       :          |  0.2990205486
  21 10/2003 |          :       :   *  |      :       :          |  0.0351192639
  22 11/2003 |          :       :      |  *   :       :          |  0.2484338995
  23 12/2003 +          :       :      |  *   :       :          +  0.2745209746
  24  1/2004 |          :       :      |      :*      :          |  0.4502611837
  25  2/2004 |          :       :      *      :       :          |  0.1481685912
  26  3/2004 |          :       :      |   *  :       :          |  0.2956119408
  27  4/2004 |          :       :      |      :*      :          |  0.4527446530
  28  5/2004 |          :       :      |      : *     :          |  0.4850237606
  29  6/2004 |          :       :      *      :       :          |  0.1593487773
  30  7/2004 |          :       :   *  |      :       :          |  0.0449526701
  31  8/2004 |          :       :      |      *       :          |  0.3957772679
  32  9/2004 |          :       :      |*     :       :          |  0.1799701193
  33 10/2004 |          :       :      |     *:       :          |  0.3857921461
  34 11/2004 |          :       :      |*     :       :          |  0.1733832154
  35 12/2004 +          :       :  *   |      :       :          +  0.0056862452
  36  1/2005 |          :       :      |   *  :       :          |  0.3081015483
  37  2/2005 |          :       :      |     *:       :          |  0.3608106494
  38  3/2005 |          :       :      |     *:       :          |  0.3880503845
  39  4/2005 |          :       :      |      :  *    :          |  0.5225910860
  40  5/2005 |          :       :    * |      :       :          |  0.0883835043
  41  6/2005 |          :       :      | *    :       :          |  0.2338867551
  42  7/2005 |          :       :      |*     :       :          |  0.1929455626
  43  8/2005 |          :       :      |     *:       :          |  0.3932820111
  44  9/2005 |          :       :      |      :    *  :          |  0.6140500007
  45 10/2005 |          :       :      *      :       :          |  0.1726922774
  46 11/2005 |          :       :    * |      :       :          |  0.0742369731
  47 12/2005 +          :       :      |   *  :       :          +  0.3186037916
  48  1/2006@|          :       :      |      :       :*         |@ 0.7471749340
  49  2/2006 |          :       :      *      :       :          |  0.1500395955
  50  3/2006 |          :       :      |   *  :       :          |  0.3054668700
  51  4/2006 |          :       :      |      : *     :          |  0.4929149950
  52  5/2006 |          :       :      |  *   :       :          |  0.2574526452
  53  6/2006 |          :       :      *      :       :          |  0.1523975271
  54  7/2006 |          :       :      |*     :       :          |  0.2101394359
  55  8/2006 |          :       :      *      :       :          |  0.1584577723
  56  9/2006 |          :     * :      |      :       :          | -0.1625192313
  57 10/2006 |          :    *  :      |      :       :          | -0.2272887449
  58 11/2006 |          :       :      *      :       :          |  0.1700294323
  59 12/2006 +          :       :      |     *:       :          +  0.3768289573
  60  1/2007 |          :       :      |      : *     :          |  0.4795788272
  61  2/2007 |          :       :      *      :       :          |  0.1698621793
  62  3/2007 |          :       :      |    * :       :          |  0.3561752832
  63  4/2007 |          :       :      |      :*      :          |  0.4642883934
  64  5/2007 |          :       :      *      :       :          |  0.1719785530
  65  6/2007 |          :       :      |*     :       :          |  0.1849473040
  66  7/2007 |          :       :    * |      :       :          |  0.0754374173
  67  8/2007 |          :       :    * |      :       :          |  0.0924308767
  68  9/2007 |          :       :      |    * :       :          |  0.3295945121
  69 10/2007 |          :       :      |      :     * :          |  0.6511352304
  70 11/2007 |          :       :      |      :     * :          |  0.6368410763
  71 12/2007 +          :       :      |      :  *    :          +  0.5213380195
  72  1/2008 |          :       :      |      :  *    :          |  0.5329856798
  73  2/2008 |          :       :      |  *   :       :          |  0.2580023333
  74  3/2008 |          :       :      |      : *     :          |  0.4838789884
  75  4/2008 |          :       :      *      :       :          |  0.1628245311
  76  5/2008 |          :       :      |      :   *   :          |  0.5699117630
  77  6/2008 |          :       :      |      :   *   :          |  0.5754383016
  78  7/2008 |          :       :      |    * :       :          |  0.3254670169
  79  8/2008 |          :   *   :      |      :       :          | -0.2603257604
  80  9/2008 |          :       : *    |      :       :          | -0.0190189661
  81 10/2008 |          :  *    :      |      :       :          | -0.2930840199
  82 11/2008@|       *  :       :      |      :       :          |@-0.5024477837
  83 12/2008@+          *       :      |      :       :          +@-0.4106186260
  84  1/2009 |          :       :*     |      :       :          | -0.0859217011
  85  2/2009 |          :       :     *|      :       :          |  0.1126446679
  86  3/2009 |          :   *   :      |      :       :          | -0.2357194545
  87  4/2009 |          :       :    * |      :       :          |  0.0638283504
  88  5/2009 |          :      *:      |      :       :          | -0.1373578793
  89  6/2009 |          :       :      |      :*      :          |  0.4408226324
  90  7/2009 |          :       :*     |      :       :          | -0.0513360685
  91  8/2009 |          :       :      |   *  :       :          |  0.3034250534
  92  9/2009 |          :    *  :      |      :       :          | -0.2341461453
  93 10/2009 |          :       :    * |      :       :          |  0.0737800452
  94 11/2009 |          :       :      |      :*      :          |  0.4631712169
  95 12/2009 +          :       :    * |      :       :          +  0.0781570825
  96  1/2010 |          :       :      *      :       :          |  0.1458438525
  97  2/2010 |          :       :*     |      :       :          | -0.0802977099
  98  3/2010 |          :       :      |    * :       :          |  0.3393829135
  99  4/2010 |          :       :      *      :       :          |  0.1520302353
 100  5/2010 |          :       :     *|      :       :          |  0.1187373540
 101  6/2010 |          :       :      |*     :       :          |  0.1798745485
 102  7/2010 |          :       :      |    * :       :          |  0.3575222549
 103  8/2010 |          :       :      |*     :       :          |  0.2068831215
 104  9/2010 |          :       :    * |      :       :          |  0.0712010861
 105 10/2010 |          :       :      |  *   :       :          |  0.2725616526
 106 11/2010 |          :       :      |      :*      :          |  0.4643652350
 107 12/2010@+          :       :      |      :       *          +@ 0.7155819832
 108  1/2011 |          :       :      |      *       :          |  0.4194184712
 109  2/2011 |          :       :      | *    :       :          |  0.2290132617
 110  3/2011 |          :       :      |    * :       :          |  0.3450641955
 111  4/2011 |          :       :      |    * :       :          |  0.3291572855
 112  5/2011 |          :      *:      |      :       :          | -0.1355941492
 113  6/2011 |          :      *:      |      :       :          | -0.1398756555
 114  7/2011 |          :       :      |  *   :       :          |  0.2683956352
 115  8/2011 |          :       :    * |      :       :          |  0.0787405641
 116  9/2011 |          :       :      | *    :       :          |  0.2460397094
 117 10/2011 |          :       :      *      :       :          |  0.1486233045
 118 11/2011 |          :       :      |    * :       :          |  0.3275202949
 119 12/2011 +          :       :      | *    :       :          +  0.2331997126
 120  1/2012 |          :       :   *  |      :       :          |  0.0483257480
 121  2/2012 |          :       :      |*     :       :          |  0.2056161107
 122  3/2012 |          :       :      |  *   :       :          |  0.2705770272
 123  4/2012 |          :       :      |      : *     :          |  0.4875625534
 124  5/2012 |          :   *   :      |      :       :          | -0.2504041222
 125  6/2012 |          :     * :      |      :       :          | -0.1858584135
 126  7/2012 |          :       :      |      :   *   :          |  0.5727436590
 127  8/2012 |          :       :      |      :  *    :          |  0.5159099462
 128  9/2012@|          :       :      |      :       :      *   |@ 0.9814020571
 129 10/2012 |          :       :      |*     :       :          |  0.2096693246
 130 11/2012 |          :    *  :      |      :       :          | -0.2009959604
 131 12/2012 +          :       :      |*     :       :          +  0.1733763946
 132  1/2013 |          :      *:      |      :       :          | -0.1318558168
 133  2/2013 |          :       :      |  *   :       :          |  0.2747118227
 134  3/2013 |          :       : *    |      :       :          | -0.0479095181
 135  4/2013@|      *   :       :      |      :       :          |@-0.5347510427
 136  5/2013 |          :       :    * |      :       :          |  0.0812438339
 137  6/2013 |          :       :      *      :       :          |  0.1485773119
 138  7/2013 |          :       :      |   *  :       :          |  0.2891449557
 139  8/2013 |          :       :      |  *   :       :          |  0.2653266625
 140  9/2013 |          :     * :      |      :       :          | -0.1854189816
 141 10/2013 |          :    *  :      |      :       :          | -0.2310280515
 142 11/2013 |          :       :     *|      :       :          |  0.1304819376
 143 12/2013 +          :       :      |*     :       :          +  0.1932942310
 144  1/2014 |          :     * :      |      :       :          | -0.1853465423
 145  2/2014 |          :       :   *  |      :       :          |  0.0592437541
 146  3/2014 |          :     * :      |      :       :          | -0.1771207631
 147  4/2014 |          :       : *    |      :       :          | -0.0221578453
 148  5/2014 |          :       :*     |      :       :          | -0.0792658281
 149  6/2014 |          :       :   *  |      :       :          |  0.0286692901
 150  7/2014 |          :      *:      |      :       :          | -0.1382191849
 151  8/2014 |          :       :     *|      :       :          |  0.1127926760
 152  9/2014 |          :       :      *      :       :          |  0.1542309439
 153 10/2014 |          :     * :      |      :       :          | -0.1720366895
 154 11/2014 |          :      *:      |      :       :          | -0.1470804159
 155 12/2014@+        * :       :      |      :       :          +@-0.4811063429
 156  1/2015@|        * :       :      |      :       :          |@-0.4661707646
 157  2/2015 |          :       :      |   *  :       :          |  0.3080852615
 158  3/2015 |          :       :      | *    :       :          |  0.2361654033
 159  4/2015 |          :       :  *   |      :       :          |  0.0071973299
 160  5/2015 |          :       :      |     *:       :          |  0.3740319244
 161  6/2015 |          :       :      |  *   :       :          |  0.2682256926
 162  7/2015 |          :      *:      |      :       :          | -0.1259333695
 163  8/2015 |          :*      :      |      :       :          | -0.3781440600
 164  9/2015 |          :  *    :      |      :       :          | -0.3064286116
 165 10/2015 |          :       :  *   |      :       :          |  0.0021012380
 166 11/2015 |          :       :      |   *  :       :          |  0.2877006180
 167 12/2015 +          :     * :      |      :       :          + -0.1886788369
 168  1/2016@|*         :       :      |      :       :          |@-0.7723396556
 169  2/2016 |          :   *   :      |      :       :          | -0.2511806305
 170  3/2016 |          :       :      | *    :       :          |  0.2393882096
 171  4/2016 |          :    *  :      |      :       :          | -0.2090068485
 172  5/2016 |          :       :      |      :*      :          |  0.4423621848
 173  6/2016 |          :       :      |      :*      :          |  0.4620556632
 174  7/2016 |          :       :    * |      :       :          |  0.0763631832
 175  8/2016 |          :       :    * |      :       :          |  0.0835771037
 176  9/2016 |          :       :  *   |      :       :          |  0.0059951976
 177 10/2016 |          :       :      |      : *     :          |  0.4999277072
 178 11/2016 |          :       :      |   *  :       :          |  0.2852471569
 179 12/2016 +          :       :      |      :       *          +  0.6938274163
 180  1/2017 |          :       :      |      :    *  :          |  0.6027203704
 181  2/2017 |          :   *   :      |      :       :          | -0.2579292793
 182  3/2017@|         *:       :      |      :       :          |@-0.4209488775
 183  4/2017 |          :       :   *  |      :       :          |  0.0479664674
 184  5/2017 |          :     * :      |      :       :          | -0.1624957049
 185  6/2017 |          :       :   *  |      :       :          |  0.0442338357
 186  7/2017 |          :       :     *|      :       :          |  0.1147870019
 187  8/2017 |          :       :      *      :       :          |  0.1534668042
 188  9/2017 |          :       :      |*     :       :          |  0.1758395767
 189 10/2017 |          :       :      |  *   :       :          |  0.2817036303
 190 11/2017 |          :       :      |     *:       :          |  0.3785108726
 191 12/2017 +          :       :      *      :       :          +  0.1481454341
 192  1/2018 |          :       :    * |      :       :          |  0.0700715857
 193  2/2018 |          :       :      | *    :       :          |  0.2365216584
 194  3/2018 |          :  *    :      |      :       :          | -0.2822527327
 195  4/2018 |          :       :*     |      :       :          | -0.0850118406
 196  5/2018@|          :       :      |      :       : *        |@ 0.7948119891
 197  6/2018 |          :       :      |  *   :       :          |  0.2625135045
 198  7/2018 |          :       :    * |      :       :          |  0.0867603246
 199  8/2018 |          :       :    * |      :       :          |  0.0974340983
 200  9/2018 |          :       :      | *    :       :          |  0.2453523971
 201 10/2018 |          :       :      |  *   :       :          |  0.2839795185
 202 11/2018 |          :     * :      |      :       :          | -0.1864204536
 203 12/2018 +          :*      :      |      :       :          + -0.3466010586
 204  1/2019 |          :      *:      |      :       :          | -0.1323780064
 205  2/2019 |          :       :      |    * :       :          |  0.3463683779
 206  3/2019 |          :       : *    |      :       :          | -0.0380517069
 207  4/2019 |          :       :    * |      :       :          |  0.0958688681
 208  5/2019 |          :       :    * |      :       :          |  0.0918204781
 209  6/2019 |          :       *      |      :       :          | -0.1164859311
 210  7/2019 |          :       :      |*     :       :          |  0.1846234895
 211  8/2019 |          :       *      |      :       :          | -0.1009359862
 212  9/2019 |          :       :  *   |      :       :          |  0.0017016463
 213 10/2019 |          :       :      |    * :       :          |  0.3291431210
 214 11/2019 |          :       :    * |      :       :          |  0.0922051948
 215 12/2019 +          :       :   *  |      :       :          +  0.0310803519
-------------+---+------+-------+------+------+-------+------+---+--------------
                -3     -2      -1      0     +1      +2     +3    

                 +------------------------------------------+
                 |       Table of standardized values       |
                 |       greater than or equal to 2.0       |
                 +------------------------------------------+
                 |                                          |
                 | Observation    Date   Standardized value |
                 |                                          |
                 |     12        1/2003         2.14        |
                 |     48        1/2006         2.16        |
                 |     82       11/2008        -2.40        |
                 |     83       12/2008        -2.07        |
                 |    107       12/2010         2.05        |
                 |    128        9/2012         3.02        |
                 |    135        4/2013        -2.52        |
                 |    155       12/2014        -2.32        |
                 |    156        1/2015        -2.27        |
                 |    168        1/2016        -3.39        |
                 |    182        3/2017        -2.10        |
                 |    196        5/2018         2.34        |
                 +------------------------------------------+

Standardized time series histogram:

       -4      -3      -2      -1       0      +1      +2      +3      +4
        +---+---+---+---+---+---+---+---+---+---+---+---+---+---+---+---+
        |                                 49                            |
        |                             44 ....                           |
        |                            ........                           |
        |                            ........                           |
        |                            ........                           |
        |                            ........ 31                        |
        |                            ............                       |
        |                     26     ............                       |
        |                    ....    ............                       |
        |                    ....    ............ 20                    |
        |                    .... 18 ................                   |
        |                    ........................                   |
        |                    ........................                   |
        |                  7 ........................  8                |
        |              5 ................................  4            |
        |      1   1 ........................................      1    |
        |    ................................................    ....   |
        +---+---+---+---+---+---+---+---+---+---+---+---+---+---+---+---+
       -4      -3      -2      -1       0      +1      +2      +3      +4

              73 values outside (-1,+1): 33.95 % (31.74 % expected)
              12 values outside (-2,+2):  5.58 % ( 4.56 % expected)

Autocorrelation function (acf bands = +- 0.136):

            -1                         0                         1  L-B Q  DF
-------------+-------------------------+-------------------------+--------------
   1   0.404 |                      :  |**********               | 
   2   0.104 |                      :  |***                      | 
   3   0.094 |                      :  |**:                      | 
   4   0.091 |                      :  |**:                      | 
   5   0.159 |                      :  |****                     | 
   6   0.074 |                      :  |**:                      | 
   7   0.059 |                      :  |* :                      | 
   8   0.057 |                      :  |* :                      | 
   9   0.094 |                      :  |**:                      | 
  10   0.056 |                      :  |* :                      | 
  11   0.061 |                      :  |**:                      | 
  12   0.053 +                      :  |+ :                      +  54.29  12
  13   0.049 |                      :  |* :                      | 
  14   0.008 |                      :  |  :                      | 
  15   0.047 |                      :  |* :                      | 
  16   0.053 |                      :  |* :                      | 
  17   0.072 |                      :  |**:                      | 
  18   0.042 |                      :  |* :                      | 
  19   0.068 |                      :  |**:                      | 
  20   0.144 |                      :  |****                     | 
  21   0.107 |                      :  |***                      | 
  22   0.032 |                      :  |* :                      | 
  23  -0.022 |                      : *|  :                      | 
  24  -0.003 +                      :  |  :                      +  66.83  24
  25   0.005 |                      :  |  :                      | 
  26   0.055 |                      :  |* :                      | 
  27   0.030 |                      :  |* :                      | 
  28  -0.011 |                      :  |  :                      | 
  29   0.049 |                      :  |* :                      | 
  30   0.078 |                      :  |**:                      | 
  31   0.066 |                      :  |**:                      | 
  32   0.058 |                      :  |* :                      | 
  33   0.041 |                      :  |* :                      | 
  34   0.038 |                      :  |* :                      | 
  35   0.031 |                      :  |* :                      | 
  36   0.014 +                      :  |  :                      +  73.01  36
  37  -0.019 |                      :  |  :                      | 
  38   0.044 |                      :  |* :                      | 
  39   0.074 |                      :  |**:                      |  75.06  39
-------------+-------------------------+-------------------------+--------------
            -1                         0                         1  L-B Q  DF

Partial autocorrelation function (pacf bands = +- 0.136):

            -1                         0                         1
-------------+-------------------------+-------------------------+--------------
   1   0.404 |                      :  |**********               | 
   2  -0.071 |                      :**|  :                      | 
   3   0.093 |                      :  |**:                      | 
   4   0.029 |                      :  |* :                      | 
   5   0.132 |                      :  |***                      | 
   6  -0.053 |                      : *|  :                      | 
   7   0.055 |                      :  |* :                      | 
   8  -0.001 |                      :  |  :                      | 
   9   0.077 |                      :  |**:                      | 
  10  -0.040 |                      : *|  :                      | 
  11   0.063 |                      :  |**:                      | 
  12  -0.016 +                      :  |  :                      + 
  13   0.034 |                      :  |* :                      | 
  14  -0.062 |                      :**|  :                      | 
  15   0.082 |                      :  |**:                      | 
  16  -0.025 |                      : *|  :                      | 
  17   0.075 |                      :  |**:                      | 
  18  -0.048 |                      : *|  :                      | 
  19   0.102 |                      :  |***                      | 
  20   0.060 |                      :  |* :                      | 
  21   0.032 |                      :  |* :                      | 
  22  -0.066 |                      :**|  :                      | 
  23  -0.011 |                      :  |  :                      | 
  24  -0.032 +                      : +|  :                      + 
  25  -0.007 |                      :  |  :                      | 
  26   0.037 |                      :  |* :                      | 
  27  -0.003 |                      :  |  :                      | 
  28  -0.038 |                      : *|  :                      | 
  29   0.073 |                      :  |**:                      | 
  30   0.024 |                      :  |* :                      | 
  31   0.025 |                      :  |* :                      | 
  32   0.011 |                      :  |  :                      | 
  33   0.018 |                      :  |  :                      | 
  34   0.003 |                      :  |  :                      | 
  35  -0.007 |                      :  |  :                      | 
  36  -0.022 +                      : +|  :                      + 
  37  -0.050 |                      : *|  :                      | 
  38   0.070 |                      :  |**:                      | 
  39   0.011 |                      :  |  :                      | 
-------------+-------------------------+-------------------------+--------------
            -1                         0                         1

      +------------------------------------------------------+
      |         Calibration of distortions of the ACF        |
      |                                                      |
      +------------------------------------------------------+
      |                                                      |
      |     Lag                 Dates          Contribution  |
      |                                                      |
      |  r(1) = 0.404       12/2014 -  1/2015        0.025    |
      |                     1/2016 -  2/2016        0.023    |
      |                    11/2008 - 12/2008        0.023    |
      |                    12/2015 -  1/2016        0.020    |
      |                                                      |
      |  r(2) = 0.104        7/2012 -  9/2012        0.021    |
      |                    10/2008 - 12/2008        0.016    |
      |                    10/2014 - 12/2014        0.013    |
      |                    11/2014 -  1/2015        0.012    |
      |                                                      |
      |  r(3) = 0.094        1/2016 -  4/2016        0.021    |
      |                     8/2008 - 11/2008        0.017    |
      |                    12/2008 -  3/2009        0.014    |
      |                    10/2014 -  1/2015        0.013    |
      |                                                      |
      |  r(4) = 0.091        9/2015 -  1/2016        0.027    |
      |                     9/2005 -  1/2006        0.017    |
      |                    11/2008 -  3/2009        0.016    |
      |                     8/2008 - 12/2008        0.015    |
      |                                                      |
      |  r(5) = 0.159        8/2015 -  1/2016        0.031    |
      |                     4/2012 -  9/2012        0.017    |
      |                    11/2012 -  4/2013        0.015    |
      |                     4/2013 -  9/2013        0.015    |
      |                                                      |
      |  r(6) = 0.074        4/2013 - 10/2013        0.017    |
      |                     7/2015 -  1/2016        0.016    |
      |                     8/2015 -  2/2016        0.013    |
      |                    11/2007 -  5/2008        0.012    |
      |                                                      |
      |  r(7) = 0.059        1/2015 -  8/2015        0.021    |
      |                    10/2007 -  5/2008        0.013    |
      |                    11/2007 -  6/2008        0.013    |
      |                    12/2014 -  7/2015        0.011    |
      |                                                      |
      |  r(8) = 0.057       12/2014 -  8/2015        0.021    |
      |                     1/2015 -  9/2015        0.018    |
      |                    10/2007 -  6/2008        0.013    |
      |                     8/2015 -  4/2016        0.012    |
      |                                                      |
      |  r(9) = 0.094       12/2014 -  9/2015        0.018    |
      |                     4/2013 -  1/2014        0.015    |
      |                    12/2008 -  9/2009        0.014    |
      |                     3/2018 - 12/2018        0.014    |
      |                                                      |
      |  r(10) = 0.056       11/2008 -  9/2009        0.016    |
      |                     6/2012 -  4/2013        0.015    |
      |                     3/2014 -  1/2015        0.013    |
      |                    10/2014 -  8/2015        0.011    |
      |                                                      |
      |  r(11) = 0.061        5/2012 -  4/2013        0.017    |
      |                     4/2013 -  3/2014        0.014    |
      |                     1/2014 - 12/2014        0.013    |
      |                     1/2015 - 12/2015        0.013    |
      |                                                      |
      |  r(12) = 0.053        1/2015 -  1/2016        0.036    |
      |                     3/2017 -  3/2018        0.016    |
      |                    12/2014 - 12/2015        0.014    |
      |                     1/2014 -  1/2015        0.013    |
      |                                                      |
      |  r(13) = 0.049       12/2014 -  1/2016        0.037    |
      |                     1/2016 -  2/2017        0.024    |
      |                     1/2015 -  2/2016        0.016    |
      |                     2/2016 -  3/2017        0.015    |
      |                                                      |
      |  r(14) = 0.008        1/2016 -  3/2017        0.033    |
      |                    11/2014 -  1/2016        0.017    |
      |                    12/2014 -  2/2016        0.016    |
      |                    10/2013 - 12/2014        0.015    |
      |                                                      |
      |  r(15) = 0.047       10/2014 -  1/2016        0.019    |
      |                    10/2013 -  1/2015        0.015    |
      |                     1/2015 -  4/2016        0.014    |
      |                     9/2013 - 12/2014        0.013    |
      |                                                      |
      |  r(16) = 0.053        1/2016 -  5/2017        0.018    |
      |                     1/2017 -  5/2018        0.018    |
      |                    12/2014 -  4/2016        0.014    |
      |                     9/2013 -  1/2015        0.013    |
      |                                                      |
      |  r(17) = 0.072       12/2016 -  5/2018        0.021    |
      |                     9/2015 -  2/2017        0.012    |
      |                     3/2014 -  8/2015        0.011    |
      |                     5/2012 - 10/2013        0.010    |
      |                                                      |
      |  r(18) = 0.042        7/2014 -  1/2016        0.017    |
      |                     9/2015 -  3/2017        0.016    |
      |                     4/2013 - 10/2014        0.014    |
      |                     8/2015 -  2/2017        0.014    |
      |                                                      |
      |  r(19) = 0.068        8/2015 -  3/2017        0.019    |
      |                    12/2010 -  7/2012        0.015    |
      |                    10/2016 -  5/2018        0.014    |
      |                     4/2013 - 11/2014        0.013    |
      |                                                      |
      |  r(20) = 0.144        4/2013 - 12/2014        0.027    |
      |                     1/2011 -  9/2012        0.014    |
      |                     5/2014 -  1/2016        0.013    |
      |                    12/2010 -  8/2012        0.013    |
      |                                                      |
      |  r(21) = 0.107       12/2010 -  9/2012        0.029    |
      |                     4/2013 -  1/2015        0.027    |
      |                     1/2006 - 10/2007        0.018    |
      |                     3/2017 - 12/2018        0.018    |
      |                                                      |
      |  r(22) = 0.032        3/2014 -  1/2016        0.019    |
      |                     1/2006 - 11/2007        0.018    |
      |                    11/2010 -  9/2012        0.016    |
      |                     2/2017 - 12/2018        0.013    |
      |                                                      |
      |  r(23) = -0.022       1/2015 - 12/2016       -0.021    |
      |                     1/2017 - 12/2018       -0.014    |
      |                    12/2010 - 11/2012       -0.012    |
      |                    10/2007 -  9/2009       -0.012    |
      |                                                      |
      |  r(24) = -0.003      12/2014 - 12/2016       -0.021    |
      |                    12/2008 - 12/2010       -0.020    |
      |                     1/2015 -  1/2017       -0.017    |
      |                    12/2016 - 12/2018       -0.017    |
      |                                                      |
      |  r(25) = 0.005        1/2015 -  2/2017        0.016    |
      |                    10/2006 - 11/2008        0.016    |
      |                     9/2005 - 10/2007        0.014    |
      |                    11/2012 - 12/2014        0.014    |
      |                                                      |
      |  r(26) = 0.055        1/2016 -  3/2018        0.025    |
      |                     1/2015 -  3/2017        0.022    |
      |                    12/2014 -  2/2017        0.016    |
      |                     9/2005 - 11/2007        0.014    |
      |                                                      |
      |  r(27) = 0.030       12/2014 -  3/2017        0.023    |
      |                    10/2013 -  1/2016        0.022    |
      |                     1/2016 -  4/2018        0.014    |
      |                     1/2003 -  4/2005        0.013    |
      |                                                      |
      |  r(28) = -0.011       1/2016 -  5/2018       -0.037    |
      |                     9/2012 -  1/2015       -0.032    |
      |                    12/2010 -  4/2013       -0.024    |
      |                     8/2008 - 12/2010       -0.014    |
      |                                                      |
      |  r(29) = 0.049        4/2013 -  9/2015        0.020    |
      |                     1/2006 -  6/2008        0.015    |
      |                    12/2014 -  5/2017        0.013    |
      |                    10/2014 -  3/2017        0.012    |
      |                                                      |
      |  r(30) = 0.078        6/2008 - 12/2010        0.015    |
      |                     6/2012 - 12/2014        0.013    |
      |                     9/2015 -  3/2018        0.013    |
      |                    11/2008 -  5/2011        0.012    |
      |                                                      |
      |  r(31) = 0.066        5/2012 - 12/2014        0.016    |
      |                     5/2008 - 12/2010        0.014    |
      |                     6/2012 -  1/2015        0.013    |
      |                    11/2008 -  6/2011        0.012    |
      |                                                      |
      |  r(32) = 0.058        1/2003 -  9/2005        0.017    |
      |                     5/2012 -  1/2015        0.016    |
      |                     4/2013 - 12/2015        0.015    |
      |                     9/2005 -  5/2008        0.012    |
      |                                                      |
      |  r(33) = 0.041        4/2013 -  1/2016        0.040    |
      |                     9/2005 -  6/2008        0.012    |
      |                    11/2012 -  8/2015        0.012    |
      |                     3/2008 - 12/2010        0.011    |
      |                                                      |
      |  r(34) = 0.038        1/2016 - 11/2018        0.020    |
      |                     4/2013 -  2/2016        0.017    |
      |                    11/2009 -  9/2012        0.016    |
      |                     2/2016 - 12/2018        0.013    |
      |                                                      |
      |  r(35) = 0.031        1/2016 - 12/2018        0.029    |
      |                     1/2008 - 12/2010        0.013    |
      |                    10/2006 -  9/2009        0.009    |
      |                     3/2014 -  2/2017        0.008    |
      |                                                      |
      |  r(36) = 0.014        1/2003 -  1/2006        0.022    |
      |                     1/2016 -  1/2019        0.017    |
      |                     1/2013 -  1/2016        0.016    |
      |                     4/2013 -  4/2016        0.016    |
      |                                                      |
      |  r(37) = -0.019       7/2012 -  8/2015       -0.014    |
      |                     9/2005 - 10/2008       -0.013    |
      |                     4/2013 -  5/2016       -0.012    |
      |                    12/2010 -  1/2014       -0.012    |
      |                                                      |
      |  r(38) = 0.044       11/2012 -  1/2016        0.020    |
      |                    10/2007 - 12/2010        0.017    |
      |                     1/2015 -  3/2018        0.017    |
      |                     1/2014 -  3/2017        0.012    |
      |                                                      |
      |  r(39) = 0.074       12/2014 -  3/2018        0.017    |
      |                     6/2009 -  9/2012        0.015    |
      |                     9/2015 - 12/2018        0.014    |
      |                     5/2012 -  8/2015        0.013    |
      |                                                      |
      +------------------------------------------------------+
