
Output file            : IPC_ES_m10s.out
Estimation method      : exact maximum likelihood
Check for invertibility: constrained search

Observations: 216.
Parameters  : 11.


Omegas for deterministic variable 1:
     -0.160968  (0.053920) [ 1]
Omegas for deterministic variable 2:
     -0.166659  (0.057191) [ 2]
Omegas for deterministic variable 3:
      0.289321  (0.027581) [ 3]
Omegas for deterministic variable 4:
     -0.577503  (0.027087) [ 4]
Omegas for deterministic variable 5:
      0.086169  (0.016210) [ 5]
Omegas for deterministic variable 6:
     -0.033318  (0.015957) [ 6]
Omegas for deterministic variable 7:
      0.058639  (0.011175) [ 7]
Omegas for deterministic variable 8:
     -0.017361  (0.011580) [ 8]
Omegas for deterministic variable 9:
      0.114979  (0.006285) [ 9]
Coefficients for regular AR factor 1:
      0.398292  (0.061606) [10]
Mean parameter (mu):
      0.154371  (0.028449) [11]

Box-Cox lambda     :  0.0
Seasonal period    : 12
Regular differences:  1
Annual differences :  0
Irreducible factors:  0 0 0 0 0 0 0

Coefficients of the non-stationary operator: 
  u[ 1]     =    1.0000000000
Coefficients of the Autoregressive operator: 
  phi[ 1]   =    0.3982920112
Coefficients of the Moving-Average operator: 

sigma2:   0.0631625103 (   0.0060919334)
sigma :   0.2513215277
logelf:  -8.2383832270

Selection Model Criterium:
Hannan-Quinn =  -2.73
Schwarz   =  -2.66

Estimated covariance matrix:

x[ 1] ->  0.002907335
x[ 2] ->  0.001452796  0.003270807
x[ 3] -> -0.000005692 -0.000046759  0.000760709
x[ 4] ->  0.000011223  0.000073021  0.000013216  0.000733709
x[ 5] -> -0.000026361 -0.000000122  0.000003753 -0.000000132  0.000262775
x[ 6] ->  0.000017220 -0.000006793 -0.000001074  0.000001131 -0.000002997  0.000254628
x[ 7] -> -0.000013839  0.000008130 -0.000001171  0.000001421 -0.000003011  0.000001782  0.000124883
x[ 8] -> -0.000000053  0.000000485  0.000001020  0.000000374 -0.000000629  0.000000486  0.000001445  0.000134090
x[ 9] ->  0.000005813 -0.000005785 -0.000002525  0.000002938 -0.000000733  0.000000414  0.000002423 -0.000001098  0.000039496
x[10] -> -0.000000942  0.000067606  0.000005701 -0.000009925  0.000012416  0.000000191  0.000011484 -0.000001670 -0.000003599  0.003795286
x[11] -> -0.000055553  0.000056307  0.000001597  0.000002934 -0.000007528  0.000002807  0.000003621 -0.000001347  0.000001166 -0.000020970  0.000809355


Estimated correlation matrix:

x[ 1] ->  1.00
x[ 2] ->  0.47  1.00
x[ 3] -> -0.00 -0.03  1.00
x[ 4] ->  0.01  0.05  0.02  1.00
x[ 5] -> -0.03 -0.00  0.01 -0.00  1.00
x[ 6] ->  0.02 -0.01 -0.00  0.00 -0.01  1.00
x[ 7] -> -0.02  0.01 -0.00  0.00 -0.02  0.01  1.00
x[ 8] -> -0.00  0.00  0.00  0.00 -0.00  0.00  0.01  1.00
x[ 9] ->  0.02 -0.02 -0.01  0.02 -0.01  0.00  0.03 -0.02  1.00
x[10] -> -0.00  0.02  0.00 -0.01  0.01  0.00  0.02 -0.00 -0.01  1.00
x[11] -> -0.04  0.03  0.00  0.00 -0.02  0.01  0.01 -0.00  0.01 -0.01  1.00

Correlations greater than or equal to 0.7 in absolute value:


Unconditional residuals (seasonal period: 12)
215 observations: from 2/2002 to 12/2019

                  Mean:          -0.000042
Standard error of mean:           0.017140
              Variance:           0.063162
    Standard deviation:           0.251321
              Skewness:          -0.111871
              Kurtosis:           0.109641
           Jarque-Bera:           0.543212
               Minimum:          -0.785559 at  1/2016 (observation 168)
               Maximum:           0.756358 at  5/2018 (observation 196)

Standardized time series plot (original values on right-side column):

              -3      -2      -1       0      +1      +2      +3  
-------------+-+-------+-------+-------+-------+-------+-------+-+--------------
   1  2/2002 |         :       :       *       :       :         |  0.0135577354
   2  3/2002 |         :       :       |       :*      :         |  0.2860050660
   3  4/2002 |         :       :       |    *  :       :         |  0.1508251306
   4  5/2002 |         :       :       *       :       :         |  0.0086201237
   5  6/2002 |         :       : *     |       :       :         | -0.1954572567
   6  7/2002 |         :       :       *       :       :         |  0.0057995174
   7  8/2002 |         :       :       |   *   :       :         |  0.1273956741
   8  9/2002 |         :       :       |    *  :       :         |  0.1561290227
   9 10/2002 |         :       :       |   *   :       :         |  0.1365392886
  10 11/2002 |         :       : *     |       :       :         | -0.1752931273
  11 12/2002 +         :       :       |       : *     :         +  0.3178897683
  12  1/2003 |         :       :       |       :      *:         |  0.4798006549
  13  2/2003 |         :       :    *  |       :       :         | -0.0940724302
  14  3/2003 |         :       :       |  *    :       :         |  0.1039689003
  15  4/2003 |         :    *  :       |       :       :         | -0.3354101655
  16  5/2003 |         :       :*      |       :       :         | -0.2288394673
  17  6/2003 |         :       :       | *     :       :         |  0.0472274303
  18  7/2003 |         :       :       | *     :       :         |  0.0475616564
  19  8/2003 |         :       :       |       :*      :         |  0.2734631572
  20  9/2003 |         :       :       *       :       :         |  0.0111864991
  21 10/2003 |         :       :  *    |       :       :         | -0.1472765781
  22 11/2003 |         :       :       |   *   :       :         |  0.1213812028
  23 12/2003 +         :       :       |  *    :       :         +  0.0886515350
  24  1/2004 |         :       :       |       *       :         |  0.2525526066
  25  2/2004 |         :       :  *    |       :       :         | -0.1439062112
  26  3/2004 |         :       :       |     * :       :         |  0.1744777866
  27  4/2004 |         :       :       |      *:       :         |  0.2129534696
  28  5/2004 |         :       :       |      *:       :         |  0.2323857359
  29  6/2004 |         :       :   *   |       :       :         | -0.1323628734
  30  7/2004 |         :       :   *   |       :       :         | -0.1213746205
  31  8/2004 |         :       :       |       : *     :         |  0.3087257883
  32  9/2004 |         :       :    *  |       :       :         | -0.1008832203
  33 10/2004 |         :       :       |       *       :         |  0.2508131391
  34 11/2004 |         :       :    *  |       :       :         | -0.0933396889
  35 12/2004 +         :       :  *    |       :       :         + -0.1502911064
  36  1/2005 |         :       :       |      *:       :         |  0.2174676962
  37  2/2005 |         :       :       |   *   :       :         |  0.1253568941
  38  3/2005 |         :       :       |     * :       :         |  0.1822225973
  39  4/2005 |         :       :       |       *       :         |  0.2459824089
  40  5/2005 |         :       : *     |       :       :         | -0.1920737965
  41  6/2005 |         :       :       |  *    :       :         |  0.1001537497
  42  7/2005 |         :       :       *       :       :         | -0.0030696089
  43  8/2005 |         :       :       |       *       :         |  0.2472861445
  44  9/2005 |         :       :       |       :  *    :         |  0.3341905020
  45 10/2005 |         :       :   *   |       :       :         | -0.1351772786
  46 11/2005 |         :       :    *  |       :       :         | -0.1076099560
  47 12/2005 +         :       :       |     * :       :         +  0.2021155964
  48  1/2006@|         :       :       |       :       :*        |@ 0.5319085228
  49  2/2006 |         :       *       |       :       :         | -0.2602935816
  50  3/2006 |         :       :       |     * :       :         |  0.1835875097
  51  4/2006 |         :       :       |       *       :         |  0.2491986719
  52  5/2006 |         :       :       *       :       :         | -0.0111849056
  53  6/2006 |         :       :     * |       :       :         | -0.0486743666
  54  7/2006 |         :       :       |*      :       :         |  0.0465807730
  55  8/2006 |         :       :       *       :       :         |  0.0056137233
  56  9/2006 |         :    *  :       |       :       :         | -0.3488501116
  57 10/2006 |         :       :*      |       :       :         | -0.2258569795
  58 11/2006 |         :       :       |    *  :       :         |  0.1474917489
  59 12/2006 +         :       :       |      *:       :         +  0.2221873910
  60  1/2007 |         :       :       |       *       :         |  0.2411217975
  61  2/2007 |         :       :   *   |       :       :         | -0.1338896060
  62  3/2007 |         :       :       |      *:       :         |  0.2264007460
  63  4/2007 |         :       :       |     * :       :         |  0.2003753144
  64  5/2007 |         :       :    *  |       :       :         | -0.0852572510
  65  6/2007 |         :       :       |*      :       :         |  0.0179190582
  66  7/2007 |         :       :    *  |       :       :         | -0.1010855616
  67  8/2007 |         :       :       *       :       :         | -0.0067624345
  68  9/2007 |         :       :       |    *  :       :         |  0.1695616169
  69 10/2007 |         :       :       |       :      *:         |  0.4565620232
  70 11/2007 |         :       :       |       *       :         |  0.2644341410
  71 12/2007 +         :       :       |     * :       :         +  0.1807691048
  72  1/2008 |         :       :       |       *       :         |  0.2369718451
  73  2/2008 |         :       :     * |       :       :         | -0.0670209747
  74  3/2008 |         :       :       |       : *     :         |  0.3189989321
  75  4/2008 |         :       :  *    |       :       :         | -0.1519519136
  76  5/2008 |         :       :       |       :     * :         |  0.4327466071
  77  6/2008 |         :       :       |       *       :         |  0.2499164372
  78  7/2008 |         :       :       *       :       :         | -0.0065854067
  79  8/2008 |         :*      :       |       :       :         | -0.4591038638
  80  9/2008 |         :       :      *|       :       :         | -0.0385517109
  81 10/2008 |         :    *  :       |       :       :         | -0.3488072637
  82 11/2008 |         *       :       |       :       :         | -0.4987797348
  83 12/2008 +         :      *:       |       :       :         + -0.2974178893
  84  1/2009 |         :       :       *       :       :         | -0.0107446492
  85  2/2009 |         :       :       |*      :       :         |  0.0341272255
  86  3/2009 |         :    *  :       |       :       :         | -0.3427047140
  87  4/2009 |         :       :       |*      :       :         |  0.0356622168
  88  5/2009 |         :       :*      |       :       :         | -0.2350936472
  89  6/2009 |         :       :       |       :    *  :         |  0.3970006162
  90  7/2009 |         :     * :       |       :       :         | -0.3297721463
  91  8/2009 |         :       :       |       *       :         |  0.2547246087
  92  9/2009 |         :*      :       |       :       :         | -0.4782163355
  93 10/2009 |         :       :       |  *    :       :         |  0.1037402383
  94 11/2009 |         :       :       |       : *     :         |  0.3207202393
  95 12/2009 +         :       : *     |       :       :         + -0.1932405144
  96  1/2010 |         :       :       |*      :       :         |  0.0263454442
  97  2/2010 |         :       *       |       :       :         | -0.2511255208
  98  3/2010 |         :       :       |       : *     :         |  0.3092450617
  99  4/2010 |         :       :    *  |       :       :         | -0.1051945771
 100  5/2010 |         :       :       *       :       :         | -0.0141285199
 101  6/2010 |         :       :       |*      :       :         |  0.0340518466
 102  7/2010 |         :       :       |     * :       :         |  0.1830197144
 103  8/2010 |         :       :       *       :       :         | -0.0046623272
 104  9/2010 |         :       :   *   |       :       :         | -0.1344172239
 105 10/2010 |         :       :       |     * :       :         |  0.1809044828
 106 11/2010 |         :       :       |       *       :         |  0.2427411312
 107 12/2010 +         :       :       |       :     * :         +  0.4437088185
 108  1/2011 |         :       :       |*      :       :         |  0.0460388171
 109  2/2011 |         :       :     * |       :       :         | -0.0507771341
 110  3/2011 |         :       :       |     * :       :         |  0.1917302546
 111  4/2011 |         :       :       | *     :       :         |  0.0696696638
 112  5/2011 |         :    *  :       |       :       :         | -0.3390083121
 113  6/2011 |         :       : *     |       :       :         | -0.1844001515
 114  7/2011 |         :       :       |      *:       :         |  0.2212470466
 115  8/2011 |         :       :    *  |       :       :         | -0.0973064641
 116  9/2011 |         :       :       |  *    :       :         |  0.0914595564
 117 10/2011 |         :       :       *       :       :         | -0.0126706921
 118 11/2011 |         :       :       |    *  :       :         |  0.1552598449
 119 12/2011 +         :       :       |*      :       :         +  0.0158307944
 120  1/2012 |         :       :   *   |       :       :         | -0.1329249015
 121  2/2012 |         :       :       | *     :       :         |  0.0736289821
 122  3/2012 |         :       :       |   *   :       :         |  0.1265619847
 123  4/2012 |         :       :       |       *       :         |  0.2577425757
 124  5/2012@|         *       :       |       :       :         |@-0.5169098377
 125  6/2012 |         :       : *     |       :       :         | -0.1846550147
 126  7/2012@|         :       :       |       :       :*        |@ 0.5439096357
 127  8/2012 |         :       :       |      *:       :         |  0.2186435314
 128  9/2012@|         :       :       |       :       :    *    |@ 0.6527008317
 129 10/2012 |         :       *       |       :       :         | -0.2445136205
 130 11/2012 |         :  *    :       |       :       :         | -0.3975705526
 131 12/2012 +         :       :       |    *  :       :         +  0.1665112788
 132  1/2013 |         :      *:       |       :       :         | -0.2892793167
 133  2/2013 |         :       :       |      *:       :         |  0.2144895720
 134  3/2013 |         :       :*      |       :       :         | -0.2194448307
 135  4/2013@|     *   :       :       |       :       :         |@-0.6377203738
 136  5/2013 |         :       :       |      *:       :         |  0.2219174567
 137  6/2013 |         :       :       |*      :       :         |  0.0176879791
 138  7/2013 |         :       :       |   *   :       :         |  0.1271078549
 139  8/2013 |         :       :       |  *    :       :         |  0.0810153455
 140  9/2013 |         :  *    :       |       :       :         | -0.4143148869
 141 10/2013 |         :       :*      |       :       :         | -0.2204754983
 142 11/2013 |         :       :       |  *    :       :         |  0.1094335896
 143 12/2013 +         :       :       | *     :       :         +  0.0544041167
 144  1/2014 |         :    *  :       |       :       :         | -0.3507031575
 145  2/2014 |         :       :       |*      :       :         |  0.0203264321
 146  3/2014 |         :       *       |       :       :         | -0.2628368654
 147  4/2014 |         :       :     * |       :       :         | -0.0736633698
 148  5/2014 |         :       :  *    |       :       :         | -0.1427539807
 149  6/2014 |         :       :      *|       :       :         | -0.0382903266
 150  7/2014 |         :       *       |       :       :         | -0.2524978785
 151  8/2014 |         :       :       |  *    :       :         |  0.0986970820
 152  9/2014 |         :       :       *       :       :         | -0.0139118932
 153 10/2014 |         :      *:       |       :       :         | -0.2967639882
 154 11/2014 |         :       : *     |       :       :         | -0.1916245522
 155 12/2014@+         *       :       |       :       :         +@-0.5094455891
 156  1/2015 |         :   *   :       |       :       :         | -0.3629190189
 157  2/2015 |         :       :       |       :   *   :         |  0.3810179839
 158  3/2015 |         :       :       | *     :       :         |  0.0513377165
 159  4/2015 |         :       :*      |       :       :         | -0.2089167729
 160  5/2015 |         :       :       |       : *     :         |  0.2988518402
 161  6/2015 |         :       :       |*      :       :         |  0.0207212022
 162  7/2015 |         :    *  :       |       :       :         | -0.3356254643
 163  8/2015 |         :  *    :       |       :       :         | -0.3971329962
 164  9/2015 |         :      *:       |       :       :         | -0.2790352687
 165 10/2015 |         :       :       | *     :       :         |  0.0608509602
 166 11/2015 |         :       :       |     * :       :         |  0.1737987362
 167 12/2015 +         :   *   :       |       :       :         + -0.3901878954
 168  1/2016@|*        :       :       |       :       :         |@-0.7855594495
 169  2/2016 |         :       :     * |       :       :         | -0.0563032847
 170  3/2016 |         :       :       |       :*      :         |  0.2773116597
 171  4/2016 |         : *     :       |       :       :         | -0.4264045694
 172  5/2016 |         :       :       |       :     * :         |  0.4532944977
 173  6/2016 |         :       :       |     * :       :         |  0.1873357758
 174  7/2016 |         :       :*      |       :       :         | -0.2105298402
 175  8/2016 |         :       :      *|       :       :         | -0.0159849335
 176  9/2016 |         :       :  *    |       :       :         | -0.1505113103
 177 10/2016 |         :       :       |       :     * :         |  0.4342415221
 178 11/2016 |         :       :      *|       :       :         | -0.0269350307
 179 12/2016 +         :       :       |       :       *         +  0.4932955518
 180  1/2017 |         :       :       |       *       :         |  0.2380053859
 181  2/2017@|      *  :       :       |       :       :         |@-0.6107273566
 182  3/2017 |         :   *   :       |       :       :         | -0.3803374946
 183  4/2017 |         :       :       |  *    :       :         |  0.0935757330
 184  5/2017 |         :       *       |       :       :         | -0.2539138107
 185  6/2017 |         :       :       *       :       :         |  0.0104240136
 186  7/2017 |         :       :       *       :       :         | -0.0056909255
 187  8/2017 |         :       :       |*      :       :         |  0.0386008669
 188  9/2017 |         :       :       *       :       :         | -0.0085034406
 189 10/2017 |         :       :       |    *  :       :         |  0.1483697859
 190 11/2017 |         :       :       |    *  :       :         |  0.1532455914
 191 12/2017 +         :       :    *  |       :       :         + -0.0895326232
 192  1/2018 |         :       :     * |       :       :         | -0.0773026248
 193  2/2018 |         :       :       |  *    :       :         |  0.0958733369
 194  3/2018 |         : *     :       |       :       :         | -0.4385772082
 195  4/2018 |         :       :    *  |       :       :         | -0.0946441416
 196  5/2018@|         :       :       |       :       :       * |@ 0.7563580811
 197  6/2018 |         :       :  *    |       :       :         | -0.1525843245
 198  7/2018 |         :       :   *   |       :       :         | -0.1206566509
 199  8/2018 |         :       :       *       :       :         | -0.0062690374
 200  9/2018 |         :       :       |  *    :       :         |  0.0833267589
 201 10/2018 |         :       :       |   *   :       :         |  0.1229592732
 202 11/2018 |         :  *    :       |       :       :         | -0.4125922029
 203 12/2018 +         :    *  :       |       :       :         + -0.3592714816
 204  1/2019 |         :       :    *  |       :       :         | -0.0826986414
 205  2/2019 |         :       :       |       :*      :         |  0.2863541116
 206  3/2019 |         :       *       |       :       :         | -0.2381272533
 207  4/2019 |         :       :       *       :       :         | -0.0110267506
 208  5/2019 |         :       :      *|       :       :         | -0.0186767711
 209  6/2019 |         :       *       |       :       :         | -0.2515878574
 210  7/2019 |         :       :       |   *   :       :         |  0.1281589615
 211  8/2019 |         :       *       |       :       :         | -0.2436172387
 212  9/2019 |         :       :    *  |       :       :         | -0.0813147719
 213 10/2019 |         :       :       |       *       :         |  0.2651670232
 214 11/2019 |         :       :  *    |       :       :         | -0.1519548567
 215 12/2019 +         :       :    *  |       :       :         + -0.0925644409
-------------+-+-------+-------+-------+-------+-------+-------+-+--------------
              -3      -2      -1       0      +1      +2      +3  

                 +------------------------------------------+
                 |       Table of standardized values       |
                 |       greater than or equal to 2.0       |
                 +------------------------------------------+
                 |                                          |
                 | Observation    Date   Standardized value |
                 |                                          |
                 |     48        1/2006         2.12        |
                 |    124        5/2012        -2.06        |
                 |    126        7/2012         2.16        |
                 |    128        9/2012         2.60        |
                 |    135        4/2013        -2.54        |
                 |    155       12/2014        -2.03        |
                 |    168        1/2016        -3.13        |
                 |    181        2/2017        -2.43        |
                 |    196        5/2018         3.01        |
                 +------------------------------------------+

Standardized time series histogram:

       -4      -3      -2      -1       0      +1      +2      +3      +4
        +---+---+---+---+---+---+---+---+---+---+---+---+---+---+---+---+
        |                                     42                        |
        |                             39  39 ....                       |
        |                            ............                       |
        |                            ............                       |
        |                         31 ............                       |
        |                        ................                       |
        |                        ................                       |
        |                        ................                       |
        |                     19 ................                       |
        |                    .................... 16                    |
        |                    ........................                   |
        |                 11 ........................                   |
        |                ............................  9                |
        |                ................................               |
        |              3 ................................               |
        |      1   1 ....................................  2   1   1    |
        |    ........................................................   |
        +---+---+---+---+---+---+---+---+---+---+---+---+---+---+---+---+
       -4      -3      -2      -1       0      +1      +2      +3      +4

              64 values outside (-1,+1): 29.77 % (31.74 % expected)
               9 values outside (-2,+2):  4.19 % ( 4.56 % expected)

Autocorrelation function (acf bands = +- 0.136):

            -1                         0                         1  L-B Q  DF
-------------+-------------------------+-------------------------+--------------
   1   0.028 |                      :  |* :                      | 
   2  -0.088 |                      :**|  :                      | 
   3   0.035 |                      :  |* :                      | 
   4   0.003 |                      :  |  :                      | 
   5   0.147 |                      :  |****                     | 
   6  -0.008 |                      :  |  :                      | 
   7   0.026 |                      :  |* :                      | 
   8   0.002 |                      :  |  :                      | 
   9   0.077 |                      :  |**:                      | 
  10   0.007 |                      :  |  :                      | 
  11   0.025 |                      :  |* :                      | 
  12   0.028 +                      :  |+ :                      +   8.77  11
  13   0.033 |                      :  |* :                      | 
  14  -0.028 |                      : *|  :                      | 
  15   0.034 |                      :  |* :                      | 
  16   0.014 |                      :  |  :                      | 
  17   0.059 |                      :  |* :                      | 
  18  -0.014 |                      :  |  :                      | 
  19   0.013 |                      :  |  :                      | 
  20   0.107 |                      :  |***                      | 
  21   0.068 |                      :  |**:                      | 
  22   0.004 |                      :  |  :                      | 
  23  -0.047 |                      : *|  :                      | 
  24   0.010 +                      :  |  :                      +  14.82  23
  25  -0.025 |                      : *|  :                      | 
  26   0.065 |                      :  |**:                      | 
  27   0.015 |                      :  |  :                      | 
  28  -0.051 |                      : *|  :                      | 
  29   0.038 |                      :  |* :                      | 
  30   0.047 |                      :  |* :                      | 
  31   0.033 |                      :  |* :                      | 
  32   0.023 |                      :  |* :                      | 
  33   0.015 |                      :  |  :                      | 
  34   0.018 |                      :  |  :                      | 
  35   0.019 |                      :  |  :                      | 
  36   0.017 +                      :  |  :                      +  18.38  35
  37  -0.062 |                      :**|  :                      | 
  38   0.041 |                      :  |* :                      | 
  39   0.075 |                      :  |**:                      |  21.34  38
-------------+-------------------------+-------------------------+--------------
            -1                         0                         1  L-B Q  DF

Partial autocorrelation function (pacf bands = +- 0.136):

            -1                         0                         1
-------------+-------------------------+-------------------------+--------------
   1   0.028 |                      :  |* :                      | 
   2  -0.089 |                      :**|  :                      | 
   3   0.041 |                      :  |* :                      | 
   4  -0.007 |                      :  |  :                      | 
   5   0.155 |                      :  |****                     | 
   6  -0.021 |                      : *|  :                      | 
   7   0.057 |                      :  |* :                      | 
   8  -0.018 |                      :  |  :                      | 
   9   0.092 |                      :  |**:                      | 
  10  -0.030 |                      : *|  :                      | 
  11   0.053 |                      :  |* :                      | 
  12   0.000 +                      :  |  :                      + 
  13   0.050 |                      :  |* :                      | 
  14  -0.065 |                      :**|  :                      | 
  15   0.058 |                      :  |* :                      | 
  16  -0.026 |                      : *|  :                      | 
  17   0.082 |                      :  |**:                      | 
  18  -0.058 |                      : *|  :                      | 
  19   0.060 |                      :  |* :                      | 
  20   0.061 |                      :  |**:                      | 
  21   0.092 |                      :  |**:                      | 
  22  -0.032 |                      : *|  :                      | 
  23  -0.008 |                      :  |  :                      | 
  24  -0.030 +                      : +|  :                      + 
  25  -0.040 |                      : *|  :                      | 
  26   0.031 |                      :  |* :                      | 
  27   0.014 |                      :  |  :                      | 
  28  -0.052 |                      : *|  :                      | 
  29   0.036 |                      :  |* :                      | 
  30   0.030 |                      :  |* :                      | 
  31   0.035 |                      :  |* :                      | 
  32   0.014 |                      :  |  :                      | 
  33   0.028 |                      :  |* :                      | 
  34   0.012 |                      :  |  :                      | 
  35   0.012 |                      :  |  :                      | 
  36   0.001 +                      :  |  :                      + 
  37  -0.081 |                      :**|  :                      | 
  38   0.040 |                      :  |* :                      | 
  39   0.040 |                      :  |* :                      | 
-------------+-------------------------+-------------------------+--------------
            -1                         0                         1

      +------------------------------------------------------+
      |         Calibration of distortions of the ACF        |
      |                                                      |
      +------------------------------------------------------+
      |                                                      |
      |     Lag                 Dates          Contribution  |
      |                                                      |
      |  r(1) = 0.028       12/2015 -  1/2016        0.023    |
      |                     2/2017 -  3/2017        0.017    |
      |                    12/2014 -  1/2015        0.014    |
      |                    10/2008 - 11/2008        0.013    |
      |                                                      |
      |  r(2) = -0.088       3/2018 -  5/2018       -0.024    |
      |                    12/2016 -  2/2017       -0.022    |
      |                     5/2012 -  7/2012       -0.021    |
      |                     9/2012 - 11/2012       -0.019    |
      |                                                      |
      |  r(3) = 0.035        1/2016 -  4/2016        0.025    |
      |                     8/2008 - 11/2008        0.017    |
      |                     1/2013 -  4/2013        0.014    |
      |                     2/2017 -  5/2017        0.011    |
      |                                                      |
      |  r(4) = 0.003        9/2015 -  1/2016        0.016    |
      |                     9/2005 -  1/2006        0.013    |
      |                    11/2008 -  3/2009        0.013    |
      |                    12/2015 -  4/2016        0.012    |
      |                                                      |
      |  r(5) = 0.147        8/2015 -  1/2016        0.023    |
      |                     4/2013 -  9/2013        0.019    |
      |                    11/2012 -  4/2013        0.019    |
      |                     5/2016 - 10/2016        0.014    |
      |                                                      |
      |  r(6) = -0.008       5/2018 - 11/2018       -0.023    |
      |                     5/2008 - 11/2008       -0.016    |
      |                     4/2016 - 10/2016       -0.014    |
      |                     7/2012 -  1/2013       -0.012    |
      |                                                      |
      |  r(7) = 0.026        5/2016 - 12/2016        0.016    |
      |                    10/2007 -  5/2008        0.015    |
      |                    12/2014 -  7/2015        0.013    |
      |                     8/2008 -  3/2009        0.012    |
      |                                                      |
      |  r(8) = 0.002       12/2014 -  8/2015        0.015    |
      |                     3/2018 - 11/2018        0.013    |
      |                     8/2015 -  4/2016        0.012    |
      |                    11/2008 -  7/2009        0.012    |
      |                                                      |
      |  r(9) = 0.077        4/2013 -  1/2014        0.016    |
      |                     5/2018 -  2/2019        0.016    |
      |                     4/2015 -  1/2016        0.012    |
      |                     3/2018 - 12/2018        0.012    |
      |                                                      |
      |  r(10) = 0.007        4/2016 -  2/2017        0.019    |
      |                    11/2008 -  9/2009        0.018    |
      |                    11/2012 -  9/2013        0.012    |
      |                     3/2002 -  1/2003        0.010    |
      |                                                      |
      |  r(11) = 0.025        5/2012 -  4/2013        0.024    |
      |                     1/2014 - 12/2014        0.013    |
      |                     4/2013 -  3/2014        0.012    |
      |                    10/2008 -  9/2009        0.012    |
      |                                                      |
      |  r(12) = 0.028        1/2015 -  1/2016        0.021    |
      |                    12/2014 - 12/2015        0.015    |
      |                     5/2011 -  5/2012        0.013    |
      |                     3/2017 -  3/2018        0.012    |
      |                                                      |
      |  r(13) = 0.033        1/2016 -  2/2017        0.035    |
      |                    12/2014 -  1/2016        0.029    |
      |                     2/2017 -  3/2018        0.020    |
      |                     8/2008 -  9/2009        0.016    |
      |                                                      |
      |  r(14) = -0.028       3/2017 -  5/2018       -0.021    |
      |                     7/2012 -  9/2013       -0.017    |
      |                     5/2011 -  7/2012       -0.014    |
      |                     8/2015 - 10/2016       -0.013    |
      |                                                      |
      |  r(15) = 0.034       10/2014 -  1/2016        0.017    |
      |                     9/2013 - 12/2014        0.016    |
      |                     2/2015 -  5/2016        0.013    |
      |                     4/2013 -  7/2014        0.012    |
      |                                                      |
      |  r(16) = 0.014       12/2014 -  4/2016        0.016    |
      |                     5/2012 -  9/2013        0.016    |
      |                     1/2016 -  5/2017        0.015    |
      |                     1/2017 -  5/2018        0.013    |
      |                                                      |
      |  r(17) = 0.059       12/2016 -  5/2018        0.027    |
      |                     5/2018 - 10/2019        0.015    |
      |                     9/2015 -  2/2017        0.013    |
      |                     8/2004 -  1/2006        0.012    |
      |                                                      |
      |  r(18) = -0.014       7/2012 -  1/2014       -0.014    |
      |                     9/2012 -  3/2014       -0.013    |
      |                     3/2008 -  9/2009       -0.011    |
      |                    11/2010 -  5/2012       -0.009    |
      |                                                      |
      |  r(19) = 0.013       10/2016 -  5/2018        0.024    |
      |                    12/2010 -  7/2012        0.018    |
      |                     7/2015 -  2/2017        0.015    |
      |                     8/2015 -  3/2017        0.011    |
      |                                                      |
      |  r(20) = 0.107        4/2013 - 12/2014        0.024    |
      |                    10/2007 -  6/2009        0.013    |
      |                     5/2012 -  1/2014        0.013    |
      |                     2/2015 - 10/2016        0.012    |
      |                                                      |
      |  r(21) = 0.068       12/2010 -  9/2012        0.021    |
      |                     2/2017 - 11/2018        0.019    |
      |                     1/2006 - 10/2007        0.018    |
      |                     4/2013 -  1/2015        0.017    |
      |                                                      |
      |  r(22) = 0.004        2/2017 - 12/2018        0.016    |
      |                     3/2014 -  1/2016        0.015    |
      |                     2/2015 - 12/2016        0.014    |
      |                    11/2010 -  9/2012        0.012    |
      |                                                      |
      |  r(23) = -0.047      10/2007 -  9/2009       -0.016    |
      |                    12/2016 - 11/2018       -0.015    |
      |                     1/2015 - 12/2016       -0.013    |
      |                    12/2010 - 11/2012       -0.013    |
      |                                                      |
      |  r(24) = 0.010        5/2016 -  5/2018        0.025    |
      |                     1/2014 -  1/2016        0.020    |
      |                     1/2004 -  1/2006        0.010    |
      |                     4/2013 -  4/2015        0.010    |
      |                                                      |
      |  r(25) = -0.025       4/2016 -  5/2018       -0.024    |
      |                    11/2008 - 12/2010       -0.016    |
      |                     9/2012 - 10/2014       -0.014    |
      |                     4/2013 -  5/2015       -0.014    |
      |                                                      |
      |  r(26) = 0.065        1/2016 -  3/2018        0.025    |
      |                    12/2014 -  2/2017        0.023    |
      |                     3/2016 -  5/2018        0.015    |
      |                     9/2006 - 11/2008        0.013    |
      |                                                      |
      |  r(27) = 0.015        4/2013 -  7/2015        0.016    |
      |                    12/2014 -  3/2017        0.014    |
      |                    10/2013 -  1/2016        0.013    |
      |                    12/2015 -  3/2018        0.013    |
      |                                                      |
      |  r(28) = -0.051       1/2016 -  5/2018       -0.044    |
      |                    12/2010 -  4/2013       -0.021    |
      |                     9/2012 -  1/2015       -0.017    |
      |                     8/2008 - 12/2010       -0.015    |
      |                                                      |
      |  r(29) = 0.038        9/2012 -  2/2015        0.018    |
      |                     4/2013 -  9/2015        0.013    |
      |                     5/2012 - 10/2014        0.011    |
      |                     8/2003 -  1/2006        0.011    |
      |                                                      |
      |  r(30) = 0.047        3/2010 -  9/2012        0.015    |
      |                    11/2008 -  5/2011        0.012    |
      |                     2/2017 -  8/2019        0.011    |
      |                    11/2015 -  5/2018        0.010    |
      |                                                      |
      |  r(31) = 0.033        5/2012 - 12/2014        0.019    |
      |                     7/2012 -  2/2015        0.015    |
      |                     5/2008 - 12/2010        0.014    |
      |                     9/2013 -  4/2016        0.013    |
      |                                                      |
      |  r(32) = 0.023        4/2013 - 12/2015        0.018    |
      |                     9/2009 -  5/2012        0.018    |
      |                     9/2012 -  5/2015        0.014    |
      |                     5/2012 -  1/2015        0.014    |
      |                                                      |
      |  r(33) = 0.015        4/2013 -  1/2016        0.037    |
      |                    11/2012 -  8/2015        0.012    |
      |                     8/2008 -  5/2011        0.011    |
      |                     3/2008 - 12/2010        0.010    |
      |                                                      |
      |  r(34) = 0.018        1/2016 - 11/2018        0.024    |
      |                    11/2009 -  9/2012        0.015    |
      |                     3/2013 -  1/2016        0.013    |
      |                     7/2009 -  5/2012        0.013    |
      |                                                      |
      |  r(35) = 0.019        1/2016 - 12/2018        0.021    |
      |                    12/2015 - 11/2018        0.012    |
      |                     3/2014 -  2/2017        0.012    |
      |                     8/2009 -  7/2012        0.010    |
      |                                                      |
      |  r(36) = 0.017        4/2013 -  4/2016        0.020    |
      |                     1/2003 -  1/2006        0.019    |
      |                     1/2013 -  1/2016        0.017    |
      |                     5/2015 -  5/2018        0.017    |
      |                                                      |
      |  r(37) = -0.062       4/2013 -  5/2016       -0.021    |
      |                     1/2016 -  2/2019       -0.017    |
      |                     7/2012 -  8/2015       -0.016    |
      |                     3/2010 -  4/2013       -0.015    |
      |                                                      |
      |  r(38) = 0.041       11/2012 -  1/2016        0.023    |
      |                    10/2007 - 12/2010        0.015    |
      |                     9/2009 - 11/2012        0.014    |
      |                     1/2016 -  3/2019        0.014    |
      |                                                      |
      |  r(39) = 0.075        2/2015 -  5/2018        0.021    |
      |                     6/2009 -  9/2012        0.019    |
      |                    12/2014 -  3/2018        0.016    |
      |                     5/2012 -  8/2015        0.015    |
      |                                                      |
      +------------------------------------------------------+
