
Output file            : IPC_ES_m01.out
Estimation method      : exact maximum likelihood
Check for invertibility: constrained search

Observations: 216.
Parameters  : 13.


Omegas for deterministic variable 1:
     -0.161490  (0.085121) [ 1]
Omegas for deterministic variable 2:
     -0.166325  (0.066301) [ 2]
Omegas for deterministic variable 3:
      0.289070  (0.030557) [ 3]
Omegas for deterministic variable 4:
     -0.577529  (0.030578) [ 4]
Omegas for deterministic variable 5:
      0.086067  (0.018699) [ 5]
Omegas for deterministic variable 6:
     -0.033391  (0.018698) [ 6]
Omegas for deterministic variable 7:
      0.058610  (0.012085) [ 7]
Omegas for deterministic variable 8:
     -0.017420  (0.012058) [ 8]
Omegas for deterministic variable 9:
     -0.002569  (0.008271) [ 9]
Omegas for deterministic variable 10:
      0.011528  (0.007884) [10]
Omegas for deterministic variable 11:
      0.114986  (0.004804) [11]
Coefficients for regular MA factor 1:
     -0.431279  (0.062365) [12]
Mean parameter (mu):
      0.154541  (0.024214) [13]

Box-Cox lambda     :  0.0
Seasonal period    : 12
Regular differences:  1
Annual differences :  0
Irreducible factors:  0 0 0 0 0 0 0

Coefficients of the non-stationary operator: 
  u[ 1]     =    1.0000000000
Coefficients of the Autoregressive operator: 
Coefficients of the Moving-Average operator: 
  theta[ 1] =   -0.4312791284

sigma2:   0.0623388877 (   0.0060124962)
sigma :   0.2496775675
logelf:  -6.8439245194

Selection Model Criterium:
Hannan-Quinn =  -2.74
Schwarz   =  -2.68

Estimated covariance matrix:

x[ 1] ->  0.007245579
x[ 2] ->  0.000819839  0.004395841
x[ 3] ->  0.000000815 -0.000003115  0.000933755
x[ 4] -> -0.000001697  0.000006194 -0.000000712  0.000935021
x[ 5] ->  0.000001032 -0.000003825 -0.000000450  0.000000703  0.000349661
x[ 6] -> -0.000001008  0.000003883  0.000001340 -0.000002286 -0.000007337  0.000349625
x[ 7] ->  0.000001118 -0.000004181  0.000000970 -0.000001709  0.000000873 -0.000000812  0.000146042
x[ 8] -> -0.000000652  0.000002434 -0.000000691  0.000001212 -0.000000389  0.000000365 -0.000000586  0.000145385
x[ 9] ->  0.000001360 -0.000004985  0.000001485 -0.000002416  0.000001111 -0.000001003  0.000001215 -0.000000709  0.000068404
x[10] -> -0.000000428  0.000001592 -0.000000256  0.000000354 -0.000000111  0.000000247 -0.000000319  0.000000160 -0.000001785  0.000062164
x[11] ->  0.000000584 -0.000002206 -0.000001224  0.000002164  0.000000224  0.000000093  0.000000394 -0.000000250  0.000000648 -0.000000152  0.000023083
x[12] ->  0.000000656 -0.000003609  0.000027805 -0.000046151 -0.000003851 -0.000000179  0.000001022 -0.000000455 -0.000003489 -0.000002291  0.000004825  0.003889451
x[13] -> -0.000000805  0.000003330  0.000004258 -0.000007252  0.000000485 -0.000001800 -0.000000977  0.000000635 -0.000000642  0.000001007  0.000000325 -0.000017132  0.000586302


Estimated correlation matrix:

x[ 1] ->  1.00
x[ 2] ->  0.15  1.00
x[ 3] ->  0.00 -0.00  1.00
x[ 4] -> -0.00  0.00 -0.00  1.00
x[ 5] ->  0.00 -0.00 -0.00  0.00  1.00
x[ 6] -> -0.00  0.00  0.00 -0.00 -0.02  1.00
x[ 7] ->  0.00 -0.01  0.00 -0.00  0.00 -0.00  1.00
x[ 8] -> -0.00  0.00 -0.00  0.00 -0.00  0.00 -0.00  1.00
x[ 9] ->  0.00 -0.01  0.01 -0.01  0.01 -0.01  0.01 -0.01  1.00
x[10] -> -0.00  0.00 -0.00  0.00 -0.00  0.00 -0.00  0.00 -0.03  1.00
x[11] ->  0.00 -0.01 -0.01  0.01  0.00  0.00  0.01 -0.00  0.02 -0.00  1.00
x[12] ->  0.00 -0.00  0.01 -0.02 -0.00 -0.00  0.00 -0.00 -0.01 -0.00  0.02  1.00
x[13] -> -0.00  0.00  0.01 -0.01  0.00 -0.00 -0.00  0.00 -0.00  0.01  0.00 -0.01  1.00

Correlations greater than or equal to 0.7 in absolute value:


Unconditional residuals (seasonal period: 12)
215 observations: from 2/2002 to 12/2019

                  Mean:           0.000082
Standard error of mean:           0.017028
              Variance:           0.062337
    Standard deviation:           0.249675
              Skewness:          -0.118070
              Kurtosis:           0.056645
           Jarque-Bera:           0.515996
               Minimum:          -0.757725 at  1/2016 (observation 168)
               Maximum:           0.757975 at  9/2012 (observation 128)

Standardized time series plot (original values on right-side column):

             -3       -2      -1       0      +1      +2       +3 
-------------++--------+-------+-------+-------+-------+--------++--------------
   1  2/2002 |         :       :       |*      :       :         |  0.0419303184
   2  3/2002 |         :       :       |       *       :         |  0.2510549924
   3  4/2002 |         :       :       |     * :       :         |  0.1791320961
   4  5/2002 |         :       :       |*      :       :         |  0.0254841772
   5  6/2002 |         :       :  *    |       :       :         | -0.1596622203
   6  7/2002 |         :       :       |*      :       :         |  0.0256384220
   7  8/2002 |         :       :       | *     :       :         |  0.0756058467
   8  9/2002 |         :       :       |     * :       :         |  0.1885920962
   9 10/2002 |         :       :       |   *   :       :         |  0.1139383962
  10 11/2002 |         :       :   *   |       :       :         | -0.1262565775
  11 12/2002 +         :       :       |       :  *    :         +  0.3358811342
  12  1/2003 |         :       :       |       :     * :         |  0.4362913643
  13  2/2003 |         :       :      *|       :       :         | -0.0281273080
  14  3/2003 |         :       :       |    *  :       :         |  0.1492952008
  15  4/2003 |         :     * :       |       :       :         | -0.3157805888
  16  5/2003 |         :       :*      |       :       :         | -0.2131294625
  17  6/2003 |         :       :       *       :       :         |  0.0058800008
  18  7/2003 |         :       :       |*      :       :         |  0.0209519348
  19  8/2003 |         :       :       |       *       :         |  0.2502639439
  20  9/2003 |         :       :       |*      :       :         |  0.0370830840
  21 10/2003 |         :       :   *   |       :       :         | -0.1348777249
  22 11/2003 |         :       :       |    *  :       :         |  0.1526000139
  23 12/2003 +         :       :       | *     :       :         +  0.0547038287
  24  1/2004 |         :       :       |       :*      :         |  0.2662191445
  25  2/2004 |         :       :   *   |       :       :         | -0.1206501374
  26  3/2004 |         :       :       |     * :       :         |  0.1936419877
  27  4/2004 |         :       :       |      *:       :         |  0.2152270617
  28  5/2004 |         :       :       |       *       :         |  0.2381969997
  29  6/2004 |         :       :    *  |       :       :         | -0.0973844057
  30  7/2004 |         :       :     * |       :       :         | -0.0670513299
  31  8/2004 |         :       :       |       :*      :         |  0.2706913023
  32  9/2004 |         :       :    *  |       :       :         | -0.0907772386
  33 10/2004 |         :       :       |       :*      :         |  0.2709386458
  34 11/2004 |         :       :    *  |       :       :         | -0.0974708009
  35 12/2004 +         :       :   *   |       :       :         + -0.1062805777
  36  1/2005 |         :       :       |     * :       :         |  0.1934887236
  37  2/2005 |         :       :       |   *   :       :         |  0.1233590333
  38  3/2005 |         :       :       |     * :       :         |  0.1808443689
  39  4/2005 |         :       :       |       : *     :         |  0.2905928406
  40  5/2005 |         :       : *     |       :       :         | -0.1909469440
  41  6/2005 |         :       :       |    *  :       :         |  0.1622343981
  42  7/2005 |         :       :      *|       :       :         | -0.0310266088
  43  8/2005 |         :       :       |       *       :         |  0.2526593352
  44  9/2005 |         :       :       |       :   *   :         |  0.3510794538
  45 10/2005 |         :       :   *   |       :       :         | -0.1327247921
  46 11/2005 |         :       :      *|       :       :         | -0.0225254275
  47 12/2005 +         :       :       |     * :       :         +  0.1743145934
  48  1/2006@|         :       :       |       :       :*        |@ 0.5115472685
  49  2/2006 |         :       :*      |       :       :         | -0.2245840326
  50  3/2006 |         :       :       |       *       :         |  0.2483214366
  51  4/2006 |         :       :       |       *       :         |  0.2318152987
  52  5/2006 |         :       :       *       :       :         |  0.0034717240
  53  6/2006 |         :       :       *       :       :         | -0.0031035436
  54  7/2006 |         :       :       | *     :       :         |  0.0574740679
  55  8/2006 |         :       :      *|       :       :         | -0.0203333983
  56  9/2006 |         :     * :       |       :       :         | -0.3077537100
  57 10/2006 |         :       *       |       :       :         | -0.2485648217
  58 11/2006 |         :       :       |   *   :       :         |  0.1232264187
  59 12/2006 +         :       :       |     * :       :         +  0.1696800299
  60  1/2007 |         :       :       |       *       :         |  0.2459499522
  61  2/2007 |         :       :    *  |       :       :         | -0.0902148697
  62  3/2007 |         :       :       |       *       :         |  0.2410792343
  63  4/2007 |         :       :       |      *:       :         |  0.2063121077
  64  5/2007 |         :       :     * |       :       :         | -0.0710033743
  65  6/2007 |         :       :       | *     :       :         |  0.0615657887
  66  7/2007 |         :       :    *  |       :       :         | -0.1051184840
  67  8/2007 |         :       :      *|       :       :         | -0.0162375199
  68  9/2007 |         :       :       |     * :       :         |  0.1825935666
  69 10/2007 |         :       :       |       :     * :         |  0.4183826075
  70 11/2007 |         :       :       |       : *     :         |  0.3023975567
  71 12/2007 +         :       :       |       *       :         +  0.2369163199
  72  1/2008 |         :       :       |       :*      :         |  0.2703591963
  73  2/2008 |         :       :       *       :       :         | -0.0126019132
  74  3/2008 |         :       :       |       :  *    :         |  0.3353100913
  75  4/2008 |         :       :   *   |       :       :         | -0.1357915565
  76  5/2008 |         :       :       |       :       *         |  0.4744720058
  77  6/2008 |         :       :       |      *:       :         |  0.2168046399
  78  7/2008 |         :       :       |  *    :       :         |  0.0779598392
  79  8/2008 |         :*      :       |       :       :         | -0.4479520166
  80  9/2008 |         :       :       |*      :       :         |  0.0201695401
  81 10/2008 |         :*      :       |       :       :         | -0.4557865503
  82 11/2008 |         :*      :       |       :       :         | -0.4598803908
  83 12/2008 +         :   *   :       |       :       :         + -0.3662857569
  84  1/2009 |         :       :    *  |       :       :         | -0.0883997186
  85  2/2009 |         :       :       *       :       :         | -0.0032343464
  86  3/2009 |         :  *    :       |       :       :         | -0.3883283876
  87  4/2009 |         :       :       |  *    :       :         |  0.0773024353
  88  5/2009 |         :    *  :       |       :       :         | -0.3247006276
  89  6/2009 |         :       :       |       :     * :         |  0.4268554474
  90  7/2009 |         :  *    :       |       :       :         | -0.3894337754
  91  8/2009 |         :       :       |       : *     :         |  0.3173759079
  92  9/2009@|        *:       :       |       :       :         |@-0.5250275992
  93 10/2009 |         :       :       |    *  :       :         |  0.1462096619
  94 11/2009 |         :       :       |       *       :         |  0.2461102081
  95 12/2009 +         :       : *     |       :       :         + -0.1819890585
  96  1/2010 |         :       :       | *     :       :         |  0.0638825154
  97  2/2010 |         :      *:       |       :       :         | -0.2618528735
  98  3/2010 |         :       :       |       : *     :         |  0.2983107533
  99  4/2010 |         :       :   *   |       :       :         | -0.1306288100
 100  5/2010 |         :       :       |*      :       :         |  0.0210710119
 101  6/2010 |         :       :       |*      :       :         |  0.0167832722
 102  7/2010 |         :       :       |     * :       :         |  0.1962801183
 103  8/2010 |         :       :      *|       :       :         | -0.0317722015
 104  9/2010 |         :       :     * |       :       :         | -0.0691000755
 105 10/2010 |         :       :       |    *  :       :         |  0.1483592443
 106 11/2010 |         :       :       |       *       :         |  0.2463771562
 107 12/2010 +         :       :       |       :      *:         +  0.4553207130
 108  1/2011 |         :       :       | *     :       :         |  0.0625987314
 109  2/2011 |         :       :       | *     :       :         |  0.0480117674
 110  3/2011 |         :       :       |     * :       :         |  0.1703538830
 111  4/2011 |         :       :       |  *    :       :         |  0.1016833677
 112  5/2011 |         :    *  :       |       :       :         | -0.3334518847
 113  6/2011 |         :       :  *    |       :       :         | -0.1500686059
 114  7/2011 |         :       :       |     * :       :         |  0.1791132312
 115  8/2011 |         :       :  *    |       :       :         | -0.1525110388
 116  9/2011 |         :       :       |    *  :       :         |  0.1578106883
 117 10/2011 |         :       :     * |       :       :         | -0.0734409802
 118 11/2011 |         :       :       |      *:       :         |  0.2051900236
 119 12/2011 +         :       :       *       :       :         + -0.0092984070
 120  1/2012 |         :       :   *   |       :       :         | -0.1081134628
 121  2/2012 |         :       :       |  *    :       :         |  0.0982392227
 122  3/2012 |         :       :       | *     :       :         |  0.0742046616
 123  4/2012 |         :       :       |       : *     :         |  0.3015557880
 124  5/2012@|       * :       :       |       :       :         |@-0.5344626609
 125  6/2012 |         :       :   *   |       :       :         | -0.1093596116
 126  7/2012 |         :       :       |       :      *:         |  0.4659043154
 127  8/2012 |         :       :       |    *  :       :         |  0.1609713345
 128  9/2012@|         :       :       |       :       :        *|@ 0.7579746313
 129 10/2012 |         :      *:       |       :       :         | -0.2712331424
 130 11/2012 |         :       *       |       :       :         | -0.2380226003
 131 12/2012 +         :       :       |   *   :       :         +  0.1220266292
 132  1/2013 |         :    *  :       |       :       :         | -0.3449327747
 133  2/2013 |         :       :       |       :*      :         |  0.2694701612
 134  3/2013 |         :     * :       |       :       :         | -0.3181302136
 135  4/2013@|       * :       :       |       :       :         |@-0.5515519651
 136  5/2013 |         :       :       |    *  :       :         |  0.1651128633
 137  6/2013 |         :       :    *  |       :       :         | -0.0766362085
 138  7/2013 |         :       :       |     * :       :         |  0.1681926913
 139  8/2013 |         :       :       |*      :       :         |  0.0387848604
 140  9/2013 |         :   *   :       |       :       :         | -0.3561499313
 141 10/2013 |         :       *       |       :       :         | -0.2314318482
 142 11/2013 |         :       :       |  *    :       :         |  0.0762898302
 143 12/2013 +         :       :       *       :       :         +  0.0063880745
 144  1/2014 |         :   *   :       |       :       :         | -0.3485510051
 145  2/2014 |         :       :       | *     :       :         |  0.0555625599
 146  3/2014 |         :   *   :       |       :       :         | -0.3550875748
 147  4/2014 |         :       :      *|       :       :         | -0.0230198292
 148  5/2014 |         :       :*      |       :       :         | -0.2233416776
 149  6/2014 |         :       :      *|       :       :         | -0.0290118945
 150  7/2014 |         :      *:       |       :       :         | -0.2797108219
 151  8/2014 |         :       :       |  *    :       :         |  0.0794223107
 152  9/2014 |         :       :      *|       :       :         | -0.0340260901
 153 10/2014 |         :     * :       |       :       :         | -0.3113657757
 154 11/2014 |         :       : *     |       :       :         | -0.1667986887
 155 12/2014@+      *  :       :       |       :       :         +@-0.5631734948
 156  1/2015 |         :  *    :       |       :       :         | -0.3837352102
 157  2/2015 |         :       :       |       :  *    :         |  0.3195782806
 158  3/2015 |         :       :     * |       :       :         | -0.0556658783
 159  4/2015 |         :       :   *   |       :       :         | -0.1227989822
 160  5/2015 |         :       :       |       :*      :         |  0.2729887411
 161  6/2015 |         :       :       *       :       :         | -0.0035124424
 162  7/2015 |         :      *:       |       :       :         | -0.2784223880
 163  8/2015 |         : *     :       |       :       :         | -0.4120701000
 164  9/2015 |         :      *:       |       :       :         | -0.2827152271
 165 10/2015 |         :       :      *|       :       :         | -0.0299734139
 166 11/2015 |         :       :       |    *  :       :         |  0.1466236927
 167 12/2015 +         :  *    :       |       :       :         + -0.4059185204
 168  1/2016@|*        :       :       |       :       :         |@-0.7577248895
 169  2/2016 |         :       :    *  |       :       :         | -0.0783936685
 170  3/2016 |         :       :       |   *   :       :         |  0.1191939233
 171  4/2016 |         : *     :       |       :       :         | -0.4144165435
 172  5/2016 |         :       :       |       :      *:         |  0.4670875692
 173  6/2016 |         :       :       |   *   :       :         |  0.1066067548
 174  7/2016 |         :       :   *   |       :       :         | -0.1236179466
 175  8/2016 |         :       :      *|       :       :         | -0.0171128608
 176  9/2016 |         :       :  *    |       :       :         | -0.1406282317
 177 10/2016 |         :       :       |       :    *  :         |  0.4065738997
 178 11/2016 |         :       :      *|       :       :         | -0.0441035134
 179 12/2016@+         :       :       |       :       : *       +@ 0.5588443960
 180  1/2017 |         :       :       |      *:       :         |  0.2012530268
 181  2/2017 |         *       :       |       :       :         | -0.4987294772
 182  3/2017 |         :   *   :       |       :       :         | -0.3598611026
 183  4/2017 |         :       :       | *     :       :         |  0.0491632065
 184  5/2017 |         :    *  :       |       :       :         | -0.3377025911
 185  6/2017 |         :       :       |*      :       :         |  0.0358741262
 186  7/2017 |         :       :     * |       :       :         | -0.0546886215
 187  8/2017 |         :       :       |*      :       :         |  0.0230490605
 188  9/2017 |         :       :       *       :       :         |  0.0118951490
 189 10/2017 |         :       :       |   *   :       :         |  0.1225696721
 190 11/2017 |         :       :       |     * :       :         |  0.1716452981
 191 12/2017 +         :       :    *  |       :       :         + -0.0798855456
 192  1/2018 |         :       :     * |       :       :         | -0.0559248654
 193  2/2018 |         :       :       |   *   :       :         |  0.1066369178
 194  3/2018 |         *       :       |       :       :         | -0.4822468489
 195  4/2018 |         :       :      *|       :       :         | -0.0310326836
 196  5/2018@|         :       :       |       :       :     *   |@ 0.6541919165
 197  6/2018 |         :       : *     |       :       :         | -0.1736296036
 198  7/2018 |         :       :       *       :       :         |  0.0076392871
 199  8/2018 |         :       :     * |       :       :         | -0.0598643716
 200  9/2018 |         :       :       |   *   :       :         |  0.1171668021
 201 10/2018 |         :       :       |  *    :       :         |  0.0794440936
 202 11/2018 |         :   *   :       |       :       :         | -0.3746868662
 203 12/2018 +         :    *  :       |       :       :         + -0.3390103786
 204  1/2019 |         :       :  *    |       :       :         | -0.1466193254
 205  2/2019 |         :       :       |       *       :         |  0.2555982648
 206  3/2019 |         :     * :       |       :       :         | -0.3022897431
 207  4/2019 |         :       :       | *     :       :         |  0.0722362814
 208  5/2019 |         :       :    *  |       :       :         | -0.0933373437
 209  6/2019 |         :       *       |       :       :         | -0.2302352714
 210  7/2019 |         :       :       |   *   :       :         |  0.1299152951
 211  8/2019 |         :     * :       |       :       :         | -0.3109695462
 212  9/2019 |         :       :      *|       :       :         | -0.0181875278
 213 10/2019 |         :       :       |     * :       :         |  0.1829831935
 214 11/2019 |         :       :  *    |       :       :         | -0.1407154705
 215 12/2019 +         :       :     * |       :       :         + -0.0622359477
-------------++--------+-------+-------+-------+-------+--------++--------------
             -3       -2      -1       0      +1      +2       +3 

                 +------------------------------------------+
                 |       Table of standardized values       |
                 |       greater than or equal to 2.0       |
                 +------------------------------------------+
                 |                                          |
                 | Observation    Date   Standardized value |
                 |                                          |
                 |     48        1/2006         2.05        |
                 |     92        9/2009        -2.10        |
                 |    124        5/2012        -2.14        |
                 |    128        9/2012         3.04        |
                 |    135        4/2013        -2.21        |
                 |    155       12/2014        -2.26        |
                 |    168        1/2016        -3.04        |
                 |    179       12/2016         2.24        |
                 |    196        5/2018         2.62        |
                 +------------------------------------------+

Standardized time series histogram:

       -4      -3      -2      -1       0      +1      +2      +3      +4
        +---+---+---+---+---+---+---+---+---+---+---+---+---+---+---+---+
        |                             44  43                            |
        |                            ........                           |
        |                            ........ 37                        |
        |                            ............                       |
        |                            ............                       |
        |                            ............                       |
        |                            ............                       |
        |                            ............                       |
        |                     21  22 ............                       |
        |                    .................... 19                    |
        |                    ........................                   |
        |                 12 ........................                   |
        |                ............................                   |
        |                ............................  8                |
        |              4 ................................               |
        |      1     ....................................  2   1   1    |
        |    ....    ................................................   |
        +---+---+---+---+---+---+---+---+---+---+---+---+---+---+---+---+
       -4      -3      -2      -1       0      +1      +2      +3      +4

              69 values outside (-1,+1): 32.09 % (31.74 % expected)
               9 values outside (-2,+2):  4.19 % ( 4.56 % expected)

Autocorrelation function (acf bands = +- 0.136):

            -1                         0                         1  L-B Q  DF
-------------+-------------------------+-------------------------+--------------
   1   0.019 |                      :  |  :                      | 
   2   0.076 |                      :  |**:                      | 
   3   0.063 |                      :  |**:                      | 
   4   0.012 |                      :  |  :                      | 
   5   0.158 |                      :  |****                     | 
   6  -0.005 |                      :  |  :                      | 
   7   0.061 |                      :  |**:                      | 
   8   0.002 |                      :  |  :                      | 
   9   0.094 |                      :  |**:                      | 
  10   0.003 |                      :  |  :                      | 
  11   0.057 |                      :  |* :                      | 
  12   0.012 +                      :  |  :                      +  11.41  11
  13   0.058 |                      :  |* :                      | 
  14  -0.033 |                      : *|  :                      | 
  15   0.056 |                      :  |* :                      | 
  16   0.008 |                      :  |  :                      | 
  17   0.066 |                      :  |**:                      | 
  18   0.010 |                      :  |  :                      | 
  19   0.024 |                      :  |* :                      | 
  20   0.115 |                      :  |***                      | 
  21   0.057 |                      :  |* :                      | 
  22   0.026 |                      :  |* :                      | 
  23  -0.038 |                      : *|  :                      | 
  24   0.019 +                      :  |  :                      +  18.97  23
  25  -0.021 |                      : *|  :                      | 
  26   0.054 |                      :  |* :                      | 
  27   0.024 |                      :  |* :                      | 
  28  -0.036 |                      : *|  :                      | 
  29   0.044 |                      :  |* :                      | 
  30   0.051 |                      :  |* :                      | 
  31   0.034 |                      :  |* :                      | 
  32   0.041 |                      :  |* :                      | 
  33   0.016 |                      :  |  :                      | 
  34   0.028 |                      :  |* :                      | 
  35   0.014 |                      :  |  :                      | 
  36   0.023 +                      :  |+ :                      +  22.58  35
  37  -0.040 |                      : *|  :                      | 
  38   0.030 |                      :  |* :                      | 
  39   0.079 |                      :  |**:                      |  24.87  38
-------------+-------------------------+-------------------------+--------------
            -1                         0                         1  L-B Q  DF

Partial autocorrelation function (pacf bands = +- 0.136):

            -1                         0                         1
-------------+-------------------------+-------------------------+--------------
   1   0.019 |                      :  |  :                      | 
   2   0.076 |                      :  |**:                      | 
   3   0.060 |                      :  |**:                      | 
   4   0.004 |                      :  |  :                      | 
   5   0.150 |                      :  |****                     | 
   6  -0.014 |                      :  |  :                      | 
   7   0.040 |                      :  |* :                      | 
   8  -0.016 |                      :  |  :                      | 
   9   0.089 |                      :  |**:                      | 
  10  -0.029 |                      : *|  :                      | 
  11   0.052 |                      :  |* :                      | 
  12  -0.014 +                      :  |  :                      + 
  13   0.060 |                      :  |**:                      | 
  14  -0.075 |                      :**|  :                      | 
  15   0.065 |                      :  |**:                      | 
  16  -0.024 |                      : *|  :                      | 
  17   0.080 |                      :  |**:                      | 
  18  -0.038 |                      : *|  :                      | 
  19   0.050 |                      :  |* :                      | 
  20   0.070 |                      :  |**:                      | 
  21   0.075 |                      :  |**:                      | 
  22  -0.040 |                      : *|  :                      | 
  23  -0.029 |                      : *|  :                      | 
  24  -0.025 +                      : +|  :                      + 
  25  -0.028 |                      : *|  :                      | 
  26   0.017 |                      :  |  :                      | 
  27   0.037 |                      :  |* :                      | 
  28  -0.056 |                      : *|  :                      | 
  29   0.038 |                      :  |* :                      | 
  30   0.043 |                      :  |* :                      | 
  31   0.029 |                      :  |* :                      | 
  32   0.015 |                      :  |  :                      | 
  33   0.017 |                      :  |  :                      | 
  34   0.014 |                      :  |  :                      | 
  35  -0.007 |                      :  |  :                      | 
  36   0.005 +                      :  |  :                      + 
  37  -0.069 |                      :**|  :                      | 
  38   0.022 |                      :  |* :                      | 
  39   0.063 |                      :  |**:                      | 
-------------+-------------------------+-------------------------+--------------
            -1                         0                         1

      +------------------------------------------------------+
      |         Calibration of distortions of the ACF        |
      |                                                      |
      +------------------------------------------------------+
      |                                                      |
      |     Lag                 Dates          Contribution  |
      |                                                      |
      |  r(1) = 0.019       12/2015 -  1/2016        0.023    |
      |                    12/2014 -  1/2015        0.016    |
      |                    10/2008 - 11/2008        0.016    |
      |                     2/2017 -  3/2017        0.013    |
      |                                                      |
      |  r(2) = 0.076        7/2012 -  9/2012        0.026    |
      |                    10/2016 - 12/2016        0.017    |
      |                     7/2009 -  9/2009        0.015    |
      |                     8/2008 - 10/2008        0.015    |
      |                                                      |
      |  r(3) = 0.063        1/2016 -  4/2016        0.023    |
      |                     8/2008 - 11/2008        0.015    |
      |                     1/2013 -  4/2013        0.014    |
      |                     2/2017 -  5/2017        0.013    |
      |                                                      |
      |  r(4) = 0.012        9/2015 -  1/2016        0.016    |
      |                     9/2005 -  1/2006        0.013    |
      |                    11/2008 -  3/2009        0.013    |
      |                     5/2009 -  9/2009        0.013    |
      |                                                      |
      |  r(5) = 0.158        8/2015 -  1/2016        0.023    |
      |                     4/2012 -  9/2012        0.017    |
      |                     9/2012 -  2/2013        0.015    |
      |                     4/2013 -  9/2013        0.015    |
      |                                                      |
      |  r(6) = -0.005       5/2018 - 11/2018       -0.018    |
      |                     9/2012 -  3/2013       -0.018    |
      |                     5/2008 - 11/2008       -0.016    |
      |                     4/2016 - 10/2016       -0.013    |
      |                                                      |
      |  r(7) = 0.061        5/2016 - 12/2016        0.019    |
      |                    10/2007 -  5/2008        0.015    |
      |                     8/2008 -  3/2009        0.013    |
      |                     1/2015 -  8/2015        0.012    |
      |                                                      |
      |  r(8) = 0.002       12/2014 -  8/2015        0.017    |
      |                     5/2012 -  1/2013        0.014    |
      |                     3/2018 - 11/2018        0.013    |
      |                    11/2008 -  7/2009        0.013    |
      |                                                      |
      |  r(9) = 0.094        3/2014 - 12/2014        0.015    |
      |                    12/2008 -  9/2009        0.014    |
      |                     4/2013 -  1/2014        0.014    |
      |                    10/2008 -  7/2009        0.013    |
      |                                                      |
      |  r(10) = 0.003       11/2008 -  9/2009        0.018    |
      |                     4/2016 -  2/2017        0.015    |
      |                     5/2012 -  3/2013        0.013    |
      |                     5/2017 -  3/2018        0.012    |
      |                                                      |
      |  r(11) = 0.057        5/2012 -  4/2013        0.022    |
      |                    10/2008 -  9/2009        0.018    |
      |                     1/2014 - 12/2014        0.015    |
      |                     4/2013 -  3/2014        0.015    |
      |                                                      |
      |  r(12) = 0.012        1/2015 -  1/2016        0.022    |
      |                    12/2014 - 12/2015        0.017    |
      |                     5/2011 -  5/2012        0.013    |
      |                     3/2017 -  3/2018        0.013    |
      |                                                      |
      |  r(13) = 0.058       12/2014 -  1/2016        0.032    |
      |                     1/2016 -  2/2017        0.028    |
      |                     2/2017 -  3/2018        0.018    |
      |                     8/2008 -  9/2009        0.018    |
      |                                                      |
      |  r(14) = -0.033       3/2017 -  5/2018       -0.018    |
      |                     5/2008 -  7/2009       -0.014    |
      |                     8/2015 - 10/2016       -0.013    |
      |                     7/2012 -  9/2013       -0.012    |
      |                                                      |
      |  r(15) = 0.056       10/2014 -  1/2016        0.018    |
      |                     9/2013 - 12/2014        0.015    |
      |                     1/2015 -  4/2016        0.012    |
      |                     4/2013 -  7/2014        0.012    |
      |                                                      |
      |  r(16) = 0.008        1/2016 -  5/2017        0.019    |
      |                    12/2014 -  4/2016        0.017    |
      |                     5/2012 -  9/2013        0.014    |
      |                     8/2009 - 12/2010        0.011    |
      |                                                      |
      |  r(17) = 0.066       12/2016 -  5/2018        0.027    |
      |                     3/2018 -  8/2019        0.011    |
      |                     3/2014 -  8/2015        0.011    |
      |                     9/2015 -  2/2017        0.011    |
      |                                                      |
      |  r(18) = 0.010        7/2014 -  1/2016        0.016    |
      |                     8/2015 -  2/2017        0.015    |
      |                     6/2009 - 12/2010        0.014    |
      |                     4/2013 - 10/2014        0.013    |
      |                                                      |
      |  r(19) = 0.024       10/2016 -  5/2018        0.020    |
      |                    12/2010 -  7/2012        0.016    |
      |                     5/2015 - 12/2016        0.011    |
      |                     8/2015 -  3/2017        0.011    |
      |                                                      |
      |  r(20) = 0.115        4/2013 - 12/2014        0.023    |
      |                     5/2012 -  1/2014        0.014    |
      |                    10/2007 -  6/2009        0.013    |
      |                     9/2009 -  5/2011        0.013    |
      |                                                      |
      |  r(21) = 0.057       12/2010 -  9/2012        0.026    |
      |                     1/2006 - 10/2007        0.016    |
      |                     4/2013 -  1/2015        0.016    |
      |                     2/2017 - 11/2018        0.014    |
      |                                                      |
      |  r(22) = 0.026        3/2014 -  1/2016        0.020    |
      |                     5/2012 -  3/2014        0.014    |
      |                    11/2010 -  9/2012        0.014    |
      |                     2/2015 - 12/2016        0.013    |
      |                                                      |
      |  r(23) = -0.038      10/2007 -  9/2009       -0.016    |
      |                     1/2015 - 12/2016       -0.016    |
      |                    12/2016 - 11/2018       -0.016    |
      |                     6/2009 -  5/2011       -0.011    |
      |                                                      |
      |  r(24) = 0.019        5/2016 -  5/2018        0.023    |
      |                     1/2014 -  1/2016        0.020    |
      |                     1/2006 -  1/2008        0.010    |
      |                     1/2004 -  1/2006        0.010    |
      |                                                      |
      |  r(25) = -0.021       4/2016 -  5/2018       -0.020    |
      |                     9/2012 - 10/2014       -0.018    |
      |                    11/2008 - 12/2010       -0.016    |
      |                    12/2010 -  1/2013       -0.012    |
      |                                                      |
      |  r(26) = 0.054        1/2016 -  3/2018        0.027    |
      |                    12/2014 -  2/2017        0.021    |
      |                     1/2006 -  3/2008        0.013    |
      |                    10/2012 - 12/2014        0.011    |
      |                                                      |
      |  r(27) = 0.024       12/2014 -  3/2017        0.015    |
      |                    12/2015 -  3/2018        0.015    |
      |                    10/2013 -  1/2016        0.013    |
      |                     4/2013 -  7/2015        0.011    |
      |                                                      |
      |  r(28) = -0.036       1/2016 -  5/2018       -0.037    |
      |                     9/2012 -  1/2015       -0.022    |
      |                    12/2010 -  4/2013       -0.019    |
      |                     8/2008 - 12/2010       -0.015    |
      |                                                      |
      |  r(29) = 0.044        9/2012 -  2/2015        0.018    |
      |                    12/2014 -  5/2017        0.014    |
      |                     5/2012 - 10/2014        0.012    |
      |                     4/2013 -  9/2015        0.012    |
      |                                                      |
      |  r(30) = 0.051        3/2010 -  9/2012        0.017    |
      |                     2/2017 -  8/2019        0.012    |
      |                    11/2008 -  5/2011        0.011    |
      |                     9/2015 -  3/2018        0.010    |
      |                                                      |
      |  r(31) = 0.034        5/2012 - 12/2014        0.022    |
      |                     5/2008 - 12/2010        0.016    |
      |                     8/2015 -  3/2018        0.015    |
      |                     4/2016 - 11/2018        0.012    |
      |                                                      |
      |  r(32) = 0.041        9/2009 -  5/2012        0.021    |
      |                     4/2013 - 12/2015        0.017    |
      |                     9/2012 -  5/2015        0.015    |
      |                     5/2012 -  1/2015        0.015    |
      |                                                      |
      |  r(33) = 0.016        4/2013 -  1/2016        0.031    |
      |                     3/2008 - 12/2010        0.011    |
      |                     8/2008 -  5/2011        0.011    |
      |                     3/2013 - 12/2015        0.010    |
      |                                                      |
      |  r(34) = 0.028        1/2016 - 11/2018        0.021    |
      |                     3/2013 -  1/2016        0.018    |
      |                     7/2009 -  5/2012        0.016    |
      |                    11/2009 -  9/2012        0.014    |
      |                                                      |
      |  r(35) = 0.014        1/2016 - 12/2018        0.019    |
      |                     3/2014 -  2/2017        0.013    |
      |                    12/2015 - 11/2018        0.011    |
      |                     8/2009 -  7/2012        0.011    |
      |                                                      |
      |  r(36) = 0.023        1/2013 -  1/2016        0.020    |
      |                     4/2013 -  4/2016        0.017    |
      |                     1/2003 -  1/2006        0.017    |
      |                     5/2015 -  5/2018        0.013    |
      |                                                      |
      |  r(37) = -0.040       4/2013 -  5/2016       -0.019    |
      |                     1/2016 -  2/2019       -0.014    |
      |                     7/2012 -  8/2015       -0.014    |
      |                     3/2010 -  4/2013       -0.012    |
      |                                                      |
      |  r(38) = 0.030        1/2016 -  3/2019        0.017    |
      |                     3/2009 -  5/2012        0.015    |
      |                    10/2007 - 12/2010        0.014    |
      |                     1/2015 -  3/2018        0.014    |
      |                                                      |
      |  r(39) = 0.079        6/2009 -  9/2012        0.024    |
      |                    12/2014 -  3/2018        0.020    |
      |                     5/2012 -  8/2015        0.016    |
      |                     2/2015 -  5/2018        0.016    |
      |                                                      |
      +------------------------------------------------------+
