
Output file            : IPC_DE_mar3.out
Estimation method      : exact maximum likelihood
Check for invertibility: constrained search

Observations: 216.
Parameters  : 15.


Omegas for deterministic variable 1:
     -0.239719  (0.048679) [ 1]
Omegas for deterministic variable 2:
     -0.071164  (0.048930) [ 2]
Omegas for deterministic variable 3:
     -0.040974  (0.026037) [ 3]
Omegas for deterministic variable 4:
      0.012376  (0.026193) [ 4]
Omegas for deterministic variable 5:
      0.061929  (0.014286) [ 5]
Omegas for deterministic variable 6:
     -0.067608  (0.014270) [ 6]
Omegas for deterministic variable 7:
      0.085184  (0.010495) [ 7]
Omegas for deterministic variable 8:
      0.001135  (0.010524) [ 8]
Omegas for deterministic variable 9:
      0.131602  (0.011002) [ 9]
Omegas for deterministic variable 10:
      0.008769  (0.011027) [10]
Omegas for deterministic variable 11:
      0.046076  (0.008849) [11]
Coefficients for regular AR factor 1:
      0.087357  (0.067067) [12]
      0.076868  (0.067881) [13]
     -0.145531  (0.067060) [14]
Mean parameter (mu):
      0.115085  (0.016135) [15]

Box-Cox lambda     :  0.0
Seasonal period    : 12
Regular differences:  1
Annual differences :  0
Irreducible factors:  0 0 0 0 0 0 0

Coefficients of the non-stationary operator: 
  u[ 1]     =    1.0000000000
Coefficients of the Autoregressive operator: 
  phi[ 1]   =    0.0873566348
  phi[ 2]   =    0.0768678731
  phi[ 3]   =   -0.1455314805
Coefficients of the Moving-Average operator: 

sigma2:   0.0539830068 (   0.0052065835)
sigma :   0.2323424343
logelf:   8.6900622667

Selection Model Criterium:
Hannan-Quinn =  -2.86
Schwarz   =  -2.72

Estimated covariance matrix:

x[ 1] ->  0.002369646
x[ 2] -> -0.000006544  0.002394128
x[ 3] -> -0.000002054 -0.000002317  0.000677907
x[ 4] -> -0.000003544  0.000002289 -0.000006289  0.000686077
x[ 5] ->  0.000000091 -0.000004319  0.000000636 -0.000000576  0.000204094
x[ 6] -> -0.000001641  0.000003040 -0.000001389  0.000002938  0.000001929  0.000203639
x[ 7] ->  0.000001040 -0.000005948  0.000001686 -0.000002684  0.000001668 -0.000000822  0.000110142
x[ 8] -> -0.000000733  0.000003523 -0.000000270  0.000001051 -0.000000629  0.000000933  0.000000528  0.000110745
x[ 9] ->  0.000001332 -0.000004598  0.000001743 -0.000002916  0.000001115 -0.000000845  0.000000969 -0.000000536  0.000121034
x[10] -> -0.000000117  0.000001386 -0.000000665  0.000002114  0.000000002  0.000000475  0.000000183  0.000000358  0.000000176  0.000121598
x[11] ->  0.000000864 -0.000004258  0.000002214 -0.000004355  0.000001680  0.000000436 -0.000001125  0.000000558  0.000000907  0.000000532  0.000078299
x[12] -> -0.000001889  0.000001804  0.000003165 -0.000008169  0.000002069 -0.000006700 -0.000001791  0.000004228  0.000004967 -0.000000100  0.000003920  0.004497998
x[13] ->  0.000008542 -0.000066689  0.000021195 -0.000038110  0.000010585 -0.000011671  0.000001784 -0.000003173  0.000012893 -0.000009492  0.000000757 -0.000360224  0.004607824
x[14] ->  0.000030480 -0.000066335  0.000010245  0.000019403 -0.000000669  0.000010618  0.000015800 -0.000002888 -0.000010277  0.000012357  0.000015048 -0.000278073 -0.000309257  0.004497030
x[15] -> -0.000001761  0.000006514 -0.000002639  0.000004932 -0.000001103  0.000000626  0.000000060 -0.000000103 -0.000001710  0.000000032  0.000001785 -0.000001365 -0.000009906 -0.000023756  0.000260341


Estimated correlation matrix:

x[ 1] ->  1.00
x[ 2] -> -0.00  1.00
x[ 3] -> -0.00 -0.00  1.00
x[ 4] -> -0.00  0.00 -0.01  1.00
x[ 5] ->  0.00 -0.01  0.00 -0.00  1.00
x[ 6] -> -0.00  0.00 -0.00  0.01  0.01  1.00
x[ 7] ->  0.00 -0.01  0.01 -0.01  0.01 -0.01  1.00
x[ 8] -> -0.00  0.01 -0.00  0.00 -0.00  0.01  0.00  1.00
x[ 9] ->  0.00 -0.01  0.01 -0.01  0.01 -0.01  0.01 -0.00  1.00
x[10] -> -0.00  0.00 -0.00  0.01  0.00  0.00  0.00  0.00  0.00  1.00
x[11] ->  0.00 -0.01  0.01 -0.02  0.01  0.00 -0.01  0.01  0.01  0.01  1.00
x[12] -> -0.00  0.00  0.00 -0.00  0.00 -0.01 -0.00  0.01  0.01 -0.00  0.01  1.00
x[13] ->  0.00 -0.02  0.01 -0.02  0.01 -0.01  0.00 -0.00  0.02 -0.01  0.00 -0.08  1.00
x[14] ->  0.01 -0.02  0.01  0.01 -0.00  0.01  0.02 -0.00 -0.01  0.02  0.03 -0.06 -0.07  1.00
x[15] -> -0.00  0.01 -0.01  0.01 -0.00  0.00  0.00 -0.00 -0.01  0.00  0.01 -0.00 -0.01 -0.02  1.00

Correlations greater than or equal to 0.7 in absolute value:


Unconditional residuals (seasonal period: 12)
215 observations: from 2/2002 to 12/2019

                  Mean:          -0.000158
Standard error of mean:           0.015845
              Variance:           0.053981
    Standard deviation:           0.232337
              Skewness:           0.118661
              Kurtosis:           0.438552
           Jarque-Bera:           2.175687
               Minimum:          -0.605128 at 12/2014 (observation 155)
               Maximum:           0.765907 at  4/2019 (observation 207)

Standardized time series plot (original values on right-side column):

               -3      -2     -1       0      +1     +2      +3   
-------------+--+-------+------+-------+-------+------+-------+--+--------------
   1  2/2002 |          :      :    *  |       :      :          | -0.0957571930
   2  3/2002 |          :      :    *  |       :      :          | -0.0874884745
   3  4/2002 |          :      :*      |       :      :          | -0.2006564574
   4  5/2002 |          :      :      *|       :      :          | -0.0155448643
   5  6/2002 |          :      :  *    |       :      :          | -0.1443247269
   6  7/2002 |          :      : *     |       :      :          | -0.1903484959
   7  8/2002 |          :      :   *   |       :      :          | -0.1162724375
   8  9/2002 |          :      :       |*      :      :          |  0.0326709478
   9 10/2002 |          :      :  *    |       :      :          | -0.1527875307
  10 11/2002 |          :      :*      |       :      :          | -0.1994405224
  11 12/2002 +          :      :       |       :     *:          +  0.4240534029
  12  1/2003 |          :      :       |       :    * :          |  0.4072973598
  13  2/2003 |          :      :       | *     :      :          |  0.0567884100
  14  3/2003 |          :   *  :       |       :      :          | -0.3424613996
  15  4/2003 |          :      *       |       :      :          | -0.2603061241
  16  5/2003 |          :   *  :       |       :      :          | -0.3306639352
  17  6/2003 |          :      :       |       *      :          |  0.2423870568
  18  7/2003 |          :      :*      |       :      :          | -0.2136580387
  19  8/2003 |          :      :     * |       :      :          | -0.0732668952
  20  9/2003 |          :      :       |  *    :      :          |  0.0770348870
  21 10/2003 |          :      :      *|       :      :          | -0.0348167301
  22 11/2003 |          :      :     * |       :      :          | -0.0606433167
  23 12/2003 +          :      :       |       :*     :          +  0.2655585873
  24  1/2004 |          :      :       |       :     *:          |  0.4278045396
  25  2/2004 |          :    * :       |       :      :          | -0.2968975043
  26  3/2004 |          :      :       | *     :      :          |  0.0472384551
  27  4/2004 |          :      :       |       *      :          |  0.2397854202
  28  5/2004 |          :      :       |*      :      :          |  0.0441542935
  29  6/2004 |          :      :  *    |       :      :          | -0.1665068374
  30  7/2004 |          :      :  *    |       :      :          | -0.1480166693
  31  8/2004 |          :      :       |    *  :      :          |  0.1537857912
  32  9/2004 |          :      *       |       :      :          | -0.2378509510
  33 10/2004 |          :      :       |  *    :      :          |  0.1014933925
  34 11/2004 |          :      :       |  *    :      :          |  0.0947257578
  35 12/2004@+          :      :       |       :      :  *       +@ 0.5645439297
  36  1/2005 |          :   *  :       |       :      :          | -0.3367624813
  37  2/2005 |          :      :   *   |       :      :          | -0.1207525988
  38  3/2005 |          :      :       |       :*     :          |  0.2626264465
  39  4/2005@|        * :      :       |       :      :          |@-0.5072801639
  40  5/2005 |          :      :       |  *    :      :          |  0.1039794731
  41  6/2005 |          :      :       |*      :      :          |  0.0214793030
  42  7/2005 |          :      :       |   *   :      :          |  0.1176036112
  43  8/2005 |          :      :       |   *   :      :          |  0.1099432381
  44  9/2005 |          :      :       |   *   :      :          |  0.1230043551
  45 10/2005 |          :      :       *       :      :          | -0.0018990388
  46 11/2005 |          :      :      *|       :      :          | -0.0432459511
  47 12/2005 +          :      :       |       *      :          +  0.2557272553
  48  1/2006 |          :      :       | *     :      :          |  0.0642711911
  49  2/2006 |          :      :      *|       :      :          | -0.0265796366
  50  3/2006 |          :   *  :       |       :      :          | -0.3253034401
  51  4/2006 |          :      :       |       : *    :          |  0.3148496793
  52  5/2006 |          :      :  *    |       :      :          | -0.1520075535
  53  6/2006 |          :      :       |*      :      :          |  0.0333603568
  54  7/2006 |          :      :       |  *    :      :          |  0.1033304387
  55  8/2006 |          :     *:       |       :      :          | -0.2867320174
  56  9/2006 |          :    * :       |       :      :          | -0.3023599012
  57 10/2006 |          :      :       |     * :      :          |  0.1702979484
  58 11/2006 |          :      :       |     * :      :          |  0.1750938030
  59 12/2006 +          :      :       |       :*     :          +  0.2647486479
  60  1/2007 |          :      :       |       :     *:          |  0.4186279868
  61  2/2007 |          :      :  *    |       :      :          | -0.1593469019
  62  3/2007 |          :      :    *  |       :      :          | -0.0877855747
  63  4/2007@|          :      :       |       :      *          |@ 0.4686531678
  64  5/2007 |          :      : *     |       :      :          | -0.1987093972
  65  6/2007 |          :      :     * |       :      :          | -0.0636625285
  66  7/2007 |          :      :       |       *      :          |  0.2413619092
  67  8/2007 |          :      :  *    |       :      :          | -0.1641470877
  68  9/2007 |          :      :       |    *  :      :          |  0.1404125527
  69 10/2007 |          :      :       |       *      :          |  0.2495360705
  70 11/2007@|          :      :       |       :      :        * |@ 0.7319015966
  71 12/2007 +          :      :       |*      :      :          +  0.0151800077
  72  1/2008 |          :      :       | *     :      :          |  0.0638763932
  73  2/2008 |          :      :       |  *    :      :          |  0.0828225230
  74  3/2008 |          :      :       |   *   :      :          |  0.1165700848
  75  4/2008 |          :    * :       |       :      :          | -0.3162212805
  76  5/2008 |          :      :       |       :     *:          |  0.4382567732
  77  6/2008 |          :      :       |      *:      :          |  0.1991201043
  78  7/2008 |          :      :       |     * :      :          |  0.1739606998
  79  8/2008 |          :   *  :       |       :      :          | -0.3310577109
  80  9/2008 |          :      :       | *     :      :          |  0.0674690583
  81 10/2008 |          :      : *     |       :      :          | -0.1727969812
  82 11/2008 |          :    * :       |       :      :          | -0.2967837639
  83 12/2008 +          :      :*      |       :      :          + -0.2271983961
  84  1/2009 |          :      :       *       :      :          | -0.0043514601
  85  2/2009 |          :      :       |  *    :      :          |  0.0780884445
  86  3/2009@|        * :      :       |       :      :          |@-0.5136032985
  87  4/2009 |          :      :     * |       :      :          | -0.0592988532
  88  5/2009 |          :      :    *  |       :      :          | -0.0984653078
  89  6/2009 |          :      :       |    *  :      :          |  0.1472656688
  90  7/2009 |          :    * :       |       :      :          | -0.3197571868
  91  8/2009 |          :      :       |      *:      :          |  0.2064373125
  92  9/2009 |          : *    :       |       :      :          | -0.3967535659
  93 10/2009 |          :      :       |  *    :      :          |  0.0839307154
  94 11/2009 |          :      :       |   *   :      :          |  0.1365963963
  95 12/2009 +          :      :       |      *:      :          +  0.2198618068
  96  1/2010 |          :      :  *    |       :      :          | -0.1409273706
  97  2/2010 |          :      :  *    |       :      :          | -0.1385582498
  98  3/2010 |          :      :       |       :*     :          |  0.2822253683
  99  4/2010 |          :      :   *   |       :      :          | -0.1172181098
 100  5/2010 |          :      : *     |       :      :          | -0.1849036227
 101  6/2010 |          :      :    *  |       :      :          | -0.0974208488
 102  7/2010 |          :      : *     |       :      :          | -0.1762430193
 103  8/2010 |          :      :       |   *   :      :          |  0.1074692895
 104  9/2010 |          :      :    *  |       :      :          | -0.1006028277
 105 10/2010 |          :      :       |  *    :      :          |  0.0777624180
 106 11/2010 |          :      :       |       : *    :          |  0.3213307316
 107 12/2010 +          :      :       |   *   :      :          +  0.1262291870
 108  1/2011 |          :      :       |  *    :      :          |  0.0856337736
 109  2/2011 |          :      :       |      *:      :          |  0.2148585922
 110  3/2011 |          :      :       |      *:      :          |  0.2065019729
 111  4/2011 |          :      :   *   |       :      :          | -0.1077505244
 112  5/2011 |          :      :   *   |       :      :          | -0.1358866872
 113  6/2011 |          :      :       *       :      :          |  0.0123033357
 114  7/2011 |          :      :    *  |       :      :          | -0.0771862107
 115  8/2011 |          :      :       |  *    :      :          |  0.0870233476
 116  9/2011 |          :      :       |   *   :      :          |  0.1315591205
 117 10/2011 |          :      :       | *     :      :          |  0.0715648709
 118 11/2011 |          :      :       |       : *    :          |  0.3013579158
 119 12/2011 +          :    * :       |       :      :          + -0.2964119715
 120  1/2012 |          :      :       |       :   *  :          |  0.3525936020
 121  2/2012 |          :      :       |      *:      :          |  0.2155534697
 122  3/2012 |          :      :       |   *   :      :          |  0.1123406308
 123  4/2012 |          :      : *     |       :      :          | -0.1816805197
 124  5/2012 |          :      *       |       :      :          | -0.2367441209
 125  6/2012 |          :      : *     |       :      :          | -0.1921018330
 126  7/2012 |          :      :       |*      :      :          |  0.0400736707
 127  8/2012 |          :      :       |       :    * :          |  0.4032043875
 128  9/2012 |          :      :       | *     :      :          |  0.0607241018
 129 10/2012 |          :      :     * |       :      :          | -0.0484979392
 130 11/2012 |          :      :       |       *      :          |  0.2478441375
 131 12/2012 +          :      : *     |       :      :          + -0.1744779053
 132  1/2013 |          :      :       *       :      :          |  0.0128348505
 133  2/2013 |          :      :       |  *    :      :          |  0.1010342431
 134  3/2013 |          :      :       | *     :      :          |  0.0469748463
 135  4/2013@|        * :      :       |       :      :          |@-0.5313911219
 136  5/2013 |          :      :       |       :  *   :          |  0.3232707167
 137  6/2013 |          :      :       *       :      :          | -0.0145733290
 138  7/2013 |          :      :       |*      :      :          |  0.0337890958
 139  8/2013 |          :      :       |*      :      :          |  0.0210811021
 140  9/2013 |          :      :       *       :      :          |  0.0140154670
 141 10/2013 |          :      :*      |       :      :          | -0.2049899268
 142 11/2013 |          :      :       |       :     *:          |  0.4256810008
 143 12/2013 +          :      :    *  |       :      :          + -0.0904731883
 144  1/2014 |          :      *       |       :      :          | -0.2513600506
 145  2/2014 |          :      :       |   *   :      :          |  0.1355486923
 146  3/2014 |          :      :  *    |       :      :          | -0.1396482205
 147  4/2014 |          :      :*      |       :      :          | -0.2174350013
 148  5/2014 |          :      :*      |       :      :          | -0.2269232825
 149  6/2014 |          :      :       |  *    :      :          |  0.0812290567
 150  7/2014 |          :      :       *       :      :          |  0.0030485819
 151  8/2014 |          :      :     * |       :      :          | -0.0556496591
 152  9/2014 |          :      :       |*      :      :          |  0.0378344179
 153 10/2014 |          :      :*      |       :      :          | -0.2191921416
 154 11/2014 |          :      :       |      *:      :          |  0.2113892941
 155 12/2014@+     *    :      :       |       :      :          +@-0.6051284744
 156  1/2015@|        * :      :       |       :      :          |@-0.5090869924
 157  2/2015 |          :      :       |       :    * :          |  0.3880098463
 158  3/2015 |          :      :       |   *   :      :          |  0.1073229926
 159  4/2015 |          :      :       |      *:      :          |  0.2212347618
 160  5/2015 |          :      :       | *     :      :          |  0.0510623734
 161  6/2015 |          :      :  *    |       :      :          | -0.1538476013
 162  7/2015 |          :      :      *|       :      :          | -0.0337757714
 163  8/2015 |          :      :    *  |       :      :          | -0.0888309839
 164  9/2015 |          :      :    *  |       :      :          | -0.0809801950
 165 10/2015 |          :      :       *       :      :          | -0.0053244985
 166 11/2015 |          *      :       |       :      :          | -0.4486247974
 167 12/2015@+          *      :       |       :      :          +@-0.4750432772
 168  1/2016 |          :      :*      |       :      :          | -0.2217441416
 169  2/2016 |          :      :  *    |       :      :          | -0.1604882875
 170  3/2016 |          :      :       |       *      :          |  0.2489114152
 171  4/2016 |          :      :      *|       :      :          | -0.0409230314
 172  5/2016 |          :      :       |       :  *   :          |  0.3244405785
 173  6/2016 |          :      :      *|       :      :          | -0.0366377111
 174  7/2016 |          :      :       *       :      :          | -0.0093652328
 175  8/2016 |          :      :     * |       :      :          | -0.0595489120
 176  9/2016 |          :      :       |   *   :      :          |  0.1363594793
 177 10/2016 |          :      :       |  *    :      :          |  0.0960969414
 178 11/2016@|          *      :       |       :      :          |@-0.4691932145
 179 12/2016 +          :      :       |     * :      :          +  0.1766718695
 180  1/2017 |          :      :      *|       :      :          | -0.0411748711
 181  2/2017 |          :      :      *|       :      :          | -0.0231002016
 182  3/2017 |          :      :   *   |       :      :          | -0.1222401060
 183  4/2017 |          :      :       |       :  *   :          |  0.3237726112
 184  5/2017 |          :      :  *    |       :      :          | -0.1672275543
 185  6/2017 |          :      :       |   *   :      :          |  0.1295002534
 186  7/2017 |          :      :       |    *  :      :          |  0.1574034285
 187  8/2017 |          :      :       | *     :      :          |  0.0471416607
 188  9/2017 |          :      :       |*      :      :          |  0.0358369775
 189 10/2017 |          :      :    *  |       :      :          | -0.1041254129
 190 11/2017 |          :      : *     |       :      :          | -0.1967873594
 191 12/2017 +          :      :     * |       :      :          + -0.0574073598
 192  1/2018 |          :      :     * |       :      :          | -0.0620984958
 193  2/2018 |          :      : *     |       :      :          | -0.1893560098
 194  3/2018 |          :      :       |     * :      :          |  0.1712008543
 195  4/2018 |          :      :       |      *:      :          |  0.2059262879
 196  5/2018@|          :      :       |       :      :*         |@ 0.5029606608
 197  6/2018 |          :      :    *  |       :      :          | -0.0895959710
 198  7/2018 |          :      :       |  *    :      :          |  0.0973725636
 199  8/2018 |          :      :       |    *  :      :          |  0.1661429940
 200  9/2018 |          :      :       |      *:      :          |  0.2083057570
 201 10/2018 |          :      :       |  *    :      :          |  0.0813584444
 202 11/2018 |          :*     :       |       :      :          | -0.4240737423
 203 12/2018 +          :*     :       |       :      :          + -0.4404019146
 204  1/2019 |          :     *:       |       :      :          | -0.2795422401
 205  2/2019 |          :      :     * |       :      :          | -0.0618324478
 206  3/2019 |          :      :       |*      :      :          |  0.0165595639
 207  4/2019@|          :      :       |       :      :         *|@ 0.7659066438
 208  5/2019 |          :      :      *|       :      :          | -0.0413473678
 209  6/2019 |          :      :       |  *    :      :          |  0.0922461021
 210  7/2019 |          :      :       |      *:      :          |  0.2005604896
 211  8/2019 |          :      :   *   |       :      :          | -0.1244591941
 212  9/2019 |          :      :       | *     :      :          |  0.0530968227
 213 10/2019 |          :      :       *       :      :          |  0.0125720439
 214 11/2019@|        * :      :       |       :      :          |@-0.5227290806
 215 12/2019 +          :      :       | *     :      :          +  0.0473737511
-------------+--+-------+------+-------+-------+------+-------+--+--------------
               -3      -2     -1       0      +1     +2      +3   

                 +------------------------------------------+
                 |       Table of standardized values       |
                 |       greater than or equal to 2.0       |
                 +------------------------------------------+
                 |                                          |
                 | Observation    Date   Standardized value |
                 |                                          |
                 |     35       12/2004         2.43        |
                 |     39        4/2005        -2.18        |
                 |     63        4/2007         2.02        |
                 |     70       11/2007         3.15        |
                 |     86        3/2009        -2.21        |
                 |    135        4/2013        -2.29        |
                 |    155       12/2014        -2.60        |
                 |    156        1/2015        -2.19        |
                 |    167       12/2015        -2.04        |
                 |    178       11/2016        -2.02        |
                 |    196        5/2018         2.17        |
                 |    207        4/2019         3.30        |
                 |    214       11/2019        -2.25        |
                 +------------------------------------------+

Standardized time series histogram:

       -4      -3      -2      -1       0      +1      +2      +3      +4
        +---+---+---+---+---+---+---+---+---+---+---+---+---+---+---+---+
        |                                 49                            |
        |                                ....                           |
        |                                ....                           |
        |                         37  39 ....                           |
        |                        ............                           |
        |                        ............                           |
        |                        ............ 30                        |
        |                        ................                       |
        |                        ................                       |
        |                        ................                       |
        |                     17 ................ 17                    |
        |                    ........................                   |
        |                    ........................                   |
        |              7     ........................  9                |
        |            ....  4 ............................               |
        |          1 ....................................  3       2    |
        |        ............................................    ....   |
        +---+---+---+---+---+---+---+---+---+---+---+---+---+---+---+---+
       -4      -3      -2      -1       0      +1      +2      +3      +4

              60 values outside (-1,+1): 27.91 % (31.74 % expected)
              13 values outside (-2,+2):  6.05 % ( 4.56 % expected)

Autocorrelation function (acf bands = +- 0.136):

            -1                         0                         1  L-B Q  DF
-------------+-------------------------+-------------------------+--------------
   1  -0.007 |                      :  |  :                      | 
   2  -0.015 |                      :  |  :                      | 
   3   0.011 |                      :  |  :                      | 
   4  -0.037 |                      : *|  :                      | 
   5  -0.150 |                     ****|  :                      | 
   6  -0.001 |                      :  |  :                      | 
   7   0.006 |                      :  |  :                      | 
   8  -0.101 |                      ***|  :                      | 
   9   0.015 |                      :  |  :                      | 
  10  -0.001 |                      :  |  :                      | 
  11   0.220 |                      :  |******                   | 
  12   0.139 +                      :  |+++                      +  23.31   9
  13   0.034 |                      :  |* :                      | 
  14  -0.056 |                      : *|  :                      | 
  15   0.025 |                      :  |* :                      | 
  16  -0.045 |                      : *|  :                      | 
  17  -0.083 |                      :**|  :                      | 
  18  -0.030 |                      : *|  :                      | 
  19  -0.058 |                      : *|  :                      | 
  20  -0.057 |                      : *|  :                      | 
  21  -0.023 |                      : *|  :                      | 
  22   0.035 |                      :  |* :                      | 
  23   0.042 |                      :  |* :                      | 
  24   0.023 +                      :  |+ :                      +  29.32  21
  25   0.069 |                      :  |**:                      | 
  26  -0.064 |                      :**|  :                      | 
  27  -0.018 |                      :  |  :                      | 
  28  -0.096 |                      :**|  :                      | 
  29  -0.066 |                      :**|  :                      | 
  30  -0.030 |                      : *|  :                      | 
  31  -0.029 |                      : *|  :                      | 
  32  -0.016 |                      :  |  :                      | 
  33  -0.032 |                      : *|  :                      | 
  34  -0.018 |                      :  |  :                      | 
  35   0.012 |                      :  |  :                      | 
  36   0.171 +                      :  |++++                     +  43.50  33
  37   0.039 |                      :  |* :                      | 
  38  -0.043 |                      : *|  :                      | 
  39  -0.040 |                      : *|  :                      |  44.80  36
-------------+-------------------------+-------------------------+--------------
            -1                         0                         1  L-B Q  DF

Partial autocorrelation function (pacf bands = +- 0.136):

            -1                         0                         1
-------------+-------------------------+-------------------------+--------------
   1  -0.007 |                      :  |  :                      | 
   2  -0.015 |                      :  |  :                      | 
   3   0.011 |                      :  |  :                      | 
   4  -0.037 |                      : *|  :                      | 
   5  -0.151 |                     ****|  :                      | 
   6  -0.005 |                      :  |  :                      | 
   7   0.003 |                      :  |  :                      | 
   8  -0.102 |                      ***|  :                      | 
   9   0.002 |                      :  |  :                      | 
  10  -0.027 |                      : *|  :                      | 
  11   0.228 |                      :  |******                   | 
  12   0.148 +                      :  |++++                     + 
  13   0.020 |                      :  |  :                      | 
  14  -0.057 |                      : *|  :                      | 
  15   0.036 |                      :  |* :                      | 
  16   0.025 |                      :  |* :                      | 
  17  -0.044 |                      : *|  :                      | 
  18  -0.052 |                      : *|  :                      | 
  19  -0.044 |                      : *|  :                      | 
  20  -0.028 |                      : *|  :                      | 
  21  -0.027 |                      : *|  :                      | 
  22  -0.053 |                      : *|  :                      | 
  23  -0.030 |                      : *|  :                      | 
  24  -0.025 +                      : +|  :                      + 
  25   0.077 |                      :  |**:                      | 
  26  -0.075 |                      :**|  :                      | 
  27  -0.033 |                      : *|  :                      | 
  28  -0.088 |                      :**|  :                      | 
  29  -0.034 |                      : *|  :                      | 
  30   0.014 |                      :  |  :                      | 
  31  -0.028 |                      : *|  :                      | 
  32  -0.009 |                      :  |  :                      | 
  33  -0.042 |                      : *|  :                      | 
  34  -0.054 |                      : *|  :                      | 
  35   0.003 |                      :  |  :                      | 
  36   0.131 +                      :  |+++                      + 
  37   0.056 |                      :  |* :                      | 
  38  -0.041 |                      : *|  :                      | 
  39  -0.015 |                      :  |  :                      | 
-------------+-------------------------+-------------------------+--------------
            -1                         0                         1

      +------------------------------------------------------+
      |         Calibration of distortions of the ACF        |
      |                                                      |
      +------------------------------------------------------+
      |                                                      |
      |     Lag                 Dates          Contribution  |
      |                                                      |
      |  r(1) = -0.007       1/2015 -  2/2015       -0.017    |
      |                    12/2004 -  1/2005       -0.016    |
      |                     4/2013 -  5/2013       -0.015    |
      |                     4/2008 -  5/2008       -0.012    |
      |                                                      |
      |  r(2) = -0.015      12/2014 -  2/2015       -0.020    |
      |                     1/2003 -  3/2003       -0.012    |
      |                    11/2014 -  1/2015       -0.009    |
      |                    11/2013 -  1/2014       -0.009    |
      |                                                      |
      |  r(3) = 0.011        1/2007 -  4/2007        0.017    |
      |                     1/2005 -  4/2005        0.015    |
      |                     4/2019 -  7/2019        0.013    |
      |                    12/2004 -  3/2005        0.013    |
      |                                                      |
      |  r(4) = -0.037      12/2018 -  4/2019       -0.029    |
      |                    12/2004 -  4/2005       -0.025    |
      |                     1/2003 -  5/2003       -0.012    |
      |                    12/2014 -  4/2015       -0.012    |
      |                                                      |
      |  r(5) = -0.150      11/2018 -  4/2019       -0.028    |
      |                    11/2007 -  4/2008       -0.020    |
      |                    12/2015 -  5/2016       -0.013    |
      |                    11/2016 -  4/2017       -0.013    |
      |                                                      |
      |  r(6) = -0.001       5/2018 - 11/2018       -0.018    |
      |                     5/2016 - 11/2016       -0.013    |
      |                    11/2015 -  5/2016       -0.013    |
      |                     5/2007 - 11/2007       -0.013    |
      |                                                      |
      |  r(7) = 0.006        4/2007 - 11/2007        0.030    |
      |                     8/2008 -  3/2009        0.015    |
      |                     9/2018 -  4/2019        0.014    |
      |                    11/2007 -  6/2008        0.013    |
      |                                                      |
      |  r(8) = -0.101       8/2012 -  4/2013       -0.018    |
      |                     5/2003 -  1/2004       -0.012    |
      |                     5/2018 -  1/2019       -0.012    |
      |                     8/2006 -  4/2007       -0.012    |
      |                                                      |
      |  r(9) = 0.015        4/2013 -  1/2014        0.011    |
      |                     4/2006 -  1/2007        0.011    |
      |                     8/2012 -  5/2013        0.011    |
      |                    11/2011 -  8/2012        0.010    |
      |                                                      |
      |  r(10) = -0.001       5/2008 -  3/2009       -0.019    |
      |                     2/2015 - 12/2015       -0.016    |
      |                     2/2004 - 12/2004       -0.014    |
      |                     3/2003 -  1/2004       -0.013    |
      |                                                      |
      |  r(11) = 0.220        5/2018 -  4/2019        0.033    |
      |                    12/2014 - 11/2015        0.023    |
      |                     1/2015 - 12/2015        0.021    |
      |                    12/2018 - 11/2019        0.020    |
      |                                                      |
      |  r(12) = 0.139       12/2014 - 12/2015        0.025    |
      |                    11/2018 - 11/2019        0.019    |
      |                    11/2015 - 11/2016        0.018    |
      |                     1/2003 -  1/2004        0.015    |
      |                                                      |
      |  r(13) = 0.034        4/2007 -  5/2008        0.018    |
      |                    12/2002 -  1/2004        0.016    |
      |                     4/2017 -  5/2018        0.014    |
      |                    12/2014 -  1/2016        0.012    |
      |                                                      |
      |  r(14) = -0.056       9/2006 - 11/2007       -0.019    |
      |                    11/2013 -  1/2015       -0.019    |
      |                     2/2018 -  4/2019       -0.012    |
      |                     5/2008 -  7/2009       -0.012    |
      |                                                      |
      |  r(15) = 0.025        8/2012 - 11/2013        0.015    |
      |                    11/2013 -  2/2015        0.014    |
      |                     2/2015 -  5/2016        0.011    |
      |                    10/2013 -  1/2015        0.009    |
      |                                                      |
      |  r(16) = -0.045      11/2007 -  3/2009       -0.032    |
      |                     5/2008 -  9/2009       -0.015    |
      |                     1/2015 -  5/2016       -0.014    |
      |                     4/2007 -  8/2008       -0.013    |
      |                                                      |
      |  r(17) = -0.083      12/2014 -  5/2016       -0.017    |
      |                    11/2011 -  4/2013       -0.014    |
      |                    11/2017 -  4/2019       -0.013    |
      |                    11/2015 -  4/2017       -0.013    |
      |                                                      |
      |  r(18) = -0.030       5/2018 - 11/2019       -0.023    |
      |                    11/2016 -  5/2018       -0.020    |
      |                     5/2006 - 11/2007       -0.010    |
      |                     5/2012 - 11/2013       -0.009    |
      |                                                      |
      |  r(19) = -0.058       5/2013 - 12/2014       -0.017    |
      |                     5/2003 - 12/2004       -0.016    |
      |                     4/2007 - 11/2008       -0.012    |
      |                     1/2007 -  8/2008       -0.012    |
      |                                                      |
      |  r(20) = -0.057       3/2006 - 11/2007       -0.021    |
      |                    11/2007 -  7/2009       -0.020    |
      |                     3/2009 - 11/2010       -0.014    |
      |                     5/2013 -  1/2015       -0.014    |
      |                                                      |
      |  r(21) = -0.023       4/2005 -  1/2007       -0.018    |
      |                     3/2003 - 12/2004       -0.017    |
      |                     2/2015 - 11/2016       -0.016    |
      |                    12/2004 -  9/2006       -0.015    |
      |                                                      |
      |  r(22) = 0.035        1/2015 - 11/2016        0.021    |
      |                     1/2012 - 11/2013        0.013    |
      |                     5/2008 -  3/2010        0.011    |
      |                     3/2003 -  1/2005        0.010    |
      |                                                      |
      |  r(23) = 0.042       12/2014 - 11/2016        0.024    |
      |                     1/2003 - 12/2004        0.020    |
      |                    12/2005 - 11/2007        0.016    |
      |                     5/2003 -  4/2005        0.014    |
      |                                                      |
      |  r(24) = 0.023        4/2017 -  4/2019        0.021    |
      |                    12/2002 - 12/2004        0.021    |
      |                    11/2016 - 11/2018        0.017    |
      |                     5/2016 -  5/2018        0.014    |
      |                                                      |
      |  r(25) = 0.069       12/2004 -  1/2007        0.020    |
      |                    11/2016 - 12/2018        0.018    |
      |                     3/2003 -  4/2005        0.015    |
      |                    11/2007 - 12/2009        0.014    |
      |                                                      |
      |  r(26) = -0.064       1/2007 -  3/2009       -0.019    |
      |                     3/2006 -  5/2008       -0.012    |
      |                     1/2004 -  3/2006       -0.012    |
      |                    11/2012 -  1/2015       -0.011    |
      |                                                      |
      |  r(27) = -0.018       1/2003 -  4/2005       -0.018    |
      |                     1/2015 -  4/2017       -0.014    |
      |                     1/2005 -  4/2007       -0.014    |
      |                     4/2007 -  7/2009       -0.013    |
      |                                                      |
      |  r(28) = -0.096       8/2012 - 12/2014       -0.021    |
      |                    12/2002 -  4/2005       -0.019    |
      |                    12/2014 -  4/2017       -0.017    |
      |                     9/2009 -  1/2012       -0.012    |
      |                                                      |
      |  r(29) = -0.066      11/2016 -  4/2019       -0.031    |
      |                    12/2015 -  5/2018       -0.021    |
      |                     8/2012 -  1/2015       -0.018    |
      |                     4/2007 -  9/2009       -0.016    |
      |                                                      |
      |  r(30) = -0.030      11/2015 -  5/2018       -0.019    |
      |                     5/2013 - 11/2015       -0.012    |
      |                     5/2016 - 11/2018       -0.012    |
      |                    11/2007 -  5/2010       -0.012    |
      |                                                      |
      |  r(31) = -0.029       4/2005 - 11/2007       -0.032    |
      |                     4/2017 - 11/2019       -0.015    |
      |                     5/2013 - 12/2015       -0.013    |
      |                     5/2016 - 12/2018       -0.012    |
      |                                                      |
      |  r(32) = -0.016       1/2007 -  9/2009       -0.014    |
      |                     3/2009 - 11/2011       -0.013    |
      |                     1/2004 -  9/2006       -0.011    |
      |                    11/2007 -  7/2010       -0.011    |
      |                                                      |
      |  r(33) = -0.032       3/2016 - 12/2018       -0.009    |
      |                    12/2006 -  9/2009       -0.009    |
      |                    12/2015 -  9/2018       -0.009    |
      |                     5/2012 -  2/2015       -0.008    |
      |                                                      |
      |  r(34) = -0.018       1/2005 - 11/2007       -0.021    |
      |                     3/2009 -  1/2012       -0.016    |
      |                     2/2012 - 12/2014       -0.011    |
      |                    11/2015 -  9/2018       -0.008    |
      |                                                      |
      |  r(35) = 0.012       12/2004 - 11/2007        0.036    |
      |                     5/2016 -  4/2019        0.021    |
      |                    12/2015 - 11/2018        0.017    |
      |                     4/2007 -  3/2010        0.011    |
      |                                                      |
      |  r(36) = 0.171       11/2016 - 11/2019        0.021    |
      |                    11/2007 - 11/2010        0.020    |
      |                    12/2015 - 12/2018        0.018    |
      |                    11/2015 - 11/2018        0.016    |
      |                                                      |
      |  r(37) = 0.039       11/2015 - 12/2018        0.017    |
      |                     3/2016 -  4/2019        0.016    |
      |                    12/2011 -  1/2015        0.013    |
      |                     1/2012 -  2/2015        0.012    |
      |                                                      |
      |  r(38) = -0.043       9/2004 - 11/2007       -0.015    |
      |                    11/2011 -  1/2015       -0.013    |
      |                     2/2004 -  4/2007       -0.012    |
      |                     1/2003 -  3/2006       -0.011    |
      |                                                      |
      |  r(39) = -0.040       8/2012 - 11/2015       -0.016    |
      |                     1/2016 -  4/2019       -0.015    |
      |                    12/2002 -  3/2006       -0.012    |
      |                    12/2005 -  3/2009       -0.011    |
      |                                                      |
      +------------------------------------------------------+
