Input Data File  : data/passthrough/WTI_IPC_FR_ext.inp
Output File      : data/passthrough/WTI_IPC_FR_ext.out
Model: VARMA(1,0)
Include mean     : yes
Diagonal AR      : yes
Diagonal MA      : no
Diagonal Cov     : yes
Estimation method: 1
Two-step init    : no
Frequency        : 12
Start            : 1 2002
Box-Cox lambda   : 0
Rescale factor   : 100
Differences      : d=1, D=0 (seasonal lag=12)
Deseasonalize    : harmonic (auto)
Series names     : WTI IPC_FR
Observations     : 262 (raw 263)

Number of parameters: 6

=============================================================
  OPTIMIZER CONVERGED after 35 iterations
  Objective function = 0.002290457739
  Convergence criterion: norm of scaled gradient <= gradtol
=============================================================



=============================================================
  Estimated Parameters and Standard Deviations               
=============================================================

                        Parameter     Estimate    Std.Error   t-stat  p-val
--------------------------------------------------------------------
mu[1]                   0.535667     0.797905    0.671 0.5020    
mu[2]                   0.112641     0.013887    8.111 0.0000 ***
phi[1]_11              0.296841     0.063851    4.649 0.0000 ***
phi[1]_12          (fixed 0.0)
phi[1]_21          (fixed 0.0)
phi[1]_22              0.030325     0.067409    0.450 0.6528    
cov[1,1]               1.999297     0.017461  114.501 0.0000 ***
cov[2,2]               0.001149     0.000160    7.194 0.0000 ***
--------------------------------------------------------------------
Signif. codes:  0 '***' 0.001 '**' 0.01 '*' 0.05 '.' 0.1 ' ' 1



=============================================================
           JOINT HYPOTHESIS TESTS (WALD)                    
=============================================================

Test of joint significance of last lag (AR(1) and MA(0)):
  Wald chi2(2) = 21.8977, p-value = 0.0000
  Conclusion: REJECT H0 → last lag is statistically significant.

Test of joint significance of last AR lag (AR(1)):
  Wald chi2(2) = 21.8977, p-value = 0.0000
  Conclusion: REJECT H0 → last AR lag is significant.

No cross effects to test (model already diagonal).

--- Directional cross-effects tests ---


=============================================================
           ORTHOGONALIZED IMPULSE RESPONSE FUNCTIONS        
=============================================================
Shocks are orthogonalized via Cholesky decomposition of Sigma Matrix.
Order of variables: as in the model.

Shock to WTI:
Horizon      WTI   IPC_FR
    0     8.2883   0.0000
    1     2.4603   0.0000
    2     0.7303   0.0000
    3     0.2168   0.0000
    4     0.0644   0.0000
    5     0.0191   0.0000
    6     0.0057   0.0000
    7     0.0017   0.0000
    8     0.0005   0.0000
    9     0.0001   0.0000
   10     0.0000   0.0000
   11     0.0000   0.0000
   12     0.0000   0.0000
   13     0.0000   0.0000
   14     0.0000   0.0000
   15     0.0000   0.0000
   16     0.0000   0.0000
   17     0.0000   0.0000
   18     0.0000   0.0000
   19     0.0000   0.0000
   20     0.0000   0.0000

Shock to IPC_FR:
Horizon      WTI   IPC_FR
    0     0.0000   0.1987
    1     0.0000   0.0060
    2     0.0000   0.0002
    3     0.0000   0.0000
    4     0.0000   0.0000
    5     0.0000   0.0000
    6     0.0000   0.0000
    7     0.0000   0.0000
    8     0.0000   0.0000
    9     0.0000   0.0000
   10     0.0000   0.0000
   11     0.0000   0.0000
   12     0.0000   0.0000
   13     0.0000   0.0000
   14     0.0000   0.0000
   15     0.0000   0.0000
   16     0.0000   0.0000
   17     0.0000   0.0000
   18     0.0000   0.0000
   19     0.0000   0.0000
   20     0.0000   0.0000


=============================================================
        ACCUMULATED IMPULSE RESPONSE FUNCTIONS               
=============================================================
Cumulative response of each variable to a one-s.d. shock
(sum of responses up to each horizon).

Shock to WTI:
Horizon      WTI   IPC_FR
    0     8.2883   0.0000
    1    10.7486   0.0000
    2    11.4789   0.0000
    3    11.6957   0.0000
    4    11.7601   0.0000
    5    11.7792   0.0000
    6    11.7849   0.0000
    7    11.7865   0.0000
    8    11.7870   0.0000
    9    11.7872   0.0000
   10    11.7872   0.0000
   11    11.7872   0.0000
   12    11.7873   0.0000
   13    11.7873   0.0000
   14    11.7873   0.0000
   15    11.7873   0.0000
   16    11.7873   0.0000
   17    11.7873   0.0000
   18    11.7873   0.0000
   19    11.7873   0.0000
   20    11.7873   0.0000

Shock to IPC_FR:
Horizon      WTI   IPC_FR
    0     0.0000   0.1987
    1     0.0000   0.2047
    2     0.0000   0.2049
    3     0.0000   0.2049
    4     0.0000   0.2049
    5     0.0000   0.2049
    6     0.0000   0.2049
    7     0.0000   0.2049
    8     0.0000   0.2049
    9     0.0000   0.2049
   10     0.0000   0.2049
   11     0.0000   0.2049
   12     0.0000   0.2049
   13     0.0000   0.2049
   14     0.0000   0.2049
   15     0.0000   0.2049
   16     0.0000   0.2049
   17     0.0000   0.2049
   18     0.0000   0.2049
   19     0.0000   0.2049
   20     0.0000   0.2049


=============================================================
  LONG‑RUN GAIN, SHOCK STD. DEVIATIONS AND MEAN LAG        
=============================================================

Structural shock standard deviations (one‑s.d. shock size):
  WTI      : 8.2883
  IPC_FR   : 0.1987

Shock to WTI:
  WTI      : gain =  11.7873  mean lag =   0.42 months
  IPC_FR   : gain =   0.0000  mean lag = undefined

Shock to IPC_FR:
  WTI      : gain =   0.0000  mean lag = undefined
  IPC_FR   : gain =   0.2049  mean lag =   0.03 months
=============================================================



=============================================================
           FORECAST ERROR VARIANCE DECOMPOSITION             
=============================================================
Values are percentages of forecast error variance accounted for by each shock.
Shocks are orthogonalized via Cholesky decomposition.

WTI:
Horizon      WTI   IPC_FR
    1     100.00     0.00
    2     100.00     0.00
    3     100.00     0.00
    4     100.00     0.00
    5     100.00     0.00
    6     100.00     0.00
    7     100.00     0.00
    8     100.00     0.00
    9     100.00     0.00
   10     100.00     0.00
   11     100.00     0.00
   12     100.00     0.00
   13     100.00     0.00
   14     100.00     0.00
   15     100.00     0.00
   16     100.00     0.00
   17     100.00     0.00
   18     100.00     0.00
   19     100.00     0.00
   20     100.00     0.00

IPC_FR:
Horizon      WTI   IPC_FR
    1       0.00   100.00
    2       0.00   100.00
    3       0.00   100.00
    4       0.00   100.00
    5       0.00   100.00
    6       0.00   100.00
    7       0.00   100.00
    8       0.00   100.00
    9       0.00   100.00
   10       0.00   100.00
   11       0.00   100.00
   12       0.00   100.00
   13       0.00   100.00
   14       0.00   100.00
   15       0.00   100.00
   16       0.00   100.00
   17       0.00   100.00
   18       0.00   100.00
   19       0.00   100.00
   20       0.00   100.00



=============================================================
           MULTIVARIATE RESIDUAL DIAGNOSTICS                
=============================================================

Hosking's Multivariate Portmanteau Test (lag 14):
  Q(56) = 134.1477, p-value = 0.0000
  *** REJECT H0: residuals are not white noise.

Multivariate Jarque-Bera Test (normality):
  JB(4) = 12.0422, p-value = 0.0170
  *** REJECT H0: residuals are not normally distributed.
=============================================================

Normalized model:
mu vector:
      0.535667
      0.112641
phi(1) matrix:
      0.296841      0.000000
      0.000000      0.030325
Q matrix:
      1.999297
      0.000000      0.001149
Sigma = sigma2 * Q:
     68.696123
      0.000000      0.039490

Inverse roots of |phi(B)|=0:
      0.296841      0.000000 i  (modulus     0.296841)
      0.030325      0.000000 i  (modulus     0.030325)



=============================================================
                RESIDUAL DIAGNOSTICS                         
=============================================================

--- Residual series a[1] (WTI) ---
Unconditional residuals (seasonal period: 12)
215 observations: from 2/2002 to 12/2019

                  Mean:          -0.008529
Standard error of mean:           0.565225
              Variance:          68.688055
    Standard deviation:           8.287826
              Skewness:          -0.378509
              Kurtosis:           0.442863
               Minimum:         -27.368861 at 10/2008 (observation  81)
               Maximum:          22.312402 at  3/2016 (observation 170)

Standardized time series plot (original values on right-side column):

               -3      -2     -1       0      +1     +2      +3   
-------------+--+-------+------+-------+-------+------+-------+--+--------------
   1  2/2002 |          :      :       |   *   :      :          |  4.3417507137
   2  3/2002 |          :      :       |       :    * :          | 14.3848131727
   3  4/2002 |          :      :       | *     :      :          |  2.0773041796
   4  5/2002 |          :      :       *       :      :          |  0.2706279893
   5  6/2002 |          :      : *     |       :      :          | -6.9237460466
   6  7/2002 |          :      :       |     * :      :          |  6.7337160045
   7  8/2002 |          :      :       |  *    :      :          |  3.2232051978
   8  9/2002 |          :      :       | *     :      :          |  2.5227915511
   9 10/2002 |          :      :   *   |       :      :          | -4.4988140513
  10 11/2002 |          :      *       |       :      :          | -8.9129582523
  11 12/2002 +          :      :       |       :    * :          + 13.7289298494
  12  1/2003 |          :      :       |      *:      :          |  7.5630027050
  13  2/2003 |          :      :       |   *   :      :          |  4.7900075322
  14  3/2003 |          :     *:       |       :      :          | -9.5925903913
  15  4/2003 |          :*     :       |       :      :          | -15.5861890453
  16  5/2003 |          :      :       |   *   :      :          |  4.3371863169
  17  6/2003 |          :      :       |       *      :          |  8.5113362560
  18  7/2003 |          :      :    *  |       :      :          | -2.8504802797
  19  8/2003 |          :      :       | *     :      :          |  2.2472618369
  20  9/2003 |          :   *  :       |       :      :          | -12.2002353376
  21 10/2003 |          :      :       |       :*     :          |  9.8613479407
  22 11/2003 |          :      :       *       :      :          |  0.0313584583
  23 12/2003 +          :      :       | *     :      :          +  2.2413145089
  24  1/2004 |          :      :       |    *  :      :          |  5.0139333566
  25  2/2004 |          :      :      *|       :      :          | -0.9100807988
  26  3/2004 |          :      :       |   *   :      :          |  4.8708547200
  27  4/2004 |          :      :     * |       :      :          | -2.2449672137
  28  5/2004 |          :      :       |       *      :          |  9.0150034622
  29  6/2004 |          :      *       |       :      :          | -8.9219680148
  30  7/2004 |          :      :       |      *:      :          |  8.1243846143
  31  8/2004 |          :      :       |      *:      :          |  7.5432704067
  32  9/2004 |          :      :      *|       :      :          | -1.1030951728
  33 10/2004 |          :      :       |       :   *  :          | 13.4823835184
  34 11/2004 |          : *    :       |       :      :          | -13.8867342216
  35 12/2004 +          :      *       |       :      :          + -8.8349796839
  36  1/2005 |          :      :       |       : *    :          | 10.7340289122
  37  2/2005 |          :      :       *       :      :          | -0.3049947389
  38  3/2005 |          :      :       |       : *    :          | 11.3289786061
  39  4/2005 |          :      : *     |       :      :          | -6.4276255597
  40  5/2005 |          :      :  *    |       :      :          | -5.9171864419
  41  6/2005 |          :      :       |       :   *  :          | 13.6131528667
  42  7/2005 |          :      :       *       :      :          |  0.2662746516
  43  8/2005 |          :      :       |       *      :          |  8.5116645772
  44  9/2005 |          :      :     * |       :      :          | -2.4699122244
  45 10/2005 |          :      :  *    |       :      :          | -5.6529230845
  46 11/2005 |          :      :  *    |       :      :          | -5.6396778219
  47 12/2005 +          :      :       |  *    :      :          +  3.5461980291
  48  1/2006 |          :      :       |       *      :          |  8.7938587721
  49  2/2006 |          :     *:       |       :      :          | -9.3734031610
  50  3/2006 |          :      :       |  *    :      :          |  3.4754151750
  51  4/2006 |          :      :       |       *      :          |  9.2689295114
  52  5/2006 |          :      :      *|       :      :          | -1.6418352625
  53  6/2006 |          :      :      *|       :      :          | -0.8761828302
  54  7/2006 |          :      :       |   *   :      :          |  4.3623735839
  55  8/2006 |          :      :    *  |       :      :          | -3.6305027509
  56  9/2006 |          :  *   :       |       :      :          | -13.2585371803
  57 10/2006 |          :      :   *   |       :      :          | -4.5250803086
  58 11/2006 |          :      :       |  *    :      :          |  2.8668494886
  59 12/2006 +          :      :       |  *    :      :          +  3.7602407160
  60  1/2007 |          : *    :       |       :      :          | -14.4910722382
  61  2/2007 |          :      :       |       :  *   :          | 11.6719057937
  62  3/2007 |          :      :      *|       :      :          | -0.6541146203
  63  4/2007 |          :      :       |   *   :      :          |  4.4571552296
  64  5/2007 |          :      :    *  |       :      :          | -2.8031866796
  65  6/2007 |          :      :       |    *  :      :          |  6.0030925624
  66  7/2007 |          :      :       |      *:      :          |  7.2664309056
  67  8/2007 |          :      :  *    |       :      :          | -5.6292952506
  68  9/2007 |          :      :       |       :*     :          | 10.2567251141
  69 10/2007 |          :      :       |   *   :      :          |  4.2340408442
  70 11/2007 |          :      :       |     * :      :          |  6.7014984056
  71 12/2007 +          :      : *     |       :      :          + -6.2451179548
  72  1/2008 |          :      :       | *     :      :          |  1.8653471592
  73  2/2008 |          :      :       | *     :      :          |  1.7804092875
  74  3/2008 |          :      :       |       *      :          |  9.0391332775
  75  4/2008 |          :      :       |  *    :      :          |  3.0332938524
  76  5/2008 |          :      :       |       *      :          |  8.5001424022
  77  6/2008 |          :      :       |  *    :      :          |  3.0106419405
  78  7/2008 |          :      :     * |       :      :          | -2.6990308414
  79  8/2008 |          : *    :       |       :      :          | -13.7495474115
  80  9/2008 |          :      :*      |       :      :          | -7.9153535686
  81 10/2008>|*         :      :       |       :      :          |>-27.3688606222
  82 11/2008>|       *  :      :       |       :      :          |>-20.1982372435
  83 12/2008>+  *       :      :       |       :      :          +>-25.4806544880
  84  1/2009 |          :      :       |       : *    :          | 11.3574349014
  85  2/2009 |          :      :*      |       :      :          | -7.2735753871
  86  3/2009>|          :      :       |       :      :    *     |>21.8301519364
  87  4/2009 |          :      :     * |       :      :          | -2.7033546827
  88  5/2009 |          :      :       |       :     *:          | 15.7672890514
  89  6/2009 |          :      :       |       : *    :          | 10.8716363122
  90  7/2009 |          :  *   :       |       :      :          | -13.5974868243
  91  8/2009 |          :      :       |       :  *   :          | 12.4292982293
  92  9/2009 |          :      :  *    |       :      :          | -5.7184889745
  93 10/2009 |          :      :       |       *      :          |  9.0604593746
  94 11/2009 |          :      :       *       :      :          | -0.0401318985
  95 12/2009 +          :      : *     |       :      :          + -6.2108347179
  96  1/2010 |          :      :       |     * :      :          |  6.2377966553
  97  2/2010 |          :      :   *   |       :      :          | -4.2309428279
  98  3/2010 |          :      :       |     * :      :          |  6.4307438074
  99  4/2010 |          :      :       | *     :      :          |  1.7184715398
 100  5/2010 |          :*     :       |       :      :          | -14.9989408724
 101  6/2010 |          :      :       |    *  :      :          |  5.6435772267
 102  7/2010 |          :      :       *       :      :          |  0.3670379673
 103  8/2010 |          :      :       *       :      :          | -0.1882849212
 104  9/2010 |          :      :     * |       :      :          | -2.5362649369
 105 10/2010 |          :      :       |       *      :          |  8.6012387897
 106 11/2010 |          :      :       *       :      :          | -0.1684330792
 107 12/2010 +          :      :       |   *   :      :          +  4.4827349488
 108  1/2011 |          :      :      *|       :      :          | -1.6310208015
 109  2/2011 |          :      :       *       :      :          | -0.3243027702
 110  3/2011 |          :      :       |       :   *  :          | 13.4716956301
 111  4/2011 |          :      :       | *     :      :          |  2.1665925792
 112  5/2011 |          :    * :       |       :      :          | -10.6026607840
 113  6/2011 |          :      :    *  |       :      :          | -3.0306703863
 114  7/2011 |          :      :       | *     :      :          |  2.0681013044
 115  8/2011 |          :   *  :       |       :      :          | -12.5018872128
 116  9/2011 |          :      :       | *     :      :          |  2.3031237544
 117 10/2011 |          :      :       |*      :      :          |  0.8020782266
 118 11/2011 |          :      :       |       : *    :          | 11.1242574614
 119 12/2011 +          :      :     * |       :      :          + -2.4832245179
 120  1/2012 |          :      :       |*      :      :          |  0.8909641319
 121  2/2012 |          :      :       |*      :      :          |  1.1099857957
 122  3/2012 |          :      :       |  *    :      :          |  2.8149226982
 123  4/2012 |          :      :   *   |       :      :          | -4.2292090543
 124  5/2012 |          :      *       |       :      :          | -8.2875930179
 125  6/2012 |          :   *  :       |       :      :          | -11.6885182034
 126  7/2012 |          :      :       |       :*     :          | 10.2330709275
 127  8/2012 |          :      :       |   *   :      :          |  4.5442360128
 128  9/2012 |          :      :     * |       :      :          | -1.8156964800
 129 10/2012 |          :      : *     |       :      :          | -6.1431500876
 130 11/2012 |          :      :     * |       :      :          | -2.0199799465
 131 12/2012 +          :      :       | *     :      :          +  2.4218761910
 132  1/2013 |          :      :       |     * :      :          |  6.1271160703
 133  2/2013 |          :      :     * |       :      :          | -1.8043247914
 134  3/2013 |          :      :    *  |       :      :          | -2.9837689034
 135  4/2013 |          :      :      *|       :      :          | -0.7199755702
 136  5/2013 |          :      :       |  *    :      :          |  2.8596561803
 137  6/2013 |          :      :       *       :      :          | -0.1947085900
 138  7/2013 |          :      :       |      *:      :          |  8.1095037989
 139  8/2013 |          :      :      *|       :      :          | -1.1318720319
 140  9/2013 |          :      :      *|       :      :          | -1.1907659867
 141 10/2013 |          :      :  *    |       :      :          | -5.8601199817
 142 11/2013 |          :      :  *    |       :      :          | -5.6008961494
 143 12/2013 +          :      :       |    *  :      :          +  5.6022143483
 144  1/2014 |          :      :   *   |       :      :          | -4.6772297131
 145  2/2014 |          :      :       |     * :      :          |  6.8997147277
 146  3/2014 |          :      :     * |       :      :          | -2.2804855919
 147  4/2014 |          :      :       |*      :      :          |  0.8812796524
 148  5/2014 |          :      :      *|       :      :          | -0.6406077324
 149  6/2014 |          :      :       |  *    :      :          |  3.0633710750
 150  7/2014 |          :      :    *  |       :      :          | -3.5088119332
 151  8/2014 |          :      : *     |       :      :          | -6.8011788234
 152  9/2014 |          :      :     * |       :      :          | -1.7946652342
 153 10/2014 |          :      *       |       :      :          | -9.2634363376
 154 11/2014 |          :      :*      |       :      :          | -8.1894997028
 155 12/2014>+     *    :      :       |       :      :          +>-21.7351885113
 156  1/2015 |          :*     :       |       :      :          | -15.8507611751
 157  2/2015 |          :      :       |       :   *  :          | 13.2540005082
 158  3/2015 |          :      :*      |       :      :          | -8.0283341143
 159  4/2015 |          :      :       |       :    * :          | 14.2728723585
 160  5/2015 |          :      :       |   *   :      :          |  4.2512323782
 161  6/2015 |          :      :     * |       :      :          | -1.9707998184
 162  7/2015>|          *      :       |       :      :          |>-16.7985575760
 163  8/2015 |          :  *   :       |       :      :          | -12.7524194246
 164  9/2015 |          :      :       |       : *    :          | 10.6298626950
 165 10/2015 |          :      :       *       :      :          | -0.5170076583
 166 11/2015 |          :     *:       |       :      :          | -9.3878878027
 167 12/2015 +          :    * :       |       :      :          + -11.0491135917
 168  1/2016 |          :   *  :       |       :      :          | -12.4922654947
 169  2/2016 |          :      :       *       :      :          | -0.0044847230
 170  3/2016>|          :      :       |       :      :    *     |>22.3124019260
 171  4/2016 |          :      :       |*      :      :          |  1.4531716978
 172  5/2016 |          :      :       |       : *    :          | 10.8459451934
 173  6/2016 |          :      :       *       :      :          | -0.1334086947
 174  7/2016 |          :    * :       |       :      :          | -10.4572514298
 175  8/2016 |          :      :       | *     :      :          |  2.3938564464
 176  9/2016 |          :      :       |*      :      :          |  0.6002082859
 177 10/2016 |          :      :       |       *      :          |  9.0154417523
 178 11/2016 |          :   *  :       |       :      :          | -11.8938594754
 179 12/2016 +          :      :       |       :     *:          + 15.1321689158
 180  1/2017 |          :      :    *  |       :      :          | -3.2044339702
 181  2/2017 |          :      :       |*      :      :          |  1.1529078195
 182  3/2017 |          :      *       |       :      :          | -8.9789366177
 183  4/2017 |          :      :       |    *  :      :          |  5.4624330437
 184  5/2017 |          :      : *     |       :      :          | -6.5848474509
 185  6/2017 |          :      :  *    |       :      :          | -5.8872193112
 186  7/2017 |          :      :       |   *   :      :          |  4.8749361340
 187  8/2017 |          :      :       | *     :      :          |  1.6646205090
 188  9/2017 |          :      :       | *     :      :          |  2.3773060126
 189 10/2017 |          :      :       | *     :      :          |  2.0151076054
 190 11/2017 |          :      :       |      *:      :          |  7.9509281241
 191 12/2017 +          :      :      *|       :      :          + -0.9888954299
 192  1/2018 |          :      :       |       *      :          |  8.5617545383
 193  2/2018 |          :      :  *    |       :      :          | -5.5555085944
 194  3/2018 |          :      :       |*      :      :          |  1.1166468044
 195  4/2018 |          :      :       |   *   :      :          |  4.8453570107
 196  5/2018 |          :      :       |  *    :      :          |  3.4801196962
 197  6/2018 |          :      :  *    |       :      :          | -5.0641145701
 198  7/2018 |          :      :       |    *  :      :          |  5.0125345374
 199  8/2018 |          :      :  *    |       :      :          | -5.9074746672
 200  9/2018 |          :      :       |   *   :      :          |  4.0089150267
 201 10/2018 |          :      :      *|       :      :          | -0.5706248819
 202 11/2018>|     *    :      :       |       :      :          |>-22.2759647276
 203 12/2018 +          :      :*      |       :      :          + -7.9383120798
 204  1/2019 |          :      :       |      *:      :          |  7.4655396418
 205  2/2019 |          :      :       |    *  :      :          |  5.2462866813
 206  3/2019 |          :      :       |  *    :      :          |  3.2895401641
 207  4/2019 |          :      :       |      *:      :          |  7.3098861156
 208  5/2019 |          :      :*      |       :      :          | -8.0180992222
 209  6/2019 |          :     *:       |       :      :          | -9.6288026635
 210  7/2019 |          :      :       |      *:      :          |  7.6021491033
 211  8/2019 |          :      : *     |       :      :          | -6.3327216663
 212  9/2019 |          :      :       |   *   :      :          |  4.7981393568
 213 10/2019 |          :      : *     |       :      :          | -6.9066568073
 214 11/2019 |          :      :       |     * :      :          |  6.7576655506
 215 12/2019 +          :      :       |  *    :      :          +  2.8572997631
-------------+--+-------+------+-------+-------+------+-------+--+--------------
               -3      -2     -1       0      +1     +2      +3   

                 +------------------------------------------+
                 |       Table of standardized values       |
                 |       greater than or equal to 2.0       |
                 +------------------------------------------+
                 |                                          |
                 | Observation    Date   Standardized value |
                 |                                          |
                 |     81       10/2008        -3.30        |
                 |     82       11/2008        -2.44        |
                 |     83       12/2008        -3.07        |
                 |     86        3/2009         2.64        |
                 |    155       12/2014        -2.62        |
                 |    162        7/2015        -2.03        |
                 |    170        3/2016         2.69        |
                 |    202       11/2018        -2.69        |
                 +------------------------------------------+

Standardized time series histogram:

       -4      -3      -2      -1       0      +1      +2      +3      +4
        +---+---+---+---+---+---+---+---+---+---+---+---+---+---+---+---+
        |                                 42                            |
        |                             39 ....                            |
        |                            ........ 36                         |
        |                         32 ............                        |
        |                        ................                        |
        |                        ................                        |
        |                        ................                        |
        |                        ................ 22                     |
        |                        ....................                    |
        |                        ....................                    |
        |                     15 ....................                    |
        |                 11 ........................                    |
        |                ............................ 10                 |
        |                ................................                |
        |                ................................                |
        |      2  2  2   ................................   2            |
        |    ............................................    ....        |
        +---+---+---+---+---+---+---+---+---+---+---+---+---+---+---+---+
       -4      -3      -2      -1       0      +1      +2      +3      +4

              66 values outside (-1,+1): 30.70 % (31.74 % expected)
               8 values outside (-2,+2):  3.72 % ( 4.56 % expected)

Autocorrelation function (acf bands =  0.136):

            -1                         0                         1  L-B Q  DF
-------------+-------------------------+-------------------------+--------------
   1  -0.014 |                      :  |  :                      | 
   2   0.086 |                      :  |**:                      | 
   3  -0.103 |                      ***|  :                      | 
   4  -0.065 |                      :**|  :                      | 
   5   0.054 |                      :  |* :                      | 
   6  -0.115 |                      ***|  :                      | 
   7  -0.016 |                      :  |  :                      | 
   8  -0.124 |                      ***|  :                      | 
   9  -0.038 |                      : *|  :                      | 
  10   0.051 |                      :  |* :                      | 
  11   0.055 |                      :  |* :                      | 
  12   0.031 +                      :  |+ :                      +  13.92  12
  13  -0.049 |                      : *|  :                      | 
  14  -0.056 |                      : *|  :                      | 
  15   0.027 |                      :  |* :                      | 
  16  -0.060 |                      : *|  :                      | 
  17  -0.005 |                      :  |  :                      | 
  18  -0.043 |                      : *|  :                      | 
  19   0.035 |                      :  |* :                      | 
  20   0.053 |                      :  |* :                      | 
  21   0.034 |                      :  |* :                      | 
  22   0.038 |                      :  |* :                      | 
  23  -0.044 |                      : *|  :                      | 
  24  -0.079 +                      :++|  :                      +  20.25  24
  25   0.135 |                      :  |***                      | 
  26  -0.014 |                      :  |  :                      | 
  27   0.027 |                      :  |* :                      | 
  28  -0.054 |                      : *|  :                      | 
  29  -0.046 |                      : *|  :                      | 
  30   0.052 |                      :  |* :                      | 
  31  -0.008 |                      :  |  :                      | 
  32  -0.039 |                      : *|  :                      | 
  33   0.024 |                      :  |* :                      | 
  34   0.037 |                      :  |* :                      | 
  35   0.050 |                      :  |* :                      | 
  36  -0.053 +                      : +|  :                      +  29.18  36
  37  -0.016 |                      :  |  :                      | 
  38  -0.014 |                      :  |  :                      | 
  39  -0.058 |                      : *|  :                      | 
  40   0.058 |                      :  |* :                      | 
  41   0.029 |                      :  |* :                      | 
  42   0.033 |                      :  |* :                      |  31.60  42
-------------+-------------------------+-------------------------+--------------
            -1                         0                         1  L-B Q  DF

Partial autocorrelation function (pacf bands =  0.136):

            -1                         0                         1
-------------+-------------------------+-------------------------+--------------
   1  -0.014 |                      :  |  :                      | 
   2   0.086 |                      :  |**:                      | 
   3  -0.101 |                      ***|  :                      | 
   4  -0.076 |                      :**|  :                      | 
   5   0.072 |                      :  |**:                      | 
   6  -0.115 |                      ***|  :                      | 
   7  -0.045 |                      : *|  :                      | 
   8  -0.098 |                      :**|  :                      | 
   9  -0.054 |                      : *|  :                      | 
  10   0.046 |                      :  |* :                      | 
  11   0.051 |                      :  |* :                      | 
  12  -0.011 +                      :  |  :                      + 
  13  -0.049 |                      : *|  :                      | 
  14  -0.065 |                      :**|  :                      | 
  15   0.022 |                      :  |* :                      | 
  16  -0.072 |                      :**|  :                      | 
  17  -0.030 |                      : *|  :                      | 
  18  -0.018 |                      :  |  :                      | 
  19   0.040 |                      :  |* :                      | 
  20   0.037 |                      :  |* :                      | 
  21   0.016 |                      :  |  :                      | 
  22   0.002 |                      :  |  :                      | 
  23  -0.037 |                      : *|  :                      | 
  24  -0.093 +                      :++|  :                      + 
  25   0.157 |                      :  |****                     | 
  26  -0.000 |                      :  |  :                      | 
  27  -0.010 |                      :  |  :                      | 
  28  -0.003 |                      :  |  :                      | 
  29  -0.027 |                      : *|  :                      | 
  30   0.015 |                      :  |  :                      | 
  31   0.008 |                      :  |  :                      | 
  32  -0.096 |                      :**|  :                      | 
  33   0.073 |                      :  |**:                      | 
  34   0.083 |                      :  |**:                      | 
  35   0.030 |                      :  |* :                      | 
  36  -0.080 +                      :++|  :                      + 
  37  -0.028 |                      : *|  :                      | 
  38   0.010 |                      :  |  :                      | 
  39  -0.041 |                      : *|  :                      | 
  40   0.027 |                      :  |* :                      | 
  41   0.072 |                      :  |**:                      | 
  42   0.017 |                      :  |  :                      | 
-------------+-------------------------+-------------------------+--------------
            -1                         0                         1


--- Residual series a[2] (IPC_FR) ---
Unconditional residuals (seasonal period: 12)
215 observations: from 2/2002 to 12/2019

                  Mean:           0.000038
Standard error of mean:           0.013553
              Variance:           0.039490
    Standard deviation:           0.198720
              Skewness:          -0.029625
              Kurtosis:           0.755997
               Minimum:          -0.663436 at  1/2015 (observation 156)
               Maximum:           0.614106 at  1/2003 (observation  12)

Standardized time series plot (original values on right-side column):

                -3     -2      -1      0     +1      +2     +3    
-------------+---+------+-------+------+------+-------+------+---+--------------
   1  2/2002 |          :    *  :      |      :       :          | -0.2599790082
   2  3/2002 |          :     * :      |      :       :          | -0.2261911250
   3  4/2002 |          :       :      |      *       :          |  0.1866927181
   4  5/2002 |          :       :   *  |      :       :          | -0.0755513208
   5  6/2002 |          :       :   *  |      :       :          | -0.0888658525
   6  7/2002 |          :       :      |      :    *  :          |  0.3221879703
   7  8/2002 |          :      *:      |      :       :          | -0.1993454110
   8  9/2002 |          :       :      |      :    *  :          |  0.3256559560
   9 10/2002 |          :       :      |  *   :       :          |  0.0752838050
  10 11/2002 |          :       :      *      :       :          |  0.0101356062
  11 12/2002 +          :       :   *  |      :       :          + -0.0776428441
  12  1/2003>|          :       :      |      :       :       *  |> 0.6141060240
  13  2/2003 |          :       :      |      :   *   :          |  0.2942034279
  14  3/2003 |          :    *  :      |      :       :          | -0.2642480470
  15  4/2003 |          :  *    :      |      :       :          | -0.3297550151
  16  5/2003 |          :   *   :      |      :       :          | -0.2986347101
  17  6/2003 |          :       :      |    * :       :          |  0.1202274279
  18  7/2003 |          :       :      |      :*      :          |  0.2011561715
  19  8/2003 |          :       *      |      :       :          | -0.1826006911
  20  9/2003>|          :       :      |      :       :    *     |> 0.5177819870
  21 10/2003 |          :       :      |    * :       :          |  0.1242131716
  22 11/2003 |          :       :      |    * :       :          |  0.1231580798
  23 12/2003 +          :       : *    |      :       :          + -0.1405030430
  24  1/2004>|          :       :      |      :       :*         |> 0.4140578760
  25  2/2004 |          :       :      |*     :       :          |  0.0362449114
  26  3/2004 |          :    *  :      |      :       :          | -0.2538548562
  27  4/2004 |          :       :      |  *   :       :          |  0.0705229943
  28  5/2004 |          :       :      |      *       :          |  0.1819501690
  29  6/2004 |          :       :    * |      :       :          | -0.0510821228
  30  7/2004 |          :       :      |    * :       :          |  0.1404652855
  31  8/2004 |          :       *      |      :       :          | -0.1907031341
  32  9/2004 |          :       :      |      : *     :          |  0.2270260306
  33 10/2004 |          :       :      |      *       :          |  0.1739235914
  34 11/2004 |          :       :      | *    :       :          |  0.0595165713
  35 12/2004 +          :       : *    |      :       :          + -0.1266384198
  36  1/2005 |          :       :*     |      :       :          | -0.1469457783
  37  2/2005 |          :       :      |      : *     :          |  0.2457009517
  38  3/2005 |          :       :     *|      :       :          | -0.0168572760
  39  4/2005 |          :       :      *      :       :          |  0.0026991082
  40  5/2005 |          :       :  *   |      :       :          | -0.1183299774
  41  6/2005 |          :       :      |*     :       :          |  0.0369334397
  42  7/2005 |          :       :      |    * :       :          |  0.1453525218
  43  8/2005 |          :       :     *|      :       :          | -0.0190388273
  44  9/2005>|          :       :      |      :       :   *      |> 0.5099683153
  45 10/2005 |          :       :  *   |      :       :          | -0.1116786137
  46 11/2005 |          :       *      |      :       :          | -0.1950127268
  47 12/2005 +          :       :  *   |      :       :          + -0.1071708926
  48  1/2006 |          :       :      |      :   *   :          |  0.2934308641
  49  2/2006 |          :       :      *      :       :          |  0.0118205918
  50  3/2006 |          : *     :      |      :       :          | -0.3496054007
  51  4/2006 |          :       :      |      : *     :          |  0.2474876341
  52  5/2006 |          :       :      |      : *     :          |  0.2334777633
  53  6/2006 |          :       :   *  |      :       :          | -0.0887569631
  54  7/2006 |          :       :      |    * :       :          |  0.1215304595
  55  8/2006 |          :       :    * |      :       :          | -0.0646927275
  56  9/2006 |          :       :  *   |      :       :          | -0.1007762783
  57 10/2006 |          :   *   :      |      :       :          | -0.2943135242
  58 11/2006 |          :       :      |    * :       :          |  0.1247310567
  59 12/2006 +          :       :      *      :       :          + -0.0052160482
  60  1/2007 |          :       :      |*     :       :          |  0.0397407082
  61  2/2007 |          :       :*     |      :       :          | -0.1712341214
  62  3/2007 |          :       *      |      :       :          | -0.1964628303
  63  4/2007 |          :       :      |      :    *  :          |  0.3054802423
  64  5/2007 |          :       :      | *    :       :          |  0.0501717892
  65  6/2007 |          :       :      |*     :       :          |  0.0381171418
  66  7/2007 |          :       :      |*     :       :          |  0.0268166523
  67  8/2007 |          :       :      |*     :       :          |  0.0147273978
  68  9/2007 |          :       :      |      : *     :          |  0.2270311454
  69 10/2007 |          :       :      |     *:       :          |  0.1707596917
  70 11/2007>|          :       :      |      :       :    *     |> 0.5422475380
  71 12/2007 +          :       :      |    * :       :          +  0.1203096721
  72  1/2008 |          :       :      |      : *     :          |  0.2483258493
  73  2/2008 |          :       : *    |      :       :          | -0.1436505997
  74  3/2008 |          :       :      |    * :       :          |  0.1401711920
  75  4/2008 |          :       :      |    * :       :          |  0.1426704846
  76  5/2008 |          :       :      |      :     * :          |  0.3502754920
  77  6/2008 |          :       :      |      :  *    :          |  0.2700627435
  78  7/2008 |          :       :      | *    :       :          |  0.0466251727
  79  8/2008>|         *:       :      |      :       :          |>-0.4172202473
  80  9/2008 |          :       :      | *    :       :          |  0.0590762804
  81 10/2008 |          :       : *    |      :       :          | -0.1305625268
  82 11/2008>|       *  :       :      |      :       :          |>-0.4674503218
  83 12/2008>+        * :       :      |      :       :          +>-0.4637397169
  84  1/2009 |          :       :     *|      :       :          | -0.0262961223
  85  2/2009 |          :       :      |*     :       :          |  0.0264722348
  86  3/2009>|         *:       :      |      :       :          |>-0.4249440154
  87  4/2009 |          :       :      *      :       :          | -0.0130253999
  88  5/2009 |          :       :     *|      :       :          | -0.0311479084
  89  6/2009 |          :       :      | *    :       :          |  0.0470733700
  90  7/2009 |          :       *      |      :       :          | -0.1813158174
  91  8/2009 |          :       :      |    * :       :          |  0.1353364243
  92  9/2009 |          :       : *    |      :       :          | -0.1390987103
  93 10/2009 |          :       :      |*     :       :          |  0.0247541851
  94 11/2009 |          :       :      |    * :       :          |  0.1372918622
  95 12/2009 +          :       :      |*     :       :          +  0.0319453126
  96  1/2010 |          :       :      |    * :       :          |  0.1382912242
  97  2/2010 |          :       :      |      :*      :          |  0.1997724037
  98  3/2010 |          :       :  *   |      :       :          | -0.1187374757
  99  4/2010 |          :       :      |  *   :       :          |  0.0713825808
 100  5/2010 |          :       :   *  |      :       :          | -0.0670376059
 101  6/2010 |          :       :   *  |      :       :          | -0.0917921332
 102  7/2010 |          :       :     *|      :       :          | -0.0175768002
 103  8/2010 |          :       :*     |      :       :          | -0.1477182448
 104  9/2010 |          :       :      |*     :       :          |  0.0385298407
 105 10/2010 |          :       :      | *    :       :          |  0.0491645269
 106 11/2010 |          :       :      |   *  :       :          |  0.1114615302
 107 12/2010 +          :       :      |      :*      :          +  0.2190471330
 108  1/2011 |          :       :      |   *  :       :          |  0.1074008515
 109  2/2011 |          :       :      |    * :       :          |  0.1222298137
 110  3/2011 |          :       :      |      :*      :          |  0.2165722659
 111  4/2011 |          :       :      |     *:       :          |  0.1510362350
 112  5/2011 |          :       : *    |      :       :          | -0.1328755783
 113  6/2011 |          :       :      *      :       :          |  0.0029323612
 114  7/2011 |          :       *      |      :       :          | -0.1878700297
 115  8/2011 |          :       :      |     *:       :          |  0.1477115153
 116  9/2011 |          :       :      |*     :       :          |  0.0265149636
 117 10/2011 |          :       :      |     *:       :          |  0.1589304591
 118 11/2011 |          :       :      |      :  *    :          |  0.2670686122
 119 12/2011 +          :       :      |     *:       :          +  0.1651662410
 120  1/2012 |          :       :      *      :       :          | -0.0087722799
 121  2/2012 |          :       :      |  *   :       :          |  0.0694224365
 122  3/2012 |          :       :      |      : *     :          |  0.2413260196
 123  4/2012 |          :       :    * |      :       :          | -0.0584746902
 124  5/2012 |          :     * :      |      :       :          | -0.2277594518
 125  6/2012 |          :       :    * |      :       :          | -0.0469249436
 126  7/2012 |          :       *      |      :       :          | -0.1848356904
 127  8/2012 |          :       :      |      :   *   :          |  0.2947399790
 128  9/2012 |          :       :*     |      :       :          | -0.1528087650
 129 10/2012 |          :       :      |   *  :       :          |  0.1086473127
 130 11/2012 |          :       :*     |      :       :          | -0.1617414784
 131 12/2012 +          :       :      |   *  :       :          +  0.0935919289
 132  1/2013 |          :       :*     |      :       :          | -0.1689488746
 133  2/2013 |          :       :    * |      :       :          | -0.0486714244
 134  3/2013 |          :       :      |      *       :          |  0.1810899718
 135  4/2013 |          : *     :      |      :       :          | -0.3388895302
 136  5/2013 |          :       :  *   |      :       :          | -0.1074822355
 137  6/2013 |          :       :      |  *   :       :          |  0.0800660419
 138  7/2013 |          :       :    * |      :       :          | -0.0573349929
 139  8/2013 |          :       :      |   *  :       :          |  0.0960961737
 140  9/2013 |          :       : *    |      :       :          | -0.1366001903
 141 10/2013 |          :      *:      |      :       :          | -0.2044271442
 142 11/2013 |          :       :    * |      :       :          | -0.0415285149
 143 12/2013 +          :       :      |   *  :       :          +  0.1189276748
 144  1/2014 |          :     * :      |      :       :          | -0.2295777712
 145  2/2014 |          :       :      |      :*      :          |  0.2229265857
 146  3/2014 |          :       : *    |      :       :          | -0.1291017300
 147  4/2014 |          :      *:      |      :       :          | -0.2182734818
 148  5/2014 |          :       :*     |      :       :          | -0.1508544631
 149  6/2014 |          :       : *    |      :       :          | -0.1200111366
 150  7/2014 |          :       :   *  |      :       :          | -0.0715185313
 151  8/2014 |          :       :      |  *   :       :          |  0.0757855448
 152  9/2014 |          :   *   :      |      :       :          | -0.2858345521
 153 10/2014 |          :       :     *|      :       :          | -0.0395001770
 154 11/2014 |          :       *      |      :       :          | -0.1766645665
 155 12/2014 +          :       : *    |      :       :          + -0.1377300416
 156  1/2015>|*         :       :      |      :       :          |>-0.6634364291
 157  2/2015 |          :       :      |      :     * :          |  0.3478545002
 158  3/2015 |          :       :      |  *   :       :          |  0.0677004862
 159  4/2015 |          :       :   *  |      :       :          | -0.0743609242
 160  5/2015 |          :       :      | *    :       :          |  0.0644129672
 161  6/2015 |          :       :*     |      :       :          | -0.1665696378
 162  7/2015 |          :       :*     |      :       :          | -0.1602705215
 163  8/2015 |          :       :    * |      :       :          | -0.0415248755
 164  9/2015 |          :   *   :      |      :       :          | -0.3021108153
 165 10/2015 |          :       :      *      :       :          | -0.0089335843
 166 11/2015 |          :       *      |      :       :          | -0.1975339929
 167 12/2015 +          :       :      *      :       :          +  0.0028466758
 168  1/2016>| *        :       :      |      :       :          |>-0.6265057350
 169  2/2016 |          :       :    * |      :       :          | -0.0651068224
 170  3/2016 |          :       :      |    * :       :          |  0.1206187137
 171  4/2016 |          :       :  *   |      :       :          | -0.1155800424
 172  5/2016 |          :       :      |      : *     :          |  0.2357795598
 173  6/2016 |          :       :      |*     :       :          |  0.0377507885
 174  7/2016 |          :       : *    |      :       :          | -0.1366162600
 175  8/2016 |          :       :     *|      :       :          | -0.0326192567
 176  9/2016 |          :       : *    |      :       :          | -0.1424343379
 177 10/2016 |          :       :    * |      :       :          | -0.0440174559
 178 11/2016 |          :       :     *|      :       :          | -0.0270464328
 179 12/2016 +          :       :      |  *   :       :          +  0.0765956789
 180  1/2017 |          :       :      |  *   :       :          |  0.0902447801
 181  2/2017 |          :      *:      |      :       :          | -0.2161577836
 182  3/2017 |          :       :      |  *   :       :          |  0.0722996482
 183  4/2017 |          :       :  *   |      :       :          | -0.0942022242
 184  5/2017 |          :       : *    |      :       :          | -0.1246111532
 185  6/2017 |          :       :   *  |      :       :          | -0.0712966734
 186  7/2017 |          :       :  *   |      :       :          | -0.1031299818
 187  8/2017 |          :       :      |     *:       :          |  0.1536510994
 188  9/2017 |          :       :   *  |      :       :          | -0.0688755357
 189 10/2017 |          :       :      |*     :       :          |  0.0219448175
 190 11/2017 |          :       :      |  *   :       :          |  0.0880663111
 191 12/2017 +          :       :      |  *   :       :          +  0.0904856160
 192  1/2018 |          :       :      |      :*      :          |  0.2243072545
 193  2/2018 |          :*      :      |      :       :          | -0.3658633234
 194  3/2018>|          :       :      |      :       : *        |> 0.4555715463
 195  4/2018 |          :       :     *|      :       :          | -0.0280598911
 196  5/2018 |          :       :      |      :  *    :          |  0.2524475316
 197  6/2018 |          :       :   *  |      :       :          | -0.0835479695
 198  7/2018 |          :       :      |     *:       :          |  0.1486249228
 199  8/2018 |          :       :      |    * :       :          |  0.1208417351
 200  9/2018 |          :       : *    |      :       :          | -0.1270836127
 201 10/2018 |          :       :      |*     :       :          |  0.0305201626
 202 11/2018 |          :      *:      |      :       :          | -0.2248281694
 203 12/2018 +          :       *      |      :       :          + -0.1931961278
 204  1/2019 |          :       :  *   |      :       :          | -0.1192791884
 205  2/2019 |          :    *  :      |      :       :          | -0.2747312774
 206  3/2019 |          :       :      |      :  *    :          |  0.2532740990
 207  4/2019 |          :       :      |    * :       :          |  0.1309249147
 208  5/2019 |          :       :   *  |      :       :          | -0.0734846880
 209  6/2019 |          :       :      |     *:       :          |  0.1562277182
 210  7/2019 |          :       :      |*     :       :          |  0.0333959420
 211  8/2019 |          :       :      |   *  :       :          |  0.1025182843
 212  9/2019 |          :    *  :      |      :       :          | -0.2601610640
 213 10/2019 |          :       :  *   |      :       :          | -0.1100805604
 214 11/2019 |          :       :      | *    :       :          |  0.0482163495
 215 12/2019 +          :       :      |      :*      :          +  0.2193210496
-------------+---+------+-------+------+------+-------+------+---+--------------
                -3     -2      -1      0     +1      +2     +3    

                 +------------------------------------------+
                 |       Table of standardized values       |
                 |       greater than or equal to 2.0       |
                 +------------------------------------------+
                 |                                          |
                 | Observation    Date   Standardized value |
                 |                                          |
                 |     12        1/2003         3.09        |
                 |     20        9/2003         2.61        |
                 |     24        1/2004         2.08        |
                 |     44        9/2005         2.57        |
                 |     70       11/2007         2.73        |
                 |     79        8/2008        -2.10        |
                 |     82       11/2008        -2.35        |
                 |     83       12/2008        -2.33        |
                 |     86        3/2009        -2.14        |
                 |    156        1/2015        -3.34        |
                 |    168        1/2016        -3.15        |
                 |    194        3/2018         2.29        |
                 +------------------------------------------+

Standardized time series histogram:

       -4      -3      -2      -1       0      +1      +2      +3      +4
        +---+---+---+---+---+---+---+---+---+---+---+---+---+---+---+---+
        |                         43     42                            
        |                        ....    ....                            |
        |                        .... 36 ....                            |
        |                        ............ 34                         |
        |                        ................                        |
        |                        ................                        |
        |                        ................                        |
        |                        ................ 22                     |
        |                        ....................                    |
        |                        ....................                    |
        |                     15 ....................                    |
        |                    ........................                    |
        |                    ........................                    |
        |                  6 ........................                    |
        |              4 ............................ 5      3           |
        |      2     .................................... 2  ....1       |
        |    ....    ................................................    |
        +---+---+---+---+---+---+---+---+---+---+---+---+---+---+---+---+
       -4      -3      -2      -1       0      +1      +2      +3      +4

              60 values outside (-1,+1): 27.91 % (31.74 % expected)
              12 values outside (-2,+2):  5.58 % ( 4.56 % expected)

Autocorrelation function (acf bands =  0.136):

            -1                         0                         1  L-B Q  DF
-------------+-------------------------+-------------------------+--------------
   1  -0.002 |                      :  |  :                      | 
   2   0.069 |                      :  |**:                      | 
   3   0.041 |                      :  |* :                      | 
   4   0.108 |                      :  |***                      | 
   5   0.027 |                      :  |* :                      | 
   6  -0.054 |                      : *|  :                      | 
   7   0.082 |                      :  |**:                      | 
   8   0.023 |                      :  |* :                      | 
   9   0.003 |                      :  |  :                      | 
  10   0.031 |                      :  |* :                      | 
  11  -0.104 |                      ***|  :                      | 
  12   0.233 +                      :  |++++++                   +  21.65  12
  13  -0.172 |                     ****|  :                      | 
  14   0.002 |                      :  |  :                      | 
  15   0.036 |                      :  |* :                      | 
  16  -0.000 |                      :  |  :                      | 
  17  -0.002 |                      :  |  :                      | 
  18  -0.073 |                      :**|  :                      | 
  19   0.037 |                      :  |* :                      | 
  20   0.068 |                      :  |**:                      | 
  21   0.094 |                      :  |**:                      | 
  22   0.046 |                      :  |* :                      | 
  23  -0.119 |                      ***|  :                      | 
  24   0.138 +                      :  |+++                      +  42.29  24
  25  -0.052 |                      : *|  :                      | 
  26   0.029 |                      :  |* :                      | 
  27   0.015 |                      :  |  :                      | 
  28  -0.039 |                      : *|  :                      | 
  29  -0.020 |                      : *|  :                      | 
  30  -0.021 |                      : *|  :                      | 
  31   0.014 |                      :  |  :                      | 
  32   0.019 |                      :  |  :                      | 
  33   0.005 |                      :  |  :                      | 
  34  -0.006 |                      :  |  :                      | 
  35  -0.057 |                      : *|  :                      | 
  36   0.067 +                      :  |++:                      +  45.98  36
  37  -0.057 |                      : *|  :                      | 
  38  -0.043 |                      : *|  :                      | 
  39  -0.002 |                      :  |  :                      | 
  40   0.011 |                      :  |  :                      | 
  41   0.016 |                      :  |  :                      | 
  42   0.000 |                      :  |  :                      |  47.43  42
-------------+-------------------------+-------------------------+--------------
            -1                         0                         1  L-B Q  DF

Partial autocorrelation function (pacf bands =  0.136):

            -1                         0                         1
-------------+-------------------------+-------------------------+--------------
   1  -0.002 |                      :  |  :                      | 
   2   0.069 |                      :  |**:                      | 
   3   0.042 |                      :  |* :                      | 
   4   0.105 |                      :  |***                      | 
   5   0.023 |                      :  |* :                      | 
   6  -0.071 |                      :**|  :                      | 
   7   0.071 |                      :  |**:                      | 
   8   0.020 |                      :  |  :                      | 
   9  -0.007 |                      :  |  :                      | 
  10   0.036 |                      :  |* :                      | 
  11  -0.122 |                      ***|  :                      | 
  12   0.226 +                      :  |++++++                   + 
  13  -0.172 |                     ****|  :                      | 
  14  -0.018 |                      :  |  :                      | 
  15   0.068 |                      :  |**:                      | 
  16  -0.045 |                      : *|  :                      | 
  17   0.017 |                      :  |  :                      | 
  18  -0.036 |                      : *|  :                      | 
  19  -0.022 |                      : *|  :                      | 
  20   0.116 |                      :  |***                      | 
  21   0.107 |                      :  |***                      | 
  22   0.007 |                      :  |  :                      | 
  23  -0.088 |                      :**|  :                      | 
  24   0.027 +                      :  |+ :                      + 
  25   0.013 |                      :  |  :                      | 
  26   0.017 |                      :  |  :                      | 
  27   0.000 |                      :  |  :                      | 
  28  -0.057 |                      : *|  :                      | 
  29  -0.051 |                      : *|  :                      | 
  30   0.029 |                      :  |* :                      | 
  31  -0.006 |                      :  |  :                      | 
  32   0.025 |                      :  |* :                      | 
  33   0.006 |                      :  |  :                      | 
  34  -0.025 |                      : *|  :                      | 
  35   0.018 |                      :  |  :                      | 
  36  -0.018 +                      :  |  :                      + 
  37  -0.019 |                      :  |  :                      | 
  38  -0.026 |                      : *|  :                      | 
  39  -0.005 |                      :  |  :                      | 
  40   0.033 |                      :  |* :                      | 
  41  -0.009 |                      :  |  :                      | 
  42  -0.011 |                      :  |  :                      | 
-------------+-------------------------+-------------------------+--------------
            -1                         0                         1


--- Cross-correlation functions between residuals ---

CROSS CORRELATION a[2] (IPC_FR) - a[1] (WTI)
      IPC_FR --> WTI IF k > 0
      WTI --> IPC_FR IF k < 0
CCF BANDS  2.0/SQRT(N) =  0.13640:

            -1                         0                         1
-------------+-------------------------+-------------------------+--------------
  -9  -0.024 |                      : *|  :                      |                            
  -8   0.075 |                      :  |**:                      |                            
  -7  -0.022 |                      : *|  :                      |                            
  -6   0.102 |                      :  |***                      |                            
  -5   0.033 |                      :  |* :                      |                            
  -4   0.001 |                      :  |  :                      |                            
  -3   0.054 |                      :  |* :                      |                            
  -2   0.084 |                      :  |**:                      |                            
  -1   0.344 |                      :  |*********                |                            
   0   0.310 |                      :  |********                 |                            
   1   0.024 |                      :  |* :                      |                            
   2  -0.097 |                      :**|  :                      |                            
   3  -0.028 |                      : *|  :                      |                            
   4   0.043 |                      :  |* :                      |                            
   5  -0.139 |                      ***|  :                      |                            
   6   0.010 |                      :  |  :                      |                            
   7  -0.082 |                      :**|  :                      |                            
   8  -0.045 |                      : *|  :                      |                            
   9   0.003 |                      :  |  :                      |                            
-------------+-------------------------+-------------------------+--------------
            -1                         0                         1
Q(10) = 29.863     k >= 0      Q( 9) =  9.031      k > 0
Q(10) = 52.863     k <= 0      Q( 9) = 32.030      k < 0

=============================================================
