Input Data File  : data/passthrough/WTI_IPC_ES.inp
Output File      : data/passthrough/WTI_IPC_ES.out
Model: VARMA(2,0)
Include mean     : yes
Diagonal AR      : no
Diagonal MA      : no
Diagonal Cov     : no
Estimation method: 1
Two-step init    : no
Frequency        : 12
Start            : 1 2002
Box-Cox lambda   : 0
Rescale factor   : 1
Differences      : d=1, D=0 (seasonal lag=12)
Deseasonalize    : harmonic (auto)
Series names     : WTI IPC_ES
Observations     : 215 (raw 216)

Number of parameters: 13

=============================================================
  OPTIMIZER CONVERGED after 89 iterations
  Objective function = 0.001959257608
  Convergence criterion: norm of scaled gradient <= gradtol
=============================================================



=============================================================
  Estimated Parameters and Standard Deviations               
=============================================================

                        Parameter     Estimate    Std.Error   t-stat  p-val
--------------------------------------------------------------------
mu[1]                   0.005605     0.008110    0.691 0.4895    
mu[2]                   0.001542     0.000261    5.901 0.0000 ***
phi[1]_11              0.326606     0.071278    4.582 0.0000 ***
phi[1]_12             -3.263870     2.103564   -1.552 0.1208    
phi[1]_21              0.010556     0.002314    4.561 0.0000 ***
phi[1]_22              0.236617     0.073437    3.222 0.0013 ** 
phi[2]_11              0.116807     0.075980    1.537 0.1242    
phi[2]_12             -1.755677     0.924625   -1.899 0.0576 .  
phi[2]_21             -0.001991     0.002469   -0.806 0.4201    
phi[2]_22             -0.005198     0.064024   -0.081 0.9353    
cov[1,1]               2.206750     0.067188   32.845 0.0000 ***
cov[2,1]               0.034658     0.003901    8.884 0.0000 ***
cov[2,2]               0.001989     0.000234    8.488 0.0000 ***
--------------------------------------------------------------------
Signif. codes:  0 '***' 0.001 '**' 0.01 '*' 0.05 '.' 0.1 ' ' 1



=============================================================
           JOINT HYPOTHESIS TESTS (WALD)                    
=============================================================

Test of joint significance of last lag (AR(2) and MA(0)):
  Wald chi2(4) = 7.3435, p-value = 0.1188
  Conclusion: Cannot reject H0 → last lag is not significant.

Test of joint significance of last AR lag (AR(2)):
  Wald chi2(4) = 7.3435, p-value = 0.1188
  Conclusion: Cannot reject H0 → last AR lag is not significant.

Test of joint significance of all cross effects:
  H0: all cross coefficients = 0
  Wald chi2(4) = 4132.0726, p-value = 0.0000
  Conclusion: REJECT H0 → cross effects are jointly significant.

--- Directional cross-effects tests ---

WTI: effects of other variables on it:
  H0: all coefficients in equation WTI from other vars = 0
  Wald chi2(2) = 3873.0237, p-value = 0.0000
  Conclusion: REJECT H0 → WTI is influenced by others.

WTI: effects of it on other variables:
  H0: all coefficients of WTI in other equations = 0
  Wald chi2(2) = 20.8056, p-value = 0.0000
  Conclusion: REJECT H0 → WTI influences others.

IPC_ES: effects of other variables on it:
  H0: all coefficients in equation IPC_ES from other vars = 0
  Wald chi2(2) = 20.8056, p-value = 0.0000
  Conclusion: REJECT H0 → IPC_ES is influenced by others.

IPC_ES: effects of it on other variables:
  H0: all coefficients of IPC_ES in other equations = 0
  Wald chi2(2) = 3873.0237, p-value = 0.0000
  Conclusion: REJECT H0 → IPC_ES influences others.


=============================================================
           ORTHOGONALIZED IMPULSE RESPONSE FUNCTIONS        
=============================================================
Shocks are orthogonalized via Cholesky decomposition of Sigma Matrix.
Order of variables: as in the model.

Shock to WTI:
Horizon      WTI   IPC_ES
    0     0.0822   0.0013
    1     0.0226   0.0012
    2     0.0109   0.0003
    3     0.0030   0.0001
    4     0.0012   0.0000
    5     0.0003   0.0000
    6     0.0001   0.0000
    7     0.0000   0.0000
    8     0.0000   0.0000
    9     0.0000   0.0000
   10     0.0000   0.0000
   11     0.0000   0.0000
   12     0.0000   0.0000
   13     0.0000   0.0000
   14     0.0000   0.0000
   15     0.0000   0.0000
   16     0.0000   0.0000
   17     0.0000   0.0000
   18     0.0000   0.0000
   19     0.0000   0.0000
   20    -0.0000   0.0000

Shock to IPC_ES:
Horizon      WTI   IPC_ES
    0     0.0000   0.0021
    1    -0.0069   0.0005
    2    -0.0076   0.0000
    3    -0.0043  -0.0001
    4    -0.0021  -0.0000
    5    -0.0009  -0.0000
    6    -0.0004  -0.0000
    7    -0.0002  -0.0000
    8    -0.0001  -0.0000
    9    -0.0000  -0.0000
   10    -0.0000  -0.0000
   11    -0.0000  -0.0000
   12    -0.0000  -0.0000
   13    -0.0000  -0.0000
   14    -0.0000  -0.0000
   15    -0.0000  -0.0000
   16    -0.0000  -0.0000
   17    -0.0000  -0.0000
   18    -0.0000  -0.0000
   19    -0.0000  -0.0000
   20    -0.0000  -0.0000


=============================================================
        ACCUMULATED IMPULSE RESPONSE FUNCTIONS               
=============================================================
Cumulative response of each variable to a one-s.d. shock
(sum of responses up to each horizon).

Shock to WTI:
Horizon      WTI   IPC_ES
    0     0.0822   0.0013
    1     0.1049   0.0025
    2     0.1158   0.0028
    3     0.1188   0.0030
    4     0.1200   0.0030
    5     0.1203   0.0030
    6     0.1204   0.0030
    7     0.1205   0.0030
    8     0.1205   0.0030
    9     0.1205   0.0030
   10     0.1205   0.0030
   11     0.1205   0.0030
   12     0.1205   0.0030
   13     0.1205   0.0030
   14     0.1205   0.0030
   15     0.1205   0.0030
   16     0.1205   0.0030
   17     0.1205   0.0030
   18     0.1205   0.0030
   19     0.1205   0.0030
   20     0.1205   0.0030

Shock to IPC_ES:
Horizon      WTI   IPC_ES
    0     0.0000   0.0021
    1    -0.0069   0.0026
    2    -0.0144   0.0026
    3    -0.0187   0.0026
    4    -0.0208   0.0025
    5    -0.0218   0.0025
    6    -0.0222   0.0025
    7    -0.0223   0.0025
    8    -0.0224   0.0025
    9    -0.0224   0.0025
   10    -0.0224   0.0025
   11    -0.0224   0.0025
   12    -0.0224   0.0025
   13    -0.0224   0.0025
   14    -0.0224   0.0025
   15    -0.0224   0.0025
   16    -0.0224   0.0025
   17    -0.0224   0.0025
   18    -0.0224   0.0025
   19    -0.0224   0.0025
   20    -0.0224   0.0025


=============================================================
  LONG‑RUN GAIN, SHOCK STD. DEVIATIONS AND MEAN LAG        
=============================================================

Structural shock standard deviations (one‑s.d. shock size):
  WTI      : 0.0822
  IPC_ES   : 0.0021

Shock to WTI:
  WTI      : gain =   0.1205  mean lag =   0.51 months
  IPC_ES   : gain =   0.0030  mean lag =   0.86 months

Shock to IPC_ES:
  WTI      : gain =  -0.0224  mean lag =   2.34 months
  IPC_ES   : gain =   0.0025  mean lag =  -0.02 months
=============================================================



=============================================================
           FORECAST ERROR VARIANCE DECOMPOSITION             
=============================================================
Values are percentages of forecast error variance accounted for by each shock.
Shocks are orthogonalized via Cholesky decomposition.

WTI:
Horizon      WTI   IPC_ES
    1     100.00     0.00
    2      99.36     0.64
    3      98.61     1.39
    4      98.37     1.63
    5      98.31     1.69
    6      98.30     1.70
    7      98.30     1.70
    8      98.30     1.70
    9      98.30     1.70
   10      98.30     1.70
   11      98.30     1.70
   12      98.30     1.70
   13      98.30     1.70
   14      98.30     1.70
   15      98.30     1.70
   16      98.30     1.70
   17      98.30     1.70
   18      98.30     1.70
   19      98.30     1.70
   20      98.30     1.70

IPC_ES:
Horizon      WTI   IPC_ES
    1      27.37    72.63
    2      39.45    60.55
    3      40.37    59.63
    4      40.51    59.49
    5      40.51    59.49
    6      40.51    59.49
    7      40.51    59.49
    8      40.51    59.49
    9      40.51    59.49
   10      40.51    59.49
   11      40.51    59.49
   12      40.51    59.49
   13      40.51    59.49
   14      40.51    59.49
   15      40.51    59.49
   16      40.51    59.49
   17      40.51    59.49
   18      40.51    59.49
   19      40.51    59.49
   20      40.51    59.49



=============================================================
           MULTIVARIATE RESIDUAL DIAGNOSTICS                
=============================================================

Hosking's Multivariate Portmanteau Test (lag 14):
  Q(56) = 52.1113, p-value = 0.3770
  Cannot reject H0: residuals appear white noise.

Multivariate Jarque-Bera Test (normality):
  JB(4) = 7.2452, p-value = 0.1235
  Cannot reject H0: residuals appear normal.
=============================================================

Normalized model:
mu vector:
      0.005605
      0.001542
phi(1) matrix:
      0.326606     -3.263870
      0.010556      0.236617
phi(2) matrix:
      0.116807     -1.755677
     -0.001991     -0.005198
Q matrix:
      2.206750
      0.034658      0.001989
Sigma = sigma2 * Q:
      0.006763
      0.000106      0.000006

Inverse roots of |phi(B)|=0:
     -0.256511      0.000000 i  (modulus     0.256511)
      0.341580     -0.020467 i  (modulus     0.342193)
      0.341580      0.020467 i  (modulus     0.342193)
      0.136573      0.000000 i  (modulus     0.136573)



=============================================================
                RESIDUAL DIAGNOSTICS                         
=============================================================

--- Residual series a[1] (WTI) ---
Unconditional residuals (seasonal period: 12)
215 observations: from 2/2002 to 12/2019

                  Mean:          -0.000152
Standard error of mean:           0.005609
              Variance:           0.006764
    Standard deviation:           0.082242
              Skewness:          -0.378919
              Kurtosis:           0.328263
               Minimum:          -0.266770 at 10/2008 (observation  81)
               Maximum:           0.213665 at  3/2009 (observation  86)

Standardized time series plot (original values on right-side column):

               -3      -2     -1       0      +1     +2      +3   
-------------+--+-------+------+-------+-------+------+-------+--+--------------
   1  2/2002 |          :      :       |   *   :      :          |  0.0379410253
   2  3/2002 |          :      :       |       :    * :          |  0.1410973808
   3  4/2002 |          :      :       | *     :      :          |  0.0174380058
   4  5/2002 |          :      :      *|       :      :          | -0.0116828934
   5  6/2002 |          :      :*      |       :      :          | -0.0740287377
   6  7/2002 |          :      :       |     * :      :          |  0.0625400426
   7  8/2002 |          :      :       |   *   :      :          |  0.0394690771
   8  9/2002 |          :      :       | *     :      :          |  0.0228687281
   9 10/2002 |          :      :   *   |       :      :          | -0.0432177084
  10 11/2002 |          :      *       |       :      :          | -0.0874804401
  11 12/2002 +          :      :       |       :    * :          +  0.1415348258
  12  1/2003 |          :      :       |       :*     :          |  0.0920996703
  13  2/2003 |          :      :       |     * :      :          |  0.0644943311
  14  3/2003 |          :      *       |       :      :          | -0.0906897622
  15  4/2003 |          *      :       |       :      :          | -0.1577096272
  16  5/2003 |          :      :       |   *   :      :          |  0.0447847866
  17  6/2003 |          :      :       |       *      :          |  0.0863618896
  18  7/2003 |          :      :   *   |       :      :          | -0.0397209729
  19  8/2003 |          :      :       | *     :      :          |  0.0167870436
  20  9/2003 |          :    * :       |       :      :          | -0.1110578771
  21 10/2003 |          :      :       |       : *    :          |  0.1085321659
  22 11/2003 |          :      :       |*      :      :          |  0.0062240801
  23 12/2003 +          :      :       |*      :      :          +  0.0122902546
  24  1/2004 |          :      :       |    *  :      :          |  0.0528319481
  25  2/2004 |          :      :       *       :      :          |  0.0047887088
  26  3/2004 |          :      :       |    *  :      :          |  0.0506811525
  27  4/2004 |          :      :     * |       :      :          | -0.0220783442
  28  5/2004 |          :      :       |       :*     :          |  0.0911096014
  29  6/2004 |          :      :*      |       :      :          | -0.0781733033
  30  7/2004 |          :      :       |      *:      :          |  0.0780846791
  31  8/2004 |          :      :       |       *      :          |  0.0810071495
  32  9/2004 |          :      :      *|       :      :          | -0.0134294257
  33 10/2004 |          :      :       |       :   *  :          |  0.1281498891
  34 11/2004 |          : *    :       |       :      :          | -0.1404937402
  35 12/2004 +          :     *:       |       :      :          + -0.0995716053
  36  1/2005 |          :      :       |       :  *   :          |  0.1177793682
  37  2/2005 |          :      :       | *     :      :          |  0.0166011854
  38  3/2005 |          :      :       |       :  *   :          |  0.1168564888
  39  4/2005 |          :      : *     |       :      :          | -0.0600039987
  40  5/2005 |          :      : *     |       :      :          | -0.0601874454
  41  6/2005 |          :      :       |       :    * :          |  0.1433033677
  42  7/2005 |          :      :       |*      :      :          |  0.0078899600
  43  8/2005 |          :      :       |      *:      :          |  0.0757443679
  44  9/2005 |          :      :     * |       :      :          | -0.0221244863
  45 10/2005 |          :      :  *    |       :      :          | -0.0489483992
  46 11/2005 |          :      :  *    |       :      :          | -0.0492063122
  47 12/2005 +          :      :       |   *   :      :          +  0.0398728531
  48  1/2006 |          :      :       |       :*     :          |  0.1000465545
  49  2/2006 |          :      :*      |       :      :          | -0.0718691820
  50  3/2006 |          :      :       |   *   :      :          |  0.0384181559
  51  4/2006 |          :      :       |       : *    :          |  0.1040849026
  52  5/2006 |          :      :      *|       :      :          | -0.0099636181
  53  6/2006 |          :      :      *|       :      :          | -0.0128775232
  54  7/2006 |          :      :       |   *   :      :          |  0.0434829718
  55  8/2006 |          :      :    *  |       :      :          | -0.0336691998
  56  9/2006 |          : *    :       |       :      :          | -0.1349086113
  57 10/2006 |          :      :  *    |       :      :          | -0.0487549294
  58 11/2006 |          :      :       |  *    :      :          |  0.0274974582
  59 12/2006 +          :      :       |   *   :      :          +  0.0399337232
  60  1/2007 |          : *    :       |       :      :          | -0.1388448034
  61  2/2007 |          :      :       |       :    * :          |  0.1336538912
  62  3/2007 |          :      :       |*      :      :          |  0.0145155131
  63  4/2007 |          :      :       |   *   :      :          |  0.0414361521
  64  5/2007 |          :      :     * |       :      :          | -0.0194259095
  65  6/2007 |          :      :       |     * :      :          |  0.0594487168
  66  7/2007 |          :      :       |      *:      :          |  0.0733275338
  67  8/2007 |          :      : *     |       :      :          | -0.0666644848
  68  9/2007 |          :      :       |       *      :          |  0.0900831374
  69 10/2007 |          :      :       |   *   :      :          |  0.0474732203
  70 11/2007 |          :      :       |      *:      :          |  0.0719235549
  71 12/2007 +          :      :  *    |       :      :          + -0.0497452605
  72  1/2008 |          :      :       |  *    :      :          |  0.0299114034
  73  2/2008 |          :      :       |   *   :      :          |  0.0418344069
  74  3/2008 |          :      :       |       :*     :          |  0.0993929126
  75  4/2008 |          :      :       |   *   :      :          |  0.0376354454
  76  5/2008 |          :      :       |      *:      :          |  0.0779602285
  77  6/2008 |          :      :       |  *    :      :          |  0.0335737818
  78  7/2008 |          :      :     * |       :      :          | -0.0200676521
  79  8/2008 |          :  *   :       |       :      :          | -0.1317379980
  80  9/2008 |          :      *       |       :      :          | -0.0846076373
  81 10/2008>|*         :      :       |       :      :          |>-0.2667695355
  82 11/2008>|       *  :      :       |       :      :          |>-0.1968186659
  83 12/2008>+   *      :      :       |       :      :          +>-0.2398020587
  84  1/2009 |          :      :       |       :   *  :          |  0.1278380028
  85  2/2009 |          :      :  *    |       :      :          | -0.0501935824
  86  3/2009>|          :      :       |       :      :    *     |> 0.2136652042
  87  4/2009 |          :      :   *   |       :      :          | -0.0381517237
  88  5/2009 |          :      :       |       :   *  :          |  0.1238082433
  89  6/2009 |          :      :       |       *      :          |  0.0884776651
  90  7/2009 |          *      :       |       :      :          | -0.1564108095
  91  8/2009 |          :      :       |       : *    :          |  0.1066304071
  92  9/2009 |          :      :  *    |       :      :          | -0.0485013799
  93 10/2009 |          :      :       |      *:      :          |  0.0698197522
  94 11/2009 |          :      :      *|       :      :          | -0.0096814946
  95 12/2009 +          :      : *     |       :      :          + -0.0643198088
  96  1/2010 |          :      :       |     * :      :          |  0.0640035798
  97  2/2010 |          :      :   *   |       :      :          | -0.0384959090
  98  3/2010 |          :      :       |    *  :      :          |  0.0520904996
  99  4/2010 |          :      :       | *     :      :          |  0.0209680327
 100  5/2010 |          :*     :       |       :      :          | -0.1539235735
 101  6/2010 |          :      :       |    *  :      :          |  0.0553284132
 102  7/2010 |          :      :       | *     :      :          |  0.0193573680
 103  8/2010 |          :      :       *       :      :          |  0.0026321480
 104  9/2010 |          :      :     * |       :      :          | -0.0212877601
 105 10/2010 |          :      :       |       *      :          |  0.0847797042
 106 11/2010 |          :      :       *       :      :          |  0.0011134107
 107 12/2010 +          :      :       |   *   :      :          +  0.0469656996
 108  1/2011 |          :      :       *       :      :          |  0.0032939331
 109  2/2011 |          :      :       |*      :      :          |  0.0085173246
 110  3/2011 |          :      :       |       :    * :          |  0.1413420693
 111  4/2011 |          :      :       | *     :      :          |  0.0261556738
 112  5/2011 |          :   *  :       |       :      :          | -0.1127211501
 113  6/2011 |          :      :   *   |       :      :          | -0.0407344616
 114  7/2011 |          :      :       | *     :      :          |  0.0174942847
 115  8/2011 |          :   *  :       |       :      :          | -0.1214010162
 116  9/2011 |          :      :       | *     :      :          |  0.0251677499
 117 10/2011 |          :      :       | *     :      :          |  0.0244447834
 118 11/2011 |          :      :       |       :  *   :          |  0.1145561289
 119 12/2011 +          :      :     * |       :      :          + -0.0229389953
 120  1/2012 |          :      :       *       :      :          |  0.0009063892
 121  2/2012 |          :      :       |*      :      :          |  0.0060411319
 122  3/2012 |          :      :       | *     :      :          |  0.0250242206
 123  4/2012 |          :      :   *   |       :      :          | -0.0395240483
 124  5/2012 |          :      :*      |       :      :          | -0.0704096758
 125  6/2012 |          :   *  :       |       :      :          | -0.1168127011
 126  7/2012 |          :      :       |       :*     :          |  0.0988254721
 127  8/2012 |          :      :       |     * :      :          |  0.0663151932
 128  9/2012 |          :      :      *|       :      :          | -0.0087257960
 129 10/2012 |          :      :    *  |       :      :          | -0.0356438413
 130 11/2012 |          :      :       *       :      :          | -0.0010646932
 131 12/2012 +          :      :       | *     :      :          +  0.0224069688
 132  1/2013 |          :      :       |     * :      :          |  0.0594244349
 133  2/2013 |          :      :    *  |       :      :          | -0.0331510062
 134  3/2013 |          :      :   *   |       :      :          | -0.0403598513
 135  4/2013 |          :      :      *|       :      :          | -0.0099122921
 136  5/2013 |          :      :       |*      :      :          |  0.0095617371
 137  6/2013 |          :      :      *|       :      :          | -0.0140335080
 138  7/2013 |          :      :       |      *:      :          |  0.0763894275
 139  8/2013 |          :      :      *|       :      :          | -0.0124279443
 140  9/2013 |          :      :     * |       :      :          | -0.0170685455
 141 10/2013 |          :      : *     |       :      :          | -0.0691130759
 142 11/2013 |          :      :*      |       :      :          | -0.0706989460
 143 12/2013 +          :      :       |    *  :      :          +  0.0583754474
 144  1/2014 |          :      :   *   |       :      :          | -0.0385865663
 145  2/2014 |          :      :       |    *  :      :          |  0.0529667252
 146  3/2014 |          :      :    *  |       :      :          | -0.0310960831
 147  4/2014 |          :      :      *|       :      :          | -0.0092067752
 148  5/2014 |          :      :      *|       :      :          | -0.0144247000
 149  6/2014 |          :      :       | *     :      :          |  0.0204465363
 150  7/2014 |          :      :   *   |       :      :          | -0.0439855511
 151  8/2014 |          :      *       |       :      :          | -0.0847572105
 152  9/2014 |          :      :     * |       :      :          | -0.0201945723
 153 10/2014 |          :      *       |       :      :          | -0.0833905157
 154 11/2014 |          :      *       |       :      :          | -0.0836385986
 155 12/2014>+     *    :      :       |       :      :          +>-0.2168216857
 156  1/2015 |          *      :       |       :      :          | -0.1642827787
 157  2/2015 |          :      :       |       :    * :          |  0.1350228521
 158  3/2015 |          :      : *     |       :      :          | -0.0624011715
 159  4/2015 |          :      :       |       :    * :          |  0.1434161852
 160  5/2015 |          :      :       |   *   :      :          |  0.0454695599
 161  6/2015 |          :      :    *  |       :      :          | -0.0308248296
 162  7/2015>|         *:      :       |       :      :          |>-0.1700628516
 163  8/2015 |          :  *   :       |       :      :          | -0.1324992417
 164  9/2015 |          :      :       |       : *    :          |  0.1076885665
 165 10/2015 |          :      :      *|       :      :          | -0.0105131708
 166 11/2015 |          :   *  :       |       :      :          | -0.1126000359
 167 12/2015 +          :    * :       |       :      :          + -0.1068912500
 168  1/2016 |          :   *  :       |       :      :          | -0.1194293114
 169  2/2016 |          :      :     * |       :      :          | -0.0175888467
 170  3/2016>|          :      :       |       :      :    *     |> 0.2130631805
 171  4/2016 |          :      :       |*      :      :          |  0.0106076110
 172  5/2016 |          :      :       |      *:      :          |  0.0739983849
 173  6/2016 |          :      :      *|       :      :          | -0.0101048451
 174  7/2016 |          :    * :       |       :      :          | -0.1061466618
 175  8/2016 |          :      :       | *     :      :          |  0.0230398222
 176  9/2016 |          :      :       |*      :      :          |  0.0123371526
 177 10/2016 |          :      :       |       *      :          |  0.0842892550
 178 11/2016 |          :   *  :       |       :      :          | -0.1125361715
 179 12/2016 +          :      :       |       :     *:          +  0.1542430194
 180  1/2017 |          :      :       *       :      :          | -0.0053544959
 181  2/2017 |          :      :       | *     :      :          |  0.0179215615
 182  3/2017 |          :     *:       |       :      :          | -0.0982493732
 183  4/2017 |          :      :       |  *    :      :          |  0.0309185317
 184  5/2017 |          :      : *     |       :      :          | -0.0668292203
 185  6/2017 |          :      :*      |       :      :          | -0.0714046641
 186  7/2017 |          :      :       |    *  :      :          |  0.0482240718
 187  8/2017 |          :      :       | *     :      :          |  0.0189551382
 188  9/2017 |          :      :       | *     :      :          |  0.0180666147
 189 10/2017 |          :      :       | *     :      :          |  0.0169779868
 190 11/2017 |          :      :       |       *      :          |  0.0808811242
 191 12/2017 +          :      :      *|       :      :          + -0.0056180980
 192  1/2018 |          :      :       |      *:      :          |  0.0782307941
 193  2/2018 |          :      : *     |       :      :          | -0.0664130207
 194  3/2018 |          :      :       *       :      :          |  0.0004417237
 195  4/2018 |          :      :       |   *   :      :          |  0.0402088695
 196  5/2018 |          :      :       | *     :      :          |  0.0213289443
 197  6/2018 |          :      :   *   |       :      :          | -0.0394376857
 198  7/2018 |          :      :       |     * :      :          |  0.0600273877
 199  8/2018 |          :      : *     |       :      :          | -0.0594125122
 200  9/2018 |          :      :       |  *    :      :          |  0.0324009259
 201 10/2018 |          :      :       *       :      :          |  0.0009535813
 202 11/2018>|     *    :      :       |       :      :          |>-0.2182712971
 203 12/2018 +          :      *       |       :      :          + -0.0808788498
 204  1/2019 |          :      :       |       *      :          |  0.0821424986
 205  2/2019 |          :      :       |   *   :      :          |  0.0465275223
 206  3/2019 |          :      :       | *     :      :          |  0.0261431942
 207  4/2019 |          :      :       |     * :      :          |  0.0627910651
 208  5/2019 |          :      *       |       :      :          | -0.0898813178
 209  6/2019 |          :    * :       |       :      :          | -0.1062007813
 210  7/2019 |          :      :       |      *:      :          |  0.0754682820
 211  8/2019 |          :      :  *    |       :      :          | -0.0584438917
 212  9/2019 |          :      :       |  *    :      :          |  0.0352181945
 213 10/2019 |          :      :*      |       :      :          | -0.0736367959
 214 11/2019 |          :      :       |      *:      :          |  0.0703083200
 215 12/2019 +          :      :       |  *    :      :          +  0.0360809218
-------------+--+-------+------+-------+-------+------+-------+--+--------------
               -3      -2     -1       0      +1     +2      +3   

                 +------------------------------------------+
                 |       Table of standardized values       |
                 |       greater than or equal to 2.0       |
                 +------------------------------------------+
                 |                                          |
                 | Observation    Date   Standardized value |
                 |                                          |
                 |     81       10/2008        -3.24        |
                 |     82       11/2008        -2.39        |
                 |     83       12/2008        -2.91        |
                 |     86        3/2009         2.60        |
                 |    155       12/2014        -2.63        |
                 |    162        7/2015        -2.07        |
                 |    170        3/2016         2.59        |
                 |    202       11/2018        -2.65        |
                 +------------------------------------------+

Standardized time series histogram:

       -4      -3      -2      -1       0      +1      +2      +3      +4
        +---+---+---+---+---+---+---+---+---+---+---+---+---+---+---+---+
        |                                 50                            |
        |                                ....                            |
        |                                ....                            |
        |                             38 ....                            |
        |                            ........ 36                         |
        |                            ............                        |
        |                            ............                        |
        |                         26 ............                        |
        |                        ................                        |
        |                     19 ................                        |
        |                    .................... 18                     |
        |                    ........................                    |
        |                    ........................ 11                 |
        |                  9 ............................                |
        |                ................................                |
        |      1  3  2   ................................   2            |
        |    ............................................    ....        |
        +---+---+---+---+---+---+---+---+---+---+---+---+---+---+---+---+
       -4      -3      -2      -1       0      +1      +2      +3      +4

              65 values outside (-1,+1): 30.23 % (31.74 % expected)
               8 values outside (-2,+2):  3.72 % ( 4.56 % expected)

Autocorrelation function (acf bands =  0.136):

            -1                         0                         1  L-B Q  DF
-------------+-------------------------+-------------------------+--------------
   1   0.015 |                      :  |  :                      | 
   2   0.050 |                      :  |* :                      | 
   3  -0.098 |                      :**|  :                      | 
   4  -0.067 |                      :**|  :                      | 
   5   0.052 |                      :  |* :                      | 
   6  -0.101 |                      ***|  :                      | 
   7  -0.012 |                      :  |  :                      | 
   8  -0.103 |                      ***|  :                      | 
   9  -0.020 |                      : *|  :                      | 
  10   0.075 |                      :  |**:                      | 
  11   0.082 |                      :  |**:                      | 
  12   0.040 +                      :  |+ :                      +  12.22  12
  13  -0.042 |                      : *|  :                      | 
  14  -0.041 |                      : *|  :                      | 
  15   0.033 |                      :  |* :                      | 
  16  -0.045 |                      : *|  :                      | 
  17  -0.000 |                      :  |  :                      | 
  18  -0.039 |                      : *|  :                      | 
  19   0.041 |                      :  |* :                      | 
  20   0.062 |                      :  |**:                      | 
  21   0.039 |                      :  |* :                      | 
  22   0.040 |                      :  |* :                      | 
  23  -0.055 |                      : *|  :                      | 
  24  -0.081 +                      :++|  :                      +  18.49  24
  25   0.135 |                      :  |***                      | 
  26  -0.015 |                      :  |  :                      | 
  27   0.021 |                      :  |* :                      | 
  28  -0.059 |                      : *|  :                      | 
  29  -0.056 |                      : *|  :                      | 
  30   0.062 |                      :  |**:                      | 
  31   0.003 |                      :  |  :                      | 
  32  -0.039 |                      : *|  :                      | 
  33   0.030 |                      :  |* :                      | 
  34   0.039 |                      :  |* :                      | 
  35   0.044 |                      :  |* :                      | 
  36  -0.049 +                      : +|  :                      +  27.87  36
  37  -0.011 |                      :  |  :                      | 
  38  -0.016 |                      :  |  :                      | 
  39  -0.065 |                      :**|  :                      | 
  40   0.064 |                      :  |**:                      | 
  41   0.050 |                      :  |* :                      | 
  42   0.039 |                      :  |* :                      |  31.26  42
-------------+-------------------------+-------------------------+--------------
            -1                         0                         1  L-B Q  DF

Partial autocorrelation function (pacf bands =  0.136):

            -1                         0                         1
-------------+-------------------------+-------------------------+--------------
   1   0.015 |                      :  |  :                      | 
   2   0.049 |                      :  |* :                      | 
   3  -0.099 |                      :**|  :                      | 
   4  -0.067 |                      :**|  :                      | 
   5   0.065 |                      :  |**:                      | 
   6  -0.107 |                      ***|  :                      | 
   7  -0.029 |                      : *|  :                      | 
   8  -0.086 |                      :**|  :                      | 
   9  -0.030 |                      : *|  :                      | 
  10   0.067 |                      :  |**:                      | 
  11   0.074 |                      :  |**:                      | 
  12   0.005 +                      :  |  :                      + 
  13  -0.034 |                      : *|  :                      | 
  14  -0.036 |                      : *|  :                      | 
  15   0.039 |                      :  |* :                      | 
  16  -0.052 |                      : *|  :                      | 
  17  -0.005 |                      :  |  :                      | 
  18  -0.009 |                      :  |  :                      | 
  19   0.055 |                      :  |* :                      | 
  20   0.051 |                      :  |* :                      | 
  21   0.024 |                      :  |* :                      | 
  22   0.014 |                      :  |  :                      | 
  23  -0.038 |                      : *|  :                      | 
  24  -0.081 +                      :++|  :                      + 
  25   0.165 |                      :  |****                     | 
  26  -0.013 |                      :  |  :                      | 
  27  -0.001 |                      :  |  :                      | 
  28  -0.010 |                      :  |  :                      | 
  29  -0.039 |                      : *|  :                      | 
  30   0.029 |                      :  |* :                      | 
  31   0.011 |                      :  |  :                      | 
  32  -0.097 |                      :**|  :                      | 
  33   0.082 |                      :  |**:                      | 
  34   0.075 |                      :  |**:                      | 
  35   0.017 |                      :  |  :                      | 
  36  -0.078 +                      :++|  :                      + 
  37  -0.016 |                      :  |  :                      | 
  38   0.005 |                      :  |  :                      | 
  39  -0.049 |                      : *|  :                      | 
  40   0.043 |                      :  |* :                      | 
  41   0.081 |                      :  |**:                      | 
  42   0.013 |                      :  |  :                      | 
-------------+-------------------------+-------------------------+--------------
            -1                         0                         1


--- Residual series a[2] (IPC_ES) ---
Unconditional residuals (seasonal period: 12)
215 observations: from 2/2002 to 12/2019

                  Mean:           0.000001
Standard error of mean:           0.000168
              Variance:           0.000006
    Standard deviation:           0.002469
              Skewness:           0.065997
              Kurtosis:           0.330566
               Minimum:          -0.007774 at  1/2016 (observation 168)
               Maximum:           0.006849 at  9/2012 (observation 128)

Standardized time series plot (original values on right-side column):

              -3      -2      -1       0      +1      +2      +3  
-------------+-+-------+-------+-------+-------+-------+-------+-+--------------
   1  2/2002 |         :       :       |*      :       :         |  0.0002757676
   2  3/2002 |         :       :       |   *   :       :         |  0.0012899568
   3  4/2002 |         :       :   *   |       :       :         | -0.0011101992
   4  5/2002 |         :       :       *       :       :         |  0.0001189909
   5  6/2002 |         :       : *     |       :       :         | -0.0018381551
   6  7/2002 |         :       :       |       *       :         |  0.0023945688
   7  8/2002 |         :       :      *|       :       :         | -0.0001704726
   8  9/2002 |         :       :       |    *  :       :         |  0.0016175739
   9 10/2002 |         :       :      *|       :       :         | -0.0003678721
  10 11/2002 |         :       :     * |       :       :         | -0.0006704370
  11 12/2002 +         :       :       |       :     * :         +  0.0042893555
  12  1/2003>|         :       :       |       :       :   *     |> 0.0062539319
  13  2/2003 |         :       :   *   |       :       :         | -0.0011193790
  14  3/2003 |         :       :      *|       :       :         | -0.0002653538
  15  4/2003 |         :    *  :       |       :       :         | -0.0033612239
  16  5/2003 |         :       :    *  |       :       :         | -0.0010795794
  17  6/2003 |         :       :      *|       :       :         | -0.0003146765
  18  7/2003 |         :       :       |  *    :       :         |  0.0010309310
  19  8/2003 |         :       :       |      *:       :         |  0.0023201966
  20  9/2003 |         :       :       | *     :       :         |  0.0006125131
  21 10/2003 |         :       :  *    |       :       :         | -0.0015303261
  22 11/2003 |         :       :       |*      :       :         |  0.0004321524
  23 12/2003 +         :       :       |   *   :       :         +  0.0011522734
  24  1/2004 |         :       :       |       :     * :         |  0.0044896065
  25  2/2004 |         :       :  *    |       :       :         | -0.0016690162
  26  3/2004 |         :       :       |  *    :       :         |  0.0009107582
  27  4/2004 |         :       :       |  *    :       :         |  0.0009037982
  28  5/2004 |         :       :       |       :*      :         |  0.0028908557
  29  6/2004 |         :       :  *    |       :       :         | -0.0016793022
  30  7/2004 |         :       :       |  *    :       :         |  0.0009331882
  31  8/2004 |         :       :       |    *  :       :         |  0.0015639612
  32  9/2004 |         :       :   *   |       :       :         | -0.0011812666
  33 10/2004 |         :       :       |   *   :       :         |  0.0012578232
  34 11/2004 |         :       : *     |       :       :         | -0.0017193089
  35 12/2004 +         :       :       *       :       :         + -0.0000177124
  36  1/2005 |         :       :       |       :      *:         |  0.0046021492
  37  2/2005 |         :       :       |*      :       :         |  0.0003845584
  38  3/2005 |         :       :       |   *   :       :         |  0.0013945514
  39  4/2005 |         :       :       |  *    :       :         |  0.0010137762
  40  5/2005 |         :       :    *  |       :       :         | -0.0009344769
  41  6/2005 |         :       :       |    *  :       :         |  0.0016129613
  42  7/2005 |         :       :      *|       :       :         | -0.0002715002
  43  8/2005 |         :       :       |     * :       :         |  0.0019011944
  44  9/2005 |         :       :       |       : *     :         |  0.0030838030
  45 10/2005 |         :       :  *    |       :       :         | -0.0014994393
  46 11/2005 |         :       :      *|       :       :         | -0.0001833880
  47 12/2005 +         :       :       |       :*      :         +  0.0026568610
  48  1/2006>|         :       :       |       :       :    *    |> 0.0064060327
  49  2/2006 |         :       *       |       :       :         | -0.0025942404
  50  3/2006 |         :       :       |      *:       :         |  0.0021995612
  51  4/2006 |         :       :       |      *:       :         |  0.0021627882
  52  5/2006 |         :       :     * |       :       :         | -0.0007490071
  53  6/2006 |         :       :      *|       :       :         | -0.0002129627
  54  7/2006 |         :       :       |   *   :       :         |  0.0012002567
  55  8/2006 |         :       :     * |       :       :         | -0.0006811847
  56  9/2006 |         :      *:       |       :       :         | -0.0028379135
  57 10/2006 |         :       :*      |       :       :         | -0.0022179548
  58 11/2006 |         :       :       |    *  :       :         |  0.0017095884
  59 12/2006 +         :       :       |      *:       :         +  0.0020966059
  60  1/2007 |         :       :       |       : *     :         |  0.0031863921
  61  2/2007 |         :       :       | *     :       :         |  0.0007159402
  62  3/2007 |         :       :       |  *    :       :         |  0.0007830628
  63  4/2007 |         :       :       |      *:       :         |  0.0022386844
  64  5/2007 |         :       :    *  |       :       :         | -0.0010581877
  65  6/2007 |         :       :       | *     :       :         |  0.0004891993
  66  7/2007 |         :       :   *   |       :       :         | -0.0011221120
  67  8/2007 |         :       :   *   |       :       :         | -0.0013392405
  68  9/2007 |         :       :       |       *       :         |  0.0023739400
  69 10/2007 |         :       :       |       : *     :         |  0.0031460484
  70 11/2007 |         :       :       |       : *     :         |  0.0031363632
  71 12/2007 +         :       :       |     * :       :         +  0.0018479915
  72  1/2008 |         :       :       |       :   *   :         |  0.0038651835
  73  2/2008 |         :       :       *       :       :         | -0.0000938332
  74  3/2008 |         :       :       |       :*      :         |  0.0029119227
  75  4/2008 |         :       :  *    |       :       :         | -0.0016758358
  76  5/2008 |         :       :       |       :   *   :         |  0.0036747599
  77  6/2008 |         :       :       |      *:       :         |  0.0022419491
  78  7/2008 |         :       :       |*      :       :         |  0.0002448794
  79  8/2008 |         : *     :       |       :       :         | -0.0042639721
  80  9/2008 |         :       :       | *     :       :         |  0.0007035866
  81 10/2008 |         :     * :       |       :       :         | -0.0031942163
  82 11/2008 |         :       *       |       :       :         | -0.0025481719
  83 12/2008 +         :       :  *    |       :       :         + -0.0016064680
  84  1/2009 |         :       :       |      *:       :         |  0.0021832791
  85  2/2009 |         :       :     * |       :       :         | -0.0007512636
  86  3/2009 |         :     * :       |       :       :         | -0.0029624756
  87  4/2009 |         :       :*      |       :       :         | -0.0022429135
  88  5/2009 |         :      *:       |       :       :         | -0.0027484018
  89  6/2009 |         :       :       |     * :       :         |  0.0018299988
  90  7/2009 |         :  *    :       |       :       :         | -0.0040527084
  91  8/2009 |         :       :       |       : *     :         |  0.0032567474
  92  9/2009>|       * :       :       |       :       :         |>-0.0054635715
  93 10/2009 |         :       :       |*      :       :         |  0.0004560819
  94 11/2009 |         :       :       |      *:       :         |  0.0023331018
  95 12/2009 +         :       :  *    |       :       :         + -0.0015542202
  96  1/2010 |         :       :       |  *    :       :         |  0.0008828701
  97  2/2010 |         :     * :       |       :       :         | -0.0029586309
  98  3/2010 |         :       :       |       :*      :         |  0.0028995223
  99  4/2010 |         :       :    *  |       :       :         | -0.0010229243
 100  5/2010 |         :       :     * |       :       :         | -0.0006714600
 101  6/2010 |         :       :       |     * :       :         |  0.0018448107
 102  7/2010 |         :       :       |    *  :       :         |  0.0014422509
 103  8/2010 |         :       :       *       :       :         |  0.0000413214
 104  9/2010 |         :       :    *  |       :       :         | -0.0009495204
 105 10/2010 |         :       :       |    *  :       :         |  0.0016379465
 106 11/2010 |         :       :       |     * :       :         |  0.0019201456
 107 12/2010 +         :       :       |       :       *         +  0.0048425434
 108  1/2011 |         :       :       | *     :       :         |  0.0006255690
 109  2/2011 |         :       :       |*      :       :         |  0.0002565317
 110  3/2011 |         :       :       |      *:       :         |  0.0020260488
 111  4/2011 |         :       :       |*      :       :         |  0.0002651008
 112  5/2011 |         :   *   :       |       :       :         | -0.0038176130
 113  6/2011 |         :       :   *   |       :       :         | -0.0012568972
 114  7/2011 |         :       :       |     * :       :         |  0.0019103942
 115  8/2011 |         :       :    *  |       :       :         | -0.0010707360
 116  9/2011 |         :       :       |       *       :         |  0.0023931848
 117 10/2011 |         :       :      *|       :       :         | -0.0001999139
 118 11/2011 |         :       :       |    *  :       :         |  0.0016360924
 119 12/2011 +         :       :    *  |       :       :         + -0.0008217267
 120  1/2012 |         :       :  *    |       :       :         | -0.0015437670
 121  2/2012 |         :       :       | *     :       :         |  0.0006968902
 122  3/2012 |         :       :       |   *   :       :         |  0.0012300933
 123  4/2012 |         :       :       |       :  *    :         |  0.0032777283
 124  5/2012 |         :*      :       |       :       :         | -0.0045769772
 125  6/2012 |         :       :  *    |       :       :         | -0.0015777956
 126  7/2012>|         :       :       |       :       :  *      |> 0.0058250612
 127  8/2012 |         :       :       |     * :       :         |  0.0018526447
 128  9/2012>|         :       :       |       :       :     *   |> 0.0068491860
 129 10/2012 |         :       :    *  |       :       :         | -0.0008749715
 130 11/2012 |         :     * :       |       :       :         | -0.0030860291
 131 12/2012 +         :       :       |   *   :       :         +  0.0012655756
 132  1/2013 |         :   *   :       |       :       :         | -0.0038656208
 133  2/2013 |         :       :       |   *   :       :         |  0.0012933026
 134  3/2013 |         :       : *     |       :       :         | -0.0017633589
 135  4/2013>|        *:       :       |       :       :         |>-0.0054265696
 136  5/2013 |         :       :       |  *    :       :         |  0.0008353531
 137  6/2013 |         :       :      *|       :       :         | -0.0002559039
 138  7/2013 |         :       :       | *     :       :         |  0.0007184419
 139  8/2013 |         :       :       *       :       :         |  0.0001355916
 140  9/2013 |         :   *   :       |       :       :         | -0.0036475309
 141 10/2013 |         :       *       |       :       :         | -0.0025455176
 142 11/2013 |         :       :       |   *   :       :         |  0.0012049067
 143 12/2013 +         :       :       |  *    :       :         +  0.0010301869
 144  1/2014 |         :*      :       |       :       :         | -0.0047482197
 145  2/2014 |         :       :       |*      :       :         |  0.0004034223
 146  3/2014 |         :    *  :       |       :       :         | -0.0033496176
 147  4/2014 |         :       :       *       :       :         | -0.0001386443
 148  5/2014 |         :       :*      |       :       :         | -0.0021916605
 149  6/2014 |         :       :     * |       :       :         | -0.0007102797
 150  7/2014 |         :   *   :       |       :       :         | -0.0035860541
 151  8/2014 |         :       :       |  *    :       :         |  0.0008147891
 152  9/2014 |         :       :       |  *    :       :         |  0.0008033032
 153 10/2014 |         :       *       |       :       :         | -0.0026069538
 154 11/2014 |         :       :   *   |       :       :         | -0.0013084137
 155 12/2014 +         :*      :       |       :       :         + -0.0047490965
 156  1/2015 |         :      *:       |       :       :         | -0.0029066272
 157  2/2015>|         :       :       |       :       *         |> 0.0049870278
 158  3/2015 |         :       :      *|       :       :         | -0.0003210240
 159  4/2015 |         :       :      *|       :       :         | -0.0002502306
 160  5/2015 |         :       :       |  *    :       :         |  0.0009719408
 161  6/2015 |         :       :       *       :       :         | -0.0000284883
 162  7/2015 |         :   *   :       |       :       :         | -0.0035779265
 163  8/2015 |         :      *:       |       :       :         | -0.0026675603
 164  9/2015 |         :       : *     |       :       :         | -0.0018451041
 165 10/2015 |         :       :    *  |       :       :         | -0.0010455532
 166 11/2015 |         :       :       |    *  :       :         |  0.0015984381
 167 12/2015 +         :      *:       |       :       :         + -0.0028401532
 168  1/2016>|*        :       :       |       :       :         |>-0.0077743920
 169  2/2016 |         :       :      *|       :       :         | -0.0003068950
 170  3/2016 |         :       :       |      *:       :         |  0.0022992538
 171  4/2016>|       * :       :       |       :       :         |>-0.0055949902
 172  5/2016 |         :       :       |       : *     :         |  0.0032230071
 173  6/2016 |         :       :       |   *   :       :         |  0.0011062751
 174  7/2016 |         :       :*      |       :       :         | -0.0022108387
 175  8/2016 |         :       :       | *     :       :         |  0.0007482940
 176  9/2016 |         :       :  *    |       :       :         | -0.0014890865
 177 10/2016 |         :       :       |       :    *  :         |  0.0041100456
 178 11/2016 |         :       :     * |       :       :         | -0.0005404146
 179 12/2016>+         :       :       |       :       :   *     +> 0.0062138739
 180  1/2017 |         :       :       |  *    :       :         |  0.0008544410
 181  2/2017 |         *       :       |       :       :         | -0.0048259647
 182  3/2017 |         : *     :       |       :       :         | -0.0043948660
 183  4/2017 |         :       :       |     * :       :         |  0.0019360597
 184  5/2017 |         :   *   :       |       :       :         | -0.0036051058
 185  6/2017 |         :       :       |*      :       :         |  0.0002488139
 186  7/2017 |         :       :       *       :       :         | -0.0001542467
 187  8/2017 |         :       :       *       :       :         | -0.0001231755
 188  9/2017 |         :       :       *       :       :         | -0.0000190566
 189 10/2017 |         :       :       |    *  :       :         |  0.0014080409
 190 11/2017 |         :       :       |    *  :       :         |  0.0016194483
 191 12/2017 +         :       :  *    |       :       :         + -0.0015381713
 192  1/2018 |         :       : *     |       :       :         | -0.0017515743
 193  2/2018 |         :       :       |*      :       :         |  0.0002063682
 194  3/2018 |         :    *  :       |       :       :         | -0.0035540530
 195  4/2018 |         :       :     * |       :       :         | -0.0006281930
 196  5/2018>|         :       :       |       :       :   *     |> 0.0062884765
 197  6/2018 |         :       :    *  |       :       :         | -0.0009273902
 198  7/2018 |         :       :   *   |       :       :         | -0.0012756220
 199  8/2018 |         :       :     * |       :       :         | -0.0006174253
 200  9/2018 |         :       :       |    *  :       :         |  0.0015868155
 201 10/2018 |         :       :       |   *   :       :         |  0.0013044211
 202 11/2018 |         :   *   :       |       :       :         | -0.0037930076
 203 12/2018 +         :       : *     |       :       :         + -0.0019575346
 204  1/2019 |         :       :  *    |       :       :         | -0.0016482509
 205  2/2019 |         :       :       |      *:       :         |  0.0020672436
 206  3/2019 |         :       *       |       :       :         | -0.0024248807
 207  4/2019 |         :       :       |*      :       :         |  0.0003834945
 208  5/2019 |         :       :  *    |       :       :         | -0.0015181157
 209  6/2019 |         :       : *     |       :       :         | -0.0018882190
 210  7/2019 |         :       :       |   *   :       :         |  0.0011343071
 211  8/2019 |         :     * :       |       :       :         | -0.0030247849
 212  9/2019 |         :       :      *|       :       :         | -0.0003307454
 213 10/2019 |         :       :       |      *:       :         |  0.0022481192
 214 11/2019 |         :       :      *|       :       :         | -0.0004533006
 215 12/2019 +         :       : *     |       :       :         + -0.0018259086
-------------+-+-------+-------+-------+-------+-------+-------+-+--------------
              -3      -2      -1       0      +1      +2      +3  

                 +------------------------------------------+
                 |       Table of standardized values       |
                 |       greater than or equal to 2.0       |
                 +------------------------------------------+
                 |                                          |
                 | Observation    Date   Standardized value |
                 |                                          |
                 |     12        1/2003         2.53        |
                 |     48        1/2006         2.59        |
                 |     92        9/2009        -2.21        |
                 |    126        7/2012         2.36        |
                 |    128        9/2012         2.77        |
                 |    135        4/2013        -2.20        |
                 |    157        2/2015         2.02        |
                 |    168        1/2016        -3.15        |
                 |    171        4/2016        -2.27        |
                 |    179       12/2016         2.52        |
                 |    196        5/2018         2.55        |
                 +------------------------------------------+

Standardized time series histogram:

       -4      -3      -2      -1       0      +1      +2      +3      +4
        +---+---+---+---+---+---+---+---+---+---+---+---+---+---+---+---+
        |                             44                                |
        |                            .... 41 40                          |
        |                            ............                        |
        |                            ............                        |
        |                            ............                        |
        |                         30 ............                        |
        |                        ................                        |
        |                        ................                        |
        |                     21 ................                        |
        |                    ....................                        |
        |                    ....................                        |
        |                    .................... 12                     |
        |                 10 ........................                    |
        |                ............................  6                 |
        |              3 ................................     5          |
        |      1     .................................... 2  ....        |
        |    ....    ............................................        |
        +---+---+---+---+---+---+---+---+---+---+---+---+---+---+---+---+
       -4      -3      -2      -1       0      +1      +2      +3      +4

              60 values outside (-1,+1): 27.91 % (31.74 % expected)
              11 values outside (-2,+2):  5.12 % ( 4.56 % expected)

Autocorrelation function (acf bands =  0.136):

            -1                         0                         1  L-B Q  DF
-------------+-------------------------+-------------------------+--------------
   1  -0.000 |                      :  |  :                      | 
   2  -0.001 |                      :  |  :                      | 
   3   0.051 |                      :  |* :                      | 
   4   0.016 |                      :  |  :                      | 
   5   0.101 |                      :  |***                      | 
   6   0.037 |                      :  |* :                      | 
   7   0.062 |                      :  |**:                      | 
   8   0.002 |                      :  |  :                      | 
   9   0.043 |                      :  |* :                      | 
  10   0.057 |                      :  |* :                      | 
  11   0.021 |                      :  |* :                      | 
  12   0.082 +                      :  |++:                      +   6.87  12
  13   0.069 |                      :  |**:                      | 
  14  -0.026 |                      : *|  :                      | 
  15   0.003 |                      :  |  :                      | 
  16   0.017 |                      :  |  :                      | 
  17   0.042 |                      :  |* :                      | 
  18   0.021 |                      :  |* :                      | 
  19  -0.032 |                      : *|  :                      | 
  20   0.103 |                      :  |***                      | 
  21   0.049 |                      :  |* :                      | 
  22   0.019 |                      :  |  :                      | 
  23   0.001 |                      :  |  :                      | 
  24   0.083 +                      :  |++:                      +  13.85  24
  25  -0.031 |                      : *|  :                      | 
  26   0.060 |                      :  |* :                      | 
  27   0.003 |                      :  |  :                      | 
  28  -0.047 |                      : *|  :                      | 
  29  -0.004 |                      :  |  :                      | 
  30   0.092 |                      :  |**:                      | 
  31   0.018 |                      :  |  :                      | 
  32   0.041 |                      :  |* :                      | 
  33   0.012 |                      :  |  :                      | 
  34  -0.006 |                      :  |  :                      | 
  35   0.029 |                      :  |* :                      | 
  36   0.051 +                      :  |+ :                      +  19.12  36
  37  -0.005 |                      :  |  :                      | 
  38   0.032 |                      :  |* :                      | 
  39  -0.015 |                      :  |  :                      | 
  40  -0.029 |                      : *|  :                      | 
  41   0.002 |                      :  |  :                      | 
  42  -0.038 |                      : *|  :                      |  20.07  42
-------------+-------------------------+-------------------------+--------------
            -1                         0                         1  L-B Q  DF

Partial autocorrelation function (pacf bands =  0.136):

            -1                         0                         1
-------------+-------------------------+-------------------------+--------------
   1  -0.000 |                      :  |  :                      | 
   2  -0.001 |                      :  |  :                      | 
   3   0.051 |                      :  |* :                      | 
   4   0.017 |                      :  |  :                      | 
   5   0.101 |                      :  |***                      | 
   6   0.035 |                      :  |* :                      | 
   7   0.062 |                      :  |**:                      | 
   8  -0.008 |                      :  |  :                      | 
   9   0.038 |                      :  |* :                      | 
  10   0.041 |                      :  |* :                      | 
  11   0.014 |                      :  |  :                      | 
  12   0.068 +                      :  |++:                      + 
  13   0.063 |                      :  |**:                      | 
  14  -0.037 |                      : *|  :                      | 
  15  -0.015 |                      :  |  :                      | 
  16  -0.002 |                      :  |  :                      | 
  17   0.024 |                      :  |* :                      | 
  18   0.003 |                      :  |  :                      | 
  19  -0.043 |                      : *|  :                      | 
  20   0.095 |                      :  |**:                      | 
  21   0.047 |                      :  |* :                      | 
  22   0.007 |                      :  |  :                      | 
  23  -0.017 |                      :  |  :                      | 
  24   0.081 +                      :  |++:                      + 
  25  -0.058 |                      : *|  :                      | 
  26   0.051 |                      :  |* :                      | 
  27  -0.020 |                      :  |  :                      | 
  28  -0.046 |                      : *|  :                      | 
  29  -0.037 |                      : *|  :                      | 
  30   0.085 |                      :  |**:                      | 
  31   0.004 |                      :  |  :                      | 
  32   0.044 |                      :  |* :                      | 
  33  -0.021 |                      : *|  :                      | 
  34  -0.003 |                      :  |  :                      | 
  35   0.018 |                      :  |  :                      | 
  36   0.038 +                      :  |+ :                      + 
  37  -0.030 |                      : *|  :                      | 
  38   0.037 |                      :  |* :                      | 
  39  -0.027 |                      : *|  :                      | 
  40  -0.036 |                      : *|  :                      | 
  41  -0.019 |                      :  |  :                      | 
  42  -0.065 |                      :**|  :                      | 
-------------+-------------------------+-------------------------+--------------
            -1                         0                         1


--- Cross-correlation functions between residuals ---

CROSS CORRELATION a[2] (IPC_ES) - a[1] (WTI)
      IPC_ES --> WTI IF k > 0
      WTI --> IPC_ES IF k < 0
CCF BANDS  2.0/SQRT(N) =  0.13640:

            -1                         0                         1
-------------+-------------------------+-------------------------+--------------
  -9   0.096 |                      :  |**:                      |                            
  -8   0.013 |                      :  |  :                      |                            
  -7   0.152 |                      :  |****                     |                            
  -6   0.057 |                      :  |* :                      |                            
  -5   0.106 |                      :  |***                      |                            
  -4  -0.085 |                      :**|  :                      |                            
  -3  -0.020 |                      :  |  :                      |                            
  -2   0.026 |                      :  |* :                      |                            
  -1   0.008 |                      :  |  :                      |                            
   0   0.523 |                      :  |*************            |                            
   1  -0.008 |                      :  |  :                      |                            
   2   0.040 |                      :  |* :                      |                            
   3   0.004 |                      :  |  :                      |                            
   4   0.067 |                      :  |**:                      |                            
   5   0.032 |                      :  |* :                      |                            
   6  -0.100 |                      ***|  :                      |                            
   7   0.050 |                      :  |* :                      |                            
   8  -0.079 |                      :**|  :                      |                            
   9  -0.057 |                      : *|  :                      |                            
-------------+-------------------------+-------------------------+--------------
            -1                         0                         1
Q(10) = 66.004     k >= 0      Q( 9) =  6.546      k > 0
Q(10) = 71.856     k <= 0      Q( 9) = 12.398      k < 0

=============================================================
