Input Data File  : data/passthrough/WTI_IPC_FR.inp
Output File      : data/passthrough/WTI_IPC_FR.out
Model: VARMA(1,0)
Include mean     : yes
Diagonal AR      : no
Diagonal MA      : no
Diagonal Cov     : no
Estimation method: 1
Two-step init    : no
Frequency        : 12
Start            : 1 2002
Box-Cox lambda   : 0
Rescale factor   : 1
Differences      : d=1, D=0 (seasonal lag=12)
Deseasonalize    : harmonic (auto)
Series names     : WTI IPC_FR
Observations     : 215 (raw 216)

Number of parameters: 9

=============================================================
  OPTIMIZER CONVERGED after 72 iterations
  Objective function = 0.001536187468
  Convergence criterion: norm of scaled gradient <= gradtol
=============================================================



=============================================================
  Estimated Parameters and Standard Deviations               
=============================================================

                        Parameter     Estimate    Std.Error   t-stat  p-val
--------------------------------------------------------------------
mu[1]                   0.005143     0.007868    0.654 0.5133    
mu[2]                   0.001128     0.000152    7.435 0.0000 ***
phi[1]_11              0.285804     0.068547    4.169 0.0000 ***
phi[1]_12              1.062170     2.998369    0.354 0.7232    
phi[1]_21              0.009783     0.001498    6.530 0.0000 ***
phi[1]_22             -0.143676     0.066271   -2.168 0.0302 *  
cov[1,1]               1.925660     0.110242   17.468 0.0000 ***
cov[2,1]               0.014438     0.002872    5.027 0.0000 ***
cov[2,2]               0.000937     0.000140    6.717 0.0000 ***
--------------------------------------------------------------------
Signif. codes:  0 '***' 0.001 '**' 0.01 '*' 0.05 '.' 0.1 ' ' 1



=============================================================
           JOINT HYPOTHESIS TESTS (WALD)                    
=============================================================

Test of joint significance of last lag (AR(1) and MA(0)):
  Wald chi2(4) = 50.9527, p-value = 0.0000
  Conclusion: REJECT H0 → last lag is statistically significant.

Test of joint significance of last AR lag (AR(1)):
  Wald chi2(4) = 50.9527, p-value = 0.0000
  Conclusion: REJECT H0 → last AR lag is significant.

Test of joint significance of all cross effects:
  H0: all cross coefficients = 0
  Wald chi2(2) = 43.8161, p-value = 0.0000
  Conclusion: REJECT H0 → cross effects are jointly significant.

--- Directional cross-effects tests ---

WTI: effects of other variables on it:
  H0: all coefficients in equation WTI from other vars = 0
  Wald chi2(1) = 0.1255, p-value = 0.7232
  Conclusion: Cannot reject H0 → WTI is not influenced by others.

WTI: effects of it on other variables:
  H0: all coefficients of WTI in other equations = 0
  Wald chi2(1) = 42.6434, p-value = 0.0000
  Conclusion: REJECT H0 → WTI influences others.

IPC_FR: effects of other variables on it:
  H0: all coefficients in equation IPC_FR from other vars = 0
  Wald chi2(1) = 42.6434, p-value = 0.0000
  Conclusion: REJECT H0 → IPC_FR is influenced by others.

IPC_FR: effects of it on other variables:
  H0: all coefficients of IPC_FR in other equations = 0
  Wald chi2(1) = 0.1255, p-value = 0.7232
  Conclusion: Cannot reject H0 → IPC_FR does not influence others.


=============================================================
           ORTHOGONALIZED IMPULSE RESPONSE FUNCTIONS        
=============================================================
Shocks are orthogonalized via Cholesky decomposition of Sigma Matrix.
Order of variables: as in the model.

Shock to WTI:
Horizon      WTI   IPC_FR
    0     0.0829   0.0006
    1     0.0244   0.0007
    2     0.0077   0.0001
    3     0.0024   0.0001
    4     0.0007   0.0000
    5     0.0002   0.0000
    6     0.0001   0.0000
    7     0.0000   0.0000
    8     0.0000   0.0000
    9     0.0000   0.0000
   10     0.0000   0.0000
   11     0.0000   0.0000
   12     0.0000   0.0000
   13     0.0000   0.0000
   14     0.0000   0.0000
   15     0.0000   0.0000
   16     0.0000   0.0000
   17     0.0000   0.0000
   18     0.0000   0.0000
   19     0.0000   0.0000
   20     0.0000   0.0000

Shock to IPC_FR:
Horizon      WTI   IPC_FR
    0     0.0000   0.0017
    1     0.0018  -0.0002
    2     0.0003   0.0001
    3     0.0001  -0.0000
    4     0.0000   0.0000
    5     0.0000   0.0000
    6     0.0000   0.0000
    7     0.0000   0.0000
    8     0.0000   0.0000
    9     0.0000   0.0000
   10     0.0000   0.0000
   11     0.0000   0.0000
   12     0.0000   0.0000
   13     0.0000   0.0000
   14     0.0000   0.0000
   15     0.0000   0.0000
   16     0.0000   0.0000
   17     0.0000   0.0000
   18     0.0000   0.0000
   19     0.0000   0.0000
   20     0.0000   0.0000


=============================================================
        ACCUMULATED IMPULSE RESPONSE FUNCTIONS               
=============================================================
Cumulative response of each variable to a one-s.d. shock
(sum of responses up to each horizon).

Shock to WTI:
Horizon      WTI   IPC_FR
    0     0.0829   0.0006
    1     0.1072   0.0013
    2     0.1150   0.0015
    3     0.1173   0.0015
    4     0.1180   0.0015
    5     0.1183   0.0016
    6     0.1183   0.0016
    7     0.1184   0.0016
    8     0.1184   0.0016
    9     0.1184   0.0016
   10     0.1184   0.0016
   11     0.1184   0.0016
   12     0.1184   0.0016
   13     0.1184   0.0016
   14     0.1184   0.0016
   15     0.1184   0.0016
   16     0.1184   0.0016
   17     0.1184   0.0016
   18     0.1184   0.0016
   19     0.1184   0.0016
   20     0.1184   0.0016

Shock to IPC_FR:
Horizon      WTI   IPC_FR
    0     0.0000   0.0017
    1     0.0018   0.0015
    2     0.0021   0.0015
    3     0.0022   0.0015
    4     0.0022   0.0015
    5     0.0023   0.0015
    6     0.0023   0.0015
    7     0.0023   0.0015
    8     0.0023   0.0015
    9     0.0023   0.0015
   10     0.0023   0.0015
   11     0.0023   0.0015
   12     0.0023   0.0015
   13     0.0023   0.0015
   14     0.0023   0.0015
   15     0.0023   0.0015
   16     0.0023   0.0015
   17     0.0023   0.0015
   18     0.0023   0.0015
   19     0.0023   0.0015
   20     0.0023   0.0015


=============================================================
  LONG‑RUN GAIN, SHOCK STD. DEVIATIONS AND MEAN LAG        
=============================================================

Structural shock standard deviations (one‑s.d. shock size):
  WTI      : 0.0829
  IPC_FR   : 0.0017

Shock to WTI:
  WTI      : gain =   0.1184  mean lag =   0.44 months
  IPC_FR   : gain =   0.0016  mean lag =   0.81 months

Shock to IPC_FR:
  WTI      : gain =   0.0023  mean lag =   1.30 months
  IPC_FR   : gain =   0.0015  mean lag =  -0.10 months
=============================================================



=============================================================
           FORECAST ERROR VARIANCE DECOMPOSITION             
=============================================================
Values are percentages of forecast error variance accounted for by each shock.
Shocks are orthogonalized via Cholesky decomposition.

WTI:
Horizon      WTI   IPC_FR
    1     100.00     0.00
    2      99.96     0.04
    3      99.95     0.05
    4      99.95     0.05
    5      99.95     0.05
    6      99.95     0.05
    7      99.95     0.05
    8      99.95     0.05
    9      99.95     0.05
   10      99.95     0.05
   11      99.95     0.05
   12      99.95     0.05
   13      99.95     0.05
   14      99.95     0.05
   15      99.95     0.05
   16      99.95     0.05
   17      99.95     0.05
   18      99.95     0.05
   19      99.95     0.05
   20      99.95     0.05

IPC_FR:
Horizon      WTI   IPC_FR
    1      11.55    88.45
    2      23.11    76.89
    3      23.44    76.56
    4      23.50    76.50
    5      23.51    76.49
    6      23.51    76.49
    7      23.51    76.49
    8      23.51    76.49
    9      23.51    76.49
   10      23.51    76.49
   11      23.51    76.49
   12      23.51    76.49
   13      23.51    76.49
   14      23.51    76.49
   15      23.51    76.49
   16      23.51    76.49
   17      23.51    76.49
   18      23.51    76.49
   19      23.51    76.49
   20      23.51    76.49



=============================================================
           MULTIVARIATE RESIDUAL DIAGNOSTICS                
=============================================================

Hosking's Multivariate Portmanteau Test (lag 14):
  Q(56) = 85.8389, p-value = 0.0064
  *** REJECT H0: residuals are not white noise.

Multivariate Jarque-Bera Test (normality):
  JB(4) = 7.7185, p-value = 0.1025
  Cannot reject H0: residuals appear normal.
=============================================================

Normalized model:
mu vector:
      0.005143
      0.001128
phi(1) matrix:
      0.285804      1.062170
      0.009783     -0.143676
Q matrix:
      1.925660
      0.014438      0.000937
Sigma = sigma2 * Q:
      0.006871
      0.000052      0.000003

Inverse roots of |phi(B)|=0:
      0.308771      0.000000 i  (modulus     0.308771)
     -0.166643      0.000000 i  (modulus     0.166643)



=============================================================
                RESIDUAL DIAGNOSTICS                         
=============================================================

--- Residual series a[1] (WTI) ---
Unconditional residuals (seasonal period: 12)
215 observations: from 2/2002 to 12/2019

                  Mean:           0.000128
Standard error of mean:           0.005653
              Variance:           0.006871
    Standard deviation:           0.082889
              Skewness:          -0.380527
              Kurtosis:           0.443372
               Minimum:          -0.275361 at 10/2008 (observation  81)
               Maximum:           0.223628 at  3/2016 (observation 170)

Standardized time series plot (original values on right-side column):

               -3      -2     -1       0      +1     +2      +3   
-------------+--+-------+------+-------+-------+------+-------+--+--------------
   1  2/2002 |          :      :       |    *  :      :          |  0.0548618205
   2  3/2002 |          :      :       |       :    * :          |  0.1472920828
   3  4/2002 |          :      :       | *     :      :          |  0.0251575438
   4  5/2002 |          :      :       *       :      :          |  0.0017000311
   5  6/2002 |          :      : *     |       :      :          | -0.0680867771
   6  7/2002 |          :      :       |     * :      :          |  0.0677686152
   7  8/2002 |          :      :       |  *    :      :          |  0.0295321908
   8  9/2002 |          :      :       |  *    :      :          |  0.0279125014
   9 10/2002 |          :      :   *   |       :      :          | -0.0478000943
  10 11/2002 |          :      *       |       :      :          | -0.0902462467
  11 12/2002 +          :      :       |       :   *  :          +  0.1362156316
  12  1/2003 |          :      :       |      *:      :          |  0.0777959151
  13  2/2003 |          :      :       |   *   :      :          |  0.0427448083
  14  3/2003 |          :     *:       |       :      :          | -0.0982120263
  15  4/2003 |          :*     :       |       :      :          | -0.1537985073
  16  5/2003 |          :      :       |   *   :      :          |  0.0451540678
  17  6/2003 |          :      :       |       *      :          |  0.0884463707
  18  7/2003 |          :      :    *  |       :      :          | -0.0286187773
  19  8/2003 |          :      :       | *     :      :          |  0.0204100046
  20  9/2003 |          :   *  :       |       :      :          | -0.1197394750
  21 10/2003 |          :      :       |       *      :          |  0.0920481694
  22 11/2003 |          :      :       *       :      :          | -0.0003069672
  23 12/2003 +          :      :       | *     :      :          +  0.0214284938
  24  1/2004 |          :      :       |    *  :      :          |  0.0520560696
  25  2/2004 |          :      :      *|       :      :          | -0.0126546296
  26  3/2004 |          :      :       |   *   :      :          |  0.0484372249
  27  4/2004 |          :      :     * |       :      :          | -0.0190498200
  28  5/2004 |          :      :       |       *      :          |  0.0895565702
  29  6/2004 |          :      *       |       :      :          | -0.0900468668
  30  7/2004 |          :      :       |      *:      :          |  0.0811852411
  31  8/2004 |          :      :       |      *:      :          |  0.0747998299
  32  9/2004 |          :      :      *|       :      :          | -0.0078583065
  33 10/2004 |          :      :       |       :   *  :          |  0.1328131626
  34 11/2004 |          : *    :       |       :      :          | -0.1390881922
  35 12/2004 +          :      *       |       :      :          + -0.0899602484
  36  1/2005 |          :      :       |       : *    :          |  0.1075248353
  37  2/2005 |          :      :       *       :      :          | -0.0004939106
  38  3/2005 |          :      :       |       : *    :          |  0.1110870354
  39  4/2005 |          :      : *     |       :      :          | -0.0627094440
  40  5/2005 |          :      :  *    |       :      :          | -0.0593632667
  41  6/2005 |          :      :       |       :   *  :          |  0.1367939311
  42  7/2005 |          :      :       *       :      :          |  0.0037434417
  43  8/2005 |          :      :       |       *      :          |  0.0841259613
  44  9/2005 |          :      :     * |       :      :          | -0.0233285693
  45 10/2005 |          :      : *     |       :      :          | -0.0617444447
  46 11/2005 |          :      :  *    |       :      :          | -0.0558315615
  47 12/2005 +          :      :       |  *    :      :          +  0.0369148830
  48  1/2006 |          :      :       |       *      :          |  0.0894479160
  49  2/2006 |          :     *:       |       :      :          | -0.0956438968
  50  3/2006 |          :      :       |  *    :      :          |  0.0339566761
  51  4/2006 |          :      :       |       :*     :          |  0.0967165441
  52  5/2006 |          :      :     * |       :      :          | -0.0177079003
  53  6/2006 |          :      :      *|       :      :          | -0.0110264992
  54  7/2006 |          :      :       |   *   :      :          |  0.0445874328
  55  8/2006 |          :      :    *  |       :      :          | -0.0369503158
  56  9/2006 |          :  *   :       |       :      :          | -0.1320448146
  57 10/2006 |          :      :   *   |       :      :          | -0.0455475895
  58 11/2006 |          :      :       |  *    :      :          |  0.0310251616
  59 12/2006 +          :      :       |  *    :      :          +  0.0365601797
  60  1/2007 |          : *    :       |       :      :          | -0.1443134864
  61  2/2007 |          :      :       |       : *    :          |  0.1149786113
  62  3/2007 |          :      :       *       :      :          | -0.0037297591
  63  4/2007 |          :      :       |   *   :      :          |  0.0470479523
  64  5/2007 |          :      :    *  |       :      :          | -0.0305116772
  65  6/2007 |          :      :       |    *  :      :          |  0.0594085959
  66  7/2007 |          :      :       |      *:      :          |  0.0730136297
  67  8/2007 |          :      :  *    |       :      :          | -0.0554504767
  68  9/2007 |          :      :       |       :*     :          |  0.1022275492
  69 10/2007 |          :      :       |   *   :      :          |  0.0411128861
  70 11/2007 |          :      :       |     * :      :          |  0.0660568155
  71 12/2007 +          :      : *     |       :      :          + -0.0671439916
  72  1/2008 |          :      :       | *     :      :          |  0.0169521686
  73  2/2008 |          :      :       |*      :      :          |  0.0153635278
  74  3/2008 |          :      :       |       *      :          |  0.0922125431
  75  4/2008 |          :      :       |  *    :      :          |  0.0301060003
  76  5/2008 |          :      :       |       *      :          |  0.0842471971
  77  6/2008 |          :      :       | *     :      :          |  0.0276243678
  78  7/2008 |          :      :    *  |       :      :          | -0.0291505180
  79  8/2008 |          : *    :       |       :      :          | -0.1380262674
  80  9/2008 |          :      :*      |       :      :          | -0.0761323518
  81 10/2008>|*         :      :       |       :      :          |>-0.2753606503
  82 11/2008>|      *   :      :       |       :      :          |>-0.2038724740
  83 12/2008>+  *       :      :       |       :      :          +>-0.2528887939
  84  1/2009 |          :      :       |       : *    :          |  0.1150312278
  85  2/2009 |          :      :*      |       :      :          | -0.0720150630
  86  3/2009>|          :      :       |       :      :    *     |> 0.2174246158
  87  4/2009 |          :      :     * |       :      :          | -0.0201907256
  88  5/2009 |          :      :       |       :     *:          |  0.1584519337
  89  6/2009 |          :      :       |       : *    :          |  0.1110540583
  90  7/2009 |          :  *   :       |       :      :          | -0.1345627969
  91  8/2009 |          :      :       |       :  *   :          |  0.1253763845
  92  9/2009 |          :      :  *    |       :      :          | -0.0573296485
  93 10/2009 |          :      :       |       *      :          |  0.0918842223
  94 11/2009 |          :      :       *       :      :          |  0.0004416193
  95 12/2009 +          :      : *     |       :      :          + -0.0631537371
  96  1/2010 |          :      :       |     * :      :          |  0.0615418849
  97  2/2010 |          :      :   *   |       :      :          | -0.0431271288
  98  3/2010 |          :      :       |     * :      :          |  0.0619790160
  99  4/2010 |          :      :       | *     :      :          |  0.0191506250
 100  5/2010 |          :*     :       |       :      :          | -0.1501843733
 101  6/2010 |          :      :       |    *  :      :          |  0.0557355249
 102  7/2010 |          :      :       *       :      :          |  0.0049850817
 103  8/2010 |          :      :       *       :      :          | -0.0014221914
 104  9/2010 |          :      :     * |       :      :          | -0.0236268538
 105 10/2010 |          :      :       |       *      :          |  0.0855271592
 106 11/2010 |          :      :       *       :      :          | -0.0011962832
 107 12/2010 +          :      :       |   *   :      :          +  0.0440204413
 108  1/2011 |          :      :     * |       :      :          | -0.0179531554
 109  2/2011 |          :      :       *       :      :          | -0.0043131098
 110  3/2011 |          :      :       |       :   *  :          |  0.1334969856
 111  4/2011 |          :      :       | *     :      :          |  0.0209547533
 112  5/2011 |          :    * :       |       :      :          | -0.1068703485
 113  6/2011 |          :      :    *  |       :      :          | -0.0297609288
 114  7/2011 |          :      :       | *     :      :          |  0.0202233848
 115  8/2011 |          :   *  :       |       :      :          | -0.1228250284
 116  9/2011 |          :      :       | *     :      :          |  0.0203103645
 117 10/2011 |          :      :       |*      :      :          |  0.0076963220
 118 11/2011 |          :      :       |       : *    :          |  0.1097425493
 119 12/2011 +          :      :     * |       :      :          + -0.0263252569
 120  1/2012 |          :      :       |*      :      :          |  0.0073164064
 121  2/2012 |          :      :       |*      :      :          |  0.0114179603
 122  3/2012 |          :      :       |  *    :      :          |  0.0277274552
 123  4/2012 |          :      :   *   |       :      :          | -0.0443650501
 124  5/2012 |          :      *       |       :      :          | -0.0825392241
 125  6/2012 |          :    * :       |       :      :          | -0.1153167711
 126  7/2012 |          :      :       |       :*     :          |  0.1014641004
 127  8/2012 |          :      :       |   *   :      :          |  0.0482339268
 128  9/2012 |          :      :     * |       :      :          | -0.0203766438
 129 10/2012 |          :      :  *    |       :      :          | -0.0597407261
 130 11/2012 |          :      :     * |       :      :          | -0.0218290983
 131 12/2012 +          :      :       | *     :      :          +  0.0256339609
 132  1/2013 |          :      :       |    *  :      :          |  0.0606241591
 133  2/2013 |          :      :      *|       :      :          | -0.0154045655
 134  3/2013 |          :      :    *  |       :      :          | -0.0290986184
 135  4/2013 |          :      :      *|       :      :          | -0.0092766094
 136  5/2013 |          :      :       |  *    :      :          |  0.0321168349
 137  6/2013 |          :      :       *       :      :          | -0.0002801720
 138  7/2013 |          :      :       |      *:      :          |  0.0804936488
 139  8/2013 |          :      :      *|       :      :          | -0.0096679993
 140  9/2013 |          :      :      *|       :      :          | -0.0126104076
 141 10/2013 |          :      :  *    |       :      :          | -0.0571143716
 142 11/2013 |          :      :  *    |       :      :          | -0.0543130041
 143 12/2013 +          :      :       |    *  :      :          +  0.0558669340
 144  1/2014 |          :      :   *   |       :      :          | -0.0474900941
 145  2/2014 |          :      :       |     * :      :          |  0.0711475288
 146  3/2014 |          :      :     * |       :      :          | -0.0243040538
 147  4/2014 |          :      :       |*      :      :          |  0.0102076431
 148  5/2014 |          :      :       *       :      :          | -0.0038146217
 149  6/2014 |          :      :       |  *    :      :          |  0.0324147893
 150  7/2014 |          :      :    *  |       :      :          | -0.0332840711
 151  8/2014 |          :      : *     |       :      :          | -0.0673485380
 152  9/2014 |          :      :     * |       :      :          | -0.0194099518
 153 10/2014 |          :      *       |       :      :          | -0.0899140664
 154 11/2014 |          :      :*      |       :      :          | -0.0823845877
 155 12/2014>+     *    :      :       |       :      :          +>-0.2165521710
 156  1/2015 |          :*     :       |       :      :          | -0.1596018671
 157  2/2015 |          :      :       |       :   *  :          |  0.1372159699
 158  3/2015 |          :      *       |       :      :          | -0.0829090166
 159  4/2015 |          :      :       |       :    * :          |  0.1413801386
 160  5/2015 |          :      :       |   *   :      :          |  0.0448055667
 161  6/2015 |          :      :     * |       :      :          | -0.0193374467
 162  7/2015>|          *      :       |       :      :          |>-0.1660390645
 163  8/2015 |          :  *   :       |       :      :          | -0.1274557012
 164  9/2015 |          :      :       |       : *    :          |  0.1049932981
 165 10/2015 |          :      :       *       :      :          | -0.0011984991
 166 11/2015 |          :      *       |       :      :          | -0.0934127277
 167 12/2015 +          :    * :       |       :      :          + -0.1092334984
 168  1/2016 |          :   *  :       |       :      :          | -0.1262512084
 169  2/2016 |          :      :       *       :      :          |  0.0049362229
 170  3/2016>|          :      :       |       :      :    *     |> 0.2236284622
 171  4/2016 |          :      :       |*      :      :          |  0.0157334636
 172  5/2016 |          :      :       |       : *    :          |  0.1106470808
 173  6/2016 |          :      :       *       :      :          | -0.0022004347
 174  7/2016 |          :     *:       |       :      :          | -0.1044789203
 175  8/2016 |          :      :       | *     :      :          |  0.0244986964
 176  9/2016 |          :      :       |*      :      :          |  0.0065047668
 177 10/2016 |          :      :       |       *      :          |  0.0918874464
 178 11/2016 |          :   *  :       |       :      :          | -0.1172593102
 179 12/2016 +          :      :       |       :     *:          +  0.1507663938
 180  1/2017 |          :      :    *  |       :      :          | -0.0313246804
 181  2/2017 |          :      :       |*      :      :          |  0.0107534751
 182  3/2017 |          :      *       |       :      :          | -0.0872257920
 183  4/2017 |          :      :       |    *  :      :          |  0.0531309932
 184  5/2017 |          :      : *     |       :      :          | -0.0643932955
 185  6/2017 |          :      :  *    |       :      :          | -0.0579958345
 186  7/2017 |          :      :       |   *   :      :          |  0.0488649602
 187  8/2017 |          :      :       | *     :      :          |  0.0182098455
 188  9/2017 |          :      :       | *     :      :          |  0.0225991277
 189 10/2017 |          :      :       | *     :      :          |  0.0213311041
 190 11/2017 |          :      :       |      *:      :          |  0.0797754433
 191 12/2017 +          :      :      *|       :      :          + -0.0097025788
 192  1/2018 |          :      :       |       *      :          |  0.0849622527
 193  2/2018 |          :      :  *    |       :      :          | -0.0568147668
 194  3/2018 |          :      :       |*      :      :          |  0.0148170640
 195  4/2018 |          :      :       |   *   :      :          |  0.0439139335
 196  5/2018 |          :      :       |  *    :      :          |  0.0356539413
 197  6/2018 |          :      :  *    |       :      :          | -0.0526179685
 198  7/2018 |          :      :       |    *  :      :          |  0.0506890413
 199  8/2018 |          :      :  *    |       :      :          | -0.0600390819
 200  9/2018 |          :      :       |  *    :      :          |  0.0383901727
 201 10/2018 |          :      :       *       :      :          | -0.0039549912
 202 11/2018>|     *    :      :       |       :      :          |>-0.2228673372
 203 12/2018 +          :      :*      |       :      :          + -0.0793012322
 204  1/2019 |          :      :       |      *:      :          |  0.0753300762
 205  2/2019 |          :      :       |    *  :      :          |  0.0542965545
 206  3/2019 |          :      :       |  *    :      :          |  0.0366906638
 207  4/2019 |          :      :       |     * :      :          |  0.0712184594
 208  5/2019 |          :      :*      |       :      :          | -0.0805213207
 209  6/2019 |          :     *:       |       :      :          | -0.0959932215
 210  7/2019 |          :      :       |      *:      :          |  0.0732993228
 211  8/2019 |          :      : *     |       :      :          | -0.0631059956
 212  9/2019 |          :      :       |   *   :      :          |  0.0464755802
 213 10/2019 |          :      : *     |       :      :          | -0.0658185182
 214 11/2019 |          :      :       |     * :      :          |  0.0683287975
 215 12/2019 +          :      :       |  *    :      :          +  0.0288049167
-------------+--+-------+------+-------+-------+------+-------+--+--------------
               -3      -2     -1       0      +1     +2      +3   

                 +------------------------------------------+
                 |       Table of standardized values       |
                 |       greater than or equal to 2.0       |
                 +------------------------------------------+
                 |                                          |
                 | Observation    Date   Standardized value |
                 |                                          |
                 |     81       10/2008        -3.32        |
                 |     82       11/2008        -2.46        |
                 |     83       12/2008        -3.05        |
                 |     86        3/2009         2.62        |
                 |    155       12/2014        -2.61        |
                 |    162        7/2015        -2.00        |
                 |    170        3/2016         2.70        |
                 |    202       11/2018        -2.69        |
                 +------------------------------------------+

Standardized time series histogram:

       -4      -3      -2      -1       0      +1      +2      +3      +4
        +---+---+---+---+---+---+---+---+---+---+---+---+---+---+---+---+
        |                                 43                            |
        |                             39 ....                            |
        |                            ........ 35                         |
        |                            ............                        |
        |                         31 ............                        |
        |                        ................                        |
        |                        ................                        |
        |                        ................ 22                     |
        |                        ....................                    |
        |                     17 ....................                    |
        |                    ........................                    |
        |                    ........................                    |
        |                 10 ........................10                  |
        |                ................................                |
        |                ................................                |
        |      2  2  2   ................................   2            |
        |    ............................................    ....        |
        +---+---+---+---+---+---+---+---+---+---+---+---+---+---+---+---+
       -4      -3      -2      -1       0      +1      +2      +3      +4

              67 values outside (-1,+1): 31.16 % (31.74 % expected)
               8 values outside (-2,+2):  3.72 % ( 4.56 % expected)

Autocorrelation function (acf bands =  0.136):

            -1                         0                         1  L-B Q  DF
-------------+-------------------------+-------------------------+--------------
   1  -0.007 |                      :  |  :                      | 
   2   0.080 |                      :  |**:                      | 
   3  -0.105 |                      ***|  :                      | 
   4  -0.064 |                      :**|  :                      | 
   5   0.052 |                      :  |* :                      | 
   6  -0.114 |                      ***|  :                      | 
   7  -0.020 |                      :  |  :                      | 
   8  -0.125 |                      ***|  :                      | 
   9  -0.041 |                      : *|  :                      | 
  10   0.053 |                      :  |* :                      | 
  11   0.059 |                      :  |* :                      | 
  12   0.027 +                      :  |+ :                      +  13.84  12
  13  -0.051 |                      : *|  :                      | 
  14  -0.057 |                      : *|  :                      | 
  15   0.029 |                      :  |* :                      | 
  16  -0.059 |                      : *|  :                      | 
  17  -0.008 |                      :  |  :                      | 
  18  -0.043 |                      : *|  :                      | 
  19   0.033 |                      :  |* :                      | 
  20   0.051 |                      :  |* :                      | 
  21   0.034 |                      :  |* :                      | 
  22   0.038 |                      :  |* :                      | 
  23  -0.045 |                      : *|  :                      | 
  24  -0.080 +                      :++|  :                      +  20.20  24
  25   0.134 |                      :  |***                      | 
  26  -0.011 |                      :  |  :                      | 
  27   0.026 |                      :  |* :                      | 
  28  -0.055 |                      : *|  :                      | 
  29  -0.046 |                      : *|  :                      | 
  30   0.054 |                      :  |* :                      | 
  31  -0.008 |                      :  |  :                      | 
  32  -0.042 |                      : *|  :                      | 
  33   0.023 |                      :  |* :                      | 
  34   0.036 |                      :  |* :                      | 
  35   0.053 |                      :  |* :                      | 
  36  -0.053 +                      : +|  :                      +  29.23  36
  37  -0.015 |                      :  |  :                      | 
  38  -0.014 |                      :  |  :                      | 
  39  -0.056 |                      : *|  :                      | 
  40   0.058 |                      :  |* :                      | 
  41   0.028 |                      :  |* :                      | 
  42   0.033 |                      :  |* :                      |  31.53  42
-------------+-------------------------+-------------------------+--------------
            -1                         0                         1  L-B Q  DF

Partial autocorrelation function (pacf bands =  0.136):

            -1                         0                         1
-------------+-------------------------+-------------------------+--------------
   1  -0.007 |                      :  |  :                      | 
   2   0.080 |                      :  |**:                      | 
   3  -0.105 |                      ***|  :                      | 
   4  -0.072 |                      :**|  :                      | 
   5   0.070 |                      :  |**:                      | 
   6  -0.116 |                      ***|  :                      | 
   7  -0.046 |                      : *|  :                      | 
   8  -0.100 |                      ***|  :                      | 
   9  -0.057 |                      : *|  :                      | 
  10   0.047 |                      :  |* :                      | 
  11   0.053 |                      :  |* :                      | 
  12  -0.016 +                      :  |  :                      + 
  13  -0.051 |                      : *|  :                      | 
  14  -0.064 |                      :**|  :                      | 
  15   0.023 |                      :  |* :                      | 
  16  -0.074 |                      :**|  :                      | 
  17  -0.033 |                      : *|  :                      | 
  18  -0.018 |                      :  |  :                      | 
  19   0.038 |                      :  |* :                      | 
  20   0.031 |                      :  |* :                      | 
  21   0.014 |                      :  |  :                      | 
  22   0.002 |                      :  |  :                      | 
  23  -0.039 |                      : *|  :                      | 
  24  -0.093 +                      :++|  :                      + 
  25   0.155 |                      :  |****                     | 
  26  -0.001 |                      :  |  :                      | 
  27  -0.009 |                      :  |  :                      | 
  28  -0.005 |                      :  |  :                      | 
  29  -0.028 |                      : *|  :                      | 
  30   0.018 |                      :  |  :                      | 
  31   0.006 |                      :  |  :                      | 
  32  -0.098 |                      :**|  :                      | 
  33   0.073 |                      :  |**:                      | 
  34   0.083 |                      :  |**:                      | 
  35   0.032 |                      :  |* :                      | 
  36  -0.081 +                      :++|  :                      + 
  37  -0.027 |                      : *|  :                      | 
  38   0.012 |                      :  |  :                      | 
  39  -0.038 |                      : *|  :                      | 
  40   0.026 |                      :  |* :                      | 
  41   0.068 |                      :  |**:                      | 
  42   0.021 |                      :  |* :                      | 
-------------+-------------------------+-------------------------+--------------
            -1                         0                         1


--- Residual series a[2] (IPC_FR) ---
Unconditional residuals (seasonal period: 12)
215 observations: from 2/2002 to 12/2019

                  Mean:          -0.000001
Standard error of mean:           0.000125
              Variance:           0.000003
    Standard deviation:           0.001828
              Skewness:           0.143861
              Kurtosis:           0.055095
               Minimum:          -0.004931 at  1/2016 (observation 168)
               Maximum:           0.005041 at 11/2007 (observation  70)

Standardized time series plot (original values on right-side column):

                    -2       -1        0       +1       +2        
-------------+-------+--------+--------+--------+--------+-------+--------------
   1  2/2002 |       :      * :        |        :        :       | -0.0023178009
   2  3/2002 |       : *      :        |        :        :       | -0.0031849204
   3  4/2002 |       :        :        *        :        :       | -0.0000903657
   4  5/2002 |       :        :   *    |        :        :       | -0.0011094499
   5  6/2002 |       :        :  *     |        :        :       | -0.0012380498
   6  7/2002>|       :        :        |        :        *       |> 0.0036703071
   7  8/2002 |       :       *:        |        :        :       | -0.0019194143
   8  9/2002 |       :        :        |        :  *     :       |  0.0024651016
   9 10/2002 |       :        :        |    *   :        :       |  0.0009225831
  10 11/2002 |       :        :        |  *     :        :       |  0.0005714075
  11 12/2002 +       :        :        |*       :        :       +  0.0002101945
  12  1/2003>|       :        :        |        :        :      *|> 0.0049466978
  13  2/2003 |       :        :        |        :     *  :       |  0.0029488684
  14  3/2003 |       :   *    :        |        :        :       | -0.0028839566
  15  4/2003 |       :  *     :        |        :        :       | -0.0030387062
  16  5/2003 |       :        *        |        :        :       | -0.0018434221
  17  6/2003 |       :        :        |   *    :        :       |  0.0007509933
  18  7/2003 |       :        :        |      * :        :       |  0.0013942469
  19  8/2003 |       :        : *      |        :        :       | -0.0014348852
  20  9/2003>|       :        :        |        :        :    *  |> 0.0046583883
  21 10/2003 |       :        :        |        :      * :       |  0.0032611638
  22 11/2003 |       :        :        |   *    :        :       |  0.0008415455
  23 12/2003 +       :        : *      |        :        :       + -0.0013774956
  24  1/2004 |       :        :        |        :        *       |  0.0036228167
  25  2/2004 |       :        :        | *      :        :       |  0.0004989582
  26  3/2004 |       :    *   :        |        :        :       | -0.0025391260
  27  4/2004 |       :        :       *|        :        :       | -0.0002388586
  28  5/2004 |       :        :        |        :*       :       |  0.0019955304
  29  6/2004 |       :        :   *    |        :        :       | -0.0010561916
  30  7/2004 |       :        :        |        :*       :       |  0.0019383677
  31  8/2004 |       :      * :        |        :        :       | -0.0022810205
  32  9/2004 |       :        :        |    *   :        :       |  0.0010218380
  33 10/2004 |       :        :        |        :*       :       |  0.0019549743
  34 11/2004 |       :        :      * |        :        :       | -0.0004629406
  35 12/2004 +       :        :       *|        :        :       + -0.0002052200
  36  1/2005 |       :        :     *  |        :        :       | -0.0005437156
  37  2/2005 |       :        :        |      * :        :       |  0.0014806936
  38  3/2005 |       :        :        *        :        :       |  0.0000657698
  39  4/2005 |       :        :  *     |        :        :       | -0.0011560453
  40  5/2005 |       :        :    *   |        :        :       | -0.0008996288
  41  6/2005 |       :        :        |   *    :        :       |  0.0008223107
  42  7/2005 |       :        :        | *      :        :       |  0.0003721819
  43  8/2005 |       :        :       *|        :        :       | -0.0003030810
  44  9/2005>|       :        :        |        :        : *     |> 0.0041294074
  45 10/2005 |       :        :       *|        :        :       | -0.0002721501
  46 11/2005 |       :        :*       |        :        :       | -0.0015800841
  47 12/2005 +       :        :    *   |        :        :       + -0.0007079304
  48  1/2006 |       :        :        |        :   *    :       |  0.0025975640
  49  2/2006 |       :        :       *|        :        :       | -0.0002821251
  50  3/2006 |       :   *    :        |        :        :       | -0.0028148915
  51  4/2006 |       :        :        |        *        :       |  0.0017160806
  52  5/2006 |       :        :        |        *        :       |  0.0017920989
  53  6/2006 |       :        :     *  |        :        :       | -0.0005947489
  54  7/2006 |       :        :        |     *  :        :       |  0.0011187947
  55  8/2006 |       :        :    *   |        :        :       | -0.0008562217
  56  9/2006 |       :        :    *   |        :        :       | -0.0008855961
  57 10/2006 |       :        *        |        :        :       | -0.0017598924
  58 11/2006 |       :        :        |       *:        :       |  0.0015736205
  59 12/2006 +       :        :        |*       :        :       +  0.0001160876
  60  1/2007 |       :        :        *        :        :       |  0.0000136348
  61  2/2007 |       :        :      * |        :        :       | -0.0003417333
  62  3/2007 |       :  *     :        |        :        :       | -0.0030191253
  63  4/2007 |       :        :        |        :   *    :       |  0.0025396731
  64  5/2007 |       :        :        |  *     :        :       |  0.0005346861
  65  6/2007 |       :        :        |  *     :        :       |  0.0006105642
  66  7/2007 |       :        :       *|        :        :       | -0.0002152947
  67  8/2007 |       :        :     *  |        :        :       | -0.0006820827
  68  9/2007 |       :        :        |        :   *    :       |  0.0025843725
  69 10/2007 |       :        :        |     *  :        :       |  0.0011820928
  70 11/2007>|       :        :        |        :        :      *|> 0.0050407740
  71 12/2007 +       :        :        |     *  :        :       +  0.0012921948
  72  1/2008 |       :        :        |        :     *  :       |  0.0030729528
  73  2/2008 |       :        :   *    |        :        :       | -0.0010784613
  74  3/2008 |       :        :        |    *   :        :       |  0.0009636677
  75  4/2008 |       :        :        |   *    :        :       |  0.0007162170
  76  5/2008 |       :        :        |        :      * :       |  0.0031771509
  77  6/2008 |       :        :        |        : *      :       |  0.0023106902
  78  7/2008 |       :        :        | *      :        :       |  0.0003582699
  79  8/2008>|     * :        :        |        :        :       |>-0.0039924098
  80  9/2008 |       :        :        |     *  :        :       |  0.0012346330
  81 10/2008 |       :        :        *        :        :       | -0.0000477281
  82 11/2008 |       :        *        |        :        :       | -0.0018753927
  83 12/2008 +       :    *   :        |        :        :       + -0.0025870528
  84  1/2009 |       :        :        |        : *      :       |  0.0022470640
  85  2/2009 |       :        :        *        :        :       |  0.0000715005
  86  3/2009 |       *        :        |        :        :       | -0.0035333340
  87  4/2009 |       :   *    :        |        :        :       | -0.0028075934
  88  5/2009 |       :        :     *  |        :        :       | -0.0006708100
  89  6/2009 |       :        :  *     |        :        :       | -0.0012237771
  90  7/2009 |       : *      :        |        :        :       | -0.0032861437
  91  8/2009 |       :        :        |        *        :       |  0.0019064134
  92  9/2009 |       :      * :        |        :        :       | -0.0021269883
  93 10/2009 |       :        :        |*       :        :       |  0.0002831472
  94 11/2009 |       :        :        |  *     :        :       |  0.0005997289
  95 12/2009 +       :        :        | *      :        :       +  0.0003200695
  96  1/2010 |       :        :        |        :*       :       |  0.0019792349
  97  2/2010 |       :        :        |        *        :       |  0.0017852483
  98  3/2010 |       :        :     *  |        :        :       | -0.0005566630
  99  4/2010 |       :        :        *        :        :       | -0.0000324011
 100  5/2010 |       :        :    *   |        :        :       | -0.0008867138
 101  6/2010 |       :        :        | *      :        :       |  0.0003339662
 102  7/2010 |       :        :      * |        :        :       | -0.0004889738
 103  8/2010 |       :        :*       |        :        :       | -0.0015962718
 104  9/2010 |       :        :        |*       :        :       |  0.0001176992
 105 10/2010 |       :        :        |   *    :        :       |  0.0007930653
 106 11/2010 |       :        :        | *      :        :       |  0.0004292701
 107 12/2010 +       :        :        |        : *      :       +  0.0021710709
 108  1/2011 |       :        :        |    *   :        :       |  0.0009553376
 109  2/2011 |       :        :        |      * :        :       |  0.0014272404
 110  3/2011 |       :        :        |        :  *     :       |  0.0024149255
 111  4/2011 |       :        :        |  *     :        :       |  0.0005818151
 112  5/2011 |       :        :*       |        :        :       | -0.0016588515
 113  6/2011 |       :        :        |  *     :        :       |  0.0006611656
 114  7/2011 |       :        : *      |        :        :       | -0.0013332490
 115  8/2011 |       :        :        |    *   :        :       |  0.0011071389
 116  9/2011 |       :        :        |        *        :       |  0.0017194623
 117 10/2011 |       :        :        |        *        :       |  0.0017728571
 118 11/2011 |       :        :        |        :    *   :       |  0.0029058446
 119 12/2011 +       :        :        |    *   :        :       +  0.0010206179
 120  1/2012 |       :        :        |*       :        :       |  0.0001260827
 121  2/2012 |       :        :        |  *     :        :       |  0.0005717368
 122  3/2012 |       :        :        |        :  *     :       |  0.0023876274
 123  4/2012 |       :        :      * |        :        :       | -0.0004830860
 124  5/2012 |       :       *:        |        :        :       | -0.0020514058
 125  6/2012 |       :        :        *        :        :       |  0.0000329680
 126  7/2012 |       :        :     *  |        :        :       | -0.0005341819
 127  8/2012 |       :        :        |        :*       :       |  0.0020366398
 128  9/2012 |       :        :*       |        :        :       | -0.0016467918
 129 10/2012 |       :        :        |   *    :        :       |  0.0008258134
 130 11/2012 |       :        :    *   |        :        :       | -0.0008410520
 131 12/2012 +       :        :        |    *   :        :       +  0.0010310968
 132  1/2013 |       :        :*       |        :        :       | -0.0016648890
 133  2/2013 |       :        : *      |        :        :       | -0.0014170936
 134  3/2013 |       :        :        |       *:        :       |  0.0017005503
 135  4/2013 |       :   *    :        |        :        :       | -0.0027928412
 136  5/2013 |       :        : *      |        :        :       | -0.0015034554
 137  6/2013 |       :        :        | *      :        :       |  0.0003581642
 138  7/2013 |       :        :      * |        :        :       | -0.0004949094
 139  8/2013 |       :        :        *        :        :       |  0.0000525293
 140  9/2013 |       :        : *      |        :        :       | -0.0013353134
 141 10/2013 |       :      * :        |        :        :       | -0.0022032497
 142 11/2013 |       :        :       *|        :        :       | -0.0001859620
 143 12/2013 +       :        :        |        *        :       +  0.0018266123
 144  1/2014 |       :     *  :        |        :        :       | -0.0024286473
 145  2/2014 |       :        :        |        : *      :       |  0.0021903540
 146  3/2014 |       :        : *      |        :        :       | -0.0014879802
 147  4/2014 |       :     *  :        |        :        :       | -0.0023460440
 148  5/2014 |       :       *:        |        :        :       | -0.0019693136
 149  6/2014 |       :        : *      |        :        :       | -0.0014368643
 150  7/2014 |       :        :  *     |        :        :       | -0.0012240080
 151  8/2014 |       :        :        |   *    :        :       |  0.0008804110
 152  9/2014 |       :       *:        |        :        :       | -0.0019929095
 153 10/2014 |       :        :      * |        :        :       | -0.0004970779
 154 11/2014 |       :        :    *   |        :        :       | -0.0008310019
 155 12/2014 +       :        :     *  |        :        :       + -0.0005865659
 156  1/2015>|   *   :        :        |        :        :       |>-0.0044333973
 157  2/2015>|       :        :        |        :        :    *  |> 0.0045914764
 158  3/2015 |       :        :        |  *     :        :       |  0.0006225426
 159  4/2015 |       :        :        *        :        :       | -0.0000115769
 160  5/2015 |       :        :     *  |        :        :       | -0.0007034173
 161  6/2015 |       :     *  :        |        :        :       | -0.0023392454
 162  7/2015 |       :       *:        |        :        :       | -0.0019316333
 163  8/2015 |       :        :        |    *   :        :       |  0.0009249413
 164  9/2015 |       :        : *      |        :        :       | -0.0013744085
 165 10/2015 |       :        :  *     |        :        :       | -0.0011476733
 166 11/2015 |       :       *:        |        :        :       | -0.0021168134
 167 12/2015 +       :        :        |  *     :        :       +  0.0005665015
 168  1/2016>| *     :        :        |        :        :       |>-0.0049306815
 169  2/2016 |       :        :       *|        :        :       | -0.0001245961
 170  3/2016 |       :        :        |       *:        :       |  0.0015370921
 171  4/2016 |       :  *     :        |        :        :       | -0.0029946681
 172  5/2016 |       :        :        |      * :        :       |  0.0014108066
 173  6/2016 |       :        :     *  |        :        :       | -0.0005055872
 174  7/2016 |       :        :*       |        :        :       | -0.0016604351
 175  8/2016 |       :        :        | *      :        :       |  0.0003479151
 176  9/2016 |       :        : *      |        :        :       | -0.0014555767
 177 10/2016 |       :        :    *   |        :        :       | -0.0007420810
 178 11/2016 |       :        :  *     |        :        :       | -0.0012552112
 179 12/2016 +       :        :        |       *:        :       +  0.0016095091
 180  1/2017 |       :        :       *|        :        :       | -0.0001841701
 181  2/2017 |       :       *:        |        :        :       | -0.0020518328
 182  3/2017 |       :        :        |*       :        :       |  0.0002206421
 183  4/2017 |       :        :        *        :        :       |  0.0000089229
 184  5/2017 |       :        :*       |        :        :       | -0.0016957814
 185  6/2017 |       :        :      * |        :        :       | -0.0003794096
 186  7/2017 |       :        :      * |        :        :       | -0.0004244068
 187  8/2017 |       :        :        |    *   :        :       |  0.0010920369
 188  9/2017 |       :        :     *  |        :        :       | -0.0006704156
 189 10/2017 |       :        :       *|        :        :       | -0.0002004079
 190 11/2017 |       :        :        |  *     :        :       |  0.0006237926
 191 12/2017 +       :        :        |*       :        :       +  0.0001916079
 192  1/2018 |       :        :        |        : *      :       |  0.0022413156
 193  2/2018>|    *  :        :        |        :        :       |>-0.0041527871
 194  3/2018>|       :        :        |        :        :  *    |> 0.0042074924
 195  4/2018 |       :        :        | *      :        :       |  0.0004628569
 196  5/2018 |       :        :        |        :*       :       |  0.0020129815
 197  6/2018 |       :        :    *   |        :        :       | -0.0008848648
 198  7/2018 |       :        :        |       *:        :       |  0.0017016762
 199  8/2018 |       :        :        |    *   :        :       |  0.0010726816
 200  9/2018 |       :        :     *  |        :        :       | -0.0005938832
 201 10/2018 |       :        :       *|        :        :       | -0.0001683829
 202 11/2018 |       :      * :        |        :        :       | -0.0022258645
 203 12/2018 +       :        :       *|        :        :       + -0.0001527320
 204  1/2019 |       :        :       *|        :        :       | -0.0001234067
 205  2/2019 |       : *      :        |        :        :       | -0.0032781560
 206  3/2019 |       :        :        |      * :        :       |  0.0014388933
 207  4/2019 |       :        :        |     *  :        :       |  0.0012294887
 208  5/2019 |       :        : *      |        :        :       | -0.0013624968
 209  6/2019 |       :        :        |        :*       :       |  0.0019652634
 210  7/2019 |       :        :        |       *:        :       |  0.0016964531
 211  8/2019 |       :        :        |  *     :        :       |  0.0006694203
 212  9/2019 |       :       *:        |        :        :       | -0.0019300495
 213 10/2019 |       :        *        |        :        :       | -0.0018747392
 214 11/2019 |       :        :        |   *    :        :       |  0.0008526624
 215 12/2019 +       :        :        |        *        :       +  0.0017775268
-------------+-------+--------+--------+--------+--------+-------+--------------
                    -2       -1        0       +1       +2        

                 +------------------------------------------+
                 |       Table of standardized values       |
                 |       greater than or equal to 2.0       |
                 +------------------------------------------+
                 |                                          |
                 | Observation    Date   Standardized value |
                 |                                          |
                 |      6        7/2002         2.01        |
                 |     12        1/2003         2.71        |
                 |     20        9/2003         2.55        |
                 |     44        9/2005         2.26        |
                 |     70       11/2007         2.76        |
                 |     79        8/2008        -2.18        |
                 |    156        1/2015        -2.43        |
                 |    157        2/2015         2.51        |
                 |    168        1/2016        -2.70        |
                 |    193        2/2018        -2.27        |
                 |    194        3/2018         2.30        |
                 +------------------------------------------+

Standardized time series histogram:

       -4      -3      -2      -1       0      +1      +2      +3      +4
        +---+---+---+---+---+---+---+---+---+---+---+---+---+---+---+---+
        |                             45                                |
        |                            .... 41                             |
        |                            ........                            |
        |                            ........                            |
        |                            ........ 33                         |
        |                            ............                        |
        |                         28 ............                        |
        |                        ................                        |
        |                     21 ................                        |
        |                    .................... 19                     |
        |                    ........................                    |
        |                    ........................                    |
        |                 11 ........................                    |
        |                ............................  6                 |
        |              3 ................................ 3  4           |
        |          1 ............................................        |
        |        ................................................        |
        +---+---+---+---+---+---+---+---+---+---+---+---+---+---+---+---+
       -4      -3      -2      -1       0      +1      +2      +3      +4

              68 values outside (-1,+1): 31.63 % (31.74 % expected)
              11 values outside (-2,+2):  5.12 % ( 4.56 % expected)

Autocorrelation function (acf bands =  0.136):

            -1                         0                         1  L-B Q  DF
-------------+-------------------------+-------------------------+--------------
   1  -0.015 |                      :  |  :                      | 
   2   0.022 |                      :  |* :                      | 
   3   0.085 |                      :  |**:                      | 
   4   0.115 |                      :  |***                      | 
   5  -0.014 |                      :  |  :                      | 
   6  -0.013 |                      :  |  :                      | 
   7   0.064 |                      :  |**:                      | 
   8   0.065 |                      :  |**:                      | 
   9   0.020 |                      :  |* :                      | 
  10  -0.045 |                      : *|  :                      | 
  11  -0.056 |                      : *|  :                      | 
  12   0.264 +                      :  |+++++++                  +  23.91  12
  13  -0.040 |                      : *|  :                      | 
  14  -0.030 |                      : *|  :                      | 
  15   0.025 |                      :  |* :                      | 
  16   0.032 |                      :  |* :                      | 
  17  -0.042 |                      : *|  :                      | 
  18  -0.127 |                      ***|  :                      | 
  19  -0.044 |                      : *|  :                      | 
  20   0.052 |                      :  |* :                      | 
  21   0.044 |                      :  |* :                      | 
  22  -0.014 |                      :  |  :                      | 
  23  -0.091 |                      :**|  :                      | 
  24   0.162 +                      :  |++++                     +  39.13  24
  25  -0.013 |                      :  |  :                      | 
  26  -0.016 |                      :  |  :                      | 
  27   0.021 |                      :  |* :                      | 
  28  -0.018 |                      :  |  :                      | 
  29  -0.059 |                      : *|  :                      | 
  30  -0.037 |                      : *|  :                      | 
  31  -0.024 |                      : *|  :                      | 
  32   0.028 |                      :  |* :                      | 
  33   0.033 |                      :  |* :                      | 
  34  -0.051 |                      : *|  :                      | 
  35  -0.024 |                      : *|  :                      | 
  36   0.062 +                      :  |++:                      +  43.08  36
  37   0.018 |                      :  |  :                      | 
  38  -0.019 |                      :  |  :                      | 
  39  -0.021 |                      : *|  :                      | 
  40   0.046 |                      :  |* :                      | 
  41   0.036 |                      :  |* :                      | 
  42  -0.029 |                      : *|  :                      |  44.52  42
-------------+-------------------------+-------------------------+--------------
            -1                         0                         1  L-B Q  DF

Partial autocorrelation function (pacf bands =  0.136):

            -1                         0                         1
-------------+-------------------------+-------------------------+--------------
   1  -0.015 |                      :  |  :                      | 
   2   0.022 |                      :  |* :                      | 
   3   0.086 |                      :  |**:                      | 
   4   0.118 |                      :  |***                      | 
   5  -0.013 |                      :  |  :                      | 
   6  -0.026 |                      : *|  :                      | 
   7   0.045 |                      :  |* :                      | 
   8   0.059 |                      :  |* :                      | 
   9   0.028 |                      :  |* :                      | 
  10  -0.053 |                      : *|  :                      | 
  11  -0.086 |                      :**|  :                      | 
  12   0.256 +                      :  |++++++                   + 
  13  -0.019 |                      :  |  :                      | 
  14  -0.030 |                      : *|  :                      | 
  15  -0.015 |                      :  |  :                      | 
  16  -0.026 |                      : *|  :                      | 
  17  -0.015 |                      :  |  :                      | 
  18  -0.115 |                      ***|  :                      | 
  19  -0.083 |                      :**|  :                      | 
  20   0.047 |                      :  |* :                      | 
  21   0.080 |                      :  |**:                      | 
  22   0.045 |                      :  |* :                      | 
  23  -0.082 |                      :**|  :                      | 
  24   0.073 +                      :  |++:                      + 
  25   0.026 |                      :  |* :                      | 
  26   0.026 |                      :  |* :                      | 
  27   0.005 |                      :  |  :                      | 
  28  -0.092 |                      :**|  :                      | 
  29  -0.072 |                      :**|  :                      | 
  30   0.041 |                      :  |* :                      | 
  31   0.012 |                      :  |  :                      | 
  32   0.013 |                      :  |  :                      | 
  33   0.007 |                      :  |  :                      | 
  34  -0.057 |                      : *|  :                      | 
  35   0.038 |                      :  |* :                      | 
  36  -0.014 +                      :  |  :                      + 
  37   0.015 |                      :  |  :                      | 
  38   0.004 |                      :  |  :                      | 
  39  -0.035 |                      : *|  :                      | 
  40   0.067 |                      :  |**:                      | 
  41   0.061 |                      :  |**:                      | 
  42  -0.017 |                      :  |  :                      | 
-------------+-------------------------+-------------------------+--------------
            -1                         0                         1


--- Cross-correlation functions between residuals ---

CROSS CORRELATION a[2] (IPC_FR) - a[1] (WTI)
      IPC_FR --> WTI IF k > 0
      WTI --> IPC_FR IF k < 0
CCF BANDS  2.0/SQRT(N) =  0.13640:

            -1                         0                         1
-------------+-------------------------+-------------------------+--------------
  -9   0.048 |                      :  |* :                      |                            
  -8   0.098 |                      :  |**:                      |                            
  -7   0.042 |                      :  |* :                      |                            
  -6   0.102 |                      :  |***                      |                            
  -5   0.075 |                      :  |**:                      |                            
  -4   0.035 |                      :  |* :                      |                            
  -3  -0.002 |                      :  |  :                      |                            
  -2   0.031 |                      :  |* :                      |                            
  -1  -0.012 |                      :  |  :                      |                            
   0   0.340 |                      :  |********                 |                            
   1  -0.033 |                      : *|  :                      |                            
   2  -0.055 |                      : *|  :                      |                            
   3   0.002 |                      :  |  :                      |                            
   4   0.012 |                      :  |  :                      |                            
   5  -0.093 |                      :**|  :                      |                            
   6   0.019 |                      :  |  :                      |                            
   7  -0.039 |                      : *|  :                      |                            
   8  -0.043 |                      : *|  :                      |                            
   9  -0.027 |                      : *|  :                      |                            
-------------+-------------------------+-------------------------+--------------
            -1                         0                         1
Q(10) = 28.926     k >= 0      Q( 9) =  3.861      k > 0
Q(10) = 32.251     k <= 0      Q( 9) =  7.187      k < 0

=============================================================
