Input Data File  : data/passthrough/WTI_IPC_ES_ext.inp
Output File      : data/passthrough/WTI_IPC_ES_ext.out
Model: VARMA(1,0)
Include mean     : yes
Diagonal AR      : yes
Diagonal MA      : no
Diagonal Cov     : yes
Estimation method: 1
Two-step init    : no
Frequency        : 12
Start            : 1 2002
Box-Cox lambda   : 0
Rescale factor   : 1
Differences      : d=1, D=0 (seasonal lag=12)
Deseasonalize    : harmonic (auto)
Series names     : WTI IPC_ES
Observations     : 262 (raw 263)

Number of parameters: 6

=============================================================
  OPTIMIZER STOPPED after 52 iterations
  Objective function = 0.003889774464
  Convergence criterion: last global step failed to locate a lower point
=============================================================



=============================================================
  Estimated Parameters and Standard Deviations               
=============================================================

                        Parameter     Estimate    Std.Error   t-stat  p-val
--------------------------------------------------------------------
mu[1]                   0.005356     0.007914    0.677 0.4985    
mu[2]                   0.001538     0.000224    6.871 0.0000 ***
phi[1]_11              0.296840     0.064633    4.593 0.0000 ***
phi[1]_12          (fixed 0.0)
phi[1]_21          (fixed 0.0)
phi[1]_22              0.387221     0.061049    6.343 0.0000 ***
cov[1,1]               1.142266     0.052976   21.562 0.0000 ***
cov[2,2]               0.001113     0.000169    6.598 0.0000 ***
--------------------------------------------------------------------
Signif. codes:  0 '***' 0.001 '**' 0.01 '*' 0.05 '.' 0.1 ' ' 1



=============================================================
           JOINT HYPOTHESIS TESTS (WALD)                    
=============================================================

Test of joint significance of last lag (AR(1) and MA(0)):
  Wald chi2(2) = 61.8569, p-value = 0.0000
  Conclusion: REJECT H0 → last lag is statistically significant.

Test of joint significance of last AR lag (AR(1)):
  Wald chi2(2) = 61.8569, p-value = 0.0000
  Conclusion: REJECT H0 → last AR lag is significant.

No cross effects to test (model already diagonal).

--- Directional cross-effects tests ---


=============================================================
           ORTHOGONALIZED IMPULSE RESPONSE FUNCTIONS        
=============================================================
Shocks are orthogonalized via Cholesky decomposition of Sigma Matrix.
Order of variables: as in the model.

Shock to WTI:
Horizon      WTI   IPC_ES
    0     0.0829   0.0000
    1     0.0246   0.0000
    2     0.0073   0.0000
    3     0.0022   0.0000
    4     0.0006   0.0000
    5     0.0002   0.0000
    6     0.0001   0.0000
    7     0.0000   0.0000
    8     0.0000   0.0000
    9     0.0000   0.0000
   10     0.0000   0.0000
   11     0.0000   0.0000
   12     0.0000   0.0000
   13     0.0000   0.0000
   14     0.0000   0.0000
   15     0.0000   0.0000
   16     0.0000   0.0000
   17     0.0000   0.0000
   18     0.0000   0.0000
   19     0.0000   0.0000
   20     0.0000   0.0000

Shock to IPC_ES:
Horizon      WTI   IPC_ES
    0     0.0000   0.0026
    1     0.0000   0.0010
    2     0.0000   0.0004
    3     0.0000   0.0002
    4     0.0000   0.0001
    5     0.0000   0.0000
    6     0.0000   0.0000
    7     0.0000   0.0000
    8     0.0000   0.0000
    9     0.0000   0.0000
   10     0.0000   0.0000
   11     0.0000   0.0000
   12     0.0000   0.0000
   13     0.0000   0.0000
   14     0.0000   0.0000
   15     0.0000   0.0000
   16     0.0000   0.0000
   17     0.0000   0.0000
   18     0.0000   0.0000
   19     0.0000   0.0000
   20     0.0000   0.0000


=============================================================
        ACCUMULATED IMPULSE RESPONSE FUNCTIONS               
=============================================================
Cumulative response of each variable to a one-s.d. shock
(sum of responses up to each horizon).

Shock to WTI:
Horizon      WTI   IPC_ES
    0     0.0829   0.0000
    1     0.1075   0.0000
    2     0.1148   0.0000
    3     0.1170   0.0000
    4     0.1176   0.0000
    5     0.1178   0.0000
    6     0.1178   0.0000
    7     0.1179   0.0000
    8     0.1179   0.0000
    9     0.1179   0.0000
   10     0.1179   0.0000
   11     0.1179   0.0000
   12     0.1179   0.0000
   13     0.1179   0.0000
   14     0.1179   0.0000
   15     0.1179   0.0000
   16     0.1179   0.0000
   17     0.1179   0.0000
   18     0.1179   0.0000
   19     0.1179   0.0000
   20     0.1179   0.0000

Shock to IPC_ES:
Horizon      WTI   IPC_ES
    0     0.0000   0.0026
    1     0.0000   0.0036
    2     0.0000   0.0040
    3     0.0000   0.0041
    4     0.0000   0.0042
    5     0.0000   0.0042
    6     0.0000   0.0042
    7     0.0000   0.0042
    8     0.0000   0.0042
    9     0.0000   0.0042
   10     0.0000   0.0042
   11     0.0000   0.0042
   12     0.0000   0.0042
   13     0.0000   0.0042
   14     0.0000   0.0042
   15     0.0000   0.0042
   16     0.0000   0.0042
   17     0.0000   0.0042
   18     0.0000   0.0042
   19     0.0000   0.0042
   20     0.0000   0.0042


=============================================================
  LONG‑RUN GAIN, SHOCK STD. DEVIATIONS AND MEAN LAG        
=============================================================

Structural shock standard deviations (one‑s.d. shock size):
  WTI      : 0.0829
  IPC_ES   : 0.0026

Shock to WTI:
  WTI      : gain =   0.1179  mean lag =   0.42 months
  IPC_ES   : gain =   0.0000  mean lag = undefined

Shock to IPC_ES:
  WTI      : gain =   0.0000  mean lag = undefined
  IPC_ES   : gain =   0.0042  mean lag =   0.63 months
=============================================================



=============================================================
           FORECAST ERROR VARIANCE DECOMPOSITION             
=============================================================
Values are percentages of forecast error variance accounted for by each shock.
Shocks are orthogonalized via Cholesky decomposition.

WTI:
Horizon      WTI   IPC_ES
    1     100.00     0.00
    2     100.00     0.00
    3     100.00     0.00
    4     100.00     0.00
    5     100.00     0.00
    6     100.00     0.00
    7     100.00     0.00
    8     100.00     0.00
    9     100.00     0.00
   10     100.00     0.00
   11     100.00     0.00
   12     100.00     0.00
   13     100.00     0.00
   14     100.00     0.00
   15     100.00     0.00
   16     100.00     0.00
   17     100.00     0.00
   18     100.00     0.00
   19     100.00     0.00
   20     100.00     0.00

IPC_ES:
Horizon      WTI   IPC_ES
    1       0.00   100.00
    2       0.00   100.00
    3       0.00   100.00
    4       0.00   100.00
    5       0.00   100.00
    6       0.00   100.00
    7       0.00   100.00
    8       0.00   100.00
    9       0.00   100.00
   10       0.00   100.00
   11       0.00   100.00
   12       0.00   100.00
   13       0.00   100.00
   14       0.00   100.00
   15       0.00   100.00
   16       0.00   100.00
   17       0.00   100.00
   18       0.00   100.00
   19       0.00   100.00
   20       0.00   100.00



=============================================================
           MULTIVARIATE RESIDUAL DIAGNOSTICS                
=============================================================

Hosking's Multivariate Portmanteau Test (lag 14):
  Q(56) = 77.3897, p-value = 0.0307
  *** REJECT H0: residuals are not white noise.

Multivariate Jarque-Bera Test (normality):
  JB(4) = 7.3581, p-value = 0.1181
  Cannot reject H0: residuals appear normal.
=============================================================

Normalized model:
mu vector:
      0.005356
      0.001538
phi(1) matrix:
      0.296840      0.000000
      0.000000      0.387221
Q matrix:
      1.142266
      0.000000      0.001113
Sigma = sigma2 * Q:
      0.006870
      0.000000      0.000007

Inverse roots of |phi(B)|=0:
      0.296840      0.000000 i  (modulus     0.296840)
      0.387221      0.000000 i  (modulus     0.387221)



=============================================================
                RESIDUAL DIAGNOSTICS                         
=============================================================

--- Residual series a[1] (WTI) ---
Unconditional residuals (seasonal period: 12)
215 observations: from 2/2002 to 12/2019

                  Mean:          -0.000085
Standard error of mean:           0.005652
              Variance:           0.006869
    Standard deviation:           0.082878
              Skewness:          -0.378510
              Kurtosis:           0.442865
               Minimum:          -0.273688 at 10/2008 (observation  81)
               Maximum:           0.223124 at  3/2016 (observation 170)

Standardized time series plot (original values on right-side column):

               -3      -2     -1       0      +1     +2      +3   
-------------+--+-------+------+-------+-------+------+-------+--+--------------
   1  2/2002 |          :      :       |   *   :      :          |  0.0434177918
   2  3/2002 |          :      :       |       :    * :          |  0.1438483678
   3  4/2002 |          :      :       | *     :      :          |  0.0207733484
   4  5/2002 |          :      :       *       :      :          |  0.0027065287
   5  6/2002 |          :      : *     |       :      :          | -0.0692372403
   6  7/2002 |          :      :       |     * :      :          |  0.0673373257
   7  8/2002 |          :      :       |  *    :      :          |  0.0322322888
   8  9/2002 |          :      :       | *     :      :          |  0.0252281510
   9 10/2002 |          :      :   *   |       :      :          | -0.0449879099
  10 11/2002 |          :      *       |       :      :          | -0.0891293983
  11 12/2002 +          :      :       |       :    * :          +  0.1372894408
  12  1/2003 |          :      :       |      *:      :          |  0.0756303016
  13  2/2003 |          :      :       |   *   :      :          |  0.0479003497
  14  3/2003 |          :     *:       |       :      :          | -0.0959256473
  15  4/2003 |          :*     :       |       :      :          | -0.1558617310
  16  5/2003 |          :      :       |   *   :      :          |  0.0433719554
  17  6/2003 |          :      :       |       *      :          |  0.0851135622
  18  7/2003 |          :      :    *  |       :      :          | -0.0285045445
  19  8/2003 |          :      :       | *     :      :          |  0.0224728214
  20  9/2003 |          :   *  :       |       :      :          | -0.1220021342
  21 10/2003 |          :      :       |       :*     :          |  0.0986136110
  22 11/2003 |          :      :       *       :      :          |  0.0003138313
  23 12/2003 +          :      :       | *     :      :          +  0.0224133631
  24  1/2004 |          :      :       |    *  :      :          |  0.0501395572
  25  2/2004 |          :      :      *|       :      :          | -0.0091005650
  26  3/2004 |          :      :       |   *   :      :          |  0.0487087581
  27  4/2004 |          :      :     * |       :      :          | -0.0224494338
  28  5/2004 |          :      :       |       *      :          |  0.0901502356
  29  6/2004 |          :      *       |       :      :          | -0.0892194183
  30  7/2004 |          :      :       |      *:      :          |  0.0812440114
  31  8/2004 |          :      :       |      *:      :          |  0.0754329496
  32  9/2004 |          :      :      *|       :      :          | -0.0110306860
  33 10/2004 |          :      :       |       :   *  :          |  0.1348240516
  34 11/2004 |          : *    :       |       :      :          | -0.1388670472
  35 12/2004 +          :      *       |       :      :          + -0.0883496535
  36  1/2005 |          :      :       |       : *    :          |  0.1073404198
  37  2/2005 |          :      :       *       :      :          | -0.0030496954
  38  3/2005 |          :      :       |       : *    :          |  0.1132900035
  39  4/2005 |          :      : *     |       :      :          | -0.0642759741
  40  5/2005 |          :      :  *    |       :      :          | -0.0591716774
  41  6/2005 |          :      :       |       :   *  :          |  0.1361316909
  42  7/2005 |          :      :       *       :      :          |  0.0026630263
  43  8/2005 |          :      :       |       *      :          |  0.0851168751
  44  9/2005 |          :      :     * |       :      :          | -0.0246988552
  45 10/2005 |          :      :  *    |       :      :          | -0.0565290228
  46 11/2005 |          :      :  *    |       :      :          | -0.0563966080
  47 12/2005 +          :      :       |  *    :      :          +  0.0354621393
  48  1/2006 |          :      :       |       *      :          |  0.0879388022
  49  2/2006 |          :     *:       |       :      :          | -0.0937337672
  50  3/2006 |          :      :       |  *    :      :          |  0.0347543149
  51  4/2006 |          :      :       |       *      :          |  0.0926895103
  52  5/2006 |          :      :      *|       :      :          | -0.0164180849
  53  6/2006 |          :      :      *|       :      :          | -0.0087616148
  54  7/2006 |          :      :       |   *   :      :          |  0.0436239382
  55  8/2006 |          :      :    *  |       :      :          | -0.0363047950
  56  9/2006 |          :  *   :       |       :      :          | -0.1325851814
  57 10/2006 |          :      :   *   |       :      :          | -0.0452506868
  58 11/2006 |          :      :       |  *    :      :          |  0.0286686450
  59 12/2006 +          :      :       |  *    :      :          +  0.0376026146
  60  1/2007 |          : *    :       |       :      :          | -0.1449104922
  61  2/2007 |          :      :       |       :  *   :          |  0.1167191782
  62  3/2007 |          :      :      *|       :      :          | -0.0065408913
  63  4/2007 |          :      :       |   *   :      :          |  0.0445717683
  64  5/2007 |          :      :    *  |       :      :          | -0.0280316296
  65  6/2007 |          :      :       |    *  :      :          |  0.0600311227
  66  7/2007 |          :      :       |      *:      :          |  0.0726645505
  67  8/2007 |          :      :  *    |       :      :          | -0.0562926898
  68  9/2007 |          :      :       |       :*     :          |  0.1025674377
  69 10/2007 |          :      :       |   *   :      :          |  0.0423406740
  70 11/2007 |          :      :       |     * :      :          |  0.0670152345
  71 12/2007 +          :      : *     |       :      :          + -0.0624509178
  72  1/2008 |          :      :       | *     :      :          |  0.0186536539
  73  2/2008 |          :      :       | *     :      :          |  0.0178043035
  74  3/2008 |          :      :       |       *      :          |  0.0903915512
  75  4/2008 |          :      :       |  *    :      :          |  0.0303332057
  76  5/2008 |          :      :       |       *      :          |  0.0850016673
  77  6/2008 |          :      :       |  *    :      :          |  0.0301066905
  78  7/2008 |          :      :     * |       :      :          | -0.0269900641
  79  8/2008 |          : *    :       |       :      :          | -0.1374952743
  80  9/2008 |          :      :*      |       :      :          | -0.0791534197
  81 10/2008>|*         :      :       |       :      :          |>-0.2736884778
  82 11/2008>|       *  :      :       |       :      :          |>-0.2019823647
  83 12/2008>+  *       :      :       |       :      :          +>-0.2548065272
  84  1/2009 |          :      :       |       : *    :          |  0.1135743359
  85  2/2009 |          :      :*      |       :      :          | -0.0727355406
  86  3/2009>|          :      :       |       :      :    *     |> 0.2183016807
  87  4/2009 |          :      :     * |       :      :          | -0.0270332148
  88  5/2009 |          :      :       |       :     *:          |  0.1576731164
  89  6/2009 |          :      :       |       : *    :          |  0.1087166755
  90  7/2009 |          :  *   :       |       :      :          | -0.1359745614
  91  8/2009 |          :      :       |       :  *   :          |  0.1242931310
  92  9/2009 |          :      :  *    |       :      :          | -0.0571846216
  93 10/2009 |          :      :       |       *      :          |  0.0906047814
  94 11/2009 |          :      :       *       :      :          | -0.0004010608
  95 12/2009 +          :      : *     |       :      :          + -0.0621081262
  96  1/2010 |          :      :       |     * :      :          |  0.0623781370
  97  2/2010 |          :      :   *   |       :      :          | -0.0423091932
  98  3/2010 |          :      :       |     * :      :          |  0.0643076254
  99  4/2010 |          :      :       | *     :      :          |  0.0171849567
 100  5/2010 |          :*     :       |       :      :          | -0.1499891816
 101  6/2010 |          :      :       |    *  :      :          |  0.0564358884
 102  7/2010 |          :      :       *       :      :          |  0.0036705948
 103  8/2010 |          :      :       *       :      :          | -0.0018826384
 104  9/2010 |          :      :     * |       :      :          | -0.0253624434
 105 10/2010 |          :      :       |       *      :          |  0.0860125774
 106 11/2010 |          :      :       *       :      :          | -0.0016840750
 107 12/2010 +          :      :       |   *   :      :          +  0.0448275689
 108  1/2011 |          :      :      *|       :      :          | -0.0163099697
 109  2/2011 |          :      :       *       :      :          | -0.0032428228
 110  3/2011 |          :      :       |       :   *  :          |  0.1347171596
 111  4/2011 |          :      :       | *     :      :          |  0.0216662168
 112  5/2011 |          :    * :       |       :      :          | -0.1060263630
 113  6/2011 |          :      :    *  |       :      :          | -0.0303065544
 114  7/2011 |          :      :       | *     :      :          |  0.0206811826
 115  8/2011 |          :   *  :       |       :      :          | -0.1250186640
 116  9/2011 |          :      :       | *     :      :          |  0.0230313640
 117 10/2011 |          :      :       |*      :      :          |  0.0080209791
 118 11/2011 |          :      :       |       : *    :          |  0.1112427827
 119 12/2011 +          :      :     * |       :      :          + -0.0248319677
 120  1/2012 |          :      :       |*      :      :          |  0.0089098524
 121  2/2012 |          :      :       |*      :      :          |  0.0111000709
 122  3/2012 |          :      :       |  *    :      :          |  0.0281494418
 123  4/2012 |          :      :   *   |       :      :          | -0.0422918642
 124  5/2012 |          :      *       |       :      :          | -0.0828757455
 125  6/2012 |          :   *  :       |       :      :          | -0.1168850356
 126  7/2012 |          :      :       |       :*     :          |  0.1023308226
 127  8/2012 |          :      :       |   *   :      :          |  0.0454426037
 128  9/2012 |          :      :     * |       :      :          | -0.0181567189
 129 10/2012 |          :      : *     |       :      :          | -0.0614312949
 130 11/2012 |          :      :     * |       :      :          | -0.0201996330
 131 12/2012 +          :      :       | *     :      :          +  0.0242189430
 132  1/2013 |          :      :       |     * :      :          |  0.0612713745
 133  2/2013 |          :      :     * |       :      :          | -0.0180430007
 134  3/2013 |          :      :    *  |       :      :          | -0.0298374826
 135  4/2013 |          :      :      *|       :      :          | -0.0071995689
 136  5/2013 |          :      :       |  *    :      :          |  0.0285967572
 137  6/2013 |          :      :       *       :      :          | -0.0019468651
 138  7/2013 |          :      :       |      *:      :          |  0.0810952469
 139  8/2013 |          :      :      *|       :      :          | -0.0113184619
 140  9/2013 |          :      :      *|       :      :          | -0.0119074458
 141 10/2013 |          :      :  *    |       :      :          | -0.0586009993
 142 11/2013 |          :      :  *    |       :      :          | -0.0560087949
 143 12/2013 +          :      :       |    *  :      :          +  0.0560223017
 144  1/2014 |          :      :   *   |       :      :          | -0.0467720698
 145  2/2014 |          :      :       |     * :      :          |  0.0689973294
 146  3/2014 |          :      :     * |       :      :          | -0.0228046132
 147  4/2014 |          :      :       |*      :      :          |  0.0088129986
 148  5/2014 |          :      :      *|       :      :          | -0.0064058672
 149  6/2014 |          :      :       |  *    :      :          |  0.0306339136
 150  7/2014 |          :      :    *  |       :      :          | -0.0350878950
 151  8/2014 |          :      : *     |       :      :          | -0.0680115995
 152  9/2014 |          :      :     * |       :      :          | -0.0179464952
 153 10/2014 |          :      *       |       :      :          | -0.0926341837
 154 11/2014 |          :      :*      |       :      :          | -0.0818948583
 155 12/2014>+     *    :      :       |       :      :          +>-0.2173517517
 156  1/2015 |          :*     :       |       :      :          | -0.1585075666
 157  2/2015 |          :      :       |       :   *  :          |  0.1325400617
 158  3/2015 |          :      :*      |       :      :          | -0.0802830950
 159  4/2015 |          :      :       |       :    * :          |  0.1427288899
 160  5/2015 |          :      :       |   *   :      :          |  0.0425126090
 161  6/2015 |          :      :     * |       :      :          | -0.0197077418
 162  7/2015>|          *      :       |       :      :          |>-0.1679853677
 163  8/2015 |          :  *   :       |       :      :          | -0.1275240953
 164  9/2015 |          :      :       |       : *    :          |  0.1062987194
 165 10/2015 |          :      :       *       :      :          | -0.0051698366
 166 11/2015 |          :     *:       |       :      :          | -0.0938786655
 167 12/2015 +          :    * :       |       :      :          + -0.1104909883
 168  1/2016 |          :   *  :       |       :      :          | -0.1249225372
 169  2/2016 |          :      :       *       :      :          | -0.0000447476
 170  3/2016>|          :      :       |       :      :    *     |> 0.2231241934
 171  4/2016 |          :      :       |*      :      :          |  0.0145320559
 172  5/2016 |          :      :       |       : *    :          |  0.1084597064
 173  6/2016 |          :      :       *       :      :          | -0.0013337975
 174  7/2016 |          :    * :       |       :      :          | -0.1045722847
 175  8/2016 |          :      :       | *     :      :          |  0.0239387103
 176  9/2016 |          :      :       |*      :      :          |  0.0060022860
 177 10/2016 |          :      :       |       *      :          |  0.0901546262
 178 11/2016 |          :   *  :       |       :      :          | -0.1189383306
 179 12/2016 +          :      :       |       :     *:          +  0.1513218361
 180  1/2017 |          :      :    *  |       :      :          | -0.0320440548
 181  2/2017 |          :      :       |*      :      :          |  0.0115292868
 182  3/2017 |          :      *       |       :      :          | -0.0897891523
 183  4/2017 |          :      :       |    *  :      :          |  0.0546244811
 184  5/2017 |          :      : *     |       :      :          | -0.0658482503
 185  6/2017 |          :      :  *    |       :      :          | -0.0588720241
 186  7/2017 |          :      :       |   *   :      :          |  0.0487495184
 187  8/2017 |          :      :       | *     :      :          |  0.0166464275
 188  9/2017 |          :      :       | *     :      :          |  0.0237732813
 189 10/2017 |          :      :       | *     :      :          |  0.0201513015
 190 11/2017 |          :      :       |      *:      :          |  0.0795095056
 191 12/2017 +          :      :      *|       :      :          + -0.0098886923
 192  1/2018 |          :      :       |       *      :          |  0.0856177614
 193  2/2018 |          :      :  *    |       :      :          | -0.0555548225
 194  3/2018 |          :      :       |*      :      :          |  0.0111666553
 195  4/2018 |          :      :       |   *   :      :          |  0.0484537774
 196  5/2018 |          :      :       |  *    :      :          |  0.0348014340
 197  6/2018 |          :      :  *    |       :      :          | -0.0506409085
 198  7/2018 |          :      :       |    *  :      :          |  0.0501255280
 199  8/2018 |          :      :  *    |       :      :          | -0.0590745159
 200  9/2018 |          :      :       |   *   :      :          |  0.0400893256
 201 10/2018 |          :      :      *|       :      :          | -0.0057060266
 202 11/2018>|     *    :      :       |       :      :          |>-0.2227594404
 203 12/2018 +          :      :*      |       :      :          + -0.0793830572
 204  1/2019 |          :      :       |      *:      :          |  0.0746555091
 205  2/2019 |          :      :       |    *  :      :          |  0.0524630926
 206  3/2019 |          :      :       |  *    :      :          |  0.0328956468
 207  4/2019 |          :      :       |      *:      :          |  0.0730990995
 208  5/2019 |          :      :*      |       :      :          | -0.0801807302
 209  6/2019 |          :     *:       |       :      :          | -0.0962878555
 210  7/2019 |          :      :       |      *:      :          |  0.0760216248
 211  8/2019 |          :      : *     |       :      :          | -0.0633269838
 212  9/2019 |          :      :       |   *   :      :          |  0.0479815668
 213 10/2019 |          :      : *     |       :      :          | -0.0690663414
 214 11/2019 |          :      :       |     * :      :          |  0.0675768232
 215 12/2019 +          :      :       |  *    :      :          +  0.0285732352
-------------+--+-------+------+-------+-------+------+-------+--+--------------
               -3      -2     -1       0      +1     +2      +3   

                 +------------------------------------------+
                 |       Table of standardized values       |
                 |       greater than or equal to 2.0       |
                 +------------------------------------------+
                 |                                          |
                 | Observation    Date   Standardized value |
                 |                                          |
                 |     81       10/2008        -3.30        |
                 |     82       11/2008        -2.44        |
                 |     83       12/2008        -3.07        |
                 |     86        3/2009         2.64        |
                 |    155       12/2014        -2.62        |
                 |    162        7/2015        -2.03        |
                 |    170        3/2016         2.69        |
                 |    202       11/2018        -2.69        |
                 +------------------------------------------+

Standardized time series histogram:

       -4      -3      -2      -1       0      +1      +2      +3      +4
        +---+---+---+---+---+---+---+---+---+---+---+---+---+---+---+---+
        |                                 42                            |
        |                             39 ....                            |
        |                            ........ 36                         |
        |                         32 ............                        |
        |                        ................                        |
        |                        ................                        |
        |                        ................                        |
        |                        ................ 22                     |
        |                        ....................                    |
        |                        ....................                    |
        |                     15 ....................                    |
        |                 11 ........................                    |
        |                ............................ 10                 |
        |                ................................                |
        |                ................................                |
        |      2  2  2   ................................   2            |
        |    ............................................    ....        |
        +---+---+---+---+---+---+---+---+---+---+---+---+---+---+---+---+
       -4      -3      -2      -1       0      +1      +2      +3      +4

              66 values outside (-1,+1): 30.70 % (31.74 % expected)
               8 values outside (-2,+2):  3.72 % ( 4.56 % expected)

Autocorrelation function (acf bands =  0.136):

            -1                         0                         1  L-B Q  DF
-------------+-------------------------+-------------------------+--------------
   1  -0.014 |                      :  |  :                      | 
   2   0.086 |                      :  |**:                      | 
   3  -0.103 |                      ***|  :                      | 
   4  -0.065 |                      :**|  :                      | 
   5   0.054 |                      :  |* :                      | 
   6  -0.115 |                      ***|  :                      | 
   7  -0.016 |                      :  |  :                      | 
   8  -0.124 |                      ***|  :                      | 
   9  -0.038 |                      : *|  :                      | 
  10   0.051 |                      :  |* :                      | 
  11   0.055 |                      :  |* :                      | 
  12   0.031 +                      :  |+ :                      +  13.92  12
  13  -0.049 |                      : *|  :                      | 
  14  -0.056 |                      : *|  :                      | 
  15   0.027 |                      :  |* :                      | 
  16  -0.060 |                      : *|  :                      | 
  17  -0.005 |                      :  |  :                      | 
  18  -0.043 |                      : *|  :                      | 
  19   0.035 |                      :  |* :                      | 
  20   0.053 |                      :  |* :                      | 
  21   0.034 |                      :  |* :                      | 
  22   0.038 |                      :  |* :                      | 
  23  -0.044 |                      : *|  :                      | 
  24  -0.079 +                      :++|  :                      +  20.25  24
  25   0.135 |                      :  |***                      | 
  26  -0.014 |                      :  |  :                      | 
  27   0.027 |                      :  |* :                      | 
  28  -0.054 |                      : *|  :                      | 
  29  -0.046 |                      : *|  :                      | 
  30   0.052 |                      :  |* :                      | 
  31  -0.008 |                      :  |  :                      | 
  32  -0.039 |                      : *|  :                      | 
  33   0.024 |                      :  |* :                      | 
  34   0.037 |                      :  |* :                      | 
  35   0.050 |                      :  |* :                      | 
  36  -0.053 +                      : +|  :                      +  29.18  36
  37  -0.016 |                      :  |  :                      | 
  38  -0.014 |                      :  |  :                      | 
  39  -0.058 |                      : *|  :                      | 
  40   0.058 |                      :  |* :                      | 
  41   0.029 |                      :  |* :                      | 
  42   0.033 |                      :  |* :                      |  31.60  42
-------------+-------------------------+-------------------------+--------------
            -1                         0                         1  L-B Q  DF

Partial autocorrelation function (pacf bands =  0.136):

            -1                         0                         1
-------------+-------------------------+-------------------------+--------------
   1  -0.014 |                      :  |  :                      | 
   2   0.086 |                      :  |**:                      | 
   3  -0.101 |                      ***|  :                      | 
   4  -0.076 |                      :**|  :                      | 
   5   0.072 |                      :  |**:                      | 
   6  -0.115 |                      ***|  :                      | 
   7  -0.045 |                      : *|  :                      | 
   8  -0.098 |                      :**|  :                      | 
   9  -0.054 |                      : *|  :                      | 
  10   0.046 |                      :  |* :                      | 
  11   0.051 |                      :  |* :                      | 
  12  -0.011 +                      :  |  :                      + 
  13  -0.049 |                      : *|  :                      | 
  14  -0.065 |                      :**|  :                      | 
  15   0.022 |                      :  |* :                      | 
  16  -0.072 |                      :**|  :                      | 
  17  -0.030 |                      : *|  :                      | 
  18  -0.018 |                      :  |  :                      | 
  19   0.040 |                      :  |* :                      | 
  20   0.037 |                      :  |* :                      | 
  21   0.016 |                      :  |  :                      | 
  22   0.002 |                      :  |  :                      | 
  23  -0.037 |                      : *|  :                      | 
  24  -0.093 +                      :++|  :                      + 
  25   0.157 |                      :  |****                     | 
  26  -0.000 |                      :  |  :                      | 
  27  -0.010 |                      :  |  :                      | 
  28  -0.003 |                      :  |  :                      | 
  29  -0.027 |                      : *|  :                      | 
  30   0.015 |                      :  |  :                      | 
  31   0.008 |                      :  |  :                      | 
  32  -0.096 |                      :**|  :                      | 
  33   0.073 |                      :  |**:                      | 
  34   0.083 |                      :  |**:                      | 
  35   0.030 |                      :  |* :                      | 
  36  -0.080 +                      :++|  :                      + 
  37  -0.028 |                      : *|  :                      | 
  38   0.010 |                      :  |  :                      | 
  39  -0.041 |                      : *|  :                      | 
  40   0.027 |                      :  |* :                      | 
  41   0.072 |                      :  |**:                      | 
  42   0.017 |                      :  |  :                      | 
-------------+-------------------------+-------------------------+--------------
            -1                         0                         1


--- Residual series a[2] (IPC_ES) ---
Unconditional residuals (seasonal period: 12)
215 observations: from 2/2002 to 12/2019

                  Mean:          -0.000001
Standard error of mean:           0.000176
              Variance:           0.000007
    Standard deviation:           0.002587
              Skewness:          -0.069307
              Kurtosis:           0.181506
               Minimum:          -0.008524 at  1/2016 (observation 168)
               Maximum:           0.007134 at  1/2003 (observation  12)

Standardized time series plot (original values on right-side column):

               -3      -2     -1       0      +1     +2      +3   
-------------+--+-------+------+-------+-------+------+-------+--+--------------
   1  2/2002 |          :      :       |*      :      :          |  0.0004729716
   2  3/2002 |          :      :       |    *  :      :          |  0.0016566651
   3  4/2002 |          :      :       |*      :      :          |  0.0001788956
   4  5/2002 |          :      :       |*      :      :          |  0.0003739863
   5  6/2002 |          :      :  *    |       :      :          | -0.0018449806
   6  7/2002 |          :      :       |     * :      :          |  0.0019225949
   7  8/2002 |          :      :       |*      :      :          |  0.0002797915
   8  9/2002 |          :      :       |     * :      :          |  0.0018888213
   9 10/2002 |          :      :      *|       :      :          | -0.0003817865
  10 11/2002 |          :      :    *  |       :      :          | -0.0011815638
  11 12/2002 +          :      :       |       : *    :          +  0.0034595310
  12  1/2003>|          :      :       |       :      :     *    |> 0.0071335351
  13  2/2003 |          :      :   *   |       :      :          | -0.0014661606
  14  3/2003 |          :      :       *       :      :          |  0.0000564992
  15  4/2003 |          : *    :       |       :      :          | -0.0044016803
  16  5/2003 |          :      : *     |       :      :          | -0.0021903533
  17  6/2003 |          :      :       | *     :      :          |  0.0005328623
  18  7/2003 |          :      :       |     * :      :          |  0.0020799495
  19  8/2003 |          :      :       |    *  :      :          |  0.0018604009
  20  9/2003 |          :      :       |*      :      :          |  0.0004567460
  21 10/2003 |          :     *:       |       :      :          | -0.0030221560
  22 11/2003 |          :      :       |    *  :      :          |  0.0017059435
  23 12/2003 +          :      :       |  *    :      :          +  0.0011297804
  24  1/2004 |          :      :       |       :    * :          |  0.0045315293
  25  2/2004 |          :      : *     |       :      :          | -0.0018792247
  26  3/2004 |          :      :       | *     :      :          |  0.0008428042
  27  4/2004 |          :      :       |   *   :      :          |  0.0012958792
  28  5/2004 |          :      :       |      *:      :          |  0.0024624662
  29  6/2004 |          :      :   *   |       :      :          | -0.0012096821
  30  7/2004 |          :      :       *       :      :          |  0.0000784688
  31  8/2004 |          :      :       |      *:      :          |  0.0023393607
  32  9/2004 |          :      :     * |       :      :          | -0.0006695554
  33 10/2004 |          :      :       |   *   :      :          |  0.0012002209
  34 11/2004 |          :      :      *|       :      :          | -0.0004722494
  35 12/2004 +          :      :   *   |       :      :          + -0.0013340367
  36  1/2005 |          :      :       |       :  *   :          |  0.0037582447
  37  2/2005 |          :      :       |  *    :      :          |  0.0009026728
  38  3/2005 |          :      :       |  *    :      :          |  0.0011041288
  39  4/2005 |          :      :       |     * :      :          |  0.0019283731
  40  5/2005 |          :      : *     |       :      :          | -0.0018899214
  41  6/2005 |          :      :       |  *    :      :          |  0.0010705738
  42  7/2005 |          :      :       |  *    :      :          |  0.0009819833
  43  8/2005 |          :      :       |    *  :      :          |  0.0018679628
  44  9/2005 |          :      :       |       :  *   :          |  0.0036638201
  45 10/2005 |          :      :*      |       :      :          | -0.0023509441
  46 11/2005 |          :      :     * |       :      :          | -0.0007114261
  47 12/2005 +          :      :       |     * :      :          +  0.0021430889
  48  1/2006>|          :      :       |       :      :   *      |> 0.0064347875
  49  2/2006 |          :      *       |       :      :          | -0.0027313274
  50  3/2006 |          :      :       |   *   :      :          |  0.0012751048
  51  4/2006 |          :      :       |      *:      :          |  0.0022609864
  52  5/2006 |          :      :      *|       :      :          | -0.0001745296
  53  6/2006 |          :      :      *|       :      :          | -0.0004231901
  54  7/2006 |          :      :       |  *    :      :          |  0.0011299228
  55  8/2006 |          :      :      *|       :      :          | -0.0003907513
  56  9/2006 |          :     *:       |       :      :          | -0.0031830538
  57 10/2006 |          :     *:       |       :      :          | -0.0031666459
  58 11/2006 |          :      :       |    *  :      :          |  0.0017515050
  59 12/2006 +          :      :       |      *:      :          +  0.0023164396
  60  1/2007 |          :      :       |       :*     :          |  0.0032356382
  61  2/2007 |          :      :   *   |       :      :          | -0.0014044929
  62  3/2007 |          :      :       |    *  :      :          |  0.0018121850
  63  4/2007 |          :      :       |     * :      :          |  0.0019732019
  64  5/2007 |          :      :    *  |       :      :          | -0.0009851561
  65  6/2007 |          :      :       |*      :      :          |  0.0002273439
  66  7/2007 |          :      :     * |       :      :          | -0.0005408620
  67  8/2007 |          :      :      *|       :      :          | -0.0004416043
  68  9/2007 |          :      :       |     * :      :          |  0.0019774322
  69 10/2007 |          :      :       |       :   *  :          |  0.0039368950
  70 11/2007 |          :      :       |       :*     :          |  0.0029880194
  71 12/2007 +          :      :       |     * :      :          +  0.0018937612
  72  1/2008 |          :      :       |       *      :          |  0.0027189254
  73  2/2008 |          :      :     * |       :      :          | -0.0005846612
  74  3/2008 |          :      :       |       :*     :          |  0.0029331677
  75  4/2008 |          :      :   *   |       :      :          | -0.0012047377
  76  5/2008 |          :      :       |       :   *  :          |  0.0040759278
  77  6/2008 |          :      :       |       *      :          |  0.0025883449
  78  7/2008 |          :      :       *       :      :          |  0.0000300380
  79  8/2008 |          :*     :       |       :      :          | -0.0047486963
  80  9/2008 |          :      :       *       :      :          | -0.0001467143
  81 10/2008 |          :   *  :       |       :      :          | -0.0039058354
  82 11/2008 |          :*     :       |       :      :          | -0.0048757228
  83 12/2008 +          :     *:       |       :      :          + -0.0030663191
  84  1/2009 |          :      :       *       :      :          |  0.0000426672
  85  2/2009 |          :      :       |*      :      :          |  0.0004096051
  86  3/2009 |          :   *  :       |       :      :          | -0.0036412070
  87  4/2009 |          :      :       | *     :      :          |  0.0005585554
  88  5/2009 |          :      *       |       :      :          | -0.0026492708
  89  6/2009 |          :      :       |       :   *  :          |  0.0039887208
  90  7/2009 |          :     *:       |       :      :          | -0.0031230634
  91  8/2009 |          :      :       |      *:      :          |  0.0022941390
  92  9/2009 |          : *    :       |       :      :          | -0.0044688281
  93 10/2009 |          :      :       | *     :      :          |  0.0005424887
  94 11/2009 |          :      :       |       : *    :          |  0.0034234452
  95 12/2009 +          :      : *     |       :      :          + -0.0019179488
  96  1/2010 |          :      :       |*      :      :          |  0.0003507349
  97  2/2010 |          :      :*      |       :      :          | -0.0023680257
  98  3/2010 |          :      :       |       *      :          |  0.0028589947
  99  4/2010 |          :      :     * |       :      :          | -0.0006575841
 100  5/2010 |          :      :      *|       :      :          | -0.0004502114
 101  6/2010 |          :      :       |*      :      :          |  0.0003625953
 102  7/2010 |          :      :       |    *  :      :          |  0.0018506021
 103  8/2010 |          :      :      *|       :      :          | -0.0001935232
 104  9/2010 |          :      :    *  |       :      :          | -0.0010525438
 105 10/2010 |          :      :       |   *   :      :          |  0.0014951578
 106 11/2010 |          :      :       |       *      :          |  0.0026283758
 107 12/2010 +          :      :       |       :    * :          +  0.0044453179
 108  1/2011 |          :      :       |*      :      :          |  0.0002592831
 109  2/2011 |          :      :      *|       :      :          | -0.0002532657
 110  3/2011 |          :      :       |     * :      :          |  0.0018745510
 111  4/2011 |          :      :       |   *   :      :          |  0.0013578415
 112  5/2011 |          :   *  :       |       :      :          | -0.0037757353
 113  6/2011 |          :      :  *    |       :      :          | -0.0018753565
 114  7/2011 |          :      :       |     * :      :          |  0.0019595433
 115  8/2011 |          :      :    *  |       :      :          | -0.0010198259
 116  9/2011 |          :      :       |  *    :      :          |  0.0011820836
 117 10/2011 |          :      :      *|       :      :          | -0.0002301241
 118 11/2011 |          :      :       |    *  :      :          |  0.0016831602
 119 12/2011 +          :      :       *       :      :          +  0.0000969374
 120  1/2012 |          :      :  *    |       :      :          | -0.0018009073
 121  2/2012 |          :      :       |  *    :      :          |  0.0010242171
 122  3/2012 |          :      :       |   *   :      :          |  0.0013026187
 123  4/2012 |          :      :       |       : *    :          |  0.0033682048
 124  5/2012>|         *:      :       |       :      :          |>-0.0055862121
 125  6/2012 |          :      : *     |       :      :          | -0.0018978711
 126  7/2012 |          :      :       |       :      *          |  0.0050301318
 127  8/2012 |          :      :       |      *:      :          |  0.0022317544
 128  9/2012>|          :      :       |       :      :    *     |> 0.0068276186
 129 10/2012 |          :      :*      |       :      :          | -0.0022542138
 130 11/2012 |          :   *  :       |       :      :          | -0.0039170365
 131 12/2012 +          :      :       |   *   :      :          +  0.0015136461
 132  1/2013 |          :   *  :       |       :      :          | -0.0036550761
 133  2/2013 |          :      :       |      *:      :          |  0.0024974922
 134  3/2013 |          :      : *     |       :      :          | -0.0020258171
 135  4/2013>|         *:      :       |       :      :          |>-0.0055040440
 136  5/2013 |          :      :       |    *  :      :          |  0.0016571556
 137  6/2013 |          :      :       *       :      :          |  0.0001680859
 138  7/2013 |          :      :       | *     :      :          |  0.0007461843
 139  8/2013 |          :      :       |  *    :      :          |  0.0008930342
 140  9/2013 |          :   *  :       |       :      :          | -0.0038508161
 141 10/2013 |          :      : *     |       :      :          | -0.0021492231
 142 11/2013 |          :      :       |  *    :      :          |  0.0011177531
 143 12/2013 +          :      :       |*      :      :          +  0.0004220207
 144  1/2014 |          : *    :       |       :      :          | -0.0042898491
 145  2/2014 |          :      :       | *     :      :          |  0.0005743349
 146  3/2014 |          :      :*      |       :      :          | -0.0024844420
 147  4/2014 |          :      :       *       :      :          |  0.0001280336
 148  5/2014 |          :      : *     |       :      :          | -0.0019399705
 149  6/2014 |          :      :      *|       :      :          | -0.0004137104
 150  7/2014 |          :     *:       |       :      :          | -0.0030567078
 151  8/2014 |          :      :       |  *    :      :          |  0.0010227057
 152  9/2014 |          :      :       *       :      :          |  0.0001286215
 153 10/2014 |          :      *       |       :      :          | -0.0028787326
 154 11/2014 |          :      : *     |       :      :          | -0.0018973661
 155 12/2014>+          *      :       |       :      :          +>-0.0052633787
 156  1/2015 |          : *    :       |       :      :          | -0.0043450959
 157  2/2015 |          :      :       |       :   *  :          |  0.0040908249
 158  3/2015 |          :      :       | *     :      :          |  0.0006308783
 159  4/2015 |          :      :   *   |       :      :          | -0.0012110370
 160  5/2015 |          :      :       |      *:      :          |  0.0025161851
 161  6/2015 |          :      :       |*      :      :          |  0.0002322619
 162  7/2015 |          :   *  :       |       :      :          | -0.0038705005
 163  8/2015 |          :  *   :       |       :      :          | -0.0039220342
 164  9/2015 |          :      *       |       :      :          | -0.0025713823
 165 10/2015 |          :      :       | *     :      :          |  0.0005963687
 166 11/2015 |          :      :       |    *  :      :          |  0.0018090759
 167 12/2015 +          :  *   :       |       :      :          + -0.0040148855
 168  1/2016>|*         :      :       |       :      :          |>-0.0085244641
 169  2/2016 |          :      :      *|       :      :          | -0.0002760387
 170  3/2016 |          :      :       |       *      :          |  0.0027792850
 171  4/2016 |          :    * :       |       :      :          | -0.0034529981
 172  5/2016 |          :      :       |       :   *  :          |  0.0040600753
 173  6/2016 |          :      :       |     * :      :          |  0.0019181151
 174  7/2016 |          :      :*      |       :      :          | -0.0025472119
 175  8/2016 |          :      :       *       :      :          | -0.0001212267
 176  9/2016 |          :      :   *   |       :      :          | -0.0012369126
 177 10/2016 |          :      :       |       :    * :          |  0.0043977343
 178 11/2016 |          :      :       *       :      :          | -0.0001498670
 179 12/2016 +          :      :       |       :     *:          +  0.0048438707
 180  1/2017 |          :      :       |    *  :      :          |  0.0015340263
 181  2/2017>|         *:      :       |       :      :          |>-0.0055928157
 182  3/2017 |          :   *  :       |       :      :          | -0.0036536198
 183  4/2017 |          :      :       |    *  :      :          |  0.0018207215
 184  5/2017 |          :     *:       |       :      :          | -0.0030646654
 185  6/2017 |          :      :       *       :      :          |  0.0000636797
 186  7/2017 |          :      :     * |       :      :          | -0.0006495627
 187  8/2017 |          :      :       |*      :      :          |  0.0004770255
 188  9/2017 |          :      :       |*      :      :          |  0.0001855045
 189 10/2017 |          :      :       |    *  :      :          |  0.0016566740
 190 11/2017 |          :      :       |    *  :      :          |  0.0016060623
 191 12/2017 +          :      :    *  |       :      :          + -0.0010164473
 192  1/2018 |          :      :  *    |       :      :          | -0.0017457685
 193  2/2018 |          :      :       |   *   :      :          |  0.0014012524
 194  3/2018 |          :  *   :       |       :      :          | -0.0041329854
 195  4/2018 |          :      :       *       :      :          |  0.0000355323
 196  5/2018>|          :      :       |       :      :     *    |> 0.0070438083
 197  6/2018 |          :      :   *   |       :      :          | -0.0014708911
 198  7/2018 |          :      : *     |       :      :          | -0.0019427174
 199  8/2018 |          :      :       *       :      :          |  0.0000982641
 200  9/2018 |          :      :       |  *    :      :          |  0.0010923481
 201 10/2018 |          :      :       |    *  :      :          |  0.0015416235
 202 11/2018 |          :  *   :       |       :      :          | -0.0041117978
 203 12/2018 +          :   *  :       |       :      :          + -0.0038065562
 204  1/2019 |          :      : *     |       :      :          | -0.0019512025
 205  2/2019 |          :      :       |       : *    :          |  0.0033089974
 206  3/2019 |          :      : *     |       :      :          | -0.0020826511
 207  4/2019 |          :      :       |  *    :      :          |  0.0010025900
 208  5/2019 |          :      :     * |       :      :          | -0.0007495379
 209  6/2019 |          :      :*      |       :      :          | -0.0025493025
 210  7/2019 |          :      :       |*      :      :          |  0.0004772975
 211  8/2019 |          :      :*      |       :      :          | -0.0022455800
 212  9/2019 |          :      :     * |       :      :          | -0.0005734693
 213 10/2019 |          :      :       |       :*     :          |  0.0029413673
 214 11/2019 |          :      :   *   |       :      :          | -0.0014894064
 215 12/2019 +          :      :    *  |       :      :          + -0.0011041323
-------------+--+-------+------+-------+-------+------+-------+--+--------------
               -3      -2     -1       0      +1     +2      +3   

                 +------------------------------------------+
                 |       Table of standardized values       |
                 |       greater than or equal to 2.0       |
                 +------------------------------------------+
                 |                                          |
                 | Observation    Date   Standardized value |
                 |                                          |
                 |     12        1/2003         2.76        |
                 |     48        1/2006         2.49        |
                 |    124        5/2012        -2.16        |
                 |    128        9/2012         2.64        |
                 |    135        4/2013        -2.13        |
                 |    155       12/2014        -2.03        |
                 |    168        1/2016        -3.29        |
                 |    181        2/2017        -2.16        |
                 |    196        5/2018         2.72        |
                 +------------------------------------------+

Standardized time series histogram:

       -4      -3      -2      -1       0      +1      +2      +3      +4
        +---+---+---+---+---+---+---+---+---+---+---+---+---+---+---+---+
        |                                 49                            |
        |                                ....                            |
        |                                .... 40                         |
        |                                ........                        |
        |                                ........                        |
        |                             33 ........                        |
        |                         29 ............                        |
        |                        ................                        |
        |                        ................                        |
        |                        ................                        |
        |                     18 ................                        |
        |                    .................... 15                     |
        |                 12 ........................10                  |
        |                ................................                |
        |              4 ................................                |
        |      1     .................................... 1  3           |
        |    ....    ............................................        |
        +---+---+---+---+---+---+---+---+---+---+---+---+---+---+---+---+
       -4      -3      -2      -1       0      +1      +2      +3      +4

              64 values outside (-1,+1): 29.77 % (31.74 % expected)
               9 values outside (-2,+2):  4.19 % ( 4.56 % expected)

Autocorrelation function (acf bands =  0.136):

            -1                         0                         1  L-B Q  DF
-------------+-------------------------+-------------------------+--------------
   1   0.031 |                      :  |* :                      | 
   2  -0.081 |                      :**|  :                      | 
   3  -0.010 |                      :  |  :                      | 
   4   0.014 |                      :  |  :                      | 
   5   0.122 |                      :  |***                      | 
   6   0.057 |                      :  |* :                      | 
   7   0.006 |                      :  |  :                      | 
   8   0.012 |                      :  |  :                      | 
   9   0.020 |                      :  |* :                      | 
  10   0.009 |                      :  |  :                      | 
  11   0.027 |                      :  |* :                      | 
  12   0.076 +                      :  |++:                      +   7.37  12
  13   0.022 |                      :  |* :                      | 
  14  -0.032 |                      : *|  :                      | 
  15   0.001 |                      :  |  :                      | 
  16   0.032 |                      :  |* :                      | 
  17   0.046 |                      :  |* :                      | 
  18   0.033 |                      :  |* :                      | 
  19  -0.011 |                      :  |  :                      | 
  20   0.111 |                      :  |***                      | 
  21   0.031 |                      :  |* :                      | 
  22   0.007 |                      :  |  :                      | 
  23  -0.044 |                      : *|  :                      | 
  24   0.043 +                      :  |+ :                      +  12.83  24
  25  -0.033 |                      : *|  :                      | 
  26   0.055 |                      :  |* :                      | 
  27   0.001 |                      :  |  :                      | 
  28  -0.046 |                      : *|  :                      | 
  29   0.027 |                      :  |* :                      | 
  30   0.083 |                      :  |**:                      | 
  31   0.014 |                      :  |  :                      | 
  32   0.034 |                      :  |* :                      | 
  33  -0.017 |                      :  |  :                      | 
  34   0.013 |                      :  |  :                      | 
  35   0.017 |                      :  |  :                      | 
  36   0.052 +                      :  |+ :                      +  17.55  36
  37  -0.059 |                      : *|  :                      | 
  38   0.033 |                      :  |* :                      | 
  39   0.047 |                      :  |* :                      | 
  40  -0.026 |                      : *|  :                      | 
  41   0.008 |                      :  |  :                      | 
  42  -0.026 |                      : *|  :                      |  19.71  42
-------------+-------------------------+-------------------------+--------------
            -1                         0                         1  L-B Q  DF

Partial autocorrelation function (pacf bands =  0.136):

            -1                         0                         1
-------------+-------------------------+-------------------------+--------------
   1   0.031 |                      :  |* :                      | 
   2  -0.082 |                      :**|  :                      | 
   3  -0.005 |                      :  |  :                      | 
   4   0.008 |                      :  |  :                      | 
   5   0.121 |                      :  |***                      | 
   6   0.052 |                      :  |* :                      | 
   7   0.023 |                      :  |* :                      | 
   8   0.022 |                      :  |* :                      | 
   9   0.020 |                      :  |* :                      | 
  10  -0.005 |                      :  |  :                      | 
  11   0.017 |                      :  |  :                      | 
  12   0.070 +                      :  |++:                      + 
  13   0.017 |                      :  |  :                      | 
  14  -0.029 |                      : *|  :                      | 
  15   0.003 |                      :  |  :                      | 
  16   0.020 |                      :  |  :                      | 
  17   0.025 |                      :  |* :                      | 
  18   0.024 |                      :  |* :                      | 
  19  -0.004 |                      :  |  :                      | 
  20   0.118 |                      :  |***                      | 
  21   0.016 |                      :  |  :                      | 
  22   0.014 |                      :  |  :                      | 
  23  -0.055 |                      : *|  :                      | 
  24   0.039 +                      :  |+ :                      + 
  25  -0.077 |                      :**|  :                      | 
  26   0.052 |                      :  |* :                      | 
  27  -0.020 |                      :  |  :                      | 
  28  -0.036 |                      : *|  :                      | 
  29   0.011 |                      :  |  :                      | 
  30   0.084 |                      :  |**:                      | 
  31   0.003 |                      :  |  :                      | 
  32   0.036 |                      :  |* :                      | 
  33  -0.019 |                      :  |  :                      | 
  34   0.026 |                      :  |* :                      | 
  35  -0.005 |                      :  |  :                      | 
  36   0.042 +                      :  |+ :                      + 
  37  -0.085 |                      :**|  :                      | 
  38   0.036 |                      :  |* :                      | 
  39   0.025 |                      :  |* :                      | 
  40  -0.031 |                      : *|  :                      | 
  41  -0.003 |                      :  |  :                      | 
  42  -0.040 |                      : *|  :                      | 
-------------+-------------------------+-------------------------+--------------
            -1                         0                         1


--- Cross-correlation functions between residuals ---

CROSS CORRELATION a[2] (IPC_ES) - a[1] (WTI)
      IPC_ES --> WTI IF k > 0
      WTI --> IPC_ES IF k < 0
CCF BANDS  2.0/SQRT(N) =  0.13640:

            -1                         0                         1
-------------+-------------------------+-------------------------+--------------
  -9   0.032 |                      :  |* :                      |                            
  -8  -0.015 |                      :  |  :                      |                            
  -7   0.099 |                      :  |**:                      |                            
  -6   0.059 |                      :  |* :                      |                            
  -5   0.100 |                      :  |***                      |                            
  -4  -0.122 |                      ***|  :                      |                            
  -3  -0.005 |                      :  |  :                      |                            
  -2  -0.030 |                      : *|  :                      |                            
  -1   0.268 |                      :  |*******                  |                            
   0   0.503 |                      :  |*************            |                            
   1  -0.054 |                      : *|  :                      |                            
   2  -0.025 |                      : *|  :                      |                            
   3  -0.047 |                      : *|  :                      |                            
   4   0.076 |                      :  |**:                      |                            
   5   0.003 |                      :  |  :                      |                            
   6  -0.105 |                      ***|  :                      |                            
   7   0.010 |                      :  |  :                      |                            
   8  -0.099 |                      :**|  :                      |                            
   9  -0.049 |                      : *|  :                      |                            
-------------+-------------------------+-------------------------+--------------
            -1                         0                         1
Q(10) = 62.684     k >= 0      Q( 9) =  7.782      k > 0
Q(10) = 79.536     k <= 0      Q( 9) = 24.635      k < 0

=============================================================
