Input Data File  : data/passthrough/WTI_IPC_DE.inp
Output File      : data/passthrough/WTI_IPC_DE.out
Model: VARMA(1,0)
Include mean     : yes
Diagonal AR      : no
Diagonal MA      : no
Diagonal Cov     : no
Estimation method: 1
Two-step init    : no
Frequency        : 12
Start            : 1 2002
Box-Cox lambda   : 0
Rescale factor   : 1
Differences      : d=1, D=0 (seasonal lag=12)
Deseasonalize    : harmonic (auto)
Series names     : WTI IPC_DE
Observations     : 215 (raw 216)

Number of parameters: 9

=============================================================
  OPTIMIZER STOPPED after 72 iterations
  Objective function = 0.002414368817
  Convergence criterion: last global step failed to locate a lower point
=============================================================



=============================================================
  Estimated Parameters and Standard Deviations               
=============================================================

                        Parameter     Estimate    Std.Error   t-stat  p-val
--------------------------------------------------------------------
mu[1]                   0.005350     0.008027    0.667 0.5051    
mu[2]                   0.001145     0.000183    6.259 0.0000 ***
phi[1]_11              0.314327     0.070393    4.465 0.0000 ***
phi[1]_12             -1.609338     2.581588   -0.623 0.5330    
phi[1]_21              0.002933     0.001965    1.493 0.1355    
phi[1]_22              0.051221     0.073551    0.696 0.4862    
cov[1,1]               1.970400     0.036794   53.552 0.0000 ***
cov[2,1]               0.021426     0.003544    6.046 0.0000 ***
cov[2,2]               0.001608     0.000206    7.814 0.0000 ***
--------------------------------------------------------------------
Signif. codes:  0 '***' 0.001 '**' 0.01 '*' 0.05 '.' 0.1 ' ' 1



=============================================================
           JOINT HYPOTHESIS TESTS (WALD)                    
=============================================================

Test of joint significance of last lag (AR(1) and MA(0)):
  Wald chi2(4) = 22.7150, p-value = 0.0001
  Conclusion: REJECT H0 → last lag is statistically significant.

Test of joint significance of last AR lag (AR(1)):
  Wald chi2(4) = 22.7150, p-value = 0.0001
  Conclusion: REJECT H0 → last AR lag is significant.

Test of joint significance of all cross effects:
  H0: all cross coefficients = 0
  Wald chi2(2) = 2.3777, p-value = 0.3046
  Conclusion: Cannot reject H0 → cross effects are not jointly significant.

--- Directional cross-effects tests ---

WTI: effects of other variables on it:
  H0: all coefficients in equation WTI from other vars = 0
  Wald chi2(1) = 0.3886, p-value = 0.5330
  Conclusion: Cannot reject H0 → WTI is not influenced by others.

WTI: effects of it on other variables:
  H0: all coefficients of WTI in other equations = 0
  Wald chi2(1) = 2.2284, p-value = 0.1355
  Conclusion: Cannot reject H0 → WTI does not influence others.

IPC_DE: effects of other variables on it:
  H0: all coefficients in equation IPC_DE from other vars = 0
  Wald chi2(1) = 2.2284, p-value = 0.1355
  Conclusion: Cannot reject H0 → IPC_DE is not influenced by others.

IPC_DE: effects of it on other variables:
  H0: all coefficients of IPC_DE in other equations = 0
  Wald chi2(1) = 0.3886, p-value = 0.5330
  Conclusion: Cannot reject H0 → IPC_DE does not influence others.


=============================================================
           ORTHOGONALIZED IMPULSE RESPONSE FUNCTIONS        
=============================================================
Shocks are orthogonalized via Cholesky decomposition of Sigma Matrix.
Order of variables: as in the model.

Shock to WTI:
Horizon      WTI   IPC_DE
    0     0.0828   0.0009
    1     0.0246   0.0003
    2     0.0073   0.0001
    3     0.0021   0.0000
    4     0.0006   0.0000
    5     0.0002   0.0000
    6     0.0001   0.0000
    7     0.0000   0.0000
    8     0.0000   0.0000
    9     0.0000   0.0000
   10     0.0000   0.0000
   11     0.0000   0.0000
   12     0.0000   0.0000
   13     0.0000   0.0000
   14     0.0000   0.0000
   15     0.0000   0.0000
   16     0.0000   0.0000
   17     0.0000   0.0000
   18     0.0000   0.0000
   19     0.0000   0.0000
   20     0.0000   0.0000

Shock to IPC_DE:
Horizon      WTI   IPC_DE
    0     0.0000   0.0022
    1    -0.0035   0.0001
    2    -0.0013  -0.0000
    3    -0.0004  -0.0000
    4    -0.0001  -0.0000
    5    -0.0000  -0.0000
    6    -0.0000  -0.0000
    7    -0.0000  -0.0000
    8    -0.0000  -0.0000
    9    -0.0000  -0.0000
   10    -0.0000  -0.0000
   11    -0.0000  -0.0000
   12    -0.0000  -0.0000
   13    -0.0000  -0.0000
   14    -0.0000  -0.0000
   15    -0.0000  -0.0000
   16    -0.0000  -0.0000
   17    -0.0000  -0.0000
   18    -0.0000  -0.0000
   19    -0.0000  -0.0000
   20    -0.0000  -0.0000


=============================================================
        ACCUMULATED IMPULSE RESPONSE FUNCTIONS               
=============================================================
Cumulative response of each variable to a one-s.d. shock
(sum of responses up to each horizon).

Shock to WTI:
Horizon      WTI   IPC_DE
    0     0.0828   0.0009
    1     0.1074   0.0012
    2     0.1146   0.0013
    3     0.1168   0.0013
    4     0.1174   0.0013
    5     0.1176   0.0013
    6     0.1177   0.0013
    7     0.1177   0.0013
    8     0.1177   0.0013
    9     0.1177   0.0013
   10     0.1177   0.0013
   11     0.1177   0.0013
   12     0.1177   0.0013
   13     0.1177   0.0013
   14     0.1177   0.0013
   15     0.1177   0.0013
   16     0.1177   0.0013
   17     0.1177   0.0013
   18     0.1177   0.0013
   19     0.1177   0.0013
   20     0.1177   0.0013

Shock to IPC_DE:
Horizon      WTI   IPC_DE
    0     0.0000   0.0022
    1    -0.0035   0.0023
    2    -0.0048   0.0023
    3    -0.0052   0.0023
    4    -0.0053   0.0023
    5    -0.0054   0.0023
    6    -0.0054   0.0023
    7    -0.0054   0.0023
    8    -0.0054   0.0023
    9    -0.0054   0.0023
   10    -0.0054   0.0023
   11    -0.0054   0.0023
   12    -0.0054   0.0023
   13    -0.0054   0.0023
   14    -0.0054   0.0023
   15    -0.0054   0.0023
   16    -0.0054   0.0023
   17    -0.0054   0.0023
   18    -0.0054   0.0023
   19    -0.0054   0.0023
   20    -0.0054   0.0023


=============================================================
  LONG‑RUN GAIN, SHOCK STD. DEVIATIONS AND MEAN LAG        
=============================================================

Structural shock standard deviations (one‑s.d. shock size):
  WTI      : 0.0828
  IPC_DE   : 0.0022

Shock to WTI:
  WTI      : gain =   0.1177  mean lag =   0.42 months
  IPC_DE   : gain =   0.0013  mean lag =   0.45 months

Shock to IPC_DE:
  WTI      : gain =  -0.0054  mean lag =   1.49 months
  IPC_DE   : gain =   0.0023  mean lag =   0.04 months
=============================================================



=============================================================
           FORECAST ERROR VARIANCE DECOMPOSITION             
=============================================================
Values are percentages of forecast error variance accounted for by each shock.
Shocks are orthogonalized via Cholesky decomposition.

WTI:
Horizon      WTI   IPC_DE
    1     100.00     0.00
    2      99.83     0.17
    3      99.81     0.19
    4      99.81     0.19
    5      99.81     0.19
    6      99.81     0.19
    7      99.81     0.19
    8      99.81     0.19
    9      99.81     0.19
   10      99.81     0.19
   11      99.81     0.19
   12      99.81     0.19
   13      99.81     0.19
   14      99.81     0.19
   15      99.81     0.19
   16      99.81     0.19
   17      99.81     0.19
   18      99.81     0.19
   19      99.81     0.19
   20      99.81     0.19

IPC_DE:
Horizon      WTI   IPC_DE
    1      14.49    85.51
    2      15.71    84.29
    3      15.82    84.18
    4      15.83    84.17
    5      15.83    84.17
    6      15.83    84.17
    7      15.83    84.17
    8      15.83    84.17
    9      15.83    84.17
   10      15.83    84.17
   11      15.83    84.17
   12      15.83    84.17
   13      15.83    84.17
   14      15.83    84.17
   15      15.83    84.17
   16      15.83    84.17
   17      15.83    84.17
   18      15.83    84.17
   19      15.83    84.17
   20      15.83    84.17



=============================================================
           MULTIVARIATE RESIDUAL DIAGNOSTICS                
=============================================================

Hosking's Multivariate Portmanteau Test (lag 14):
  Q(56) = 80.3416, p-value = 0.0182
  *** REJECT H0: residuals are not white noise.

Multivariate Jarque-Bera Test (normality):
  JB(4) = 9.7179, p-value = 0.0455
  *** REJECT H0: residuals are not normally distributed.
=============================================================

Normalized model:
mu vector:
      0.005350
      0.001145
phi(1) matrix:
      0.314327     -1.609338
      0.002933      0.051221
Q matrix:
      1.970400
      0.021426      0.001608
Sigma = sigma2 * Q:
      0.006857
      0.000075      0.000006

Inverse roots of |phi(B)|=0:
      0.294959      0.000000 i  (modulus     0.294959)
      0.070589      0.000000 i  (modulus     0.070589)



=============================================================
                RESIDUAL DIAGNOSTICS                         
=============================================================

--- Residual series a[1] (WTI) ---
Unconditional residuals (seasonal period: 12)
215 observations: from 2/2002 to 12/2019

                  Mean:          -0.000080
Standard error of mean:           0.005647
              Variance:           0.006856
    Standard deviation:           0.082803
              Skewness:          -0.375156
              Kurtosis:           0.421957
               Minimum:          -0.271135 at 10/2008 (observation  81)
               Maximum:           0.221790 at  3/2016 (observation 170)

Standardized time series plot (original values on right-side column):

               -3      -2     -1       0      +1     +2      +3   
-------------+--+-------+------+-------+-------+------+-------+--+--------------
   1  2/2002 |          :      :       |   *   :      :          |  0.0433661789
   2  3/2002 |          :      :       |       :    * :          |  0.1407484801
   3  4/2002 |          :      :       |*      :      :          |  0.0158578076
   4  5/2002 |          :      :       *       :      :          | -0.0021182808
   5  6/2002 |          :      : *     |       :      :          | -0.0703004571
   6  7/2002 |          :      :       |     * :      :          |  0.0659330533
   7  8/2002 |          :      :       |  *    :      :          |  0.0280799891
   8  9/2002 |          :      :       | *     :      :          |  0.0223722971
   9 10/2002 |          :      :   *   |       :      :          | -0.0449613567
  10 11/2002 |          :      *       |       :      :          | -0.0904698456
  11 12/2002 +          :      :       |       :    * :          +  0.1368681401
  12  1/2003 |          :      :       |      *:      :          |  0.0794717739
  13  2/2003 |          :      :       |    *  :      :          |  0.0545499469
  14  3/2003 |          :     *:       |       :      :          | -0.0955135062
  15  4/2003 |          *      :       |       :      :          | -0.1608201455
  16  5/2003 |          :      :       |   *   :      :          |  0.0408067969
  17  6/2003 |          :      :       |      *:      :          |  0.0784623707
  18  7/2003 |          :      :     * |       :      :          | -0.0262976408
  19  8/2003 |          :      :       | *     :      :          |  0.0192576486
  20  9/2003 |          :   *  :       |       :      :          | -0.1223674878
  21 10/2003 |          :      :       |       :*     :          |  0.1013209490
  22 11/2003 |          :      :       *       :      :          | -0.0006953406
  23 12/2003 +          :      :       | *     :      :          +  0.0219605722
  24  1/2004 |          :      :       |    *  :      :          |  0.0532532068
  25  2/2004 |          :      :       *       :      :          | -0.0017086337
  26  3/2004 |          :      :       |   *   :      :          |  0.0442894519
  27  4/2004 |          :      :     * |       :      :          | -0.0234737347
  28  5/2004 |          :      :       |       :*     :          |  0.0927166591
  29  6/2004 |          :      *       |       :      :          | -0.0894443604
  30  7/2004 |          :      :       |      *:      :          |  0.0798679724
  31  8/2004 |          :      :       |      *:      :          |  0.0710790208
  32  9/2004 |          :      :      *|       :      :          | -0.0106943553
  33 10/2004 |          :      :       |       :   *  :          |  0.1311589511
  34 11/2004 |          : *    :       |       :      :          | -0.1392265572
  35 12/2004 +          :      *       |       :      :          + -0.0847929028
  36  1/2005 |          :      :       |       :  *   :          |  0.1188550563
  37  2/2005 |          :      :      *|       :      :          | -0.0079960570
  38  3/2005 |          :      :       |       : *    :          |  0.1107148860
  39  4/2005 |          :      : *     |       :      :          | -0.0645277622
  40  5/2005 |          :      : *     |       :      :          | -0.0662080852
  41  6/2005 |          :      :       |       :    * :          |  0.1385957941
  42  7/2005 |          :      :       *       :      :          |  0.0001458672
  43  8/2005 |          :      :       |       *      :          |  0.0871667102
  44  9/2005 |          :      :     * |       :      :          | -0.0244608410
  45 10/2005 |          :      :  *    |       :      :          | -0.0540300840
  46 11/2005 |          :      :  *    |       :      :          | -0.0553824584
  47 12/2005 +          :      :       |  *    :      :          +  0.0365611447
  48  1/2006 |          :      :       |       *      :          |  0.0911107980
  49  2/2006 |          :     *:       |       :      :          | -0.0931320731
  50  3/2006 |          :      :       |  *    :      :          |  0.0356213275
  51  4/2006 |          :      :       |       *      :          |  0.0863859622
  52  5/2006 |          :      :      *|       :      :          | -0.0138589143
  53  6/2006 |          :      :      *|       :      :          | -0.0116557212
  54  7/2006 |          :      :       |   *   :      :          |  0.0451450302
  55  8/2006 |          :      :    *  |       :      :          | -0.0363702894
  56  9/2006 |          : *    :       |       :      :          | -0.1361386052
  57 10/2006 |          :      :   *   |       :      :          | -0.0480792397
  58 11/2006 |          :      :       |  *    :      :          |  0.0321566275
  59 12/2006 +          :      :       |   *   :      :          +  0.0412365658
  60  1/2007 |          : *    :       |       :      :          | -0.1403093689
  61  2/2007 |          :      :       |       :   *  :          |  0.1269662758
  62  3/2007 |          :      :      *|       :      :          | -0.0101266249
  63  4/2007 |          :      :       |   *   :      :          |  0.0421547646
  64  5/2007 |          :      :     * |       :      :          | -0.0228447469
  65  6/2007 |          :      :       |    *  :      :          |  0.0576047703
  66  7/2007 |          :      :       |      *:      :          |  0.0711444313
  67  8/2007 |          :      :  *    |       :      :          | -0.0553275921
  68  9/2007 |          :      :       |       :*     :          |  0.1010649768
  69 10/2007 |          :      :       |   *   :      :          |  0.0431117746
  70 11/2007 |          :      :       |     * :      :          |  0.0695533592
  71 12/2007 +          :      :  *    |       :      :          + -0.0510557972
  72  1/2008 |          :      :       | *     :      :          |  0.0205969125
  73  2/2008 |          :      :       | *     :      :          |  0.0196996546
  74  3/2008 |          :      :       |       *      :          |  0.0896772097
  75  4/2008 |          :      :       |  *    :      :          |  0.0302486667
  76  5/2008 |          :      :       |      *:      :          |  0.0786420317
  77  6/2008 |          :      :       |  *    :      :          |  0.0349697881
  78  7/2008 |          :      :     * |       :      :          | -0.0249250010
  79  8/2008 |          :  *   :       |       :      :          | -0.1331036072
  80  9/2008 |          :      *       |       :      :          | -0.0824067149
  81 10/2008>|*         :      :       |       :      :          |>-0.2711352152
  82 11/2008>|       *  :      :       |       :      :          |>-0.2003289621
  83 12/2008>+  *       :      :       |       :      :          +>-0.2536347337
  84  1/2009 |          :      :       |       :  *   :          |  0.1152772895
  85  2/2009 |          :      :*      |       :      :          | -0.0728006001
  86  3/2009>|          :      :       |       :      :    *     |> 0.2209807724
  87  4/2009 |          :      :   *   |       :      :          | -0.0381554919
  88  5/2009 |          :      :       |       :     *:          |  0.1555123314
  89  6/2009 |          :      :       |       : *    :          |  0.1031597174
  90  7/2009 |          : *    :       |       :      :          | -0.1356250183
  91  8/2009 |          :      :       |       :  *   :          |  0.1208539841
  92  9/2009 |          :      :  *    |       :      :          | -0.0553741363
  93 10/2009 |          :      :       |       *      :          |  0.0841548979
  94 11/2009 |          :      :       *       :      :          | -0.0000600027
  95 12/2009 +          :      : *     |       :      :          + -0.0609613614
  96  1/2010 |          :      :       |     * :      :          |  0.0682642554
  97  2/2010 |          :      :   *   |       :      :          | -0.0448195597
  98  3/2010 |          :      :       |     * :      :          |  0.0625880748
  99  4/2010 |          :      :       | *     :      :          |  0.0195839425
 100  5/2010 |          :*     :       |       :      :          | -0.1521891736
 101  6/2010 |          :      :       |    *  :      :          |  0.0562580591
 102  7/2010 |          :      :       *       :      :          |  0.0009877275
 103  8/2010 |          :      :       *       :      :          | -0.0051586666
 104  9/2010 |          :      :     * |       :      :          | -0.0237300180
 105 10/2010 |          :      :       |       *      :          |  0.0850463678
 106 11/2010 |          :      :       *       :      :          | -0.0013229836
 107 12/2010 +          :      :       |    *  :      :          +  0.0496065956
 108  1/2011 |          :      :      *|       :      :          | -0.0141881892
 109  2/2011 |          :      :       *       :      :          | -0.0013169226
 110  3/2011 |          :      :       |       :    * :          |  0.1379715490
 111  4/2011 |          :      :       | *     :      :          |  0.0226049553
 112  5/2011 |          :    * :       |       :      :          | -0.1087131367
 113  6/2011 |          :      :    *  |       :      :          | -0.0313814326
 114  7/2011 |          :      :       | *     :      :          |  0.0210491320
 115  8/2011 |          :  *   :       |       :      :          | -0.1264032034
 116  9/2011 |          :      :       | *     :      :          |  0.0267649804
 117 10/2011 |          :      :       |*      :      :          |  0.0104165803
 118 11/2011 |          :      :       |       : *    :          |  0.1128250453
 119 12/2011 +          :      :     * |       :      :          + -0.0218026156
 120  1/2012 |          :      :       *       :      :          |  0.0045819884
 121  2/2012 |          :      :       | *     :      :          |  0.0162745321
 122  3/2012 |          :      :       |  *    :      :          |  0.0309831525
 123  4/2012 |          :      :   *   |       :      :          | -0.0396895928
 124  5/2012 |          :      *       |       :      :          | -0.0856803303
 125  6/2012 |          :   *  :       |       :      :          | -0.1196212691
 126  7/2012 |          :      :       |       :*     :          |  0.1006922521
 127  8/2012 |          :      :       |   *   :      :          |  0.0448400742
 128  9/2012 |          :      :      *|       :      :          | -0.0124892509
 129 10/2012 |          :      :  *    |       :      :          | -0.0593682983
 130 11/2012 |          :      :     * |       :      :          | -0.0192932963
 131 12/2012 +          :      :       |  *    :      :          +  0.0280132329
 132  1/2013 |          :      :       |    *  :      :          |  0.0586529642
 133  2/2013 |          :      :     * |       :      :          | -0.0191533519
 134  3/2013 |          :      :    *  |       :      :          | -0.0285863751
 135  4/2013 |          :      :       *       :      :          | -0.0053208309
 136  5/2013 |          :      :       | *     :      :          |  0.0203132434
 137  6/2013 |          :      :       *       :      :          |  0.0019924344
 138  7/2013 |          :      :       |      *:      :          |  0.0803455739
 139  8/2013 |          :      :      *|       :      :          | -0.0106396480
 140  9/2013 |          :      :      *|       :      :          | -0.0124186044
 141 10/2013 |          :      :  *    |       :      :          | -0.0581687183
 142 11/2013 |          :      :  *    |       :      :          | -0.0585763688
 143 12/2013 +          :      :       |     * :      :          +  0.0638179952
 144  1/2014 |          :      :   *   |       :      :          | -0.0480380717
 145  2/2014 |          :      :       |     * :      :          |  0.0662097335
 146  3/2014 |          :      :     * |       :      :          | -0.0225871556
 147  4/2014 |          :      :       |*      :      :          |  0.0068101550
 148  5/2014 |          :      :      *|       :      :          | -0.0098691413
 149  6/2014 |          :      :       | *     :      :          |  0.0264155151
 150  7/2014 |          :      :    *  |       :      :          | -0.0345560205
 151  8/2014 |          :      : *     |       :      :          | -0.0671758952
 152  9/2014 |          :      :     * |       :      :          | -0.0169137930
 153 10/2014 |          :      *       |       :      :          | -0.0916521885
 154 11/2014 |          :      *       |       :      :          | -0.0836835019
 155 12/2014>+     *    :      :       |       :      :          +>-0.2123534389
 156  1/2015 |          *      :       |       :      :          | -0.1633395542
 157  2/2015 |          :      :       |       :   *  :          |  0.1280356013
 158  3/2015 |          :      :*      |       :      :          | -0.0767217821
 159  4/2015 |          :      :       |       :     *:          |  0.1468351548
 160  5/2015 |          :      :       |   *   :      :          |  0.0455266075
 161  6/2015 |          :      :     * |       :      :          | -0.0202692481
 162  7/2015>|         *:      :       |       :      :          |>-0.1704338207
 163  8/2015 |          :  *   :       |       :      :          | -0.1259498266
 164  9/2015 |          :      :       |       : *    :          |  0.1073913530
 165 10/2015 |          :      :      *|       :      :          | -0.0075470937
 166 11/2015 |          :     *:       |       :      :          | -0.0942797517
 167 12/2015 +          :   *  :       |       :      :          + -0.1160982503
 168  1/2016 |          :  *   :       |       :      :          | -0.1300150402
 169  2/2016 |          :      :       *       :      :          | -0.0022789537
 170  3/2016>|          :      :       |       :      :    *     |> 0.2217904338
 171  4/2016 |          :      :       |*      :      :          |  0.0156171916
 172  5/2016 |          :      :       |       : *    :          |  0.1072010103
 173  6/2016 |          :      :       *       :      :          |  0.0022935230
 174  7/2016 |          :    * :       |       :      :          | -0.1059155759
 175  8/2016 |          :      :       | *     :      :          |  0.0259188209
 176  9/2016 |          :      :       *       :      :          |  0.0040659495
 177 10/2016 |          :      :       |       *      :          |  0.0920069492
 178 11/2016 |          :   *  :       |       :      :          | -0.1190788389
 179 12/2016 +          :      :       |       :    * :          +  0.1457725434
 180  1/2017 |          :      :    *  |       :      :          | -0.0315318124
 181  2/2017 |          :      :       |*      :      :          |  0.0097297118
 182  3/2017 |          :      *       |       :      :          | -0.0888397895
 183  4/2017 |          :      :       |    *  :      :          |  0.0540323072
 184  5/2017 |          :      : *     |       :      :          | -0.0612764489
 185  6/2017 |          :      : *     |       :      :          | -0.0604307436
 186  7/2017 |          :      :       |    *  :      :          |  0.0527200605
 187  8/2017 |          :      :       | *     :      :          |  0.0181716667
 188  9/2017 |          :      :       | *     :      :          |  0.0246744913
 189 10/2017 |          :      :       | *     :      :          |  0.0198243906
 190 11/2017 |          :      :       |      *:      :          |  0.0770886452
 191 12/2017 +          :      :      *|       :      :          + -0.0151851034
 192  1/2018 |          :      :       |       *      :          |  0.0846255442
 193  2/2018 |          :      :  *    |       :      :          | -0.0588540373
 194  3/2018 |          :      :       |*      :      :          |  0.0094842029
 195  4/2018 |          :      :       |    *  :      :          |  0.0512933159
 196  5/2018 |          :      :       |  *    :      :          |  0.0372711959
 197  6/2018 |          :      :   *   |       :      :          | -0.0425306759
 198  7/2018 |          :      :       |    *  :      :          |  0.0500322893
 199  8/2018 |          :      :  *    |       :      :          | -0.0578503396
 200  9/2018 |          :      :       |   *   :      :          |  0.0421881787
 201 10/2018 |          :      :       *       :      :          | -0.0027258750
 202 11/2018>|     *    :      :       |       :      :          |>-0.2214500892
 203 12/2018 +          :      *       |       :      :          + -0.0824638707
 204  1/2019 |          :      :       |     * :      :          |  0.0699424288
 205  2/2019 |          :      :       |   *   :      :          |  0.0452822922
 206  3/2019 |          :      :       |  *    :      :          |  0.0312736452
 207  4/2019 |          :      :       |      *:      :          |  0.0733875516
 208  5/2019 |          :      : *     |       :      :          | -0.0687137519
 209  6/2019 |          :     *:       |       :      :          | -0.0946421395
 210  7/2019 |          :      :       |      *:      :          |  0.0804766882
 211  8/2019 |          :      : *     |       :      :          | -0.0622194992
 212  9/2019 |          :      :       |   *   :      :          |  0.0468726771
 213 10/2019 |          :      : *     |       :      :          | -0.0694924727
 214 11/2019 |          :      :       |     * :      :          |  0.0683150318
 215 12/2019 +          :      :       | *     :      :          +  0.0191782849
-------------+--+-------+------+-------+-------+------+-------+--+--------------
               -3      -2     -1       0      +1     +2      +3   

                 +------------------------------------------+
                 |       Table of standardized values       |
                 |       greater than or equal to 2.0       |
                 +------------------------------------------+
                 |                                          |
                 | Observation    Date   Standardized value |
                 |                                          |
                 |     81       10/2008        -3.27        |
                 |     82       11/2008        -2.42        |
                 |     83       12/2008        -3.06        |
                 |     86        3/2009         2.67        |
                 |    155       12/2014        -2.56        |
                 |    162        7/2015        -2.06        |
                 |    170        3/2016         2.68        |
                 |    202       11/2018        -2.67        |
                 +------------------------------------------+

Standardized time series histogram:

       -4      -3      -2      -1       0      +1      +2      +3      +4
        +---+---+---+---+---+---+---+---+---+---+---+---+---+---+---+---+
        |                             40 42                            
        |                            ........ 38                         |
        |                            ............                        |
        |                            ............                        |
        |                         29 ............                        |
        |                        ................                        |
        |                        ................                        |
        |                        ................                        |
        |                        ................ 20                     |
        |                     17 ....................                    |
        |                    ........................                    |
        |                 11 ........................                    |
        |                ............................ 10                 |
        |                ................................                |
        |                ................................                |
        |      2  2  2   ................................   2            |
        |    ............................................    ....        |
        +---+---+---+---+---+---+---+---+---+---+---+---+---+---+---+---+
       -4      -3      -2      -1       0      +1      +2      +3      +4

              66 values outside (-1,+1): 30.70 % (31.74 % expected)
               8 values outside (-2,+2):  3.72 % ( 4.56 % expected)

Autocorrelation function (acf bands =  0.136):

            -1                         0                         1  L-B Q  DF
-------------+-------------------------+-------------------------+--------------
   1  -0.018 |                      :  |  :                      | 
   2   0.084 |                      :  |**:                      | 
   3  -0.101 |                      ***|  :                      | 
   4  -0.071 |                      :**|  :                      | 
   5   0.059 |                      :  |* :                      | 
   6  -0.109 |                      ***|  :                      | 
   7  -0.013 |                      :  |  :                      | 
   8  -0.124 |                      ***|  :                      | 
   9  -0.039 |                      : *|  :                      | 
  10   0.050 |                      :  |* :                      | 
  11   0.056 |                      :  |* :                      | 
  12   0.035 +                      :  |+ :                      +  13.82  12
  13  -0.047 |                      : *|  :                      | 
  14  -0.058 |                      : *|  :                      | 
  15   0.023 |                      :  |* :                      | 
  16  -0.057 |                      : *|  :                      | 
  17  -0.001 |                      :  |  :                      | 
  18  -0.040 |                      : *|  :                      | 
  19   0.030 |                      :  |* :                      | 
  20   0.058 |                      :  |* :                      | 
  21   0.025 |                      :  |* :                      | 
  22   0.038 |                      :  |* :                      | 
  23  -0.043 |                      : *|  :                      | 
  24  -0.081 +                      :++|  :                      +  19.96  24
  25   0.136 |                      :  |***                      | 
  26  -0.018 |                      :  |  :                      | 
  27   0.031 |                      :  |* :                      | 
  28  -0.053 |                      : *|  :                      | 
  29  -0.049 |                      : *|  :                      | 
  30   0.058 |                      :  |* :                      | 
  31  -0.010 |                      :  |  :                      | 
  32  -0.039 |                      : *|  :                      | 
  33   0.024 |                      :  |* :                      | 
  34   0.031 |                      :  |* :                      | 
  35   0.044 |                      :  |* :                      | 
  36  -0.054 +                      : +|  :                      +  29.03  36
  37  -0.012 |                      :  |  :                      | 
  38  -0.011 |                      :  |  :                      | 
  39  -0.061 |                      :**|  :                      | 
  40   0.056 |                      :  |* :                      | 
  41   0.036 |                      :  |* :                      | 
  42   0.036 |                      :  |* :                      |  31.62  42
-------------+-------------------------+-------------------------+--------------
            -1                         0                         1  L-B Q  DF

Partial autocorrelation function (pacf bands =  0.136):

            -1                         0                         1
-------------+-------------------------+-------------------------+--------------
   1  -0.018 |                      :  |  :                      | 
   2   0.084 |                      :  |**:                      | 
   3  -0.099 |                      :**|  :                      | 
   4  -0.082 |                      :**|  :                      | 
   5   0.075 |                      :  |**:                      | 
   6  -0.108 |                      ***|  :                      | 
   7  -0.044 |                      : *|  :                      | 
   8  -0.101 |                      ***|  :                      | 
   9  -0.053 |                      : *|  :                      | 
  10   0.043 |                      :  |* :                      | 
  11   0.052 |                      :  |* :                      | 
  12  -0.007 +                      :  |  :                      + 
  13  -0.046 |                      : *|  :                      | 
  14  -0.066 |                      :**|  :                      | 
  15   0.020 |                      :  |* :                      | 
  16  -0.069 |                      :**|  :                      | 
  17  -0.028 |                      : *|  :                      | 
  18  -0.017 |                      :  |  :                      | 
  19   0.038 |                      :  |* :                      | 
  20   0.044 |                      :  |* :                      | 
  21   0.008 |                      :  |  :                      | 
  22  -0.001 |                      :  |  :                      | 
  23  -0.034 |                      : *|  :                      | 
  24  -0.094 +                      :++|  :                      + 
  25   0.155 |                      :  |****                     | 
  26  -0.001 |                      :  |  :                      | 
  27  -0.008 |                      :  |  :                      | 
  28  -0.005 |                      :  |  :                      | 
  29  -0.030 |                      : *|  :                      | 
  30   0.022 |                      :  |* :                      | 
  31   0.005 |                      :  |  :                      | 
  32  -0.098 |                      :**|  :                      | 
  33   0.075 |                      :  |**:                      | 
  34   0.079 |                      :  |**:                      | 
  35   0.024 |                      :  |* :                      | 
  36  -0.077 +                      :++|  :                      + 
  37  -0.028 |                      : *|  :                      | 
  38   0.011 |                      :  |  :                      | 
  39  -0.046 |                      : *|  :                      | 
  40   0.024 |                      :  |* :                      | 
  41   0.080 |                      :  |**:                      | 
  42   0.020 |                      :  |  :                      | 
-------------+-------------------------+-------------------------+--------------
            -1                         0                         1


--- Residual series a[2] (IPC_DE) ---
Unconditional residuals (seasonal period: 12)
215 observations: from 2/2002 to 12/2019

                  Mean:           0.000000
Standard error of mean:           0.000161
              Variance:           0.000006
    Standard deviation:           0.002366
              Skewness:           0.209288
              Kurtosis:           0.410573
               Minimum:          -0.005496 at 12/2014 (observation 155)
               Maximum:           0.007894 at  4/2019 (observation 207)

Standardized time series plot (original values on right-side column):

                -3     -2      -1      0     +1      +2     +3    
-------------+---+------+-------+------+------+-------+------+---+--------------
   1  2/2002 |          :       : *    |      :       :          | -0.0014488571
   2  3/2002 |          :       :  *   |      :       :          | -0.0014079233
   3  4/2002 |          :      *:      |      :       :          | -0.0026602448
   4  5/2002 |          :       :    * |      :       :          | -0.0004981961
   5  6/2002 |          :       : *    |      :       :          | -0.0015996870
   6  7/2002 |          :       :*     |      :       :          | -0.0017898559
   7  8/2002 |          :       :  *   |      :       :          | -0.0013076878
   8  9/2002 |          :       :      |*     :       :          |  0.0003665463
   9 10/2002 |          :       :  *   |      :       :          | -0.0013355396
  10 11/2002 |          :       :  *   |      :       :          | -0.0011813525
  11 12/2002 +          :       :      |      :    *  :          +  0.0039157268
  12  1/2003>|          :       :      |      :       *          |> 0.0048002435
  13  2/2003 |          :       :      | *    :       :          |  0.0005338351
  14  3/2003 |          : *     :      |      :       :          | -0.0041601759
  15  4/2003 |          :    *  :      |      :       :          | -0.0031131564
  16  5/2003 |          :   *   :      |      :       :          | -0.0035356783
  17  6/2003 |          :       :      |      :*      :          |  0.0025076555
  18  7/2003 |          :      *:      |      :       :          | -0.0024021825
  19  8/2003 |          :       :      *      :       :          |  0.0001179536
  20  9/2003 |          :       :      |*     :       :          |  0.0003600255
  21 10/2003 |          :       :      |*     :       :          |  0.0003862538
  22 11/2003 |          :       :     *|      :       :          | -0.0002654352
  23 12/2003 +          :       :      |      *       :          +  0.0021849465
  24  1/2004>|          :       :      |      :       :*         |> 0.0050287892
  25  2/2004 |          :    *  :      |      :       :          | -0.0030982755
  26  3/2004 |          :       :      *      :       :          |  0.0000286375
  27  4/2004 |          :       :      |   *  :       :          |  0.0013672364
  28  5/2004 |          :       :      | *    :       :          |  0.0007573970
  29  6/2004 |          :       :*     |      :       :          | -0.0018431905
  30  7/2004 |          :       :*     |      :       :          | -0.0017647701
  31  8/2004 |          :       :      |   *  :       :          |  0.0011480435
  32  9/2004 |          :      *:      |      :       :          | -0.0024354300
  33 10/2004 |          :       :      |   *  :       :          |  0.0013511406
  34 11/2004 |          :       :      | *    :       :          |  0.0006730313
  35 12/2004>+          :       :      |      :       :   *      +> 0.0061048547
  36  1/2005 |          :       *      |      :       :          | -0.0022452897
  37  2/2005 |          :       : *    |      :       :          | -0.0014976153
  38  3/2005 |          :       :      |   *  :       :          |  0.0011489764
  39  4/2005>|         *:       :      |      :       :          |>-0.0050966553
  40  5/2005 |          :       :      |   *  :       :          |  0.0011172049
  41  6/2005 |          :       :      *      :       :          | -0.0001480407
  42  7/2005 |          :       :      |   *  :       :          |  0.0013494656
  43  8/2005 |          :       :      |  *   :       :          |  0.0009950820
  44  9/2005 |          :       :      |   *  :       :          |  0.0012487907
  45 10/2005 |          :       :      *      :       :          | -0.0000672197
  46 11/2005 |          :       :      *      :       :          |  0.0000498699
  47 12/2005 +          :       :      |      *       :          +  0.0023379926
  48  1/2006 |          :       :      |   *  :       :          |  0.0012221622
  49  2/2006 |          :       :    * |      :       :          | -0.0005258506
  50  3/2006 |          :   *   :      |      :       :          | -0.0035518681
  51  4/2006 |          :       :      |      : *     :          |  0.0027913704
  52  5/2006 |          :       *      |      :       :          | -0.0020864767
  53  6/2006 |          :       :      |  *   :       :          |  0.0009361812
  54  7/2006 |          :       :      |*     :       :          |  0.0003836259
  55  8/2006 |          :      *:      |      :       :          | -0.0026141467
  56  9/2006 |          :    *  :      |      :       :          | -0.0030814324
  57 10/2006 |          :       :      |     *:       :          |  0.0018000171
  58 11/2006 |          :       :      |      :*      :          |  0.0024788566
  59 12/2006 +          :       :      |      :  *    :          +  0.0031485488
  60  1/2007 |          :       :      |      :       *          |  0.0046334980
  61  2/2007 |          :       :  *   |      :       :          | -0.0012532865
  62  3/2007 |          :       : *    |      :       :          | -0.0014818127
  63  4/2007 |          :       :      |      :    *  :          |  0.0037772869
  64  5/2007 |          :       :*     |      :       :          | -0.0019930228
  65  6/2007 |          :       :     *|      :       :          | -0.0002141358
  66  7/2007 |          :       :      |   *  :       :          |  0.0014201752
  67  8/2007 |          :       : *    |      :       :          | -0.0016021980
  68  9/2007 |          :       :      |    * :       :          |  0.0016466920
  69 10/2007 |          :       :      |     *:       :          |  0.0019852377
  70 11/2007>|          :       :      |      :       :        * |> 0.0077068402
  71 12/2007 +          :       :      *      :       :          +  0.0001403950
  72  1/2008 |          :       :      |   *  :       :          |  0.0013255683
  73  2/2008 |          :       :     *|      :       :          | -0.0003154302
  74  3/2008 |          :       :      |  *   :       :          |  0.0009444324
  75  4/2008 |          :  *    :      |      :       :          | -0.0036475311
  76  5/2008 |          :       :      |      :     * :          |  0.0041296093
  77  6/2008 |          :       :      |    * :       :          |  0.0014258018
  78  7/2008 |          :       :      |      *       :          |  0.0023512528
  79  8/2008 |          :  *    :      |      :       :          | -0.0036554889
  80  9/2008 |          :       :      |  *   :       :          |  0.0008644878
  81 10/2008 |          :       :*     |      :       :          | -0.0019983564
  82 11/2008 |          :       : *    |      :       :          | -0.0014399060
  83 12/2008 +          :       : *    |      :       :          + -0.0016726437
  84  1/2009 |          :       :      |   *  :       :          |  0.0012273000
  85  2/2009 |          :       :      |  *   :       :          |  0.0008706710
  86  3/2009 |          *       :      |      :       :          | -0.0046086813
  87  4/2009 |          :       :  *   |      :       :          | -0.0013373215
  88  5/2009 |          :       : *    |      :       :          | -0.0016819408
  89  6/2009 |          :       :      |    * :       :          |  0.0015285334
  90  7/2009 |          :  *    :      |      :       :          | -0.0036700618
  91  8/2009 |          :       :      |      :*      :          |  0.0026059013
  92  9/2009 |          *       :      |      :       :          | -0.0047152615
  93 10/2009 |          :       :      |   *  :       :          |  0.0014065190
  94 11/2009 |          :       :      | *    :       :          |  0.0006729878
  95 12/2009 +          :       :      |      : *     :          +  0.0029371708
  96  1/2010 |          :       :   *  |      :       :          | -0.0010575027
  97  2/2010 |          :       : *    |      :       :          | -0.0014630965
  98  3/2010 |          :       :      |      *       :          |  0.0022491050
  99  4/2010 |          :       :  *   |      :       :          | -0.0012740173
 100  5/2010 |          :       : *    |      :       :          | -0.0016817490
 101  6/2010 |          :       :   *  |      :       :          | -0.0010137749
 102  7/2010 |          :       :*     |      :       :          | -0.0019169139
 103  8/2010 |          :       :      |  *   :       :          |  0.0010934068
 104  9/2010 |          :       :   *  |      :       :          | -0.0009306607
 105 10/2010 |          :       :      |   *  :       :          |  0.0011937660
 106 11/2010 |          :       :      |      : *     :          |  0.0029163864
 107 12/2010 +          :       :      |    * :       :          +  0.0016450644
 108  1/2011 |          :       :      |  *   :       :          |  0.0009357874
 109  2/2011 |          :       :      |     *:       :          |  0.0019233396
 110  3/2011 |          :       :      |     *:       :          |  0.0019418534
 111  4/2011 |          :       : *    |      :       :          | -0.0015019162
 112  5/2011 |          :       :*     |      :       :          | -0.0017532717
 113  6/2011 |          :       :      *      :       :          | -0.0000458371
 114  7/2011 |          :       :    * |      :       :          | -0.0006350107
 115  8/2011 |          :       :      |  *   :       :          |  0.0010019714
 116  9/2011 |          :       :      |    * :       :          |  0.0016501329
 117 10/2011 |          :       :      |  *   :       :          |  0.0009951054
 118 11/2011 |          :       :      |      :  *    :          |  0.0030370728
 119 12/2011 +          :    *  :      |      :       :          + -0.0030877993
 120  1/2012 |          :       :      |      :   *   :          |  0.0034449609
 121  2/2012 |          :       :      |    * :       :          |  0.0017110752
 122  3/2012 |          :       :      |     *:       :          |  0.0018262101
 123  4/2012 |          :       *      |      :       :          | -0.0022962429
 124  5/2012 |          :      *:      |      :       :          | -0.0025054325
 125  6/2012 |          :       *      |      :       :          | -0.0021792346
 126  7/2012 |          :       :      |  *   :       :          |  0.0008252247
 127  8/2012 |          :       :      |      :     * :          |  0.0040162122
 128  9/2012 |          :       :      |  *   :       :          |  0.0008849246
 129 10/2012 |          :       :     *|      :       :          | -0.0001727402
 130 11/2012 |          :       :      |      *       :          |  0.0021229372
 131 12/2012 +          :       : *    |      :       :          + -0.0014770756
 132  1/2013 |          :       :      *      :       :          |  0.0000531453
 133  2/2013 |          :       :      | *    :       :          |  0.0005968703
 134  3/2013 |          :       :      |  *   :       :          |  0.0008004268
 135  4/2013>|        * :       :      |      :       :          |>-0.0052799984
 136  5/2013 |          :       :      |      :  *    :          |  0.0030237491
 137  6/2013 |          :       :    * |      :       :          | -0.0006212818
 138  7/2013 |          :       :      |   *  :       :          |  0.0013228415
 139  8/2013 |          :       :    * |      :       :          | -0.0004866735
 140  9/2013 |          :       :      *      :       :          |  0.0001493905
 141 10/2013 |          :       *      |      :       :          | -0.0022464177
 142 11/2013 |          :       :      |      :      *:          |  0.0043307025
 143 12/2013 +          :       :     *|      :       :          + -0.0004090647
 144  1/2014 |          :       *      |      :       :          | -0.0022116655
 145  2/2014 |          :       :      |  *   :       :          |  0.0009806362
 146  3/2014 |          :       : *    |      :       :          | -0.0015172050
 147  4/2014 |          :       :*     |      :       :          | -0.0019936241
 148  5/2014 |          :      *:      |      :       :          | -0.0025850843
 149  6/2014 |          :       :      |  *   :       :          |  0.0007961325
 150  7/2014 |          :       :      *      :       :          |  0.0001107251
 151  8/2014 |          :       :      *      :       :          | -0.0001195304
 152  9/2014 |          :       :      |*     :       :          |  0.0003997678
 153 10/2014 |          :       *      |      :       :          | -0.0021411106
 154 11/2014 |          :       :      |      *       :          |  0.0022979756
 155 12/2014>+        * :       :      |      :       :          +>-0.0054959550
 156  1/2015 |          :*      :      |      :       :          | -0.0043037000
 157  2/2015 |          :       :      |      :    *  :          |  0.0038554248
 158  3/2015 |          :       :      |    * :       :          |  0.0015464715
 159  4/2015 |          :       :      |      :  *    :          |  0.0033066210
 160  5/2015 |          :       :      *      :       :          | -0.0000184443
 161  6/2015 |          :       :*     |      :       :          | -0.0017413013
 162  7/2015 |          :       :    * |      :       :          | -0.0007727729
 163  8/2015 |          :       :    * |      :       :          | -0.0007152846
 164  9/2015 |          :       :     *|      :       :          | -0.0003127119
 165 10/2015 |          :       :     *|      :       :          | -0.0002465634
 166 11/2015 |          :*      :      |      :       :          | -0.0044969564
 167 12/2015 +          : *     :      |      :       :          + -0.0041650649
 168  1/2016 |          :      *:      |      :       :          | -0.0025498252
 169  2/2016 |          :       :    * |      :       :          | -0.0007169167
 170  3/2016 |          :       :      |      :  *    :          |  0.0031515305
 171  4/2016 |          :       :    * |      :       :          | -0.0007165233
 172  5/2016 |          :       :      |      :   *   :          |  0.0034496420
 173  6/2016 |          :       :   *  |      :       :          | -0.0010019282
 174  7/2016 |          :       :      *      :       :          |  0.0001243390
 175  8/2016 |          :       :   *  |      :       :          | -0.0009840011
 176  9/2016 |          :       :      |   *  :       :          |  0.0012762238
 177 10/2016 |          :       :      |  *   :       :          |  0.0008294264
 178 11/2016>|          *       :      |      :       :          |>-0.0047628977
 179 12/2016 +          :       :      |      *       :          +  0.0021607843
 180  1/2017 |          :       : *    |      :       :          | -0.0015181264
 181  2/2017 |          :       :      | *    :       :          |  0.0007685804
 182  3/2017 |          :       :  *   |      :       :          | -0.0013798324
 183  4/2017 |          :       :      |      :   *   :          |  0.0034732991
 184  5/2017 |          :       :*     |      :       :          | -0.0018398523
 185  6/2017 |          :       :      |     *:       :          |  0.0018896381
 186  7/2017 |          :       :      |   *  :       :          |  0.0013685216
 187  8/2017 |          :       :      | *    :       :          |  0.0006827683
 188  9/2017 |          :       :      *      :       :          |  0.0000174217
 189 10/2017 |          :       :  *   |      :       :          | -0.0012857145
 190 11/2017 |          :       *      |      :       :          | -0.0023604542
 191 12/2017 +          :       :    * |      :       :          + -0.0005813621
 192  1/2018 |          :       :   *  |      :       :          | -0.0010950938
 193  2/2018 |          :       : *    |      :       :          | -0.0015706046
 194  3/2018 |          :       :      |     *:       :          |  0.0019442777
 195  4/2018 |          :       :      |     *:       :          |  0.0019674416
 196  5/2018>|          :       :      |      :       : *        |> 0.0053233836
 197  6/2018 |          :       :   *  |      :       :          | -0.0008819935
 198  7/2018 |          :       :      |   *  :       :          |  0.0013151903
 199  8/2018 |          :       :      | *    :       :          |  0.0006102803
 200  9/2018 |          :       :      |      *       :          |  0.0022305022
 201 10/2018 |          :       :      | *    :       :          |  0.0006472500
 202 11/2018 |          :*      :      |      :       :          | -0.0043795840
 203 12/2018 +          :  *    :      |      :       :          + -0.0036369236
 204  1/2019 |          :   *   :      |      :       :          | -0.0034649409
 205  2/2019 |          :       :     *|      :       :          | -0.0002202239
 206  3/2019 |          :       :      | *    :       :          |  0.0005693306
 207  4/2019>|          :       :      |      :       :         *|> 0.0078942010
 208  5/2019 |          :       :     *|      :       :          | -0.0002395473
 209  6/2019 |          :       :      |    * :       :          |  0.0016813132
 210  7/2019 |          :       :      |   *  :       :          |  0.0013994913
 211  8/2019 |          :       : *    |      :       :          | -0.0014262745
 212  9/2019 |          :       :      |*     :       :          |  0.0003026471
 213 10/2019 |          :       :     *|      :       :          | -0.0002895110
 214 11/2019>|         *:       :      |      :       :          |>-0.0051139303
 215 12/2019 +          :       :      | *    :       :          +  0.0006622792
-------------+---+------+-------+------+------+-------+------+---+--------------
                -3     -2      -1      0     +1      +2     +3    

                 +------------------------------------------+
                 |       Table of standardized values       |
                 |       greater than or equal to 2.0       |
                 +------------------------------------------+
                 |                                          |
                 | Observation    Date   Standardized value |
                 |                                          |
                 |     12        1/2003         2.03        |
                 |     24        1/2004         2.13        |
                 |     35       12/2004         2.58        |
                 |     39        4/2005        -2.15        |
                 |     70       11/2007         3.26        |
                 |    135        4/2013        -2.23        |
                 |    155       12/2014        -2.32        |
                 |    178       11/2016        -2.01        |
                 |    196        5/2018         2.25        |
                 |    207        4/2019         3.34        |
                 |    214       11/2019        -2.16        |
                 +------------------------------------------+

Standardized time series histogram:

       -4      -3      -2      -1       0      +1      +2      +3      +4
        +---+---+---+---+---+---+---+---+---+---+---+---+---+---+---+---+
        |                         42     44                            
        |                        ....    .... 39                         |
        |                        ....    ........                        |
        |                        ....    ........                        |
        |                        .... 33 ........                        |
        |                        ................                        |
        |                        ................                        |
        |                        ................                        |
        |                        ................                        |
        |                        ................                        |
        |                        ................ 14                     |
        |                 12 13  ....................                    |
        |                ............................                    |
        |                ............................  7                 |
        |              5 ................................ 3              |
        |            ........................................  1  2      |
        |            ................................................    |
        +---+---+---+---+---+---+---+---+---+---+---+---+---+---+---+---+
       -4      -3      -2      -1       0      +1      +2      +3      +4

              57 values outside (-1,+1): 26.51 % (31.74 % expected)
              11 values outside (-2,+2):  5.12 % ( 4.56 % expected)

Autocorrelation function (acf bands =  0.136):

            -1                         0                         1  L-B Q  DF
-------------+-------------------------+-------------------------+--------------
   1  -0.008 |                      :  |  :                      | 
   2   0.081 |                      :  |**:                      | 
   3  -0.130 |                      ***|  :                      | 
   4  -0.053 |                      : *|  :                      | 
   5  -0.150 |                     ****|  :                      | 
   6  -0.025 |                      : *|  :                      | 
   7   0.002 |                      :  |  :                      | 
   8  -0.129 |                      ***|  :                      | 
   9   0.007 |                      :  |  :                      | 
  10  -0.003 |                      :  |  :                      | 
  11   0.242 |                      :  |******                   | 
  12   0.166 +                      :  |++++                     +  34.38  12
  13   0.093 |                      :  |**:                      | 
  14  -0.057 |                      : *|  :                      | 
  15   0.014 |                      :  |  :                      | 
  16  -0.056 |                      : *|  :                      | 
  17  -0.079 |                      :**|  :                      | 
  18  -0.069 |                      :**|  :                      | 
  19  -0.074 |                      :**|  :                      | 
  20  -0.076 |                      :**|  :                      | 
  21  -0.035 |                      : *|  :                      | 
  22   0.031 |                      :  |* :                      | 
  23   0.084 |                      :  |**:                      | 
  24   0.063 +                      :  |++:                      +  46.35  24
  25   0.102 |                      :  |***                      | 
  26  -0.058 |                      : *|  :                      | 
  27  -0.013 |                      :  |  :                      | 
  28  -0.117 |                      ***|  :                      | 
  29  -0.076 |                      :**|  :                      | 
  30  -0.045 |                      : *|  :                      | 
  31  -0.035 |                      : *|  :                      | 
  32  -0.030 |                      : *|  :                      | 
  33  -0.046 |                      : *|  :                      | 
  34  -0.011 |                      :  |  :                      | 
  35   0.020 |                      :  |  :                      | 
  36   0.195 +                      :  |+++++                    +  66.27  36
  37   0.085 |                      :  |**:                      | 
  38  -0.018 |                      :  |  :                      | 
  39  -0.068 |                      :**|  :                      | 
  40  -0.080 |                      :**|  :                      | 
  41  -0.089 |                      :**|  :                      | 
  42   0.003 |                      :  |  :                      |  73.31  42
-------------+-------------------------+-------------------------+--------------
            -1                         0                         1  L-B Q  DF

Partial autocorrelation function (pacf bands =  0.136):

            -1                         0                         1
-------------+-------------------------+-------------------------+--------------
   1  -0.008 |                      :  |  :                      | 
   2   0.081 |                      :  |**:                      | 
   3  -0.130 |                      ***|  :                      | 
   4  -0.062 |                      :**|  :                      | 
   5  -0.133 |                      ***|  :                      | 
   6  -0.037 |                      : *|  :                      | 
   7   0.007 |                      :  |  :                      | 
   8  -0.171 |                     ****|  :                      | 
   9  -0.024 |                      : *|  :                      | 
  10  -0.008 |                      :  |  :                      | 
  11   0.209 |                      :  |*****                    | 
  12   0.175 +                      :  |++++                     + 
  13   0.035 |                      :  |* :                      | 
  14  -0.031 |                      : *|  :                      | 
  15   0.079 |                      :  |**:                      | 
  16   0.043 |                      :  |* :                      | 
  17  -0.038 |                      : *|  :                      | 
  18  -0.070 |                      :**|  :                      | 
  19  -0.042 |                      : *|  :                      | 
  20  -0.039 |                      : *|  :                      | 
  21  -0.042 |                      : *|  :                      | 
  22  -0.078 |                      :**|  :                      | 
  23  -0.025 |                      : *|  :                      | 
  24  -0.019 +                      :  |  :                      + 
  25   0.081 |                      :  |**:                      | 
  26  -0.085 |                      :**|  :                      | 
  27  -0.048 |                      : *|  :                      | 
  28  -0.079 |                      :**|  :                      | 
  29  -0.040 |                      : *|  :                      | 
  30   0.021 |                      :  |* :                      | 
  31  -0.028 |                      : *|  :                      | 
  32  -0.030 |                      : *|  :                      | 
  33  -0.035 |                      : *|  :                      | 
  34  -0.063 |                      :**|  :                      | 
  35  -0.010 |                      :  |  :                      | 
  36   0.133 +                      :  |+++                      + 
  37   0.079 |                      :  |**:                      | 
  38  -0.043 |                      : *|  :                      | 
  39  -0.019 |                      :  |  :                      | 
  40  -0.013 |                      :  |  :                      | 
  41  -0.011 |                      :  |  :                      | 
  42   0.025 |                      :  |* :                      | 
-------------+-------------------------+-------------------------+--------------
            -1                         0                         1


--- Cross-correlation functions between residuals ---

CROSS CORRELATION a[2] (IPC_DE) - a[1] (WTI)
      IPC_DE --> WTI IF k > 0
      WTI --> IPC_DE IF k < 0
CCF BANDS  2.0/SQRT(N) =  0.13640:

            -1                         0                         1
-------------+-------------------------+-------------------------+--------------
  -9   0.033 |                      :  |* :                      |                            
  -8  -0.099 |                      :**|  :                      |                            
  -7   0.051 |                      :  |* :                      |                            
  -6  -0.005 |                      :  |  :                      |                            
  -5   0.071 |                      :  |**:                      |                            
  -4   0.020 |                      :  |  :                      |                            
  -3  -0.120 |                      ***|  :                      |                            
  -2   0.079 |                      :  |**:                      |                            
  -1  -0.013 |                      :  |  :                      |                            
   0   0.381 |                      :  |**********               |                            
   1  -0.002 |                      :  |  :                      |                            
   2  -0.048 |                      : *|  :                      |                            
   3  -0.090 |                      :**|  :                      |                            
   4  -0.035 |                      : *|  :                      |                            
   5  -0.027 |                      : *|  :                      |                            
   6  -0.003 |                      :  |  :                      |                            
   7   0.072 |                      :  |**:                      |                            
   8  -0.017 |                      :  |  :                      |                            
   9  -0.075 |                      :**|  :                      |                            
-------------+-------------------------+-------------------------+--------------
            -1                         0                         1
Q(10) = 36.638     k >= 0      Q( 9) =  5.207      k > 0
Q(10) = 40.257     k <= 0      Q( 9) =  8.826      k < 0

=============================================================
