Input Data File  : data/passthrough/WTI_IPC_DE_ext.inp
Output File      : data/passthrough/WTI_IPC_DE_ext.out
Model: VARMA(1,0)
Include mean     : yes
Diagonal AR      : yes
Diagonal MA      : no
Diagonal Cov     : yes
Estimation method: 1
Two-step init    : no
Frequency        : 12
Start            : 1 2002
Box-Cox lambda   : 0
Rescale factor   : 1
Differences      : d=1, D=0 (seasonal lag=12)
Deseasonalize    : harmonic (auto)
Series names     : WTI IPC_DE
Observations     : 262 (raw 263)

Number of parameters: 6

=============================================================
  OPTIMIZER CONVERGED after 48 iterations
  Objective function = 0.003281832370
  Convergence criterion: norm of scaled gradient <= gradtol
=============================================================



=============================================================
  Estimated Parameters and Standard Deviations               
=============================================================

                        Parameter     Estimate    Std.Error   t-stat  p-val
--------------------------------------------------------------------
mu[1]                   0.005357     0.007844    0.683 0.4947    
mu[2]                   0.001143     0.000175    6.538 0.0000 ***
phi[1]_11              0.296841     0.064526    4.600 0.0000 ***
phi[1]_12          (fixed 0.0)
phi[1]_21          (fixed 0.0)
phi[1]_22              0.093473     0.067542    1.384 0.1664    
cov[1,1]               1.687183     0.021058   80.119 0.0000 ***
cov[2,2]               0.001388     0.000186    7.464 0.0000 ***
--------------------------------------------------------------------
Signif. codes:  0 '***' 0.001 '**' 0.01 '*' 0.05 '.' 0.1 ' ' 1



=============================================================
           JOINT HYPOTHESIS TESTS (WALD)                    
=============================================================

Test of joint significance of last lag (AR(1) and MA(0)):
  Wald chi2(2) = 23.0053, p-value = 0.0000
  Conclusion: REJECT H0 → last lag is statistically significant.

Test of joint significance of last AR lag (AR(1)):
  Wald chi2(2) = 23.0053, p-value = 0.0000
  Conclusion: REJECT H0 → last AR lag is significant.

No cross effects to test (model already diagonal).

--- Directional cross-effects tests ---


=============================================================
           ORTHOGONALIZED IMPULSE RESPONSE FUNCTIONS        
=============================================================
Shocks are orthogonalized via Cholesky decomposition of Sigma Matrix.
Order of variables: as in the model.

Shock to WTI:
Horizon      WTI   IPC_DE
    0     0.0829   0.0000
    1     0.0246   0.0000
    2     0.0073   0.0000
    3     0.0022   0.0000
    4     0.0006   0.0000
    5     0.0002   0.0000
    6     0.0001   0.0000
    7     0.0000   0.0000
    8     0.0000   0.0000
    9     0.0000   0.0000
   10     0.0000   0.0000
   11     0.0000   0.0000
   12     0.0000   0.0000
   13     0.0000   0.0000
   14     0.0000   0.0000
   15     0.0000   0.0000
   16     0.0000   0.0000
   17     0.0000   0.0000
   18     0.0000   0.0000
   19     0.0000   0.0000
   20     0.0000   0.0000

Shock to IPC_DE:
Horizon      WTI   IPC_DE
    0     0.0000   0.0024
    1     0.0000   0.0002
    2     0.0000   0.0000
    3     0.0000   0.0000
    4     0.0000   0.0000
    5     0.0000   0.0000
    6     0.0000   0.0000
    7     0.0000   0.0000
    8     0.0000   0.0000
    9     0.0000   0.0000
   10     0.0000   0.0000
   11     0.0000   0.0000
   12     0.0000   0.0000
   13     0.0000   0.0000
   14     0.0000   0.0000
   15     0.0000   0.0000
   16     0.0000   0.0000
   17     0.0000   0.0000
   18     0.0000   0.0000
   19     0.0000   0.0000
   20     0.0000   0.0000


=============================================================
        ACCUMULATED IMPULSE RESPONSE FUNCTIONS               
=============================================================
Cumulative response of each variable to a one-s.d. shock
(sum of responses up to each horizon).

Shock to WTI:
Horizon      WTI   IPC_DE
    0     0.0829   0.0000
    1     0.1075   0.0000
    2     0.1148   0.0000
    3     0.1170   0.0000
    4     0.1176   0.0000
    5     0.1178   0.0000
    6     0.1178   0.0000
    7     0.1179   0.0000
    8     0.1179   0.0000
    9     0.1179   0.0000
   10     0.1179   0.0000
   11     0.1179   0.0000
   12     0.1179   0.0000
   13     0.1179   0.0000
   14     0.1179   0.0000
   15     0.1179   0.0000
   16     0.1179   0.0000
   17     0.1179   0.0000
   18     0.1179   0.0000
   19     0.1179   0.0000
   20     0.1179   0.0000

Shock to IPC_DE:
Horizon      WTI   IPC_DE
    0     0.0000   0.0024
    1     0.0000   0.0026
    2     0.0000   0.0026
    3     0.0000   0.0026
    4     0.0000   0.0026
    5     0.0000   0.0026
    6     0.0000   0.0026
    7     0.0000   0.0026
    8     0.0000   0.0026
    9     0.0000   0.0026
   10     0.0000   0.0026
   11     0.0000   0.0026
   12     0.0000   0.0026
   13     0.0000   0.0026
   14     0.0000   0.0026
   15     0.0000   0.0026
   16     0.0000   0.0026
   17     0.0000   0.0026
   18     0.0000   0.0026
   19     0.0000   0.0026
   20     0.0000   0.0026


=============================================================
  LONG‑RUN GAIN, SHOCK STD. DEVIATIONS AND MEAN LAG        
=============================================================

Structural shock standard deviations (one‑s.d. shock size):
  WTI      : 0.0829
  IPC_DE   : 0.0024

Shock to WTI:
  WTI      : gain =   0.1179  mean lag =   0.42 months
  IPC_DE   : gain =   0.0000  mean lag = undefined

Shock to IPC_DE:
  WTI      : gain =   0.0000  mean lag = undefined
  IPC_DE   : gain =   0.0026  mean lag =   0.10 months
=============================================================



=============================================================
           FORECAST ERROR VARIANCE DECOMPOSITION             
=============================================================
Values are percentages of forecast error variance accounted for by each shock.
Shocks are orthogonalized via Cholesky decomposition.

WTI:
Horizon      WTI   IPC_DE
    1     100.00     0.00
    2     100.00     0.00
    3     100.00     0.00
    4     100.00     0.00
    5     100.00     0.00
    6     100.00     0.00
    7     100.00     0.00
    8     100.00     0.00
    9     100.00     0.00
   10     100.00     0.00
   11     100.00     0.00
   12     100.00     0.00
   13     100.00     0.00
   14     100.00     0.00
   15     100.00     0.00
   16     100.00     0.00
   17     100.00     0.00
   18     100.00     0.00
   19     100.00     0.00
   20     100.00     0.00

IPC_DE:
Horizon      WTI   IPC_DE
    1       0.00   100.00
    2       0.00   100.00
    3       0.00   100.00
    4       0.00   100.00
    5       0.00   100.00
    6       0.00   100.00
    7       0.00   100.00
    8       0.00   100.00
    9       0.00   100.00
   10       0.00   100.00
   11       0.00   100.00
   12       0.00   100.00
   13       0.00   100.00
   14       0.00   100.00
   15       0.00   100.00
   16       0.00   100.00
   17       0.00   100.00
   18       0.00   100.00
   19       0.00   100.00
   20       0.00   100.00



=============================================================
           MULTIVARIATE RESIDUAL DIAGNOSTICS                
=============================================================

Hosking's Multivariate Portmanteau Test (lag 14):
  Q(56) = 76.9020, p-value = 0.0334
  *** REJECT H0: residuals are not white noise.

Multivariate Jarque-Bera Test (normality):
  JB(4) = 10.0707, p-value = 0.0393
  *** REJECT H0: residuals are not normally distributed.
=============================================================

Normalized model:
mu vector:
      0.005357
      0.001143
phi(1) matrix:
      0.296841      0.000000
      0.000000      0.093473
Q matrix:
      1.687183
      0.000000      0.001388
Sigma = sigma2 * Q:
      0.006870
      0.000000      0.000006

Inverse roots of |phi(B)|=0:
      0.296841      0.000000 i  (modulus     0.296841)
      0.093473      0.000000 i  (modulus     0.093473)



=============================================================
                RESIDUAL DIAGNOSTICS                         
=============================================================

--- Residual series a[1] (WTI) ---
Unconditional residuals (seasonal period: 12)
215 observations: from 2/2002 to 12/2019

                  Mean:          -0.000085
Standard error of mean:           0.005652
              Variance:           0.006869
    Standard deviation:           0.082878
              Skewness:          -0.378509
              Kurtosis:           0.442864
               Minimum:          -0.273689 at 10/2008 (observation  81)
               Maximum:           0.223124 at  3/2016 (observation 170)

Standardized time series plot (original values on right-side column):

               -3      -2     -1       0      +1     +2      +3   
-------------+--+-------+------+-------+-------+------+-------+--+--------------
   1  2/2002 |          :      :       |   *   :      :          |  0.0434175961
   2  3/2002 |          :      :       |       :    * :          |  0.1438482069
   3  4/2002 |          :      :       | *     :      :          |  0.0207731452
   4  5/2002 |          :      :       *       :      :          |  0.0027063602
   5  6/2002 |          :      : *     |       :      :          | -0.0692373916
   6  7/2002 |          :      :       |     * :      :          |  0.0673372071
   7  8/2002 |          :      :       |  *    :      :          |  0.0322321275
   8  9/2002 |          :      :       | *     :      :          |  0.0252279905
   9 10/2002 |          :      :   *   |       :      :          | -0.0449880675
  10 11/2002 |          :      *       |       :      :          | -0.0891295280
  11 12/2002 +          :      :       |       :    * :          +  0.1372893362
  12  1/2003 |          :      :       |      *:      :          |  0.0756301177
  13  2/2003 |          :      :       |   *   :      :          |  0.0479001659
  14  3/2003 |          :     *:       |       :      :          | -0.0959258205
  15  4/2003 |          :*     :       |       :      :          | -0.1558618459
  16  5/2003 |          :      :       |   *   :      :          |  0.0433718809
  17  6/2003 |          :      :       |       *      :          |  0.0851134232
  18  7/2003 |          :      :    *  |       :      :          | -0.0285047187
  19  8/2003 |          :      :       | *     :      :          |  0.0224726804
  20  9/2003 |          :   *  :       |       :      :          | -0.1220022849
  21 10/2003 |          :      :       |       :*     :          |  0.0986135129
  22 11/2003 |          :      :       *       :      :          |  0.0003136640
  23 12/2003 +          :      :       | *     :      :          +  0.0224132131
  24  1/2004 |          :      :       |    *  :      :          |  0.0501394038
  25  2/2004 |          :      :      *|       :      :          | -0.0091007300
  26  3/2004 |          :      :       |   *   :      :          |  0.0487086123
  27  4/2004 |          :      :     * |       :      :          | -0.0224495960
  28  5/2004 |          :      :       |       *      :          |  0.0901500958
  29  6/2004 |          :      *       |       :      :          | -0.0892195946
  30  7/2004 |          :      :       |      *:      :          |  0.0812438931
  31  8/2004 |          :      :       |      *:      :          |  0.0754327831
  32  9/2004 |          :      :      *|       :      :          | -0.0110308647
  33 10/2004 |          :      :       |       :   *  :          |  0.1348239025
  34 11/2004 |          : *    :       |       :      :          | -0.1388672435
  35 12/2004 +          :      *       |       :      :          + -0.0883497587
  36  1/2005 |          :      :       |       : *    :          |  0.1073403222
  37  2/2005 |          :      :       *       :      :          | -0.0030498658
  38  3/2005 |          :      :       |       : *    :          |  0.1132898538
  39  4/2005 |          :      : *     |       :      :          | -0.0642761622
  40  5/2005 |          :      :  *    |       :      :          | -0.0591718088
  41  6/2005 |          :      :       |       :   *  :          |  0.1361315744
  42  7/2005 |          :      :       *       :      :          |  0.0026628392
  43  8/2005 |          :      :       |       *      :          |  0.0851167183
  44  9/2005 |          :      :     * |       :      :          | -0.0246990346
  45 10/2005 |          :      :  *    |       :      :          | -0.0565291668
  46 11/2005 |          :      :  *    |       :      :          | -0.0563967293
  47 12/2005 +          :      :       |  *    :      :          +  0.0354620247
  48  1/2006 |          :      :       |       *      :          |  0.0879386543
  49  2/2006 |          :     *:       |       :      :          | -0.0937339451
  50  3/2006 |          :      :       |  *    :      :          |  0.0347541978
  51  4/2006 |          :      :       |       *      :          |  0.0926893620
  52  5/2006 |          :      :      *|       :      :          | -0.0164182648
  53  6/2006 |          :      :      *|       :      :          | -0.0087617621
  54  7/2006 |          :      :       |   *   :      :          |  0.0436237976
  55  8/2006 |          :      :    *  |       :      :          | -0.0363049537
  56  9/2006 |          :  *   :       |       :      :          | -0.1325853148
  57 10/2006 |          :      :   *   |       :      :          | -0.0452507757
  58 11/2006 |          :      :       |  *    :      :          |  0.0286685358
  59 12/2006 +          :      :       |  *    :      :          +  0.0376024709
  60  1/2007 |          : *    :       |       :      :          | -0.1449106495
  61  2/2007 |          :      :       |       :  *   :          |  0.1167190869
  62  3/2007 |          :      :      *|       :      :          | -0.0065410635
  63  4/2007 |          :      :       |   *   :      :          |  0.0445716195
  64  5/2007 |          :      :    *  |       :      :          | -0.0280317911
  65  6/2007 |          :      :       |    *  :      :          |  0.0600309852
  66  7/2007 |          :      :       |      *:      :          |  0.0726643864
  67  8/2007 |          :      :  *    |       :      :          | -0.0562928667
  68  9/2007 |          :      :       |       :*     :          |  0.1025673066
  69 10/2007 |          :      :       |   *   :      :          |  0.0423404954
  70 11/2007 |          :      :       |     * :      :          |  0.0670150650
  71 12/2007 +          :      : *     |       :      :          + -0.0624510941
  72  1/2008 |          :      :       | *     :      :          |  0.0186535253
  73  2/2008 |          :      :       | *     :      :          |  0.0178041579
  74  3/2008 |          :      :       |       *      :          |  0.0903914010
  75  4/2008 |          :      :       |  *    :      :          |  0.0303330262
  76  5/2008 |          :      :       |       *      :          |  0.0850015021
  77  6/2008 |          :      :       |  *    :      :          |  0.0301065086
  78  7/2008 |          :      :     * |       :      :          | -0.0269902299
  79  8/2008 |          : *    :       |       :      :          | -0.1374954134
  80  9/2008 |          :      :*      |       :      :          | -0.0791535085
  81 10/2008>|*         :      :       |       :      :          |>-0.2736885740
  82 11/2008>|       *  :      :       |       :      :          |>-0.2019823885
  83 12/2008>+  *       :      :       |       :      :          +>-0.2548065569
  84  1/2009 |          :      :       |       : *    :          |  0.1135743247
  85  2/2009 |          :      :*      |       :      :          | -0.0727356878
  86  3/2009>|          :      :       |       :      :    *     |> 0.2183015647
  87  4/2009 |          :      :     * |       :      :          | -0.0270334333
  88  5/2009 |          :      :       |       :     *:          |  0.1576729616
  89  6/2009 |          :      :       |       : *    :          |  0.1087164688
  90  7/2009 |          :  *   :       |       :      :          | -0.1359747648
  91  8/2009 |          :      :       |       :  *   :          |  0.1242930226
  92  9/2009 |          :      :  *    |       :      :          | -0.0571848017
  93 10/2009 |          :      :       |       *      :          |  0.0906046496
  94 11/2009 |          :      :       *       :      :          | -0.0004012349
  95 12/2009 +          :      : *     |       :      :          + -0.0621082780
  96  1/2010 |          :      :       |     * :      :          |  0.0623780155
  97  2/2010 |          :      :   *   |       :      :          | -0.0423093535
  98  3/2010 |          :      :       |     * :      :          |  0.0643074938
  99  4/2010 |          :      :       | *     :      :          |  0.0171847927
 100  5/2010 |          :*     :       |       :      :          | -0.1499893371
 101  6/2010 |          :      :       |    *  :      :          |  0.0564357995
 102  7/2010 |          :      :       *       :      :          |  0.0036704465
 103  8/2010 |          :      :       *       :      :          | -0.0018827841
 104  9/2010 |          :      :     * |       :      :          | -0.0253625862
 105 10/2010 |          :      :       |       *      :          |  0.0860124445
 106 11/2010 |          :      :       *       :      :          | -0.0016842477
 107 12/2010 +          :      :       |   *   :      :          +  0.0448274181
 108  1/2011 |          :      :      *|       :      :          | -0.0163101319
 109  2/2011 |          :      :       *       :      :          | -0.0032429649
 110  3/2011 |          :      :       |       :   *  :          |  0.1347170184
 111  4/2011 |          :      :       | *     :      :          |  0.0216660230
 112  5/2011 |          :    * :       |       :      :          | -0.1060265291
 113  6/2011 |          :      :    *  |       :      :          | -0.0303066633
 114  7/2011 |          :      :       | *     :      :          |  0.0206810617
 115  8/2011 |          :   *  :       |       :      :          | -0.1250188081
 116  9/2011 |          :      :       | *     :      :          |  0.0230312689
 117 10/2011 |          :      :       |*      :      :          |  0.0080208418
 118 11/2011 |          :      :       |       : *    :          |  0.1112426387
 119 12/2011 +          :      :     * |       :      :          + -0.0248321534
 120  1/2012 |          :      :       |*      :      :          |  0.0089097065
 121  2/2012 |          :      :       |*      :      :          |  0.0110999239
 122  3/2012 |          :      :       |  *    :      :          |  0.0281492937
 123  4/2012 |          :      :   *   |       :      :          | -0.0422920192
 124  5/2012 |          :      *       |       :      :          | -0.0828758755
 125  6/2012 |          :   *  :       |       :      :          | -0.1168851426
 126  7/2012 |          :      :       |       :*     :          |  0.1023307354
 127  8/2012 |          :      :       |   *   :      :          |  0.0454424384
 128  9/2012 |          :      :     * |       :      :          | -0.0181568856
 129 10/2012 |          :      : *     |       :      :          | -0.0614314377
 130 11/2012 |          :      :     * |       :      :          | -0.0201997521
 131 12/2012 +          :      :       | *     :      :          +  0.0242188151
 132  1/2013 |          :      :       |     * :      :          |  0.0612712270
 133  2/2013 |          :      :     * |       :      :          | -0.0180431682
 134  3/2013 |          :      :    *  |       :      :          | -0.0298376257
 135  4/2013 |          :      :      *|       :      :          | -0.0071997002
 136  5/2013 |          :      :       |  *    :      :          |  0.0285966208
 137  6/2013 |          :      :       *       :      :          | -0.0019470168
 138  7/2013 |          :      :       |      *:      :          |  0.0810951023
 139  8/2013 |          :      :      *|       :      :          | -0.0113186362
 140  9/2013 |          :      :      *|       :      :          | -0.0119075935
 141 10/2013 |          :      :  *    |       :      :          | -0.0586011388
 142 11/2013 |          :      :  *    |       :      :          | -0.0560089140
 143 12/2013 +          :      :       |    *  :      :          +  0.0560221876
 144  1/2014 |          :      :   *   |       :      :          | -0.0467722254
 145  2/2014 |          :      :       |     * :      :          |  0.0689972009
 146  3/2014 |          :      :     * |       :      :          | -0.0228047780
 147  4/2014 |          :      :       |*      :      :          |  0.0088128581
 148  5/2014 |          :      :      *|       :      :          | -0.0064060125
 149  6/2014 |          :      :       |  *    :      :          |  0.0306337727
 150  7/2014 |          :      :    *  |       :      :          | -0.0350880488
 151  8/2014 |          :      : *     |       :      :          | -0.0680117319
 152  9/2014 |          :      :     * |       :      :          | -0.0179466087
 153 10/2014 |          :      *       |       :      :          | -0.0926343107
 154 11/2014 |          :      :*      |       :      :          | -0.0818949607
 155 12/2014>+     *    :      :       |       :      :          +>-0.2173518509
 156  1/2015 |          :*     :       |       :      :          | -0.1585076128
 157  2/2015 |          :      :       |       :   *  :          |  0.1325400086
 158  3/2015 |          :      :*      |       :      :          | -0.0802832619
 159  4/2015 |          :      :       |       :    * :          |  0.1427287709
 160  5/2015 |          :      :       |   *   :      :          |  0.0425124186
 161  6/2015 |          :      :     * |       :      :          | -0.0197079148
 162  7/2015>|          *      :       |       :      :          |>-0.1679855117
 163  8/2015 |          :  *   :       |       :      :          | -0.1275241738
 164  9/2015 |          :      :       |       : *    :          |  0.1062986448
 165 10/2015 |          :      :       *       :      :          | -0.0051699998
 166 11/2015 |          :     *:       |       :      :          | -0.0938788122
 167 12/2015 +          :    * :       |       :      :          + -0.1104910960
 168  1/2016 |          :   *  :       |       :      :          | -0.1249226270
 169  2/2016 |          :      :       *       :      :          | -0.0000448265
 170  3/2016>|          :      :       |       :      :    *     |> 0.2231240697
 171  4/2016 |          :      :       |*      :      :          |  0.0145318333
 172  5/2016 |          :      :       |       : *    :          |  0.1084595345
 173  6/2016 |          :      :       *       :      :          | -0.0013339904
 174  7/2016 |          :    * :       |       :      :          | -0.1045724417
 175  8/2016 |          :      :       | *     :      :          |  0.0239386036
 176  9/2016 |          :      :       |*      :      :          |  0.0060021449
 177 10/2016 |          :      :       |       *      :          |  0.0901544818
 178 11/2016 |          :   *  :       |       :      :          | -0.1189385083
 179 12/2016 +          :      :       |       :     *:          +  0.1513217288
 180  1/2017 |          :      :    *  |       :      :          | -0.0320442450
 181  2/2017 |          :      :       |*      :      :          |  0.0115291425
 182  3/2017 |          :      *       |       :      :          | -0.0897892998
 183  4/2017 |          :      :       |    *  :      :          |  0.0546243715
 184  5/2017 |          :      : *     |       :      :          | -0.0658484040
 185  6/2017 |          :      :  *    |       :      :          | -0.0588721447
 186  7/2017 |          :      :       |   *   :      :          |  0.0487494050
 187  8/2017 |          :      :       | *     :      :          |  0.0166462748
 188  9/2017 |          :      :       | *     :      :          |  0.0237731294
 189 10/2017 |          :      :       | *     :      :          |  0.0201511470
 190 11/2017 |          :      :       |      *:      :          |  0.0795093518
 191 12/2017 +          :      :      *|       :      :          + -0.0098888687
 192  1/2018 |          :      :       |       *      :          |  0.0856176126
 193  2/2018 |          :      :  *    |       :      :          | -0.0555549998
 194  3/2018 |          :      :       |*      :      :          |  0.0111665237
 195  4/2018 |          :      :       |   *   :      :          |  0.0484536338
 196  5/2018 |          :      :       |  *    :      :          |  0.0348012726
 197  6/2018 |          :      :  *    |       :      :          | -0.0506410700
 198  7/2018 |          :      :       |    *  :      :          |  0.0501253992
 199  8/2018 |          :      :  *    |       :      :          | -0.0590746736
 200  9/2018 |          :      :       |   *   :      :          |  0.0400892012
 201 10/2018 |          :      :      *|       :      :          | -0.0057061791
 202 11/2018>|     *    :      :       |       :      :          |>-0.2227595837
 203 12/2018 +          :      :*      |       :      :          + -0.0793831145
 204  1/2019 |          :      :       |      *:      :          |  0.0746554223
 205  2/2019 |          :      :       |    *  :      :          |  0.0524629379
 206  3/2019 |          :      :       |  *    :      :          |  0.0328954805
 207  4/2019 |          :      :       |      *:      :          |  0.0730989373
 208  5/2019 |          :      :*      |       :      :          | -0.0801809066
 209  6/2019 |          :     *:       |       :      :          | -0.0962879774
 210  7/2019 |          :      :       |      *:      :          |  0.0760215254
 211  8/2019 |          :      : *     |       :      :          | -0.0633271427
 212  9/2019 |          :      :       |   *   :      :          |  0.0479814437
 213 10/2019 |          :      : *     |       :      :          | -0.0690664966
 214 11/2019 |          :      :       |     * :      :          |  0.0675767034
 215 12/2019 +          :      :       |  *    :      :          +  0.0285730734
-------------+--+-------+------+-------+-------+------+-------+--+--------------
               -3      -2     -1       0      +1     +2      +3   

                 +------------------------------------------+
                 |       Table of standardized values       |
                 |       greater than or equal to 2.0       |
                 +------------------------------------------+
                 |                                          |
                 | Observation    Date   Standardized value |
                 |                                          |
                 |     81       10/2008        -3.30        |
                 |     82       11/2008        -2.44        |
                 |     83       12/2008        -3.07        |
                 |     86        3/2009         2.64        |
                 |    155       12/2014        -2.62        |
                 |    162        7/2015        -2.03        |
                 |    170        3/2016         2.69        |
                 |    202       11/2018        -2.69        |
                 +------------------------------------------+

Standardized time series histogram:

       -4      -3      -2      -1       0      +1      +2      +3      +4
        +---+---+---+---+---+---+---+---+---+---+---+---+---+---+---+---+
        |                                 42                            |
        |                             39 ....                            |
        |                            ........ 36                         |
        |                         32 ............                        |
        |                        ................                        |
        |                        ................                        |
        |                        ................                        |
        |                        ................ 22                     |
        |                        ....................                    |
        |                        ....................                    |
        |                     15 ....................                    |
        |                 11 ........................                    |
        |                ............................ 10                 |
        |                ................................                |
        |                ................................                |
        |      2  2  2   ................................   2            |
        |    ............................................    ....        |
        +---+---+---+---+---+---+---+---+---+---+---+---+---+---+---+---+
       -4      -3      -2      -1       0      +1      +2      +3      +4

              66 values outside (-1,+1): 30.70 % (31.74 % expected)
               8 values outside (-2,+2):  3.72 % ( 4.56 % expected)

Autocorrelation function (acf bands =  0.136):

            -1                         0                         1  L-B Q  DF
-------------+-------------------------+-------------------------+--------------
   1  -0.014 |                      :  |  :                      | 
   2   0.086 |                      :  |**:                      | 
   3  -0.103 |                      ***|  :                      | 
   4  -0.065 |                      :**|  :                      | 
   5   0.054 |                      :  |* :                      | 
   6  -0.115 |                      ***|  :                      | 
   7  -0.016 |                      :  |  :                      | 
   8  -0.124 |                      ***|  :                      | 
   9  -0.038 |                      : *|  :                      | 
  10   0.051 |                      :  |* :                      | 
  11   0.055 |                      :  |* :                      | 
  12   0.031 +                      :  |+ :                      +  13.92  12
  13  -0.049 |                      : *|  :                      | 
  14  -0.056 |                      : *|  :                      | 
  15   0.027 |                      :  |* :                      | 
  16  -0.060 |                      : *|  :                      | 
  17  -0.005 |                      :  |  :                      | 
  18  -0.043 |                      : *|  :                      | 
  19   0.035 |                      :  |* :                      | 
  20   0.053 |                      :  |* :                      | 
  21   0.034 |                      :  |* :                      | 
  22   0.038 |                      :  |* :                      | 
  23  -0.044 |                      : *|  :                      | 
  24  -0.079 +                      :++|  :                      +  20.25  24
  25   0.135 |                      :  |***                      | 
  26  -0.014 |                      :  |  :                      | 
  27   0.027 |                      :  |* :                      | 
  28  -0.054 |                      : *|  :                      | 
  29  -0.046 |                      : *|  :                      | 
  30   0.052 |                      :  |* :                      | 
  31  -0.008 |                      :  |  :                      | 
  32  -0.039 |                      : *|  :                      | 
  33   0.024 |                      :  |* :                      | 
  34   0.037 |                      :  |* :                      | 
  35   0.050 |                      :  |* :                      | 
  36  -0.053 +                      : +|  :                      +  29.18  36
  37  -0.016 |                      :  |  :                      | 
  38  -0.014 |                      :  |  :                      | 
  39  -0.058 |                      : *|  :                      | 
  40   0.058 |                      :  |* :                      | 
  41   0.029 |                      :  |* :                      | 
  42   0.033 |                      :  |* :                      |  31.60  42
-------------+-------------------------+-------------------------+--------------
            -1                         0                         1  L-B Q  DF

Partial autocorrelation function (pacf bands =  0.136):

            -1                         0                         1
-------------+-------------------------+-------------------------+--------------
   1  -0.014 |                      :  |  :                      | 
   2   0.086 |                      :  |**:                      | 
   3  -0.101 |                      ***|  :                      | 
   4  -0.076 |                      :**|  :                      | 
   5   0.072 |                      :  |**:                      | 
   6  -0.115 |                      ***|  :                      | 
   7  -0.045 |                      : *|  :                      | 
   8  -0.098 |                      :**|  :                      | 
   9  -0.054 |                      : *|  :                      | 
  10   0.046 |                      :  |* :                      | 
  11   0.051 |                      :  |* :                      | 
  12  -0.011 +                      :  |  :                      + 
  13  -0.049 |                      : *|  :                      | 
  14  -0.065 |                      :**|  :                      | 
  15   0.022 |                      :  |* :                      | 
  16  -0.072 |                      :**|  :                      | 
  17  -0.030 |                      : *|  :                      | 
  18  -0.018 |                      :  |  :                      | 
  19   0.040 |                      :  |* :                      | 
  20   0.037 |                      :  |* :                      | 
  21   0.016 |                      :  |  :                      | 
  22   0.002 |                      :  |  :                      | 
  23  -0.037 |                      : *|  :                      | 
  24  -0.093 +                      :++|  :                      + 
  25   0.157 |                      :  |****                     | 
  26  -0.000 |                      :  |  :                      | 
  27  -0.010 |                      :  |  :                      | 
  28  -0.003 |                      :  |  :                      | 
  29  -0.027 |                      : *|  :                      | 
  30   0.015 |                      :  |  :                      | 
  31   0.008 |                      :  |  :                      | 
  32  -0.096 |                      :**|  :                      | 
  33   0.073 |                      :  |**:                      | 
  34   0.083 |                      :  |**:                      | 
  35   0.030 |                      :  |* :                      | 
  36  -0.080 +                      :++|  :                      + 
  37  -0.028 |                      : *|  :                      | 
  38   0.010 |                      :  |  :                      | 
  39  -0.041 |                      : *|  :                      | 
  40   0.027 |                      :  |* :                      | 
  41   0.072 |                      :  |**:                      | 
  42   0.017 |                      :  |  :                      | 
-------------+-------------------------+-------------------------+--------------
            -1                         0                         1


--- Residual series a[2] (IPC_DE) ---
Unconditional residuals (seasonal period: 12)
215 observations: from 2/2002 to 12/2019

                  Mean:           0.000001
Standard error of mean:           0.000162
              Variance:           0.000006
    Standard deviation:           0.002377
              Skewness:           0.180757
              Kurtosis:           0.473574
               Minimum:          -0.005905 at 12/2014 (observation 155)
               Maximum:           0.008015 at  4/2019 (observation 207)

Standardized time series plot (original values on right-side column):

                -3     -2      -1      0     +1      +2     +3    
-------------+---+------+-------+------+------+-------+------+---+--------------
   1  2/2002 |          :       :  *   |      :       :          | -0.0013978607
   2  3/2002 |          :       :  *   |      :       :          | -0.0012073372
   3  4/2002 |          :       *      |      :       :          | -0.0021389108
   4  5/2002 |          :       :     *|      :       :          | -0.0002027008
   5  6/2002 |          :       : *    |      :       :          | -0.0015139829
   6  7/2002 |          :       :*     |      :       :          | -0.0019061627
   7  8/2002 |          :       :   *  |      :       :          | -0.0010765511
   8  9/2002 |          :       :      | *    :       :          |  0.0005585059
   9 10/2002 |          :       :  *   |      :       :          | -0.0012381116
  10 11/2002 |          :       :  *   |      :       :          | -0.0012273632
  11 12/2002 +          :       :      |      :   *   :          +  0.0036831357
  12  1/2003>|          :       :      |      :       *          |> 0.0049677292
  13  2/2003 |          :       :      | *    :       :          |  0.0006270158
  14  3/2003 |          :  *    :      |      :       :          | -0.0039720168
  15  4/2003 |          :    *  :      |      :       :          | -0.0031602739
  16  5/2003 |          :  *    :      |      :       :          | -0.0039056203
  17  6/2003 |          :       :      |      :*      :          |  0.0026607667
  18  7/2003 |          :       *      |      :       :          | -0.0022549378
  19  8/2003 |          :       :      |*     :       :          |  0.0001937266
  20  9/2003 |          :       :      |*     :       :          |  0.0004236363
  21 10/2003 |          :       :      *      :       :          |  0.0000303263
  22 11/2003 |          :       :      *      :       :          | -0.0000785204
  23 12/2003 +          :       :      |      *       :          +  0.0022462098
  24  1/2004>|          :       :      |      :       :*         |> 0.0050181347
  25  2/2004 |          :    *  :      |      :       :          | -0.0031462061
  26  3/2004 |          :       :      |*     :       :          |  0.0001665075
  27  4/2004 |          :       :      |    * :       :          |  0.0015221102
  28  5/2004 |          :       :      | *    :       :          |  0.0006734417
  29  6/2004 |          :       : *    |      :       :          | -0.0016181715
  30  7/2004 |          :       :*     |      :       :          | -0.0018833716
  31  8/2004 |          :       :      |   *  :       :          |  0.0014184211
  32  9/2004 |          :       *      |      :       :          | -0.0022103137
  33 10/2004 |          :       :      |    * :       :          |  0.0014904980
  34 11/2004 |          :       :      |  *   :       :          |  0.0010298407
  35 12/2004>+          :       :      |      :       :  *       +> 0.0057719772
  36  1/2005 |          :     * :      |      :       :          | -0.0028363111
  37  2/2005 |          :       :  *   |      :       :          | -0.0011868861
  38  3/2005 |          :       :      |   *  :       :          |  0.0012637071
  39  4/2005>|          *       :      |      :       :          |>-0.0047947700
  40  5/2005 |          :       :      |   *  :       :          |  0.0012315372
  41  6/2005 |          :       :     *|      :       :          | -0.0003790585
  42  7/2005 |          :       :      |    * :       :          |  0.0017039833
  43  8/2005 |          :       :      |  *   :       :          |  0.0010344516
  44  9/2005 |          :       :      |    * :       :          |  0.0014817831
  45 10/2005 |          :       :      *      :       :          | -0.0001219424
  46 11/2005 |          :       :      *      :       :          | -0.0001124112
  47 12/2005 +          :       :      |      *       :          +  0.0021303121
  48  1/2006 |          :       :      |   *  :       :          |  0.0011745220
  49  2/2006 |          :       :     *|      :       :          | -0.0003125068
  50  3/2006 |          :  *    :      |      :       :          | -0.0037375527
  51  4/2006 |          :       :      |      : *     :          |  0.0029954755
  52  5/2006 |          :       :*     |      :       :          | -0.0019118894
  53  6/2006 |          :       :      |  *   :       :          |  0.0010442912
  54  7/2006 |          :       :      |*     :       :          |  0.0003325287
  55  8/2006 |          :      *:      |      :       :          | -0.0025068243
  56  9/2006 |          :    *  :      |      :       :          | -0.0030456388
  57 10/2006 |          :       :      |    * :       :          |  0.0015301433
  58 11/2006 |          :       :      |      *       :          |  0.0021741469
  59 12/2006 +          :       :      |      :  *    :          +  0.0030617876
  60  1/2007 |          :       :      |      :      *:          |  0.0046092825
  61  2/2007 |          :       :*     |      :       :          | -0.0018512119
  62  3/2007 |          :       :  *   |      :       :          | -0.0011955286
  63  4/2007 |          :       :      |      :    *  :          |  0.0038825760
  64  5/2007 |          :       :*     |      :       :          | -0.0020055229
  65  6/2007 |          :       :     *|      :       :          | -0.0001820974
  66  7/2007 |          :       :      |    * :       :          |  0.0016001974
  67  8/2007 |          :       :  *   |      :       :          | -0.0014051754
  68  9/2007 |          :       :      |    * :       :          |  0.0016138422
  69 10/2007 |          :       :      |      *       :          |  0.0021982891
  70 11/2007>|          :       :      |      :       :        * |> 0.0078151960
  71 12/2007 +          :       :      *      :       :          +  0.0000599590
  72  1/2008 |          :       :      |   *  :       :          |  0.0011859404
  73  2/2008 |          :       :     *|      :       :          | -0.0003443606
  74  3/2008 |          :       :      |  *   :       :          |  0.0010144027
  75  4/2008 |          :   *   :      |      :       :          | -0.0034054781
  76  5/2008 |          :       :      |      :      *:          |  0.0044438021
  77  6/2008 |          :       :      |    * :       :          |  0.0015531204
  78  7/2008 |          :       :      |      :*      :          |  0.0024482002
  79  8/2008 |          :  *    :      |      :       :          | -0.0037917179
  80  9/2008 |          :       :      | *    :       :          |  0.0006044725
  81 10/2008 |          :       *      |      :       :          | -0.0023627928
  82 11/2008 |          :       *      |      :       :          | -0.0022477875
  83 12/2008 +          :      *:      |      :       :          + -0.0024291079
  84  1/2009 |          :       :      |*     :       :          |  0.0003377000
  85  2/2009 |          :       :      |  *   :       :          |  0.0009035720
  86  3/2009>|          *       :      |      :       :          |>-0.0048487454
  87  4/2009 |          :       :    * |      :       :          | -0.0005545825
  88  5/2009 |          :       : *    |      :       :          | -0.0015454489
  89  6/2009 |          :       :      |      *       :          |  0.0020892063
  90  7/2009 |          :    *  :      |      :       :          | -0.0032861447
  91  8/2009 |          :       :      |      :*      :          |  0.0024774266
  92  9/2009 |          :*      :      |      :       :          | -0.0045192226
  93 10/2009 |          :       :      |    * :       :          |  0.0015076507
  94 11/2009 |          :       :      |  *   :       :          |  0.0008689451
  95 12/2009 +          :       :      |      : *     :          +  0.0029678768
  96  1/2010 |          :       :  *   |      :       :          | -0.0013466780
  97  2/2010 |          :       :  *   |      :       :          | -0.0012818358
  98  3/2010 |          :       :      |      *       :          |  0.0022247890
  99  4/2010 |          :       :  *   |      :       :          | -0.0011975279
 100  5/2010 |          :       : *    |      :       :          | -0.0015390883
 101  6/2010 |          :       :  *   |      :       :          | -0.0013540335
 102  7/2010 |          :       :*     |      :       :          | -0.0018082490
 103  8/2010 |          :       :      |   *  :       :          |  0.0012008267
 104  9/2010 |          :       :   *  |      :       :          | -0.0009708420
 105 10/2010 |          :       :      |   *  :       :          |  0.0011581552
 106 11/2010 |          :       :      |      :  *    :          |  0.0031026013
 107 12/2010 +          :       :      |    * :       :          +  0.0015744970
 108  1/2011 |          :       :      |  *   :       :          |  0.0010082730
 109  2/2011 |          :       :      |     *:       :          |  0.0018714539
 110  3/2011 |          :       :      |     *:       :          |  0.0018489752
 111  4/2011 |          :       :  *   |      :       :          | -0.0011944668
 112  5/2011 |          :       : *    |      :       :          | -0.0015295651
 113  6/2011 |          :       :     *|      :       :          | -0.0002335054
 114  7/2011 |          :       :    * |      :       :          | -0.0007827612
 115  8/2011 |          :       :      |  *   :       :          |  0.0010494812
 116  9/2011 |          :       :      |   *  :       :          |  0.0012470751
 117 10/2011 |          :       :      |  *   :       :          |  0.0008996290
 118 11/2011 |          :       :      |      : *     :          |  0.0030066858
 119 12/2011 +          :     * :      |      :       :          + -0.0028878007
 120  1/2012 |          :       :      |      :   *   :          |  0.0035811029
 121  2/2012 |          :       :      |    * :       :          |  0.0016049314
 122  3/2012 |          :       :      |     *:       :          |  0.0017890756
 123  4/2012 |          :       *      |      :       :          | -0.0022828744
 124  5/2012 |          :      *:      |      :       :          | -0.0025112111
 125  6/2012 |          :       *      |      :       :          | -0.0023350434
 126  7/2012 |          :       :      | *    :       :          |  0.0005124478
 127  8/2012 |          :       :      |      :     * :          |  0.0041805876
 128  9/2012 |          :       :      |  *   :       :          |  0.0008936418
 129 10/2012 |          :       :     *|      :       :          | -0.0002240908
 130 11/2012 |          :       :      |     *:       :          |  0.0019489608
 131 12/2012 +          :       : *    |      :       :          + -0.0016702712
 132  1/2013 |          :       :      *      :       :          |  0.0001550159
 133  2/2013 |          :       :      | *    :       :          |  0.0007884351
 134  3/2013 |          :       :      | *    :       :          |  0.0007721277
 135  4/2013>|        * :       :      |      :       :          |>-0.0054008188
 136  5/2013 |          :       :      |      :  *    :          |  0.0032031722
 137  6/2013 |          :       :    * |      :       :          | -0.0006642673
 138  7/2013 |          :       :      |   *  :       :          |  0.0013566274
 139  8/2013 |          :       :     *|      :       :          | -0.0002986796
 140  9/2013 |          :       :      |*     :       :          |  0.0001968805
 141 10/2013 |          :       *      |      :       :          | -0.0022761356
 142 11/2013 |          :       :      |      :     * :          |  0.0042486472
 143 12/2013 +          :       :    * |      :       :          + -0.0007957031
 144  1/2014 |          :       *      |      :       :          | -0.0020928496
 145  2/2014 |          :       :      |  *   :       :          |  0.0009644805
 146  3/2014 |          :       :  *   |      :       :          | -0.0013777386
 147  4/2014 |          :       :*     |      :       :          | -0.0019533907
 148  5/2014 |          :      *:      |      :       :          | -0.0024750384
 149  6/2014 |          :       :      |  *   :       :          |  0.0008976901
 150  7/2014 |          :       :      |*     :       :          |  0.0001708075
 151  8/2014 |          :       :     *|      :       :          | -0.0002053273
 152  9/2014 |          :       :      |*     :       :          |  0.0001864026
 153 10/2014 |          :       *      |      :       :          | -0.0022656035
 154 11/2014 |          :       :      |      *       :          |  0.0020874147
 155 12/2014>+       *  :       :      |      :       :          +>-0.0059052732
 156  1/2015>|          *       :      |      :       :          |>-0.0047961879
 157  2/2015 |          :       :      |      :   *   :          |  0.0033986331
 158  3/2015 |          :       :      |    * :       :          |  0.0016111880
 159  4/2015 |          :       :      |      :  *    :          |  0.0030481186
 160  5/2015 |          :       :      |*     :       :          |  0.0002118183
 161  6/2015 |          :       : *    |      :       :          | -0.0015285522
 162  7/2015 |          :       :    * |      :       :          | -0.0006974953
 163  8/2015 |          :       :  *   |      :       :          | -0.0011680088
 164  9/2015 |          :       :    * |      :       :          | -0.0007780618
 165 10/2015 |          :       :      *      :       :          | -0.0000497804
 166 11/2015 |          :*      :      |      :       :          | -0.0044583513
 167 12/2015 +          : *     :      |      :       :          + -0.0042408140
 168  1/2016 |          :     * :      |      :       :          | -0.0027547107
 169  2/2016 |          :       :   *  |      :       :          | -0.0010668734
 170  3/2016 |          :       :      |      :  *    :          |  0.0030661236
 171  4/2016 |          :       :     *|      :       :          | -0.0002277165
 172  5/2016 |          :       :      |      :   *   :          |  0.0036731787
 173  6/2016 |          :       :    * |      :       :          | -0.0007712808
 174  7/2016 |          :       :      |*     :       :          |  0.0002540208
 175  8/2016 |          :       :  *   |      :       :          | -0.0012657189
 176  9/2016 |          :       :      |   *  :       :          |  0.0013190780
 177 10/2016 |          :       :      | *    :       :          |  0.0007942560
 178 11/2016 |          :*      :      |      :       :          | -0.0045311685
 179 12/2016 +          :       :      |     *:       :          +  0.0020808674
 180  1/2017 |          :       :  *   |      :       :          | -0.0012231586
 181  2/2017 |          :       :      |  *   :       :          |  0.0008290730
 182  3/2017 |          :       :  *   |      :       :          | -0.0013713193
 183  4/2017 |          :       :      |      :  *    :          |  0.0032775921
 184  5/2017 |          :       :*     |      :       :          | -0.0018864571
 185  6/2017 |          :       :      |     *:       :          |  0.0017904126
 186  7/2017 |          :       :      |  *   :       :          |  0.0010779917
 187  8/2017 |          :       :      | *    :       :          |  0.0007090250
 188  9/2017 |          :       :      *      :       :          |  0.0000556090
 189 10/2017 |          :       :  *   |      :       :          | -0.0011989718
 190 11/2017 |          :       *      |      :       :          | -0.0022228556
 191 12/2017 +          :       :     *|      :       :          + -0.0002226238
 192  1/2018 |          :       :   *  |      :       :          | -0.0010273197
 193  2/2018 |          :       :  *   |      :       :          | -0.0012587811
 194  3/2018 |          :       :      |     *:       :          |  0.0019188233
 195  4/2018 |          :       :      |     *:       :          |  0.0019008322
 196  5/2018>|          :       :      |      :       : *        |> 0.0053817650
 197  6/2018 |          :       :   *  |      :       :          | -0.0009712583
 198  7/2018 |          :       :      |   *  :       :          |  0.0012300291
 199  8/2018 |          :       :      | *    :       :          |  0.0006771369
 200  9/2018 |          :       :      |     *:       :          |  0.0020595995
 201 10/2018 |          :       :      | *    :       :          |  0.0006348048
 202 11/2018 |          :*      :      |      :       :          | -0.0044075672
 203 12/2018 +          : *     :      |      :       :          + -0.0041043214
 204  1/2019 |          :  *    :      |      :       :          | -0.0036993869
 205  2/2019 |          :       :      *      :       :          |  0.0000476761
 206  3/2019 |          :       :      | *    :       :          |  0.0007662626
 207  4/2019>|          :       :      |      :       :         *|> 0.0080148162
 208  5/2019 |          :       :     *|      :       :          | -0.0003207103
 209  6/2019 |          :       :      |    * :       :          |  0.0015059734
 210  7/2019 |          :       :      |  *   :       :          |  0.0010060444
 211  8/2019 |          :       :  *   |      :       :          | -0.0013483460
 212  9/2019 |          :       :      |*     :       :          |  0.0002078176
 213 10/2019 |          :       :     *|      :       :          | -0.0001954164
 214 11/2019>|         *:       :      |      :       :          |>-0.0052786083
 215 12/2019 +          :       :      |  *   :       :          +  0.0010339901
-------------+---+------+-------+------+------+-------+------+---+--------------
                -3     -2      -1      0     +1      +2     +3    

                 +------------------------------------------+
                 |       Table of standardized values       |
                 |       greater than or equal to 2.0       |
                 +------------------------------------------+
                 |                                          |
                 | Observation    Date   Standardized value |
                 |                                          |
                 |     12        1/2003         2.09        |
                 |     24        1/2004         2.11        |
                 |     35       12/2004         2.43        |
                 |     39        4/2005        -2.02        |
                 |     70       11/2007         3.29        |
                 |     86        3/2009        -2.04        |
                 |    135        4/2013        -2.27        |
                 |    155       12/2014        -2.48        |
                 |    156        1/2015        -2.02        |
                 |    196        5/2018         2.26        |
                 |    207        4/2019         3.37        |
                 |    214       11/2019        -2.22        |
                 +------------------------------------------+

Standardized time series histogram:

       -4      -3      -2      -1       0      +1      +2      +3      +4
        +---+---+---+---+---+---+---+---+---+---+---+---+---+---+---+---+
        |                                 47                            |
        |                         44     ....                            |
        |                        ....    ....                            |
        |                        ....    .... 37                         |
        |                        ....    ........                        |
        |                        .... 31 ........                        |
        |                        ................                        |
        |                        ................                        |
        |                        ................                        |
        |                        ................                        |
        |                        ................                        |
        |                     12 ................13                      |
        |                 11 ........................                    |
        |              6 ............................ 8                  |
        |            ....................................  4             |
        |            ........................................      2     |
        |            ........................................    ....    |
        +---+---+---+---+---+---+---+---+---+---+---+---+---+---+---+---+
       -4      -3      -2      -1       0      +1      +2      +3      +4

              56 values outside (-1,+1): 26.05 % (31.74 % expected)
              12 values outside (-2,+2):  5.58 % ( 4.56 % expected)

Autocorrelation function (acf bands =  0.136):

            -1                         0                         1  L-B Q  DF
-------------+-------------------------+-------------------------+--------------
   1  -0.006 |                      :  |  :                      | 
   2   0.081 |                      :  |**:                      | 
   3  -0.129 |                      ***|  :                      | 
   4  -0.045 |                      : *|  :                      | 
   5  -0.150 |                     ****|  :                      | 
   6  -0.020 |                      : *|  :                      | 
   7  -0.002 |                      :  |  :                      | 
   8  -0.116 |                      ***|  :                      | 
   9   0.021 |                      :  |* :                      | 
  10  -0.006 |                      :  |  :                      | 
  11   0.238 |                      :  |******                   | 
  12   0.137 +                      :  |+++                      +  31.13  12
  13   0.068 |                      :  |**:                      | 
  14  -0.060 |                      : *|  :                      | 
  15   0.012 |                      :  |  :                      | 
  16  -0.052 |                      : *|  :                      | 
  17  -0.073 |                      :**|  :                      | 
  18  -0.051 |                      : *|  :                      | 
  19  -0.062 |                      :**|  :                      | 
  20  -0.059 |                      : *|  :                      | 
  21  -0.024 |                      : *|  :                      | 
  22   0.032 |                      :  |* :                      | 
  23   0.061 |                      :  |**:                      | 
  24   0.040 +                      :  |+ :                      +  39.02  24
  25   0.091 |                      :  |**:                      | 
  26  -0.066 |                      :**|  :                      | 
  27  -0.015 |                      :  |  :                      | 
  28  -0.105 |                      ***|  :                      | 
  29  -0.059 |                      : *|  :                      | 
  30  -0.038 |                      : *|  :                      | 
  31  -0.024 |                      : *|  :                      | 
  32  -0.025 |                      : *|  :                      | 
  33  -0.048 |                      : *|  :                      | 
  34  -0.004 |                      :  |  :                      | 
  35   0.015 |                      :  |  :                      | 
  36   0.188 +                      :  |+++++                    +  56.35  36
  37   0.057 |                      :  |* :                      | 
  38  -0.027 |                      : *|  :                      | 
  39  -0.057 |                      : *|  :                      | 
  40  -0.068 |                      :**|  :                      | 
  41  -0.086 |                      :**|  :                      | 
  42   0.005 |                      :  |  :                      |  61.52  42
-------------+-------------------------+-------------------------+--------------
            -1                         0                         1  L-B Q  DF

Partial autocorrelation function (pacf bands =  0.136):

            -1                         0                         1
-------------+-------------------------+-------------------------+--------------
   1  -0.006 |                      :  |  :                      | 
   2   0.081 |                      :  |**:                      | 
   3  -0.129 |                      ***|  :                      | 
   4  -0.052 |                      : *|  :                      | 
   5  -0.133 |                      ***|  :                      | 
   6  -0.032 |                      : *|  :                      | 
   7   0.006 |                      :  |  :                      | 
   8  -0.157 |                     ****|  :                      | 
   9  -0.003 |                      :  |  :                      | 
  10  -0.012 |                      :  |  :                      | 
  11   0.208 |                      :  |*****                    | 
  12   0.148 +                      :  |++++                     + 
  13   0.007 |                      :  |  :                      | 
  14  -0.028 |                      : *|  :                      | 
  15   0.066 |                      :  |**:                      | 
  16   0.033 |                      :  |* :                      | 
  17  -0.042 |                      : *|  :                      | 
  18  -0.055 |                      : *|  :                      | 
  19  -0.027 |                      : *|  :                      | 
  20  -0.035 |                      : *|  :                      | 
  21  -0.034 |                      : *|  :                      | 
  22  -0.063 |                      :**|  :                      | 
  23  -0.023 |                      : *|  :                      | 
  24  -0.018 +                      :  |  :                      + 
  25   0.083 |                      :  |**:                      | 
  26  -0.086 |                      :**|  :                      | 
  27  -0.046 |                      : *|  :                      | 
  28  -0.065 |                      :**|  :                      | 
  29  -0.034 |                      : *|  :                      | 
  30   0.015 |                      :  |  :                      | 
  31  -0.034 |                      : *|  :                      | 
  32  -0.031 |                      : *|  :                      | 
  33  -0.048 |                      : *|  :                      | 
  34  -0.051 |                      : *|  :                      | 
  35   0.001 |                      :  |  :                      | 
  36   0.132 +                      :  |+++                      + 
  37   0.056 |                      :  |* :                      | 
  38  -0.052 |                      : *|  :                      | 
  39  -0.001 |                      :  |  :                      | 
  40  -0.013 |                      :  |  :                      | 
  41  -0.030 |                      : *|  :                      | 
  42   0.018 |                      :  |  :                      | 
-------------+-------------------------+-------------------------+--------------
            -1                         0                         1


--- Cross-correlation functions between residuals ---

CROSS CORRELATION a[2] (IPC_DE) - a[1] (WTI)
      IPC_DE --> WTI IF k > 0
      WTI --> IPC_DE IF k < 0
CCF BANDS  2.0/SQRT(N) =  0.13640:

            -1                         0                         1
-------------+-------------------------+-------------------------+--------------
  -9   0.023 |                      :  |* :                      |                            
  -8  -0.105 |                      ***|  :                      |                            
  -7   0.044 |                      :  |* :                      |                            
  -6  -0.004 |                      :  |  :                      |                            
  -5   0.063 |                      :  |**:                      |                            
  -4   0.027 |                      :  |* :                      |                            
  -3  -0.103 |                      ***|  :                      |                            
  -2   0.107 |                      :  |***                      |                            
  -1   0.072 |                      :  |**:                      |                            
   0   0.380 |                      :  |**********               |                            
   1  -0.033 |                      : *|  :                      |                            
   2  -0.058 |                      : *|  :                      |                            
   3  -0.099 |                      :**|  :                      |                            
   4  -0.027 |                      : *|  :                      |                            
   5  -0.038 |                      : *|  :                      |                            
   6  -0.005 |                      :  |  :                      |                            
   7   0.061 |                      :  |**:                      |                            
   8  -0.015 |                      :  |  :                      |                            
   9  -0.064 |                      :**|  :                      |                            
-------------+-------------------------+-------------------------+--------------
            -1                         0                         1
Q(10) = 36.776     k >= 0      Q( 9) =  5.412      k > 0
Q(10) = 41.420     k <= 0      Q( 9) = 10.055      k < 0

=============================================================
