
Output file            : IPC_FR_msma.out
Estimation method      : exact maximum likelihood
Check for invertibility: constrained search

Observations: 216.
Parameters  : 13.


Omegas for deterministic variable 1:
     -0.264060  (0.040650) [ 1]
Omegas for deterministic variable 2:
      0.019031  (0.040891) [ 2]
Omegas for deterministic variable 3:
     -0.032358  (0.021406) [ 3]
Omegas for deterministic variable 4:
     -0.152962  (0.021156) [ 4]
Omegas for deterministic variable 5:
      0.073789  (0.015027) [ 5]
Omegas for deterministic variable 6:
     -0.026649  (0.015095) [ 6]
Omegas for deterministic variable 7:
      0.095024  (0.012181) [ 7]
Omegas for deterministic variable 8:
     -0.064631  (0.012502) [ 8]
Omegas for deterministic variable 9:
      0.010537  (0.010917) [ 9]
Omegas for deterministic variable 10:
      0.060929  (0.011143) [10]
Omegas for deterministic variable 11:
      0.051058  (0.007703) [11]
Coefficients for annual MA factor 1:
     -0.163316  (0.063118) [12]
Mean parameter (mu):
      0.113525  (0.015060) [13]

Box-Cox lambda     :  0.0
Seasonal period    : 12
Regular differences:  1
Annual differences :  0
Irreducible factors:  0 0 0 0 0 0 0

Coefficients of the non-stationary operator: 
  u[ 1]     =    1.0000000000
Coefficients of the Autoregressive operator: 
Coefficients of the Moving-Average operator: 
  theta[ 1] =   -0.0000000000
  theta[ 2] =   -0.0000000000
  theta[ 3] =   -0.0000000000
  theta[ 4] =   -0.0000000000
  theta[ 5] =   -0.0000000000
  theta[ 6] =   -0.0000000000
  theta[ 7] =   -0.0000000000
  theta[ 8] =   -0.0000000000
  theta[ 9] =   -0.0000000000
  theta[10] =   -0.0000000000
  theta[11] =   -0.0000000000
  theta[12] =   -0.1633155984

sigma2:   0.0355518649 (   0.0034289263)
sigma :   0.1885520218
logelf:  53.4679971003

Selection Model Criterium:
Hannan-Quinn =  -3.31
Schwarz   =  -3.24

Estimated covariance matrix:

x[ 1] ->  0.001652425
x[ 2] -> -0.000001740  0.001672108
x[ 3] ->  0.000002369 -0.000018553  0.000458233
x[ 4] ->  0.000000744  0.000003823  0.000003592  0.000447576
x[ 5] ->  0.000001928 -0.000005003  0.000000688 -0.000003774  0.000225804
x[ 6] -> -0.000002595  0.000004393 -0.000001305  0.000004597 -0.000006368  0.000227869
x[ 7] ->  0.000001384 -0.000005579  0.000003313 -0.000001492  0.000001280 -0.000001602  0.000148383
x[ 8] ->  0.000000979  0.000000258  0.000001932  0.000000179  0.000000496 -0.000000546  0.000001173  0.000156307
x[ 9] ->  0.000000941 -0.000003866  0.000000637 -0.000002327  0.000001013 -0.000001087  0.000001127 -0.000000735  0.000119188
x[10] -> -0.000001384 -0.000000943  0.000000191 -0.000002996 -0.000000556  0.000000535 -0.000000217 -0.000001411  0.000000157  0.000124157
x[11] -> -0.000005755 -0.000000571 -0.000003801 -0.000002894  0.000000977 -0.000001108  0.000000033 -0.000000688  0.000000471 -0.000001799  0.000059331
x[12] ->  0.000003644 -0.000008027 -0.000004264  0.000005970 -0.000023109 -0.000021884  0.000013465 -0.000023246  0.000008582  0.000008349  0.000001677  0.003983895
x[13] -> -0.000004020  0.000002302  0.000001896  0.000003664 -0.000001381  0.000001937 -0.000001023 -0.000000230 -0.000001073  0.000001027 -0.000001538 -0.000028771  0.000226815


Estimated correlation matrix:

x[ 1] ->  1.00
x[ 2] -> -0.00  1.00
x[ 3] ->  0.00 -0.02  1.00
x[ 4] ->  0.00  0.00  0.01  1.00
x[ 5] ->  0.00 -0.01  0.00 -0.01  1.00
x[ 6] -> -0.00  0.01 -0.00  0.01 -0.03  1.00
x[ 7] ->  0.00 -0.01  0.01 -0.01  0.01 -0.01  1.00
x[ 8] ->  0.00  0.00  0.01  0.00  0.00 -0.00  0.01  1.00
x[ 9] ->  0.00 -0.01  0.00 -0.01  0.01 -0.01  0.01 -0.01  1.00
x[10] -> -0.00 -0.00  0.00 -0.01 -0.00  0.00 -0.00 -0.01  0.00  1.00
x[11] -> -0.02 -0.00 -0.02 -0.02  0.01 -0.01  0.00 -0.01  0.01 -0.02  1.00
x[12] ->  0.00 -0.00 -0.00  0.00 -0.02 -0.02  0.02 -0.03  0.01  0.01  0.00  1.00
x[13] -> -0.01  0.00  0.01  0.01 -0.01  0.01 -0.01 -0.00 -0.01  0.01 -0.01 -0.03  1.00

Correlations greater than or equal to 0.7 in absolute value:


Unconditional residuals (seasonal period: 12)
215 observations: from 2/2002 to 12/2019

                  Mean:          -0.000387
Standard error of mean:           0.012848
              Variance:           0.035488
    Standard deviation:           0.188383
              Skewness:          -0.141800
              Kurtosis:           0.627647
           Jarque-Bera:           4.150734
               Minimum:          -0.627421 at  1/2015 (observation 156)
               Maximum:           0.527066 at  1/2003 (observation  12)

Standardized time series plot (original values on right-side column):

               -3      -2     -1       0      +1     +2      +3   
-------------+--+-------+------+-------+-------+------+-------+--+--------------
   1  2/2002 |          :     *:       |       :      :          | -0.2181251504
   2  3/2002 |          :      : *     |       :      :          | -0.1488222433
   3  4/2002 |          :      :       |      *:      :          |  0.1780113690
   4  5/2002 |          :      :     * |       :      :          | -0.0569625410
   5  6/2002 |          :      :   *   |       :      :          | -0.0912083475
   6  7/2002 |          :      :       |       : *    :          |  0.2523522604
   7  8/2002 |          :      : *     |       :      :          | -0.1397563983
   8  9/2002 |          :      :       |       :  *   :          |  0.2719979614
   9 10/2002 |          :      :       |  *    :      :          |  0.0787904286
  10 11/2002 |          :      :       *       :      :          | -0.0035806149
  11 12/2002 +          :      :     * |       :      :          + -0.0559071135
  12  1/2003@|          :      :       |       :      :     *    |@ 0.5270659871
  13  2/2003@|          :      :       |       :      *          |@ 0.3796704295
  14  3/2003 |          :      : *     |       :      :          | -0.1625348792
  15  4/2003 |          :*     :       |       :      :          | -0.3622780978
  16  5/2003 |          :   *  :       |       :      :          | -0.2871621587
  17  6/2003 |          :      :       |    *  :      :          |  0.1224291840
  18  7/2003 |          :      :       |   *   :      :          |  0.1107793672
  19  8/2003 |          :      :   *   |       :      :          | -0.1126208562
  20  9/2003@|          :      :       |       :      : *        |@ 0.4302065013
  21 10/2003 |          :      :       |    *  :      :          |  0.1232566689
  22 11/2003 |          :      :       |    *  :      :          |  0.1139851418
  23 12/2003 +          :      :   *   |       :      :          + -0.1101777693
  24  1/2004 |          :      :       |       : *    :          |  0.2620531940
  25  2/2004 |          :      :       *       :      :          |  0.0119063587
  26  3/2004 |          :      :*      |       :      :          | -0.1670660010
  27  4/2004 |          :      :       |    *  :      :          |  0.1237843639
  28  5/2004 |          :      :       |       : *    :          |  0.2397858684
  29  6/2004 |          :      :    *  |       :      :          | -0.0674589495
  30  7/2004 |          :      :       |  *    :      :          |  0.0785736355
  31  8/2004 |          :      :  *    |       :      :          | -0.1341395980
  32  9/2004 |          :      :       |    *  :      :          |  0.1189535438
  33 10/2004 |          :      :       |     * :      :          |  0.1577368906
  34 11/2004 |          :      :       |*      :      :          |  0.0348161414
  35 12/2004 +          :      :   *   |       :      :          + -0.0919582994
  36  1/2005 |          :    * :       |       :      :          | -0.2479178398
  37  2/2005 |          :      :       |       : *    :          |  0.2611775435
  38  3/2005 |          :      :       |  *    :      :          |  0.0670514321
  39  4/2005 |          :      :      *|       :      :          | -0.0174165162
  40  5/2005 |          :      : *     |       :      :          | -0.1486928317
  41  6/2005 |          :      :       | *     :      :          |  0.0426561953
  42  7/2005 |          :      :       |   *   :      :          |  0.0978598872
  43  8/2005 |          :      :       |*      :      :          |  0.0361030278
  44  9/2005@|          :      :       |       :      :  *       |@ 0.4624044153
  45 10/2005 |          :      :  *    |       :      :          | -0.1241324795
  46 11/2005 |          :      *       |       :      :          | -0.2134973897
  47 12/2005 +          :      :    *  |       :      :          + -0.0854164925
  48  1/2006 |          :      :       |       :  *   :          |  0.2867467957
  49  2/2006 |          :      :       *       :      :          | -0.0059273048
  50  3/2006 |          : *    :       |       :      :          | -0.3193740433
  51  4/2006 |          :      :       |       : *    :          |  0.2383514181
  52  5/2006 |          :      :       |       :  *   :          |  0.2711861528
  53  6/2006 |          :      :   *   |       :      :          | -0.0891188707
  54  7/2006 |          :      :       |  *    :      :          |  0.0752069387
  55  8/2006 |          :      :     * |       :      :          | -0.0435611231
  56  9/2006 |          :      *       |       :      :          | -0.2016598376
  57 10/2006 |          :   *  :       |       :      :          | -0.2789560616
  58 11/2006 |          :      :       |     * :      :          |  0.1425394983
  59 12/2006 +          :      :       |*      :      :          +  0.0233511893
  60  1/2007 |          :      :     * |       :      :          | -0.0448552718
  61  2/2007 |          :      : *     |       :      :          | -0.1566404263
  62  3/2007 |          :      :  *    |       :      :          | -0.1145556695
  63  4/2007 |          :      :       |       : *    :          |  0.2579651729
  64  5/2007 |          :      :       |*      :      :          |  0.0209359212
  65  6/2007 |          :      :       | *     :      :          |  0.0537278286
  66  7/2007 |          :      :       *       :      :          | -0.0074852668
  67  8/2007 |          :      :       | *     :      :          |  0.0428655694
  68  9/2007 |          :      :       |       : *    :          |  0.2397566575
  69 10/2007 |          :      :       |       :*     :          |  0.2223320746
  70 11/2007@|          :      :       |       :      :     *    |@ 0.5194068222
  71 12/2007 +          :      :       |     * :      :          +  0.1413545805
  72  1/2008 |          :      :       |       :*     :          |  0.2358591268
  73  2/2008 |          :      :   *   |       :      :          | -0.1046585137
  74  3/2008 |          :      :       |      *:      :          |  0.1748742703
  75  4/2008 |          :      :       |   *   :      :          |  0.1002529375
  76  5/2008 |          :      :       |       :     *:          |  0.3542168337
  77  6/2008 |          :      :       |       :  *   :          |  0.2715853527
  78  7/2008 |          :      :       | *     :      :          |  0.0467855250
  79  8/2008@|         *:      :       |       :      :          |@-0.4113022615
  80  9/2008 |          :      :       *       :      :          | -0.0063666060
  81 10/2008 |          :      :*      |       :      :          | -0.1654684828
  82 11/2008@|   *      :      :       |       :      :          |@-0.5600424505
  83 12/2008@+     *    :      :       |       :      :          +@-0.4951853146
  84  1/2009 |          :      :   *   |       :      :          | -0.1000480908
  85  2/2009 |          :      :       | *     :      :          |  0.0468871687
  86  3/2009@|        * :      :       |       :      :          |@-0.4358399958
  87  4/2009 |          :      :     * |       :      :          | -0.0464446276
  88  5/2009 |          :      :    *  |       :      :          | -0.0856807897
  89  6/2009 |          :      :       *       :      :          |  0.0019181050
  90  7/2009 |          :      *       |       :      :          | -0.1992041324
  91  8/2009 |          :      :       |       *      :          |  0.2092324647
  92  9/2009 |          :      : *     |       :      :          | -0.1482708976
  93 10/2009 |          :      :       | *     :      :          |  0.0476440817
  94 11/2009 |          :      :       |       :*     :          |  0.2264011662
  95 12/2009 +          :      :       |    *  :      :          +  0.1227911310
  96  1/2010 |          :      :       |     * :      :          |  0.1403391223
  97  2/2010 |          :      :       |       *      :          |  0.1988351812
  98  3/2010 |          :      :      *|       :      :          | -0.0312877363
  99  4/2010 |          :      :       |  *    :      :          |  0.0699674598
 100  5/2010 |          :      :     * |       :      :          | -0.0479219202
 101  6/2010 |          :      :   *   |       :      :          | -0.0930014438
 102  7/2010 |          :      :       *       :      :          |  0.0062941538
 103  8/2010 |          :      :*      |       :      :          | -0.1742807858
 104  9/2010 |          :      :       | *     :      :          |  0.0472183026
 105 10/2010 |          :      :       | *     :      :          |  0.0429694936
 106 11/2010 |          :      :       |  *    :      :          |  0.0747350531
 107 12/2010 +          :      :       |       *      :          +  0.2065010504
 108  1/2011 |          :      :       |  *    :      :          |  0.0839570848
 109  2/2011 |          :      :       |   *   :      :          |  0.0914192213
 110  3/2011 |          :      :       |       :*     :          |  0.2270405204
 111  4/2011 |          :      :       |     * :      :          |  0.1390589616
 112  5/2011 |          :      :  *    |       :      :          | -0.1183925709
 113  6/2011 |          :      :       |*      :      :          |  0.0156210550
 114  7/2011 |          :      :*      |       :      :          | -0.1870794520
 115  8/2011 |          :      :       |      *:      :          |  0.1730667021
 116  9/2011 |          :      :       |*      :      :          |  0.0169061727
 117 10/2011 |          :      :       |     * :      :          |  0.1542697759
 118 11/2011 |          :      :       |       : *    :          |  0.2612361198
 119 12/2011 +          :      :       |     * :      :          +  0.1408846997
 120  1/2012 |          :      :      *|       :      :          | -0.0138341707
 121  2/2012 |          :      :       | *     :      :          |  0.0470701738
 122  3/2012 |          :      :       |       *      :          |  0.1971608218
 123  4/2012 |          :      :    *  |       :      :          | -0.0821213708
 124  5/2012 |          :      *       |       :      :          | -0.2091539378
 125  6/2012 |          :      :     * |       :      :          | -0.0543284716
 126  7/2012 |          :      : *     |       :      :          | -0.1470615776
 127  8/2012 |          :      :       |       : *    :          |  0.2581660993
 128  9/2012 |          :      : *     |       :      :          | -0.1486560559
 129 10/2012 |          :      :       |  *    :      :          |  0.0811344186
 130 11/2012 |          :      *       |       :      :          | -0.1985082746
 131 12/2012 +          :      :       |  *    :      :          +  0.0653362758
 132  1/2013 |          :      : *     |       :      :          | -0.1554273432
 133  2/2013 |          :      :    *  |       :      :          | -0.0716985710
 134  3/2013 |          :      :       |    *  :      :          |  0.1333673771
 135  4/2013 |          : *    :       |       :      :          | -0.3283352726
 136  5/2013 |          :      :    *  |       :      :          | -0.0834156445
 137  6/2013 |          :      :       |  *    :      :          |  0.0873305988
 138  7/2013 |          :      :      *|       :      :          | -0.0186924242
 139  8/2013 |          :      :       | *     :      :          |  0.0472466512
 140  9/2013 |          :      :   *   |       :      :          | -0.1094866969
 141 10/2013 |          :     *:       |       :      :          | -0.2195835584
 142 11/2013 |          :      :       *       :      :          | -0.0119118574
 143 12/2013 +          :      :       |   *   :      :          +  0.1056318873
 144  1/2014 |          :      *       |       :      :          | -0.1891874459
 145  2/2014 |          :      :       |       :*     :          |  0.2168069133
 146  3/2014 |          :      : *     |       :      :          | -0.1619139233
 147  4/2014 |          :      :*      |       :      :          | -0.1773663830
 148  5/2014 |          :      : *     |       :      :          | -0.1442880309
 149  6/2014 |          :      :  *    |       :      :          | -0.1363350501
 150  7/2014 |          :      :     * |       :      :          | -0.0582370652
 151  8/2014 |          :      :       | *     :      :          |  0.0596329356
 152  9/2014 |          :   *  :       |       :      :          | -0.2648784772
 153 10/2014 |          :      :       *       :      :          | -0.0098841201
 154 11/2014 |          :      :*      |       :      :          | -0.1724067267
 155 12/2014 +          :      : *     |       :      :          + -0.1620677534
 156  1/2015@|*         :      :       |       :      :          |@-0.6274211642
 157  2/2015 |          :      :       |       :  *   :          |  0.2823996699
 158  3/2015 |          :      :       |  *    :      :          |  0.0873882137
 159  4/2015 |          :      :     * |       :      :          | -0.0523566967
 160  5/2015 |          :      :       |  *    :      :          |  0.0847392294
 161  6/2015 |          :      : *     |       :      :          | -0.1395046382
 162  7/2015 |          :      : *     |       :      :          | -0.1408818527
 163  8/2015 |          :      :     * |       :      :          | -0.0626455029
 164  9/2015 |          :    * :       |       :      :          | -0.2593190897
 165 10/2015 |          :      :      *|       :      :          | -0.0141388183
 166 11/2015 |          :      :*      |       :      :          | -0.1661272546
 167 12/2015 +          :      :       |*      :      :          +  0.0216617069
 168  1/2016@|     *    :      :       |       :      :          |@-0.5136511815
 169  2/2016 |          :      : *     |       :      :          | -0.1417012025
 170  3/2016 |          :      :       |   *   :      :          |  0.0879144997
 171  4/2016 |          :      :   *   |       :      :          | -0.1125642706
 172  5/2016 |          :      :       |       :*     :          |  0.2170861932
 173  6/2016 |          :      :       |  *    :      :          |  0.0699004892
 174  7/2016 |          :      :   *   |       :      :          | -0.0966811171
 175  8/2016 |          :      :      *|       :      :          | -0.0334324954
 176  9/2016 |          :      :   *   |       :      :          | -0.0997267632
 177 10/2016 |          :      :     * |       :      :          | -0.0435620872
 178 11/2016 |          :      :       *       :      :          |  0.0030806458
 179 12/2016 +          :      :       |  *    :      :          +  0.0700093080
 180  1/2017 |          :      :       |       *      :          |  0.1932837254
 181  2/2017 |          :      *       |       :      :          | -0.2050038242
 182  3/2017 |          :      :       |*      :      :          |  0.0301839532
 183  4/2017 |          :      :    *  |       :      :          | -0.0837733258
 184  5/2017 |          :      :*      |       :      :          | -0.1639571052
 185  6/2017 |          :      :    *  |       :      :          | -0.0836980714
 186  7/2017 |          :      :    *  |       :      :          | -0.0716022233
 187  8/2017 |          :      :       |     * :      :          |  0.1468429534
 188  9/2017 |          :      :     * |       :      :          | -0.0446649103
 189 10/2017 |          :      :       |*      :      :          |  0.0299881072
 190 11/2017 |          :      :       |   *   :      :          |  0.0939162070
 191 12/2017 +          :      :       |  *    :      :          +  0.0782878426
 192  1/2018 |          :      :       |       :*     :          |  0.2183332127
 193  2/2018 |          :*     :       |       :      :          | -0.3435925496
 194  3/2018@|          :      :       |       :      :*         |@ 0.4124955547
 195  4/2018 |          :      :       *       :      :          | -0.0120815644
 196  5/2018 |          :      :       |       :  *   :          |  0.2755128185
 197  6/2018 |          :      :     * |       :      :          | -0.0588087817
 198  7/2018 |          :      :       |      *:      :          |  0.1832364089
 199  8/2018 |          :      :       |  *    :      :          |  0.0866710562
 200  9/2018 |          :      :   *   |       :      :          | -0.1080938749
 201 10/2018 |          :      :       |*      :      :          |  0.0254996654
 202 11/2018 |          :     *:       |       :      :          | -0.2318975641
 203 12/2018 +          :     *:       |       :      :          + -0.2184151643
 204  1/2019 |          :      :  *    |       :      :          | -0.1330903961
 205  2/2019 |          :    * :       |       :      :          | -0.2429432732
 206  3/2019 |          :      :       |     * :      :          |  0.1446972433
 207  4/2019 |          :      :       |    *  :      :          |  0.1280368892
 208  5/2019 |          :      :  *    |       :      :          | -0.1173744377
 209  6/2019 |          :      :       |      *:      :          |  0.1667895834
 210  7/2019 |          :      :       | *     :      :          |  0.0372968342
 211  8/2019 |          :      :       |  *    :      :          |  0.0723494183
 212  9/2019 |          :     *:       |       :      :          | -0.2294286035
 213 10/2019 |          :      :  *    |       :      :          | -0.1182143871
 214 11/2019 |          :      :       |   *   :      :          |  0.0911719854
 215 12/2019 +          :      :       |       : *    :          +  0.2498514398
-------------+--+-------+------+-------+-------+------+-------+--+--------------
               -3      -2     -1       0      +1     +2      +3   

                 +------------------------------------------+
                 |       Table of standardized values       |
                 |       greater than or equal to 2.0       |
                 +------------------------------------------+
                 |                                          |
                 | Observation    Date   Standardized value |
                 |                                          |
                 |     12        1/2003         2.80        |
                 |     13        2/2003         2.02        |
                 |     20        9/2003         2.29        |
                 |     44        9/2005         2.46        |
                 |     70       11/2007         2.76        |
                 |     79        8/2008        -2.18        |
                 |     82       11/2008        -2.97        |
                 |     83       12/2008        -2.63        |
                 |     86        3/2009        -2.31        |
                 |    156        1/2015        -3.33        |
                 |    168        1/2016        -2.72        |
                 |    194        3/2018         2.19        |
                 +------------------------------------------+

Standardized time series histogram:

       -4      -3      -2      -1       0      +1      +2      +3      +4
        +---+---+---+---+---+---+---+---+---+---+---+---+---+---+---+---+
        |                                 46                            |
        |                                ....                           |
        |                         40  39 ....                           |
        |                        ............                           |
        |                        ............                           |
        |                        ............                           |
        |                        ............ 27  26                    |
        |                        ....................                   |
        |                        ....................                   |
        |                        ....................                   |
        |                     17 ....................                   |
        |                    ........................                   |
        |                    ........................                   |
        |                    ........................                   |
        |          3       5 ........................  3   4            |
        |      1 ....  2 ....................................  2        |
        |    ....................................................       |
        +---+---+---+---+---+---+---+---+---+---+---+---+---+---+---+---+
       -4      -3      -2      -1       0      +1      +2      +3      +4

              63 values outside (-1,+1): 29.30 % (31.74 % expected)
              12 values outside (-2,+2):  5.58 % ( 4.56 % expected)

Autocorrelation function (acf bands = +- 0.136):

            -1                         0                         1  L-B Q  DF
-------------+-------------------------+-------------------------+--------------
   1   0.096 |                      :  |**:                      | 
   2   0.078 |                      :  |**:                      | 
   3   0.047 |                      :  |* :                      | 
   4   0.124 |                      :  |***                      | 
   5   0.025 |                      :  |* :                      | 
   6  -0.031 |                      : *|  :                      | 
   7   0.088 |                      :  |**:                      | 
   8  -0.002 |                      :  |  :                      | 
   9  -0.026 |                      : *|  :                      | 
  10   0.014 |                      :  |  :                      | 
  11  -0.077 |                      :**|  :                      | 
  12   0.013 +                      :  |  :                      +  10.97  11
  13  -0.171 |                     ****|  :                      | 
  14  -0.025 |                      : *|  :                      | 
  15   0.022 |                      :  |* :                      | 
  16  -0.018 |                      :  |  :                      | 
  17   0.003 |                      :  |  :                      | 
  18  -0.064 |                      :**|  :                      | 
  19   0.032 |                      :  |* :                      | 
  20   0.085 |                      :  |**:                      | 
  21   0.106 |                      :  |***                      | 
  22   0.050 |                      :  |* :                      | 
  23  -0.084 |                      :**|  :                      | 
  24   0.092 +                      :  |++:                      +  28.08  23
  25   0.002 |                      :  |  :                      | 
  26   0.045 |                      :  |* :                      | 
  27   0.013 |                      :  |  :                      | 
  28  -0.045 |                      : *|  :                      | 
  29  -0.023 |                      : *|  :                      | 
  30  -0.012 |                      :  |  :                      | 
  31   0.007 |                      :  |  :                      | 
  32   0.020 |                      :  |  :                      | 
  33  -0.011 |                      :  |  :                      | 
  34  -0.029 |                      : *|  :                      | 
  35  -0.029 |                      : *|  :                      | 
  36   0.012 +                      :  |  :                      +  29.89  35
  37  -0.046 |                      : *|  :                      | 
  38  -0.056 |                      : *|  :                      | 
  39  -0.008 |                      :  |  :                      |  31.29  38
-------------+-------------------------+-------------------------+--------------
            -1                         0                         1  L-B Q  DF

Partial autocorrelation function (pacf bands = +- 0.136):

            -1                         0                         1
-------------+-------------------------+-------------------------+--------------
   1   0.096 |                      :  |**:                      | 
   2   0.070 |                      :  |**:                      | 
   3   0.034 |                      :  |* :                      | 
   4   0.113 |                      :  |***                      | 
   5  -0.001 |                      :  |  :                      | 
   6  -0.052 |                      : *|  :                      | 
   7   0.088 |                      :  |**:                      | 
   8  -0.027 |                      : *|  :                      | 
   9  -0.036 |                      : *|  :                      | 
  10   0.028 |                      :  |* :                      | 
  11  -0.100 |                      :**|  :                      | 
  12   0.028 +                      :  |+ :                      + 
  13  -0.156 |                     ****|  :                      | 
  14  -0.007 |                      :  |  :                      | 
  15   0.069 |                      :  |**:                      | 
  16  -0.017 |                      :  |  :                      | 
  17   0.032 |                      :  |* :                      | 
  18  -0.047 |                      : *|  :                      | 
  19   0.012 |                      :  |  :                      | 
  20   0.125 |                      :  |***                      | 
  21   0.095 |                      :  |**:                      | 
  22   0.009 |                      :  |  :                      | 
  23  -0.105 |                      ***|  :                      | 
  24   0.045 +                      :  |+ :                      + 
  25  -0.009 |                      :  |  :                      | 
  26   0.021 |                      :  |* :                      | 
  27   0.005 |                      :  |  :                      | 
  28  -0.073 |                      :**|  :                      | 
  29  -0.040 |                      : *|  :                      | 
  30   0.026 |                      :  |* :                      | 
  31  -0.010 |                      :  |  :                      | 
  32   0.059 |                      :  |* :                      | 
  33   0.030 |                      :  |* :                      | 
  34  -0.034 |                      : *|  :                      | 
  35   0.009 |                      :  |  :                      | 
  36  -0.036 +                      : +|  :                      + 
  37  -0.020 |                      : *|  :                      | 
  38  -0.018 |                      :  |  :                      | 
  39  -0.003 |                      :  |  :                      | 
-------------+-------------------------+-------------------------+--------------
            -1                         0                         1

      +------------------------------------------------------+
      |         Calibration of distortions of the ACF        |
      |                                                      |
      +------------------------------------------------------+
      |                                                      |
      |     Lag                 Dates          Contribution  |
      |                                                      |
      |  r(1) = 0.096       11/2008 - 12/2008        0.036    |
      |                     1/2003 -  2/2003        0.026    |
      |                    10/2007 - 11/2007        0.015    |
      |                     4/2003 -  5/2003        0.014    |
      |                                                      |
      |  r(2) = 0.078        9/2007 - 11/2007        0.016    |
      |                    11/2007 -  1/2008        0.016    |
      |                     3/2018 -  5/2018        0.015    |
      |                    11/2014 -  1/2015        0.014    |
      |                                                      |
      |  r(3) = 0.047        8/2008 - 11/2008        0.030    |
      |                    12/2008 -  3/2009        0.028    |
      |                     1/2006 -  4/2006        0.009    |
      |                     1/2016 -  4/2016        0.008    |
      |                                                      |
      |  r(4) = 0.124       11/2008 -  3/2009        0.032    |
      |                     8/2008 - 12/2008        0.027    |
      |                     9/2014 -  1/2015        0.022    |
      |                     9/2002 -  1/2003        0.019    |
      |                                                      |
      |  r(5) = 0.025        9/2002 -  2/2003        0.014    |
      |                     1/2015 -  6/2015        0.011    |
      |                    10/2008 -  3/2009        0.009    |
      |                    11/2012 -  4/2013        0.009    |
      |                                                      |
      |  r(6) = -0.031       5/2008 - 11/2008       -0.026    |
      |                     9/2005 -  3/2006       -0.019    |
      |                     6/2008 - 12/2008       -0.018    |
      |                    10/2006 -  4/2007       -0.009    |
      |                                                      |
      |  r(7) = 0.088        8/2008 -  3/2009        0.023    |
      |                     2/2003 -  9/2003        0.021    |
      |                    11/2007 -  6/2008        0.019    |
      |                     4/2007 - 11/2007        0.018    |
      |                                                      |
      |  r(8) = -0.002       1/2005 -  9/2005       -0.015    |
      |                    12/2008 -  8/2009       -0.014    |
      |                     3/2009 - 11/2009       -0.013    |
      |                     3/2008 - 11/2008       -0.013    |
      |                                                      |
      |  r(9) = -0.026      11/2007 -  8/2008       -0.028    |
      |                     6/2008 -  3/2009       -0.016    |
      |                    11/2008 -  8/2009       -0.015    |
      |                     4/2003 -  1/2004       -0.012    |
      |                                                      |
      |  r(10) = 0.014        1/2015 - 11/2015        0.014    |
      |                     3/2014 -  1/2015        0.013    |
      |                    11/2008 -  9/2009        0.011    |
      |                     2/2018 - 12/2018        0.010    |
      |                                                      |
      |  r(11) = -0.077       2/2015 -  1/2016       -0.019    |
      |                     2/2014 -  1/2015       -0.018    |
      |                     1/2008 - 12/2008       -0.015    |
      |                     2/2002 -  1/2003       -0.015    |
      |                                                      |
      |  r(12) = 0.013        1/2015 -  1/2016        0.042    |
      |                     1/2003 -  1/2004        0.018    |
      |                     1/2014 -  1/2015        0.016    |
      |                     9/2002 -  9/2003        0.015    |
      |                                                      |
      |  r(13) = -0.171      11/2007 - 12/2008       -0.034    |
      |                    10/2006 - 11/2007       -0.019    |
      |                     9/2005 - 10/2006       -0.017    |
      |                    10/2007 - 11/2008       -0.016    |
      |                                                      |
      |  r(14) = -0.025       9/2007 - 11/2008       -0.018    |
      |                    10/2007 - 12/2008       -0.014    |
      |                     9/2006 - 11/2007       -0.014    |
      |                     1/2008 -  3/2009       -0.013    |
      |                                                      |
      |  r(15) = 0.022       10/2013 -  1/2015        0.018    |
      |                     2/2003 -  5/2004        0.012    |
      |                     5/2008 -  8/2009        0.010    |
      |                     1/2006 -  4/2007        0.010    |
      |                                                      |
      |  r(16) = -0.018      11/2007 -  3/2009       -0.030    |
      |                     1/2015 -  5/2016       -0.018    |
      |                     9/2003 -  1/2005       -0.014    |
      |                     4/2007 -  8/2008       -0.014    |
      |                                                      |
      |  r(17) = 0.003        9/2003 -  2/2005        0.015    |
      |                     4/2013 -  9/2014        0.011    |
      |                     4/2002 -  9/2003        0.010    |
      |                     3/2009 -  8/2010        0.010    |
      |                                                      |
      |  r(18) = -0.064       9/2007 -  3/2009       -0.014    |
      |                     3/2018 -  9/2019       -0.012    |
      |                     8/2008 -  2/2010       -0.011    |
      |                     3/2004 -  9/2005       -0.010    |
      |                                                      |
      |  r(19) = 0.032        4/2006 - 11/2007        0.016    |
      |                     9/2005 -  4/2007        0.016    |
      |                     2/2018 -  9/2019        0.010    |
      |                     6/2014 -  1/2016        0.009    |
      |                                                      |
      |  r(20) = 0.085        1/2004 -  9/2005        0.016    |
      |                    12/2008 -  8/2010        0.011    |
      |                     5/2014 -  1/2016        0.010    |
      |                     5/2003 -  1/2005        0.009    |
      |                                                      |
      |  r(21) = 0.106        4/2013 -  1/2015        0.027    |
      |                    11/2007 -  8/2009        0.014    |
      |                     3/2018 - 12/2019        0.014    |
      |                    11/2008 -  8/2010        0.013    |
      |                                                      |
      |  r(22) = 0.050        1/2006 - 11/2007        0.020    |
      |                    10/2006 -  8/2008        0.015    |
      |                     5/2016 -  3/2018        0.012    |
      |                     3/2014 -  1/2016        0.011    |
      |                                                      |
      |  r(23) = -0.084       4/2007 -  3/2009       -0.015    |
      |                     2/2014 -  1/2016       -0.015    |
      |                     2/2003 -  1/2005       -0.012    |
      |                    11/2011 - 10/2013       -0.008    |
      |                                                      |
      |  r(24) = 0.092        9/2003 -  9/2005        0.026    |
      |                    11/2007 - 11/2009        0.015    |
      |                     9/2005 -  9/2007        0.015    |
      |                     2/2003 -  2/2005        0.013    |
      |                                                      |
      |  r(25) = 0.002        1/2016 -  2/2018        0.023    |
      |                    10/2006 - 11/2008        0.020    |
      |                     1/2003 -  2/2005        0.018    |
      |                     1/2015 -  2/2017        0.017    |
      |                                                      |
      |  r(26) = 0.045        9/2005 - 11/2007        0.032    |
      |                    10/2006 - 12/2008        0.018    |
      |                    11/2012 -  1/2015        0.016    |
      |                     9/2006 - 11/2008        0.015    |
      |                                                      |
      |  r(27) = 0.013       10/2013 -  1/2016        0.015    |
      |                    11/2007 -  2/2010        0.014    |
      |                     9/2006 - 12/2008        0.013    |
      |                     9/2005 - 12/2007        0.009    |
      |                                                      |
      |  r(28) = -0.045       1/2016 -  5/2018       -0.019    |
      |                     5/2003 -  9/2005       -0.017    |
      |                    11/2008 -  3/2011       -0.017    |
      |                     4/2006 -  8/2008       -0.013    |
      |                                                      |
      |  r(29) = -0.023       4/2003 -  9/2005       -0.022    |
      |                     8/2012 -  1/2015       -0.021    |
      |                    11/2008 -  4/2011       -0.010    |
      |                     3/2009 -  8/2011       -0.010    |
      |                                                      |
      |  r(30) = -0.012       5/2006 - 11/2008       -0.020    |
      |                     9/2003 -  3/2006       -0.018    |
      |                     9/2015 -  3/2018       -0.014    |
      |                     1/2016 -  7/2018       -0.012    |
      |                                                      |
      |  r(31) = 0.007        2/2003 -  9/2005        0.023    |
      |                     9/2003 -  4/2006        0.013    |
      |                    12/2008 -  7/2011        0.012    |
      |                     4/2003 - 11/2005        0.010    |
      |                                                      |
      |  r(32) = 0.020        1/2003 -  9/2005        0.032    |
      |                     3/2006 - 11/2008        0.023    |
      |                     9/2005 -  5/2008        0.022    |
      |                     5/2012 -  1/2015        0.017    |
      |                                                      |
      |  r(33) = -0.011       4/2003 -  1/2006       -0.014    |
      |                    11/2008 -  8/2011       -0.013    |
      |                    11/2007 -  8/2010       -0.012    |
      |                     2/2003 - 11/2005       -0.011    |
      |                                                      |
      |  r(34) = -0.029       1/2006 - 11/2008       -0.021    |
      |                     1/2005 - 11/2007       -0.017    |
      |                     3/2012 -  1/2015       -0.016    |
      |                     5/2006 -  3/2009       -0.015    |
      |                                                      |
      |  r(35) = -0.029       9/2005 -  8/2008       -0.025    |
      |                     1/2006 - 12/2008       -0.019    |
      |                    12/2008 - 11/2011       -0.017    |
      |                     4/2006 -  3/2009       -0.014    |
      |                                                      |
      |  r(36) = 0.012        1/2003 -  1/2006        0.020    |
      |                     3/2006 -  3/2009        0.018    |
      |                     9/2002 -  9/2005        0.017    |
      |                    11/2005 - 11/2008        0.016    |
      |                                                      |
      |  r(37) = -0.046       2/2003 -  3/2006       -0.016    |
      |                     9/2003 - 10/2006       -0.016    |
      |                     4/2003 -  5/2006       -0.013    |
      |                    12/2011 -  1/2015       -0.012    |
      |                                                      |
      |  r(38) = -0.056       9/2005 - 11/2008       -0.034    |
      |                     1/2015 -  3/2018       -0.034    |
      |                     1/2003 -  3/2006       -0.022    |
      |                    11/2011 -  1/2015       -0.022    |
      |                                                      |
      |  r(39) = -0.008       9/2005 - 12/2008       -0.030    |
      |                     8/2008 - 11/2011       -0.014    |
      |                    12/2008 -  3/2012       -0.013    |
      |                    10/2011 -  1/2015       -0.013    |
      |                                                      |
      +------------------------------------------------------+
