
Output file            : IPC_FR_mmu.out
Estimation method      : exact maximum likelihood
Check for invertibility: constrained search

Observations: 216.
Parameters  : 12.


Omegas for deterministic variable 1:
     -0.264158  (0.080708) [ 1]
Omegas for deterministic variable 2:
      0.019201  (0.040688) [ 2]
Omegas for deterministic variable 3:
     -0.033117  (0.018475) [ 3]
Omegas for deterministic variable 4:
     -0.153742  (0.018508) [ 4]
Omegas for deterministic variable 5:
      0.072884  (0.013081) [ 5]
Omegas for deterministic variable 6:
     -0.027334  (0.013085) [ 6]
Omegas for deterministic variable 7:
      0.095551  (0.010680) [ 7]
Omegas for deterministic variable 8:
     -0.065703  (0.010657) [ 8]
Omegas for deterministic variable 9:
      0.010948  (0.009583) [ 9]
Omegas for deterministic variable 10:
      0.061011  (0.009545) [10]
Omegas for deterministic variable 11:
      0.051276  (0.006531) [11]
Coefficients for regular AR factor 1:
      0.000000
Mean parameter (mu):
      0.113087  (0.013080) [12]

Box-Cox lambda     :  0.0
Seasonal period    : 12
Regular differences:  1
Annual differences :  0
Irreducible factors:  0 0 0 0 0 0 0

Coefficients of the non-stationary operator: 
  u[ 1]     =    1.0000000000
Coefficients of the Autoregressive operator: 
  phi[ 1]   =   -0.0000000000
Coefficients of the Moving-Average operator: 

sigma2:   0.0366777217 (   0.0035375136)
sigma :   0.1915142858
logelf:  50.2786832730

Selection Model Criterium:
Hannan-Quinn =  -3.29
Schwarz   =  -3.26

Estimated covariance matrix:

x[ 1] ->  0.006513812
x[ 2] ->  0.001402147  0.001655491
x[ 3] ->  0.000010199 -0.000000726  0.000341324
x[ 4] ->  0.000003987  0.000006761 -0.000000819  0.000342530
x[ 5] -> -0.000000864 -0.000003148  0.000001438 -0.000001058  0.000171109
x[ 6] -> -0.000002543  0.000003061 -0.000000198  0.000001843 -0.000000302  0.000171225
x[ 7] ->  0.000010146 -0.000000650  0.000000949 -0.000001384  0.000000909 -0.000000769  0.000114057
x[ 8] ->  0.000015675  0.000006054 -0.000000317  0.000000910 -0.000000346  0.000000593 -0.000000432  0.000113582
x[ 9] -> -0.000003741 -0.000004331  0.000000818 -0.000001448  0.000000822 -0.000000839  0.000000824 -0.000000495  0.000091837
x[10] -> -0.000017237 -0.000003723 -0.000000369  0.000000310 -0.000000298  0.000000165 -0.000000248  0.000000084 -0.000000204  0.000091105
x[11] ->  0.000000418 -0.000001553  0.000000427 -0.000000715  0.000000433 -0.000000399  0.000000417 -0.000000239  0.000000416 -0.000000111  0.000042659
x[12] -> -0.000047741 -0.000009361 -0.000001078  0.000001310 -0.000000984  0.000000708 -0.000000934  0.000000321 -0.000000781  0.000000376 -0.000000415  0.000171099


Estimated correlation matrix:

x[ 1] ->  1.00
x[ 2] ->  0.43  1.00
x[ 3] ->  0.01 -0.00  1.00
x[ 4] ->  0.00  0.01 -0.00  1.00
x[ 5] -> -0.00 -0.01  0.01 -0.00  1.00
x[ 6] -> -0.00  0.01 -0.00  0.01 -0.00  1.00
x[ 7] ->  0.01 -0.00  0.00 -0.01  0.01 -0.01  1.00
x[ 8] ->  0.02  0.01 -0.00  0.00 -0.00  0.00 -0.00  1.00
x[ 9] -> -0.00 -0.01  0.00 -0.01  0.01 -0.01  0.01 -0.00  1.00
x[10] -> -0.02 -0.01 -0.00  0.00 -0.00  0.00 -0.00  0.00 -0.00  1.00
x[11] ->  0.00 -0.01  0.00 -0.01  0.01 -0.00  0.01 -0.00  0.01 -0.00  1.00
x[12] -> -0.05 -0.02 -0.00  0.01 -0.01  0.00 -0.01  0.00 -0.01  0.00 -0.00  1.00

Correlations greater than or equal to 0.7 in absolute value:


Unconditional residuals (seasonal period: 12)
215 observations: from 2/2002 to 12/2019

                  Mean:           0.000000
Standard error of mean:           0.013061
              Variance:           0.036678
    Standard deviation:           0.191514
              Skewness:          -0.125865
              Kurtosis:           0.753217
           Jarque-Bera:           5.518665
               Minimum:          -0.655021 at  1/2015 (observation 156)
               Maximum:           0.543329 at 11/2007 (observation  70)

Standardized time series plot (original values on right-side column):

                -3     -2      -1      0     +1      +2     +3    
-------------+---+------+-------+------+------+-------+------+---+--------------
   1  2/2002 |          :     * :      |      :       :          | -0.2303715399
   2  3/2002 |          :       :*     |      :       :          | -0.1520574028
   3  4/2002 |          :       :      |      *       :          |  0.1877767243
   4  5/2002 |          :       :    * |      :       :          | -0.0581284320
   5  6/2002 |          :       :  *   |      :       :          | -0.0937432608
   6  7/2002 |          :       :      |      :  *    :          |  0.2611259845
   7  8/2002 |          :       : *    |      :       :          | -0.1435732164
   8  9/2002 |          :       :      |      :   *   :          |  0.2771628130
   9 10/2002 |          :       :      |  *   :       :          |  0.0799763174
  10 11/2002 |          :       :      *      :       :          | -0.0034793158
  11 12/2002 +          :       :    * |      :       :          + -0.0550701662
  12  1/2003@|          :       :      |      :       :     *    |@ 0.5430686526
  13  2/2003 |          :       :      |      :     * :          |  0.3392940124
  14  3/2003 |          :       *      |      :       :          | -0.1866814205
  15  4/2003 |          : *     :      |      :       :          | -0.3298605528
  16  5/2003 |          :   *   :      |      :       :          | -0.2975556059
  17  6/2003 |          :       :      |   *  :       :          |  0.1080191953
  18  7/2003 |          :       :      |     *:       :          |  0.1544719475
  19  8/2003 |          :       : *    |      :       :          | -0.1359242563
  20  9/2003@|          :       :      |      :       :  *       |@ 0.4743857556
  21 10/2003 |          :       :      |    * :       :          |  0.1356251008
  22 11/2003 |          :       :      |   *  :       :          |  0.1140433206
  23 12/2003 +          :       :  *   |      :       :          + -0.1174043530
  24  1/2004 |          :       :      |      :     * :          |  0.3514288769
  25  2/2004 |          :       :      |  *   :       :          |  0.0691592844
  26  3/2004 |          :       *      |      :       :          | -0.1934520296
  27  4/2004 |          :       :      |  *   :       :          |  0.0679642113
  28  5/2004 |          :       :      |      *       :          |  0.1917972329
  29  6/2004 |          :       :    * |      :       :          | -0.0469785968
  30  7/2004 |          :       :      |   *  :       :          |  0.0991451539
  31  8/2004 |          :       :*     |      :       :          | -0.1530113409
  32  9/2004 |          :       :      |      *       :          |  0.1889707204
  33 10/2004 |          :       :      |      *       :          |  0.1773673531
  34 11/2004 |          :       :      | *    :       :          |  0.0540746422
  35 12/2004 +          :       :  *   |      :       :          + -0.1080481278
  36  1/2005 |          :      *:      |      :       :          | -0.2018228798
  37  2/2005 |          :       :      |      :  *    :          |  0.2583688599
  38  3/2005 |          :       :      | *    :       :          |  0.0399254007
  39  4/2005 |          :       :      *      :       :          |  0.0061449130
  40  5/2005 |          :       :  *   |      :       :          | -0.1106226349
  41  6/2005 |          :       :      |*     :       :          |  0.0321248538
  42  7/2005 |          :       :      |   *  :       :          |  0.1131717074
  43  8/2005 |          :       :      |*     :       :          |  0.0137169388
  44  9/2005@|          :       :      |      :       :  *       |@ 0.4815891289
  45 10/2005 |          :       :  *   |      :       :          | -0.0988708590
  46 11/2005 |          :      *:      |      :       :          | -0.2071684216
  47 12/2005 +          :       :  *   |      :       :          + -0.0985307973
  48  1/2006 |          :       :      |      :  *    :          |  0.2495555311
  49  2/2006 |          :       :      |*     :       :          |  0.0319738844
  50  3/2006 |          :  *    :      |      :       :          | -0.3082650461
  51  4/2006 |          :       :      |      : *     :          |  0.2388525410
  52  5/2006 |          :       :      |      : *     :          |  0.2458117183
  53  6/2006 |          :       :   *  |      :       :          | -0.0816666914
  54  7/2006 |          :       :      |   *  :       :          |  0.0936685046
  55  8/2006 |          :       :     *|      :       :          | -0.0381439358
  56  9/2006 |          :       : *    |      :       :          | -0.1263842394
  57 10/2006 |          :   *   :      |      :       :          | -0.2997281059
  58 11/2006 |          :       :      |   *  :       :          |  0.1083149935
  59 12/2006 +          :       :      *      :       :          +  0.0113052637
  60  1/2007 |          :       :      *      :       :          |  0.0052725385
  61  2/2007 |          :       :*     |      :       :          | -0.1623616253
  62  3/2007 |          :       :*     |      :       :          | -0.1665559800
  63  4/2007 |          :       :      |      :   *   :          |  0.3002371891
  64  5/2007 |          :       :      | *    :       :          |  0.0641342743
  65  6/2007 |          :       :      | *    :       :          |  0.0396590841
  66  7/2007 |          :       :      *      :       :          |  0.0072767193
  67  8/2007 |          :       :      |*     :       :          |  0.0352723582
  68  9/2007 |          :       :      |      :*      :          |  0.2065802049
  69 10/2007 |          :       :      |      *       :          |  0.1762749243
  70 11/2007@|          :       :      |      :       :     *    |@ 0.5433286948
  71 12/2007 +          :       :      |     *:       :          +  0.1470721139
  72  1/2008 |          :       :      |      : *     :          |  0.2318311469
  73  2/2008 |          :       : *    |      :       :          | -0.1349935164
  74  3/2008 |          :       :      |     *:       :          |  0.1563239951
  75  4/2008 |          :       :      |     *:       :          |  0.1457281858
  76  5/2008 |          :       :      |      :      *:          |  0.3565454204
  77  6/2008 |          :       :      |      :   *   :          |  0.2808457024
  78  7/2008 |          :       :      | *    :       :          |  0.0480425840
  79  8/2008@|          *       :      |      :       :          |@-0.4047806458
  80  9/2008 |          :       :      |*     :       :          |  0.0325471405
  81 10/2008 |          :       : *    |      :       :          | -0.1296574611
  82 11/2008@|       *  :       :      |      :       :          |@-0.4745722654
  83 12/2008@+       *  :       :      |      :       :          +@-0.4701959867
  84  1/2009 |          :       :    * |      :       :          | -0.0582310306
  85  2/2009 |          :       :      |*     :       :          |  0.0250416232
  86  3/2009@|         *:       :      |      :       :          |@-0.4071218472
  87  4/2009 |          :       :     *|      :       :          | -0.0267262475
  88  5/2009 |          :       :     *|      :       :          | -0.0289222313
  89  6/2009 |          :       :      | *    :       :          |  0.0467579867
  90  7/2009 |          :       *      |      :       :          | -0.1890838066
  91  8/2009 |          :       :      |    * :       :          |  0.1415813894
  92  9/2009 |          :       :*     |      :       :          | -0.1495529192
  93 10/2009 |          :       :      |*     :       :          |  0.0201212232
  94 11/2009 |          :       :      |    * :       :          |  0.1355804474
  95 12/2009 +          :       :      | *    :       :          +  0.0438235649
  96  1/2010 |          :       :      |    * :       :          |  0.1272972942
  97  2/2010 |          :       :      |      :*      :          |  0.2017394095
  98  3/2010 |          :       :  *   |      :       :          | -0.1023087535
  99  4/2010 |          :       :      |  *   :       :          |  0.0657278393
 100  5/2010 |          :       :    * |      :       :          | -0.0630055055
 101  6/2010 |          :       :  *   |      :       :          | -0.0922024300
 102  7/2010 |          :       :     *|      :       :          | -0.0237594685
 103  8/2010 |          :       : *    |      :       :          | -0.1405888609
 104  9/2010 |          :       :      |*     :       :          |  0.0227610967
 105 10/2010 |          :       :      | *    :       :          |  0.0502512412
 106 11/2010 |          :       :      |   *  :       :          |  0.1123528442
 107 12/2010 +          :       :      |      : *     :          +  0.2284586774
 108  1/2011 |          :       :      |   *  :       :          |  0.1101742382
 109  2/2011 |          :       :      |    * :       :          |  0.1191389302
 110  3/2011 |          :       :      |      :*      :          |  0.2220891976
 111  4/2011 |          :       :      |     *:       :          |  0.1538312509
 112  5/2011 |          :       : *    |      :       :          | -0.1273095438
 113  6/2011 |          :       :      *      :       :          |  0.0009182258
 114  7/2011 |          :       *      |      :       :          | -0.1835719987
 115  8/2011 |          :       :      |     *:       :          |  0.1441249309
 116  9/2011 |          :       :      |*     :       :          |  0.0243754025
 117 10/2011 |          :       :      |     *:       :          |  0.1607880903
 118 11/2011 |          :       :      |      :  *    :          |  0.2740844689
 119 12/2011 +          :       :      |      *       :          +  0.1765134623
 120  1/2012 |          :       :      *      :       :          |  0.0031749165
 121  2/2012 |          :       :      | *    :       :          |  0.0572471809
 122  3/2012 |          :       :      |      : *     :          |  0.2343985328
 123  4/2012 |          :       :    * |      :       :          | -0.0560653616
 124  5/2012 |          :     * :      |      :       :          | -0.2295798672
 125  6/2012 |          :       :    * |      :       :          | -0.0512915524
 126  7/2012 |          :       *      |      :       :          | -0.1751350504
 127  8/2012 |          :       :      |      :   *   :          |  0.2859515909
 128  9/2012 |          :       :*     |      :       :          | -0.1461372698
 129 10/2012 |          :       :      |   *  :       :          |  0.1058298053
 130 11/2012 |          :       :*     |      :       :          | -0.1552013922
 131 12/2012 +          :       :      |  *   :       :          +  0.0902488648
 132  1/2013 |          :       :*     |      :       :          | -0.1543890934
 133  2/2013 |          :       :   *  |      :       :          | -0.0687644551
 134  3/2013 |          :       :      |     *:       :          |  0.1657252673
 135  4/2013 |          : *     :      |      :       :          | -0.3384014618
 136  5/2013 |          :       : *    |      :       :          | -0.1186643208
 137  6/2013 |          :       :      |  *   :       :          |  0.0789436692
 138  7/2013 |          :       :    * |      :       :          | -0.0402303539
 139  8/2013 |          :       :      |  *   :       :          |  0.0889302019
 140  9/2013 |          :       : *    |      :       :          | -0.1340068051
 141 10/2013 |          :      *:      |      :       :          | -0.2068323164
 142 11/2013 |          :       :    * |      :       :          | -0.0436884059
 143 12/2013 +          :       :      |    * :       :          +  0.1182062403
 144  1/2014 |          :      *:      |      :       :          | -0.2112735698
 145  2/2014 |          :       :      |      :*      :          |  0.2003442406
 146  3/2014 |          :       : *    |      :       :          | -0.1399744977
 147  4/2014 |          :     * :      |      :       :          | -0.2276431429
 148  5/2014 |          :       :*     |      :       :          | -0.1590016826
 149  6/2014 |          :       : *    |      :       :          | -0.1215868438
 150  7/2014 |          :       :    * |      :       :          | -0.0588103098
 151  8/2014 |          :       :      |  *   :       :          |  0.0668700504
 152  9/2014 |          :   *   :      |      :       :          | -0.2830016182
 153 10/2014 |          :       :    * |      :       :          | -0.0462448145
 154 11/2014 |          :       *      |      :       :          | -0.1737091696
 155 12/2014 +          :       : *    |      :       :          + -0.1429124985
 156  1/2015@|*         :       :      |      :       :          |@-0.6550208395
 157  2/2015 |          :       :      |      :    *  :          |  0.3130544430
 158  3/2015 |          :       :      | *    :       :          |  0.0611035971
 159  4/2015 |          :       :   *  |      :       :          | -0.0779778821
 160  5/2015 |          :       :      | *    :       :          |  0.0600841674
 161  6/2015 |          :       :*     |      :       :          | -0.1612845212
 162  7/2015 |          :       :*     |      :       :          | -0.1479133541
 163  8/2015 |          :       :    * |      :       :          | -0.0533855147
 164  9/2015 |          :  *    :      |      :       :          | -0.3028201323
 165 10/2015 |          :       :     *|      :       :          | -0.0162523234
 166 11/2015 |          :       *      |      :       :          | -0.1936410132
 167 12/2015 +          :       :      *      :       :          + -0.0029025653
 168  1/2016@|  *       :       :      |      :       :          |@-0.6128212587
 169  2/2016 |          :       :  *   |      :       :          | -0.1003341091
 170  3/2016 |          :       :      |   *  :       :          |  0.1023448107
 171  4/2016 |          :       :  *   |      :       :          | -0.1177694242
 172  5/2016 |          :       :      |      : *     :          |  0.2298348554
 173  6/2016 |          :       :      | *    :       :          |  0.0476029630
 174  7/2016 |          :       :  *   |      :       :          | -0.1172098014
 175  8/2016 |          :       :    * |      :       :          | -0.0441424836
 176  9/2016 |          :       : *    |      :       :          | -0.1423198710
 177 10/2016 |          :       :    * |      :       :          | -0.0463704509
 178 11/2016 |          :       :     *|      :       :          | -0.0234075770
 179 12/2016 +          :       :      |  *   :       :          +  0.0754509226
 180  1/2017 |          :       :      |   *  :       :          |  0.1126940609
 181  2/2017 |          :     * :      |      :       :          | -0.2328990187
 182  3/2017 |          :       :      | *    :       :          |  0.0447002150
 183  4/2017 |          :       :  *   |      :       :          | -0.0988113154
 184  5/2017 |          :       : *    |      :       :          | -0.1295941195
 185  6/2017 |          :       :   *  |      :       :          | -0.0717964738
 186  7/2017 |          :       :   *  |      :       :          | -0.0849122380
 187  8/2017 |          :       :      |    * :       :          |  0.1409039051
 188  9/2017 |          :       :    * |      :       :          | -0.0611941019
 189 10/2017 |          :       :      |*     :       :          |  0.0223744648
 190 11/2017 |          :       :      |   *  :       :          |  0.0950622736
 191 12/2017 +          :       :      |  *   :       :          +  0.0916253746
 192  1/2018 |          :       :      |      :  *    :          |  0.2531970456
 193  2/2018 |          *       :      |      :       :          | -0.3818260496
 194  3/2018@|          :       :      |      :       :*         |@ 0.4175835178
 195  4/2018 |          :       :     *|      :       :          | -0.0224175436
 196  5/2018 |          :       :      |      : *     :          |  0.2476454899
 197  6/2018 |          :       :   *  |      :       :          | -0.0719922250
 198  7/2018 |          :       :      |      *       :          |  0.1740221688
 199  8/2018 |          :       :      |   *  :       :          |  0.1101738007
 200  9/2018 |          :       :  *   |      :       :          | -0.1156306070
 201 10/2018 |          :       :      |*     :       :          |  0.0298979169
 202 11/2018 |          :      *:      |      :       :          | -0.2159166335
 203 12/2018 +          :      *:      |      :       :          + -0.2037256184
 204  1/2019 |          :       :  *   |      :       :          | -0.0941355912
 205  2/2019 |          :  *    :      |      :       :          | -0.3038104738
 206  3/2019 |          :       :      |      :*      :          |  0.2122226544
 207  4/2019 |          :       :      |    * :       :          |  0.1294092929
 208  5/2019 |          :       :   *  |      :       :          | -0.0734694727
 209  6/2019 |          :       :      |     *:       :          |  0.1576709493
 210  7/2019 |          :       :      |  *   :       :          |  0.0697017178
 211  8/2019 |          :       :      |  *   :       :          |  0.0860251534
 212  9/2019 |          :     * :      |      :       :          | -0.2473242749
 213 10/2019 |          :       :  *   |      :       :          | -0.1145491681
 214 11/2019 |          :       :      | *    :       :          |  0.0539424451
 215 12/2019 +          :       :      |      :*      :          +  0.2160847566
-------------+---+------+-------+------+------+-------+------+---+--------------
                -3     -2      -1      0     +1      +2     +3    

                 +------------------------------------------+
                 |       Table of standardized values       |
                 |       greater than or equal to 2.0       |
                 +------------------------------------------+
                 |                                          |
                 | Observation    Date   Standardized value |
                 |                                          |
                 |     12        1/2003         2.84        |
                 |     20        9/2003         2.48        |
                 |     44        9/2005         2.51        |
                 |     70       11/2007         2.84        |
                 |     79        8/2008        -2.11        |
                 |     82       11/2008        -2.48        |
                 |     83       12/2008        -2.46        |
                 |     86        3/2009        -2.13        |
                 |    156        1/2015        -3.42        |
                 |    168        1/2016        -3.20        |
                 |    194        3/2018         2.18        |
                 +------------------------------------------+

Standardized time series histogram:

       -4      -3      -2      -1       0      +1      +2      +3      +4
        +---+---+---+---+---+---+---+---+---+---+---+---+---+---+---+---+
        |                                 45                            |
        |                         42     ....                           |
        |                        ....    ....                           |
        |                        .... 34 .... 34                        |
        |                        ................                       |
        |                        ................                       |
        |                        ................                       |
        |                        ................                       |
        |                        ................ 22                    |
        |                        ....................                   |
        |                        ....................                   |
        |                     14 ....................                   |
        |                    ........................                   |
        |                  8 ........................                   |
        |              4 ............................  5       3        |
        |      2     ....................................  2 ....       |
        |    ....    ............................................       |
        +---+---+---+---+---+---+---+---+---+---+---+---+---+---+---+---+
       -4      -3      -2      -1       0      +1      +2      +3      +4

              60 values outside (-1,+1): 27.91 % (31.74 % expected)
              11 values outside (-2,+2):  5.12 % ( 4.56 % expected)

Autocorrelation function (acf bands = +- 0.136):

            -1                         0                         1  L-B Q  DF
-------------+-------------------------+-------------------------+--------------
   1   0.057 |                      :  |* :                      | 
   2   0.077 |                      :  |**:                      | 
   3   0.046 |                      :  |* :                      | 
   4   0.118 |                      :  |***                      | 
   5   0.039 |                      :  |* :                      | 
   6  -0.044 |                      : *|  :                      | 
   7   0.096 |                      :  |**:                      | 
   8   0.031 |                      :  |* :                      | 
   9   0.001 |                      :  |  :                      | 
  10   0.037 |                      :  |* :                      | 
  11  -0.076 |                      :**|  :                      | 
  12   0.179 +                      :  |++++                     +  17.60  12
  13  -0.155 |                     ****|  :                      | 
  14  -0.003 |                      :  |  :                      | 
  15   0.032 |                      :  |* :                      | 
  16  -0.004 |                      :  |  :                      | 
  17   0.003 |                      :  |  :                      | 
  18  -0.068 |                      :**|  :                      | 
  19   0.047 |                      :  |* :                      | 
  20   0.084 |                      :  |**:                      | 
  21   0.100 |                      :  |***                      | 
  22   0.049 |                      :  |* :                      | 
  23  -0.099 |                      :**|  :                      | 
  24   0.093 +                      :  |++:                      +  34.25  24
  25  -0.030 |                      : *|  :                      | 
  26   0.036 |                      :  |* :                      | 
  27   0.012 |                      :  |  :                      | 
  28  -0.045 |                      : *|  :                      | 
  29  -0.019 |                      :  |  :                      | 
  30  -0.017 |                      :  |  :                      | 
  31   0.019 |                      :  |  :                      | 
  32   0.026 |                      :  |* :                      | 
  33   0.002 |                      :  |  :                      | 
  34  -0.012 |                      :  |  :                      | 
  35  -0.040 |                      : *|  :                      | 
  36   0.026 +                      :  |+ :                      +  36.39  36
  37  -0.041 |                      : *|  :                      | 
  38  -0.044 |                      : *|  :                      | 
  39  -0.007 |                      :  |  :                      |  37.35  39
-------------+-------------------------+-------------------------+--------------
            -1                         0                         1  L-B Q  DF

Partial autocorrelation function (pacf bands = +- 0.136):

            -1                         0                         1
-------------+-------------------------+-------------------------+--------------
   1   0.057 |                      :  |* :                      | 
   2   0.074 |                      :  |**:                      | 
   3   0.038 |                      :  |* :                      | 
   4   0.109 |                      :  |***                      | 
   5   0.022 |                      :  |* :                      | 
   6  -0.066 |                      :**|  :                      | 
   7   0.090 |                      :  |**:                      | 
   8   0.015 |                      :  |  :                      | 
   9  -0.018 |                      :  |  :                      | 
  10   0.042 |                      :  |* :                      | 
  11  -0.101 |                      ***|  :                      | 
  12   0.178 +                      :  |++++                     + 
  13  -0.168 |                     ****|  :                      | 
  14  -0.010 |                      :  |  :                      | 
  15   0.063 |                      :  |**:                      | 
  16  -0.041 |                      : *|  :                      | 
  17   0.022 |                      :  |* :                      | 
  18  -0.035 |                      : *|  :                      | 
  19  -0.000 |                      :  |  :                      | 
  20   0.127 |                      :  |***                      | 
  21   0.103 |                      :  |***                      | 
  22  -0.001 |                      :  |  :                      | 
  23  -0.088 |                      :**|  :                      | 
  24   0.011 +                      :  |  :                      + 
  25   0.014 |                      :  |  :                      | 
  26   0.022 |                      :  |* :                      | 
  27  -0.007 |                      :  |  :                      | 
  28  -0.063 |                      :**|  :                      | 
  29  -0.048 |                      : *|  :                      | 
  30   0.031 |                      :  |* :                      | 
  31   0.002 |                      :  |  :                      | 
  32   0.034 |                      :  |* :                      | 
  33   0.010 |                      :  |  :                      | 
  34  -0.027 |                      : *|  :                      | 
  35   0.017 |                      :  |  :                      | 
  36  -0.036 +                      : +|  :                      + 
  37  -0.013 |                      :  |  :                      | 
  38  -0.022 |                      : *|  :                      | 
  39  -0.004 |                      :  |  :                      | 
-------------+-------------------------+-------------------------+--------------
            -1                         0                         1

      +------------------------------------------------------+
      |         Calibration of distortions of the ACF        |
      |                                                      |
      +------------------------------------------------------+
      |                                                      |
      |     Lag                 Dates          Contribution  |
      |                                                      |
      |  r(1) = 0.057       11/2008 - 12/2008        0.028    |
      |                     1/2003 -  2/2003        0.023    |
      |                     5/2008 -  6/2008        0.013    |
      |                     4/2003 -  5/2003        0.012    |
      |                                                      |
      |  r(2) = 0.077       11/2007 -  1/2008        0.016    |
      |                    11/2015 -  1/2016        0.015    |
      |                    11/2014 -  1/2015        0.014    |
      |                     9/2007 - 11/2007        0.014    |
      |                                                      |
      |  r(3) = 0.046        8/2008 - 11/2008        0.024    |
      |                    12/2008 -  3/2009        0.024    |
      |                     1/2016 -  4/2016        0.009    |
      |                    11/2018 -  2/2019        0.008    |
      |                                                      |
      |  r(4) = 0.118       11/2008 -  3/2009        0.025    |
      |                     8/2008 - 12/2008        0.024    |
      |                     9/2015 -  1/2016        0.024    |
      |                     9/2014 -  1/2015        0.024    |
      |                                                      |
      |  r(5) = 0.039        1/2015 -  6/2015        0.013    |
      |                     9/2002 -  2/2003        0.012    |
      |                    11/2007 -  4/2008        0.010    |
      |                     3/2012 -  8/2012        0.008    |
      |                                                      |
      |  r(6) = -0.044       5/2008 - 11/2008       -0.021    |
      |                     9/2005 -  3/2006       -0.019    |
      |                     6/2008 - 12/2008       -0.017    |
      |                     9/2003 -  3/2004       -0.012    |
      |                                                      |
      |  r(7) = 0.096        8/2008 -  3/2009        0.021    |
      |                     4/2007 - 11/2007        0.021    |
      |                     2/2003 -  9/2003        0.020    |
      |                    11/2007 -  6/2008        0.019    |
      |                                                      |
      |  r(8) = 0.031        1/2003 -  9/2003        0.033    |
      |                     1/2015 -  9/2015        0.025    |
      |                     9/2005 -  5/2006        0.015    |
      |                     5/2014 -  1/2015        0.013    |
      |                                                      |
      |  r(9) = 0.001        4/2014 -  1/2015        0.019    |
      |                     4/2002 -  1/2003        0.013    |
      |                     2/2018 - 11/2018        0.010    |
      |                    11/2011 -  8/2012        0.010    |
      |                                                      |
      |  r(10) = 0.037        1/2015 - 11/2015        0.016    |
      |                     3/2014 -  1/2015        0.012    |
      |                     2/2018 - 12/2018        0.010    |
      |                    11/2008 -  9/2009        0.009    |
      |                                                      |
      |  r(11) = -0.076       2/2015 -  1/2016       -0.024    |
      |                     2/2014 -  1/2015       -0.017    |
      |                     3/2018 -  2/2019       -0.016    |
      |                     2/2002 -  1/2003       -0.016    |
      |                                                      |
      |  r(12) = 0.179        1/2015 -  1/2016        0.051    |
      |                     1/2003 -  1/2004        0.024    |
      |                     1/2014 -  1/2015        0.018    |
      |                     9/2002 -  9/2003        0.017    |
      |                                                      |
      |  r(13) = -0.155      11/2007 - 12/2008       -0.032    |
      |                    10/2006 - 11/2007       -0.021    |
      |                     9/2005 - 10/2006       -0.018    |
      |                     2/2017 -  3/2018       -0.012    |
      |                                                      |
      |  r(14) = -0.003       1/2003 -  3/2004       -0.013    |
      |                     9/2007 - 11/2008       -0.012    |
      |                    12/2008 -  2/2010       -0.012    |
      |                     1/2008 -  3/2009       -0.012    |
      |                                                      |
      |  r(15) = 0.032       10/2013 -  1/2015        0.017    |
      |                     1/2015 -  4/2016        0.010    |
      |                     1/2006 -  4/2007        0.010    |
      |                     2/2015 -  5/2016        0.009    |
      |                                                      |
      |  r(16) = -0.004      11/2007 -  3/2009       -0.028    |
      |                     1/2015 -  5/2016       -0.019    |
      |                     4/2007 -  8/2008       -0.015    |
      |                     9/2003 -  1/2005       -0.012    |
      |                                                      |
      |  r(17) = 0.003        9/2003 -  2/2005        0.016    |
      |                     4/2013 -  9/2014        0.012    |
      |                     4/2002 -  9/2003        0.011    |
      |                     9/2015 -  2/2017        0.009    |
      |                                                      |
      |  r(18) = -0.068       3/2018 -  9/2019       -0.013    |
      |                     3/2004 -  9/2005       -0.012    |
      |                     9/2007 -  3/2009       -0.011    |
      |                     8/2008 -  2/2010       -0.010    |
      |                                                      |
      |  r(19) = 0.047        9/2005 -  4/2007        0.018    |
      |                     4/2006 - 11/2007        0.016    |
      |                     2/2018 -  9/2019        0.012    |
      |                     6/2014 -  1/2016        0.009    |
      |                                                      |
      |  r(20) = 0.084        1/2004 -  9/2005        0.021    |
      |                     1/2003 -  9/2004        0.013    |
      |                     5/2014 -  1/2016        0.012    |
      |                     1/2015 -  9/2016        0.012    |
      |                                                      |
      |  r(21) = 0.100        4/2013 -  1/2015        0.028    |
      |                     4/2014 -  1/2016        0.018    |
      |                     1/2003 - 10/2004        0.012    |
      |                     3/2018 - 12/2019        0.011    |
      |                                                      |
      |  r(22) = 0.049        1/2006 - 11/2007        0.017    |
      |                    10/2006 -  8/2008        0.015    |
      |                     5/2016 -  3/2018        0.012    |
      |                     3/2014 -  1/2016        0.011    |
      |                                                      |
      |  r(23) = -0.099       2/2014 -  1/2016       -0.016    |
      |                     4/2007 -  3/2009       -0.016    |
      |                     2/2002 -  1/2004       -0.010    |
      |                     2/2003 -  1/2005       -0.009    |
      |                                                      |
      |  r(24) = 0.093        9/2003 -  9/2005        0.029    |
      |                     1/2014 -  1/2016        0.016    |
      |                     1/2013 -  1/2015        0.013    |
      |                     9/2005 -  9/2007        0.013    |
      |                                                      |
      |  r(25) = -0.030      11/2008 - 12/2010       -0.014    |
      |                     8/2012 -  9/2014       -0.010    |
      |                     3/2011 -  4/2013       -0.010    |
      |                    12/2013 -  1/2016       -0.009    |
      |                                                      |
      |  r(26) = 0.036        9/2005 - 11/2007        0.033    |
      |                    10/2006 - 12/2008        0.018    |
      |                    11/2012 -  1/2015        0.013    |
      |                     2/2005 -  4/2007        0.010    |
      |                                                      |
      |  r(27) = 0.012       10/2013 -  1/2016        0.016    |
      |                    11/2007 -  2/2010        0.014    |
      |                     1/2004 -  4/2006        0.011    |
      |                    11/2015 -  2/2018        0.009    |
      |                                                      |
      |  r(28) = -0.045       1/2016 -  5/2018       -0.019    |
      |                     5/2003 -  9/2005       -0.018    |
      |                    11/2008 -  3/2011       -0.013    |
      |                     4/2006 -  8/2008       -0.012    |
      |                                                      |
      |  r(29) = -0.019       8/2012 -  1/2015       -0.024    |
      |                     4/2003 -  9/2005       -0.020    |
      |                    11/2008 -  4/2011       -0.009    |
      |                     9/2005 -  2/2008       -0.008    |
      |                                                      |
      |  r(30) = -0.017       9/2003 -  3/2006       -0.019    |
      |                     9/2015 -  3/2018       -0.016    |
      |                     5/2006 - 11/2008       -0.015    |
      |                     1/2016 -  7/2018       -0.014    |
      |                                                      |
      |  r(31) = 0.019        2/2003 -  9/2005        0.021    |
      |                     9/2003 -  4/2006        0.014    |
      |                    12/2008 -  7/2011        0.011    |
      |                     5/2008 - 12/2010        0.010    |
      |                                                      |
      |  r(32) = 0.026        1/2003 -  9/2005        0.033    |
      |                     9/2005 -  5/2008        0.022    |
      |                     5/2012 -  1/2015        0.019    |
      |                     3/2006 - 11/2008        0.019    |
      |                                                      |
      |  r(33) = 0.002        4/2013 -  1/2016        0.026    |
      |                     3/2006 - 12/2008        0.018    |
      |                     2/2005 - 11/2007        0.018    |
      |                     9/2005 -  6/2008        0.017    |
      |                                                      |
      |  r(34) = -0.012       3/2012 -  1/2015       -0.019    |
      |                     1/2006 - 11/2008       -0.015    |
      |                     1/2003 - 11/2005       -0.014    |
      |                     1/2005 - 11/2007       -0.014    |
      |                                                      |
      |  r(35) = -0.040       9/2005 -  8/2008       -0.025    |
      |                    12/2008 - 11/2011       -0.016    |
      |                     1/2006 - 12/2008       -0.015    |
      |                     4/2006 -  3/2009       -0.012    |
      |                                                      |
      |  r(36) = 0.026        1/2003 -  1/2006        0.017    |
      |                     9/2002 -  9/2005        0.017    |
      |                     3/2006 -  3/2009        0.016    |
      |                    11/2005 - 11/2008        0.012    |
      |                                                      |
      |  r(37) = -0.041       9/2003 - 10/2006       -0.018    |
      |                    12/2011 -  1/2015       -0.015    |
      |                     2/2003 -  3/2006       -0.013    |
      |                     8/2012 -  9/2015       -0.011    |
      |                                                      |
      |  r(38) = -0.044       1/2015 -  3/2018       -0.035    |
      |                     9/2005 - 11/2008       -0.029    |
      |                    11/2011 -  1/2015       -0.023    |
      |                     1/2003 -  3/2006       -0.021    |
      |                                                      |
      |  r(39) = -0.007       9/2005 - 12/2008       -0.029    |
      |                     8/2008 - 11/2011       -0.014    |
      |                    12/2008 -  3/2012       -0.014    |
      |                    10/2011 -  1/2015       -0.013    |
      |                                                      |
      +------------------------------------------------------+
