
Output file            : IPC_FR_m00.out
Estimation method      : exact maximum likelihood
Check for invertibility: constrained search

Observations: 216.
Parameters  : 11.


Omegas for deterministic variable 1:
     -0.263606  (0.041368) [ 1]
Omegas for deterministic variable 2:
      0.017142  (0.041531) [ 2]
Omegas for deterministic variable 3:
     -0.032566  (0.021430) [ 3]
Omegas for deterministic variable 4:
     -0.154697  (0.021488) [ 4]
Omegas for deterministic variable 5:
      0.073436  (0.015179) [ 5]
Omegas for deterministic variable 6:
     -0.027886  (0.015179) [ 6]
Omegas for deterministic variable 7:
      0.096102  (0.012402) [ 7]
Omegas for deterministic variable 8:
     -0.066022  (0.012372) [ 8]
Omegas for deterministic variable 9:
      0.011500  (0.011218) [ 9]
Omegas for deterministic variable 10:
      0.060864  (0.011105) [10]
Omegas for deterministic variable 11:
      0.051552  (0.007585) [11]
Coefficients for regular AR factor 1:
      0.000000
Mean parameter (mu):
      0.000000

Box-Cox lambda     :  0.0
Seasonal period    : 12
Regular differences:  1
Annual differences :  0
Irreducible factors:  0 0 0 0 0 0 0

Coefficients of the non-stationary operator: 
  u[ 1]     =    1.0000000000
Coefficients of the Autoregressive operator: 
  phi[ 1]   =   -0.0000000000
Coefficients of the Moving-Average operator: 

sigma2:   0.0494632388 (   0.0047706584)
sigma :   0.2224033245
logelf:  18.1297105972

Selection Model Criterium:
Hannan-Quinn =  -2.99
Schwarz   =  -2.96

Estimated covariance matrix:

x[ 1] ->  0.001711326
x[ 2] -> -0.000004102  0.001724814
x[ 3] ->  0.000001477 -0.000004143  0.000459250
x[ 4] -> -0.000001505  0.000007249 -0.000001745  0.000461727
x[ 5] ->  0.000001198 -0.000004153  0.000001106 -0.000002133  0.000230394
x[ 6] -> -0.000000615  0.000004205 -0.000000920  0.000002230 -0.000001156  0.000230408
x[ 7] ->  0.000001171 -0.000004164  0.000001129 -0.000001972  0.000001209 -0.000001106  0.000153810
x[ 8] -> -0.000000799  0.000002390 -0.000000686  0.000001121 -0.000000715  0.000000597 -0.000000677  0.000153062
x[ 9] ->  0.000002382 -0.000004077  0.000001598 -0.000001336  0.000001268 -0.000000397  0.000001221 -0.000000833  0.000125832
x[10] -> -0.000000450  0.000001094 -0.000000304  0.000000753 -0.000000677  0.000000321 -0.000000424  0.000000275 -0.000000583  0.000123311
x[11] ->  0.000000555 -0.000002084  0.000000553 -0.000000992  0.000000587 -0.000000568  0.000000567 -0.000000329  0.000000558 -0.000000187  0.000057531


Estimated correlation matrix:

x[ 1] ->  1.00
x[ 2] -> -0.00  1.00
x[ 3] ->  0.00 -0.00  1.00
x[ 4] -> -0.00  0.01 -0.00  1.00
x[ 5] ->  0.00 -0.01  0.00 -0.01  1.00
x[ 6] -> -0.00  0.01 -0.00  0.01 -0.01  1.00
x[ 7] ->  0.00 -0.01  0.00 -0.01  0.01 -0.01  1.00
x[ 8] -> -0.00  0.00 -0.00  0.00 -0.00  0.00 -0.00  1.00
x[ 9] ->  0.01 -0.01  0.01 -0.01  0.01 -0.00  0.01 -0.01  1.00
x[10] -> -0.00  0.00 -0.00  0.00 -0.00  0.00 -0.00  0.00 -0.00  1.00
x[11] ->  0.00 -0.01  0.00 -0.01  0.01 -0.00  0.01 -0.00  0.01 -0.00  1.00

Correlations greater than or equal to 0.7 in absolute value:


Unconditional residuals (seasonal period: 12)
215 observations: from 2/2002 to 12/2019

                  Mean:           0.113059
Standard error of mean:           0.013062
              Variance:           0.036681
    Standard deviation:           0.191523
              Skewness:          -0.113459
              Kurtosis:           0.729470
           Jarque-Bera:           5.106652
               Minimum:          -0.535866 at  1/2015 (observation 156)
               Maximum:           0.662224 at  1/2003 (observation  12)

Standardized time series plot (original values on right-side column):

                -3     -2      -1      0     +1      +2     +3    
-------------+---+------+-------+------+------+-------+------+---+--------------
   1  2/2002 |          :     * :      |      :       :          | -0.1178360677
   2  3/2002 |          :       :*     |      :       :          | -0.0395218879
   3  4/2002 |          :       :      |      *       :          |  0.3003122952
   4  5/2002 |          :       :    * |      :       :          |  0.0544071140
   5  6/2002 |          :       :  *   |      :       :          |  0.0187922627
   6  7/2002 |          :       :      |      :  *    :          |  0.3736615109
   7  8/2002 |          :       :*     |      :       :          | -0.0310376934
   8  9/2002 |          :       :      |      :   *   :          |  0.3896983190
   9 10/2002 |          :       :      |  *   :       :          |  0.1925117952
  10 11/2002 |          :       :      *      :       :          |  0.1090562158
  11 12/2002 +          :       :    * |      :       :          +  0.0574654141
  12  1/2003@|          :       :      |      :       :     *    |@ 0.6622239122
  13  2/2003 |          :       :      |      :     * :          |  0.4518294845
  14  3/2003 |          :       *      |      :       :          | -0.0741459056
  15  4/2003 |          : *     :      |      :       :          | -0.2173249819
  16  5/2003 |          :   *   :      |      :       :          | -0.1850200599
  17  6/2003 |          :       :      |   *  :       :          |  0.2205547189
  18  7/2003 |          :       :      |     *:       :          |  0.2670074739
  19  8/2003 |          :       : *    |      :       :          | -0.0233887333
  20  9/2003@|          :       :      |      :       :  *       |@ 0.5869212616
  21 10/2003 |          :       :      |    * :       :          |  0.2481605786
  22 11/2003 |          :       :      |   *  :       :          |  0.2265788522
  23 12/2003 +          :       : *    |      :       :          + -0.0048687727
  24  1/2004 |          :       :      |      :      *:          |  0.4705841365
  25  2/2004 |          :       :      |  *   :       :          |  0.1816947566
  26  3/2004 |          :       *      |      :       :          | -0.0809165146
  27  4/2004 |          :       :      |  *   :       :          |  0.1804997821
  28  5/2004 |          :       :      |      *       :          |  0.3043327789
  29  6/2004 |          :       :    * |      :       :          |  0.0655569267
  30  7/2004 |          :       :      |   *  :       :          |  0.2116806803
  31  8/2004 |          :       :*     |      :       :          | -0.0404758179
  32  9/2004 |          :       :      |      *       :          |  0.3015062264
  33 10/2004 |          :       :      |      *       :          |  0.2899028310
  34 11/2004 |          :       :      | *    :       :          |  0.1666101738
  35 12/2004 +          :       :  *   |      :       :          +  0.0044874526
  36  1/2005 |          :      *:      |      :       :          | -0.0826676202
  37  2/2005 |          :       :      |      :  *    :          |  0.3709043321
  38  3/2005 |          :       :      | *    :       :          |  0.1524609156
  39  4/2005 |          :       :      *      :       :          |  0.1186804838
  40  5/2005 |          :       :  *   |      :       :          |  0.0019129112
  41  6/2005 |          :       :      |*     :       :          |  0.1446603773
  42  7/2005 |          :       :      |   *  :       :          |  0.2257072337
  43  8/2005 |          :       :      |*     :       :          |  0.1262524618
  44  9/2005@|          :       :      |      :       :   *      |@ 0.5941246349
  45 10/2005 |          :       :  *   |      :       :          |  0.0136646189
  46 11/2005 |          :      *:      |      :       :          | -0.0946328900
  47 12/2005 +          :       :  *   |      :       :          +  0.0140047831
  48  1/2006 |          :       :      |      :  *    :          |  0.3687107907
  49  2/2006 |          :       :      |*     :       :          |  0.1445093565
  50  3/2006 |          :  *    :      |      :       :          | -0.1957295311
  51  4/2006 |          :       :      |      : *     :          |  0.3513881119
  52  5/2006 |          :       :      |      : *     :          |  0.3583472643
  53  6/2006 |          :       :   *  |      :       :          |  0.0308688321
  54  7/2006 |          :       :      |   *  :       :          |  0.2062040310
  55  8/2006 |          :       :     *|      :       :          |  0.0743915871
  56  9/2006 |          :       : *    |      :       :          | -0.0138487334
  57 10/2006 |          :  *    :      |      :       :          | -0.1871926281
  58 11/2006 |          :       :      |   *  :       :          |  0.2208505251
  59 12/2006 +          :       :      *      :       :          +  0.1238408440
  60  1/2007 |          :       :      *      :       :          |  0.1244277981
  61  2/2007 |          :       :*     |      :       :          | -0.0498261532
  62  3/2007 |          :       :*     |      :       :          | -0.0540204651
  63  4/2007 |          :       :      |      :    *  :          |  0.4127727599
  64  5/2007 |          :       :      | *    :       :          |  0.1766698203
  65  6/2007 |          :       :      | *    :       :          |  0.1521946076
  66  7/2007 |          :       :      *      :       :          |  0.1198122456
  67  8/2007 |          :       :      |*     :       :          |  0.1478078812
  68  9/2007 |          :       :      |      :*      :          |  0.3191157109
  69 10/2007 |          :       :      |      *       :          |  0.2888104022
  70 11/2007@|          :       :      |      :       :     *    |@ 0.6558642263
  71 12/2007 +          :       :      |     *:       :          +  0.2596076943
  72  1/2008 |          :       :      |      : *     :          |  0.3509864065
  73  2/2008 |          :       : *    |      :       :          | -0.0224580443
  74  3/2008 |          :       :      |     *:       :          |  0.2688595101
  75  4/2008 |          :       :      |     *:       :          |  0.2582637566
  76  5/2008 |          :       :      |      :      *:          |  0.4690809665
  77  6/2008 |          :       :      |      :   *   :          |  0.3933812259
  78  7/2008 |          :       :      | *    :       :          |  0.1605781104
  79  8/2008@|         *:       :      |      :       :          |@-0.2922451228
  80  9/2008 |          :       :      |*     :       :          |  0.1450826465
  81 10/2008 |          :       : *    |      :       :          | -0.0171219833
  82 11/2008@|       *  :       :      |      :       :          |@-0.3620367338
  83 12/2008@+       *  :       :      |      :       :          +@-0.3576604064
  84  1/2009 |          :       :    * |      :       :          |  0.0609242290
  85  2/2009 |          :       :      |*     :       :          |  0.1375770953
  86  3/2009@|         *:       :      |      :       :          |@-0.2945863322
  87  4/2009 |          :       :     *|      :       :          |  0.0858093233
  88  5/2009 |          :       :     *|      :       :          |  0.0836133147
  89  6/2009 |          :       :      | *    :       :          |  0.1592935102
  90  7/2009 |          :       *      |      :       :          | -0.0765482802
  91  8/2009 |          :       :      |    * :       :          |  0.2541169124
  92  9/2009 |          :       :*     |      :       :          | -0.0370174132
  93 10/2009 |          :       :      |*     :       :          |  0.1326567011
  94 11/2009 |          :       :      |    * :       :          |  0.2481159789
  95 12/2009 +          :       :      | *    :       :          +  0.1563591453
  96  1/2010 |          :       :      |    * :       :          |  0.2464525538
  97  2/2010 |          :       :      |      :*      :          |  0.3142748816
  98  3/2010 |          :       :  *   |      :       :          |  0.0102267614
  99  4/2010 |          :       :      |  *   :       :          |  0.1782634101
 100  5/2010 |          :       :    * |      :       :          |  0.0495300406
 101  6/2010 |          :       :  *   |      :       :          |  0.0203330935
 102  7/2010 |          :       :     *|      :       :          |  0.0887760579
 103  8/2010 |          :       : *    |      :       :          | -0.0280533379
 104  9/2010 |          :       :      |*     :       :          |  0.1352966026
 105 10/2010 |          :       :      | *    :       :          |  0.1627867190
 106 11/2010 |          :       :      |   *  :       :          |  0.2248883757
 107 12/2010 +          :       :      |      : *     :          +  0.3409942578
 108  1/2011 |          :       :      |   *  :       :          |  0.2293294978
 109  2/2011 |          :       :      |    * :       :          |  0.2316744023
 110  3/2011 |          :       :      |      : *     :          |  0.3346247125
 111  4/2011 |          :       :      |     *:       :          |  0.2663668217
 112  5/2011 |          :       : *    |      :       :          | -0.0147739977
 113  6/2011 |          :       :      *      :       :          |  0.1134537493
 114  7/2011 |          :       *      |      :       :          | -0.0710364724
 115  8/2011 |          :       :      |     *:       :          |  0.2566604539
 116  9/2011 |          :       :      |*     :       :          |  0.1369109084
 117 10/2011 |          :       :      |     *:       :          |  0.2733235682
 118 11/2011 |          :       :      |      :   *   :          |  0.3866200004
 119 12/2011 +          :       :      |      *       :          +  0.2890490427
 120  1/2012 |          :       :      *      :       :          |  0.1223301761
 121  2/2012 |          :       :      | *    :       :          |  0.1697826530
 122  3/2012 |          :       :      |      : *     :          |  0.3469340478
 123  4/2012 |          :       :    * |      :       :          |  0.0564702092
 124  5/2012 |          :     * :      |      :       :          | -0.1170443212
 125  6/2012 |          :       :    * |      :       :          |  0.0612439711
 126  7/2012 |          :       *      |      :       :          | -0.0625995241
 127  8/2012 |          :       :      |      :   *   :          |  0.3984871139
 128  9/2012 |          :       :*     |      :       :          | -0.0336017638
 129 10/2012 |          :       :      |   *  :       :          |  0.2183652831
 130 11/2012 |          :       :*     |      :       :          | -0.0426658607
 131 12/2012 +          :       :      |  *   :       :          +  0.2027844452
 132  1/2013 |          :       :*     |      :       :          | -0.0352338338
 133  2/2013 |          :       :   *  |      :       :          |  0.0437710170
 134  3/2013 |          :       :      |     *:       :          |  0.2782607823
 135  4/2013 |          : *     :      |      :       :          | -0.2258658909
 136  5/2013 |          :       : *    |      :       :          | -0.0061287747
 137  6/2013 |          :       :      |  *   :       :          |  0.1914791927
 138  7/2013 |          :       :    * |      :       :          |  0.0723051724
 139  8/2013 |          :       :      |  *   :       :          |  0.2014657249
 140  9/2013 |          :       : *    |      :       :          | -0.0214712992
 141 10/2013 |          :      *:      |      :       :          | -0.0942968386
 142 11/2013 |          :       :    * |      :       :          |  0.0688471257
 143 12/2013 +          :       :      |    * :       :          +  0.2307418207
 144  1/2014 |          :      *:      |      :       :          | -0.0921183102
 145  2/2014 |          :       :      |      :*      :          |  0.3128797126
 146  3/2014 |          :       : *    |      :       :          | -0.0274389827
 147  4/2014 |          :     * :      |      :       :          | -0.1151075721
 148  5/2014 |          :       :*     |      :       :          | -0.0464661366
 149  6/2014 |          :       : *    |      :       :          | -0.0090513203
 150  7/2014 |          :       :    * |      :       :          |  0.0537252165
 151  8/2014 |          :       :      |  *   :       :          |  0.1794055734
 152  9/2014 |          :   *   :      |      :       :          | -0.1704661122
 153 10/2014 |          :       :    * |      :       :          |  0.0662906634
 154 11/2014 |          :       *      |      :       :          | -0.0611736381
 155 12/2014 +          :       :*     |      :       :          + -0.0303769180
 156  1/2015@|*         :       :      |      :       :          |@-0.5358655799
 157  2/2015 |          :       :      |      :    *  :          |  0.4255899150
 158  3/2015 |          :       :      | *    :       :          |  0.1736391120
 159  4/2015 |          :       :   *  |      :       :          |  0.0345576887
 160  5/2015 |          :       :      | *    :       :          |  0.1726197135
 161  6/2015 |          :       :*     |      :       :          | -0.0487489977
 162  7/2015 |          :       :*     |      :       :          | -0.0353778277
 163  8/2015 |          :       :    * |      :       :          |  0.0591500083
 164  9/2015 |          :  *    :      |      :       :          | -0.1902846263
 165 10/2015 |          :       :     *|      :       :          |  0.0962831544
 166 11/2015 |          :       *      |      :       :          | -0.0811054817
 167 12/2015 +          :       :      *      :       :          +  0.1096330152
 168  1/2016@|  *       :       :      |      :       :          |@-0.4936659991
 169  2/2016 |          :       :  *   |      :       :          |  0.0122013629
 170  3/2016 |          :       :      |   *  :       :          |  0.2148803257
 171  4/2016 |          :       : *    |      :       :          | -0.0052338534
 172  5/2016 |          :       :      |      : *     :          |  0.3423704014
 173  6/2016 |          :       :      | *    :       :          |  0.1601384865
 174  7/2016 |          :       : *    |      :       :          | -0.0046742751
 175  8/2016 |          :       :    * |      :       :          |  0.0683930394
 176  9/2016 |          :       :*     |      :       :          | -0.0297843651
 177 10/2016 |          :       :    * |      :       :          |  0.0661650270
 178 11/2016 |          :       :     *|      :       :          |  0.0891279545
 179 12/2016 +          :       :      |  *   :       :          +  0.1879865031
 180  1/2017 |          :       :      |    * :       :          |  0.2318493205
 181  2/2017 |          :     * :      |      :       :          | -0.1203635466
 182  3/2017 |          :       :      | *    :       :          |  0.1572357300
 183  4/2017 |          :       :  *   |      :       :          |  0.0137242554
 184  5/2017 |          :       : *    |      :       :          | -0.0170585734
 185  6/2017 |          :       :   *  |      :       :          |  0.0407390497
 186  7/2017 |          :       :   *  |      :       :          |  0.0276232883
 187  8/2017 |          :       :      |    * :       :          |  0.2534394281
 188  9/2017 |          :       :    * |      :       :          |  0.0513414041
 189 10/2017 |          :       :      |*     :       :          |  0.1349099426
 190 11/2017 |          :       :      |   *  :       :          |  0.2075978051
 191 12/2017 +          :       :      |   *  :       :          +  0.2041609551
 192  1/2018 |          :       :      |      :  *    :          |  0.3723523053
 193  2/2018 |          *       :      |      :       :          | -0.2692905776
 194  3/2018@|          :       :      |      :       :*         |@ 0.5301190328
 195  4/2018 |          :       :     *|      :       :          |  0.0901180271
 196  5/2018 |          :       :      |      :  *    :          |  0.3601810359
 197  6/2018 |          :       :   *  |      :       :          |  0.0405432985
 198  7/2018 |          :       :      |      *       :          |  0.2865576951
 199  8/2018 |          :       :      |   *  :       :          |  0.2227093237
 200  9/2018 |          :       :  *   |      :       :          | -0.0030951010
 201 10/2018 |          :       :      |*     :       :          |  0.1424333948
 202 11/2018 |          :      *:      |      :       :          | -0.1033811020
 203 12/2018 +          :      *:      |      :       :          + -0.0911900380
 204  1/2019 |          :       :   *  |      :       :          |  0.0250196684
 205  2/2019 |          :  *    :      |      :       :          | -0.1912750018
 206  3/2019 |          :       :      |      :*      :          |  0.3247581694
 207  4/2019 |          :       :      |    * :       :          |  0.2419448637
 208  5/2019 |          :       :   *  |      :       :          |  0.0390660734
 209  6/2019 |          :       :      |     *:       :          |  0.2702064729
 210  7/2019 |          :       :      |  *   :       :          |  0.1822372442
 211  8/2019 |          :       :      |  *   :       :          |  0.1985606764
 212  9/2019 |          :    *  :      |      :       :          | -0.1347887689
 213 10/2019 |          :       :  *   |      :       :          | -0.0020136902
 214 11/2019 |          :       :      | *    :       :          |  0.1664779766
 215 12/2019 +          :       :      |      :*      :          +  0.3286203371
-------------+---+------+-------+------+------+-------+------+---+--------------
                -3     -2      -1      0     +1      +2     +3    

                 +------------------------------------------+
                 |       Table of standardized values       |
                 |       greater than or equal to 2.0       |
                 +------------------------------------------+
                 |                                          |
                 | Observation    Date   Standardized value |
                 |                                          |
                 |     12        1/2003         2.87        |
                 |     20        9/2003         2.47        |
                 |     44        9/2005         2.51        |
                 |     70       11/2007         2.83        |
                 |     79        8/2008        -2.12        |
                 |     82       11/2008        -2.48        |
                 |     83       12/2008        -2.46        |
                 |     86        3/2009        -2.13        |
                 |    156        1/2015        -3.39        |
                 |    168        1/2016        -3.17        |
                 |    194        3/2018         2.18        |
                 +------------------------------------------+

Standardized time series histogram:

       -4      -3      -2      -1       0      +1      +2      +3      +4
        +---+---+---+---+---+---+---+---+---+---+---+---+---+---+---+---+
        |                                 45                            |
        |                         42     ....                           |
        |                        ....    ....                           |
        |                        .... 34 .... 35                        |
        |                        ................                       |
        |                        ................                       |
        |                        ................                       |
        |                        ................                       |
        |                        ................ 21                    |
        |                        ....................                   |
        |                        ....................                   |
        |                     14 ....................                   |
        |                    ........................                   |
        |                  8 ........................                   |
        |              4 ............................  5       3        |
        |      2     ....................................  2 ....       |
        |    ....    ............................................       |
        +---+---+---+---+---+---+---+---+---+---+---+---+---+---+---+---+
       -4      -3      -2      -1       0      +1      +2      +3      +4

              59 values outside (-1,+1): 27.44 % (31.74 % expected)
              11 values outside (-2,+2):  5.12 % ( 4.56 % expected)

Autocorrelation function (acf bands = +- 0.136):

            -1                         0                         1  L-B Q  DF
-------------+-------------------------+-------------------------+--------------
   1   0.057 |                      :  |* :                      | 
   2   0.077 |                      :  |**:                      | 
   3   0.046 |                      :  |* :                      | 
   4   0.119 |                      :  |***                      | 
   5   0.039 |                      :  |* :                      | 
   6  -0.044 |                      : *|  :                      | 
   7   0.096 |                      :  |**:                      | 
   8   0.030 |                      :  |* :                      | 
   9   0.001 |                      :  |  :                      | 
  10   0.037 |                      :  |* :                      | 
  11  -0.075 |                      :**|  :                      | 
  12   0.179 +                      :  |++++                     +  17.58  12
  13  -0.155 |                     ****|  :                      | 
  14  -0.003 |                      :  |  :                      | 
  15   0.032 |                      :  |* :                      | 
  16  -0.003 |                      :  |  :                      | 
  17   0.003 |                      :  |  :                      | 
  18  -0.068 |                      :**|  :                      | 
  19   0.047 |                      :  |* :                      | 
  20   0.083 |                      :  |**:                      | 
  21   0.100 |                      :  |***                      | 
  22   0.048 |                      :  |* :                      | 
  23  -0.099 |                      :**|  :                      | 
  24   0.093 +                      :  |++:                      +  34.13  24
  25  -0.030 |                      : *|  :                      | 
  26   0.036 |                      :  |* :                      | 
  27   0.012 |                      :  |  :                      | 
  28  -0.044 |                      : *|  :                      | 
  29  -0.019 |                      :  |  :                      | 
  30  -0.017 |                      :  |  :                      | 
  31   0.020 |                      :  |  :                      | 
  32   0.026 |                      :  |* :                      | 
  33   0.002 |                      :  |  :                      | 
  34  -0.013 |                      :  |  :                      | 
  35  -0.039 |                      : *|  :                      | 
  36   0.025 +                      :  |+ :                      +  36.24  36
  37  -0.042 |                      : *|  :                      | 
  38  -0.043 |                      : *|  :                      | 
  39  -0.006 |                      :  |  :                      |  37.20  39
-------------+-------------------------+-------------------------+--------------
            -1                         0                         1  L-B Q  DF

Partial autocorrelation function (pacf bands = +- 0.136):

            -1                         0                         1
-------------+-------------------------+-------------------------+--------------
   1   0.057 |                      :  |* :                      | 
   2   0.074 |                      :  |**:                      | 
   3   0.038 |                      :  |* :                      | 
   4   0.110 |                      :  |***                      | 
   5   0.022 |                      :  |* :                      | 
   6  -0.066 |                      :**|  :                      | 
   7   0.090 |                      :  |**:                      | 
   8   0.015 |                      :  |  :                      | 
   9  -0.018 |                      :  |  :                      | 
  10   0.042 |                      :  |* :                      | 
  11  -0.100 |                      ***|  :                      | 
  12   0.178 +                      :  |++++                     + 
  13  -0.168 |                     ****|  :                      | 
  14  -0.010 |                      :  |  :                      | 
  15   0.063 |                      :  |**:                      | 
  16  -0.040 |                      : *|  :                      | 
  17   0.021 |                      :  |* :                      | 
  18  -0.036 |                      : *|  :                      | 
  19  -0.000 |                      :  |  :                      | 
  20   0.126 |                      :  |***                      | 
  21   0.103 |                      :  |***                      | 
  22  -0.001 |                      :  |  :                      | 
  23  -0.087 |                      :**|  :                      | 
  24   0.011 +                      :  |  :                      + 
  25   0.014 |                      :  |  :                      | 
  26   0.023 |                      :  |* :                      | 
  27  -0.006 |                      :  |  :                      | 
  28  -0.062 |                      :**|  :                      | 
  29  -0.048 |                      : *|  :                      | 
  30   0.030 |                      :  |* :                      | 
  31   0.002 |                      :  |  :                      | 
  32   0.034 |                      :  |* :                      | 
  33   0.009 |                      :  |  :                      | 
  34  -0.027 |                      : *|  :                      | 
  35   0.017 |                      :  |  :                      | 
  36  -0.037 +                      : +|  :                      + 
  37  -0.013 |                      :  |  :                      | 
  38  -0.022 |                      : *|  :                      | 
  39  -0.003 |                      :  |  :                      | 
-------------+-------------------------+-------------------------+--------------
            -1                         0                         1

      +------------------------------------------------------+
      |         Calibration of distortions of the ACF        |
      |                                                      |
      +------------------------------------------------------+
      |                                                      |
      |     Lag                 Dates          Contribution  |
      |                                                      |
      |  r(1) = 0.057       11/2008 - 12/2008        0.028    |
      |                     1/2003 -  2/2003        0.024    |
      |                     5/2008 -  6/2008        0.013    |
      |                     4/2003 -  5/2003        0.012    |
      |                                                      |
      |  r(2) = 0.077       11/2007 -  1/2008        0.016    |
      |                    11/2015 -  1/2016        0.015    |
      |                    11/2014 -  1/2015        0.014    |
      |                     9/2007 - 11/2007        0.014    |
      |                                                      |
      |  r(3) = 0.046        8/2008 - 11/2008        0.024    |
      |                    12/2008 -  3/2009        0.024    |
      |                     1/2016 -  4/2016        0.009    |
      |                    11/2018 -  2/2019        0.008    |
      |                                                      |
      |  r(4) = 0.119       11/2008 -  3/2009        0.025    |
      |                     8/2008 - 12/2008        0.024    |
      |                     9/2015 -  1/2016        0.023    |
      |                     9/2014 -  1/2015        0.023    |
      |                                                      |
      |  r(5) = 0.039        1/2015 -  6/2015        0.013    |
      |                     9/2002 -  2/2003        0.012    |
      |                    11/2007 -  4/2008        0.010    |
      |                     3/2012 -  8/2012        0.008    |
      |                                                      |
      |  r(6) = -0.044       5/2008 - 11/2008       -0.021    |
      |                     9/2005 -  3/2006       -0.019    |
      |                     6/2008 - 12/2008       -0.017    |
      |                     9/2003 -  3/2004       -0.012    |
      |                                                      |
      |  r(7) = 0.096        8/2008 -  3/2009        0.021    |
      |                     4/2007 - 11/2007        0.021    |
      |                     2/2003 -  9/2003        0.020    |
      |                    11/2007 -  6/2008        0.019    |
      |                                                      |
      |  r(8) = 0.030        1/2003 -  9/2003        0.033    |
      |                     1/2015 -  9/2015        0.025    |
      |                     9/2005 -  5/2006        0.015    |
      |                     5/2014 -  1/2015        0.013    |
      |                                                      |
      |  r(9) = 0.001        4/2014 -  1/2015        0.019    |
      |                     4/2002 -  1/2003        0.013    |
      |                     2/2018 - 11/2018        0.010    |
      |                    11/2011 -  8/2012        0.010    |
      |                                                      |
      |  r(10) = 0.037        1/2015 - 11/2015        0.016    |
      |                     3/2014 -  1/2015        0.012    |
      |                     2/2018 - 12/2018        0.010    |
      |                    11/2008 -  9/2009        0.009    |
      |                                                      |
      |  r(11) = -0.075       2/2015 -  1/2016       -0.024    |
      |                     2/2014 -  1/2015       -0.016    |
      |                     3/2018 -  2/2019       -0.016    |
      |                     2/2002 -  1/2003       -0.016    |
      |                                                      |
      |  r(12) = 0.179        1/2015 -  1/2016        0.050    |
      |                     1/2003 -  1/2004        0.025    |
      |                     1/2014 -  1/2015        0.017    |
      |                     9/2002 -  9/2003        0.017    |
      |                                                      |
      |  r(13) = -0.155      11/2007 - 12/2008       -0.032    |
      |                    10/2006 - 11/2007       -0.021    |
      |                     9/2005 - 10/2006       -0.018    |
      |                     2/2017 -  3/2018       -0.012    |
      |                                                      |
      |  r(14) = -0.003       1/2003 -  3/2004       -0.014    |
      |                     9/2007 - 11/2008       -0.012    |
      |                     1/2008 -  3/2009       -0.012    |
      |                    12/2008 -  2/2010       -0.012    |
      |                                                      |
      |  r(15) = 0.032       10/2013 -  1/2015        0.017    |
      |                     1/2015 -  4/2016        0.010    |
      |                     1/2006 -  4/2007        0.010    |
      |                     2/2015 -  5/2016        0.009    |
      |                                                      |
      |  r(16) = -0.003      11/2007 -  3/2009       -0.028    |
      |                     1/2015 -  5/2016       -0.019    |
      |                     4/2007 -  8/2008       -0.015    |
      |                     9/2003 -  1/2005       -0.012    |
      |                                                      |
      |  r(17) = 0.003        9/2003 -  2/2005        0.015    |
      |                     4/2013 -  9/2014        0.012    |
      |                     4/2002 -  9/2003        0.011    |
      |                     9/2015 -  2/2017        0.009    |
      |                                                      |
      |  r(18) = -0.068       3/2018 -  9/2019       -0.013    |
      |                     3/2004 -  9/2005       -0.012    |
      |                     9/2007 -  3/2009       -0.011    |
      |                     8/2008 -  2/2010       -0.010    |
      |                                                      |
      |  r(19) = 0.047        9/2005 -  4/2007        0.018    |
      |                     4/2006 - 11/2007        0.016    |
      |                     2/2018 -  9/2019        0.012    |
      |                     6/2014 -  1/2016        0.009    |
      |                                                      |
      |  r(20) = 0.083        1/2004 -  9/2005        0.022    |
      |                     1/2003 -  9/2004        0.013    |
      |                     5/2014 -  1/2016        0.012    |
      |                     1/2015 -  9/2016        0.012    |
      |                                                      |
      |  r(21) = 0.100        4/2013 -  1/2015        0.028    |
      |                     4/2014 -  1/2016        0.018    |
      |                     1/2003 - 10/2004        0.012    |
      |                     3/2018 - 12/2019        0.011    |
      |                                                      |
      |  r(22) = 0.048        1/2006 - 11/2007        0.018    |
      |                    10/2006 -  8/2008        0.015    |
      |                     5/2016 -  3/2018        0.012    |
      |                     3/2014 -  1/2016        0.011    |
      |                                                      |
      |  r(23) = -0.099       4/2007 -  3/2009       -0.015    |
      |                     2/2014 -  1/2016       -0.015    |
      |                     2/2002 -  1/2004       -0.010    |
      |                     2/2003 -  1/2005       -0.008    |
      |                                                      |
      |  r(24) = 0.093        9/2003 -  9/2005        0.029    |
      |                     1/2014 -  1/2016        0.016    |
      |                     9/2005 -  9/2007        0.013    |
      |                     1/2013 -  1/2015        0.012    |
      |                                                      |
      |  r(25) = -0.030      11/2008 - 12/2010       -0.014    |
      |                     8/2012 -  9/2014       -0.010    |
      |                     3/2011 -  4/2013       -0.010    |
      |                    12/2013 -  1/2016       -0.009    |
      |                                                      |
      |  r(26) = 0.036        9/2005 - 11/2007        0.033    |
      |                    10/2006 - 12/2008        0.018    |
      |                    11/2012 -  1/2015        0.013    |
      |                     2/2005 -  4/2007        0.010    |
      |                                                      |
      |  r(27) = 0.012       10/2013 -  1/2016        0.016    |
      |                    11/2007 -  2/2010        0.014    |
      |                     1/2004 -  4/2006        0.011    |
      |                    11/2015 -  2/2018        0.009    |
      |                                                      |
      |  r(28) = -0.044       1/2016 -  5/2018       -0.019    |
      |                     5/2003 -  9/2005       -0.018    |
      |                    11/2008 -  3/2011       -0.013    |
      |                     4/2006 -  8/2008       -0.012    |
      |                                                      |
      |  r(29) = -0.019       8/2012 -  1/2015       -0.023    |
      |                     4/2003 -  9/2005       -0.020    |
      |                    11/2008 -  4/2011       -0.009    |
      |                     9/2005 -  2/2008       -0.008    |
      |                                                      |
      |  r(30) = -0.017       9/2003 -  3/2006       -0.019    |
      |                     9/2015 -  3/2018       -0.016    |
      |                     5/2006 - 11/2008       -0.015    |
      |                     1/2016 -  7/2018       -0.013    |
      |                                                      |
      |  r(31) = 0.020        2/2003 -  9/2005        0.021    |
      |                     9/2003 -  4/2006        0.014    |
      |                    12/2008 -  7/2011        0.011    |
      |                     5/2008 - 12/2010        0.010    |
      |                                                      |
      |  r(32) = 0.026        1/2003 -  9/2005        0.033    |
      |                     9/2005 -  5/2008        0.022    |
      |                     5/2012 -  1/2015        0.019    |
      |                     3/2006 - 11/2008        0.019    |
      |                                                      |
      |  r(33) = 0.002        4/2013 -  1/2016        0.026    |
      |                     3/2006 - 12/2008        0.018    |
      |                     2/2005 - 11/2007        0.018    |
      |                     9/2005 -  6/2008        0.017    |
      |                                                      |
      |  r(34) = -0.013       3/2012 -  1/2015       -0.019    |
      |                     1/2006 - 11/2008       -0.015    |
      |                     1/2003 - 11/2005       -0.014    |
      |                     1/2005 - 11/2007       -0.013    |
      |                                                      |
      |  r(35) = -0.039       9/2005 -  8/2008       -0.025    |
      |                    12/2008 - 11/2011       -0.016    |
      |                     1/2006 - 12/2008       -0.015    |
      |                     4/2006 -  3/2009       -0.012    |
      |                                                      |
      |  r(36) = 0.025        1/2003 -  1/2006        0.018    |
      |                     9/2002 -  9/2005        0.017    |
      |                     3/2006 -  3/2009        0.016    |
      |                    11/2005 - 11/2008        0.013    |
      |                                                      |
      |  r(37) = -0.042       9/2003 - 10/2006       -0.018    |
      |                    12/2011 -  1/2015       -0.014    |
      |                     2/2003 -  3/2006       -0.013    |
      |                     8/2012 -  9/2015       -0.011    |
      |                                                      |
      |  r(38) = -0.043       1/2015 -  3/2018       -0.034    |
      |                     9/2005 - 11/2008       -0.029    |
      |                    11/2011 -  1/2015       -0.023    |
      |                     1/2003 -  3/2006       -0.022    |
      |                                                      |
      |  r(39) = -0.006       9/2005 - 12/2008       -0.029    |
      |                     8/2008 - 11/2011       -0.014    |
      |                    12/2008 -  3/2012       -0.014    |
      |                    10/2011 -  1/2015       -0.013    |
      |                                                      |
      +------------------------------------------------------+
