  Longitud estacionaria: n_stat = 215

Input Y (endog)  : tests/cases/ES_CPI_m10.pre
Input X (exog)   : tests/cases/WTI_ar1.pre
Transfer model   : s=0, r=0, b=0
Diagonal AR/MA   : yes
Diagonal cov     : yes
Frequency        : 12
Start            : 1 2002
Box-Cox lambda   : 0.00 (Y), 0.00 (X)
Rescale factor   : 100 (Y), 100 (X)
Differences      : d=1, D=0 (Y)   d=1, D=0 (X)
Deterministics   : 11 (Y), 0 (X)
Observations     : 215 (raw 216)

Ejecutando preblanqueo para identificar órdenes...

=============================================================
  IDENTIFICACION - preblanqueo y CCF (Box-Jenkins)           
=============================================================
  La entrada se preblanquea con su propio ARMA y el MISMO
  filtro se aplica a la salida.  r(k) = corr(beta_t, a_{t-k}):
    k > 0  ->  Y responde a X con k periodos de retardo (transferencia)
    k < 0  ->  Y antecede a X (retroalimentacion: NO deberia haberla)

CCF BANDS  2.0/SQRT(N) =  0.13640:

            -1                         0                         1
-------------+-------------------------+-------------------------+--------------
 -24  -0.015 +                      :  |  :                      +                            
 -23  -0.113 |                      ***|  :                      |                            
 -22   0.010 |                      :  |  :                      |                            
 -21   0.069 |                      :  |**:                      |                            
 -20   0.028 |                      :  |* :                      |                            
 -19   0.050 |                      :  |* :                      |                            
 -18   0.027 |                      :  |* :                      |                            
 -17   0.040 |                      :  |* :                      |                            
 -16   0.023 |                      :  |* :                      |                            
 -15   0.059 |                      :  |* :                      |                            
 -14   0.047 |                      :  |* :                      |                            
 -13  -0.078 |                      :**|  :                      |                            
 -12  -0.012 +                      :  |  :                      +                            
 -11  -0.005 |                      :  |  :                      |                            
 -10   0.070 |                      :  |**:                      |                            
  -9  -0.029 |                      : *|  :                      |                            
  -8  -0.081 |                      :**|  :                      |                            
  -7  -0.011 |                      :  |  :                      |                            
  -6  -0.128 |                      ***|  :                      |                            
  -5  -0.025 |                      : *|  :                      |                            
  -4   0.088 |                      :  |**:                      |                            
  -3  -0.024 |                      : *|  :                      |                            
  -2  -0.014 |                      :  |  :                      |                            
  -1  -0.077 |                      :**|  :                      |                            
   0   0.492 +                      :  |************             +                            
   1   0.310 |                      :  |********                 |                            
   2   0.025 |                      :  |* :                      |                            
   3   0.027 |                      :  |* :                      |                            
   4  -0.107 |                      ***|  :                      |                            
   5   0.086 |                      :  |**:                      |                            
   6   0.045 |                      :  |* :                      |                            
   7   0.104 |                      :  |***                      |                            
   8   0.006 |                      :  |  :                      |                            
   9   0.052 |                      :  |* :                      |                            
  10   0.073 |                      :  |**:                      |                            
  11  -0.043 |                      : *|  :                      |                            
  12   0.027 +                      :  |* :                      +                            
  13   0.037 |                      :  |* :                      |                            
  14  -0.103 |                      ***|  :                      |                            
  15   0.073 |                      :  |**:                      |                            
  16  -0.007 |                      :  |  :                      |                            
  17  -0.007 |                      :  |  :                      |                            
  18   0.007 |                      :  |  :                      |                            
  19   0.011 |                      :  |  :                      |                            
  20   0.101 |                      :  |***                      |                            
  21   0.061 |                      :  |**:                      |                            
  22  -0.000 |                      :  |  :                      |                            
  23  -0.051 |                      : *|  :                      |                            
  24  -0.142 +                     ****|  :                      +                            
-------------+-------------------------+-------------------------+--------------
            -1                         0                         1

  Pesos de la respuesta impulso  nu(k) = r(k) * s_beta / s_a
  (solo los retardos con CCF significativa)

     k      r(k)      nu(k)
    ------------------------------
      0    0.4923     0.0150  
      1    0.3098     0.0094  
     24   -0.1423    -0.0043  

  Exogeneidad — portmanteau de la CCF en k < 0:
    Q(24) = 18.2969   p-valor = 0.7884   [0 significativa(s) de 24]
    X se comporta como exogena. OK

  Pesos significativos: k = 0..1  (b = primer k significativo)

  PROPUESTAS:
    [A]  b=0  r=0  s=1   -- cada peso significativo como omega libre
    [B]  (no procede: la cola no decae geometricamente)

  RECOMENDADO: b=0, r=0, s=1
  (usa -b/-r/-s para imponer otra especificacion)
=============================================================


Órdenes de la función de transferencia:
  b (retardo) = 0
  r (denom δ)  = 0
  s (num ω)   = 1
Número de parámetros a estimar: 17
  fix_noise=0, fix_X=0, fix_det_Y=0, fix_det_X=0, fix_mu_Y=0, fix_mu_X=1

Estimando modelo de transferencia...

=============================================================
  OPTIMIZADOR: CONVERGIÓ tras 24 iteraciones (de 500)
  Criterio de parada: paso escalado <= steptol
  Objective function = -718.183932909333
=============================================================

=============================================================
  Estimated Parameters and Standard Deviations               
=============================================================

                        Parameter     Estimate    Std.Error   t-stat  p-val
--------------------------------------------------------------------
omega[0]                 0.016402     0.001702    9.637 0.0000 ***
omega[1]                 0.010792     0.001694    6.370 0.0000 ***
phi_N[B^1]               0.295285     0.065827    4.486 0.0000 ***
phi_X[B^1]               0.299193     0.064979    4.604 0.0000 ***
omega_Y[1,0]          -0.040817     0.049966   -0.817 0.4140 
omega_Y[2,0]          -0.094215     0.049458   -1.905 0.0568 .
omega_Y[3,0]           0.303220     0.021665   13.996 0.0000 ***
omega_Y[4,0]          -0.541863     0.021850  -24.800 0.0000 ***
omega_Y[5,0]           0.083673     0.013042    6.416 0.0000 ***
omega_Y[6,0]          -0.028359     0.013039   -2.175 0.0296 *
omega_Y[7,0]           0.065207     0.009476    6.882 0.0000 ***
omega_Y[8,0]          -0.021041     0.009490   -2.217 0.0266 *
omega_Y[9,0]          -0.001471     0.007898   -0.186 0.8522 
omega_Y[10,0]           0.009740     0.007868    1.238 0.2158 
omega_Y[11,0]           0.115583     0.005258   21.982 0.0000 ***
mu[1]                    0.140355     0.019280    7.280 0.0000 ***
mu[2]           (fixed     0.000000)
log(varX/varY)           7.459349     0.136399   54.688 0.0000 ***
--------------------------------------------------------------------
Signif. codes:  0 '***' 0.001 '**' 0.01 '*' 0.05 '.' 0.1 ' ' 1

sigma2 (concentrada) = 0.039653

Sigma = sigma2 * Q  (covarianza de las innovaciones):
  Sigma[1,1] (noise) =     0.039653
  Sigma[2,2] (input) =    68.838114




=============================================================
                RESIDUAL DIAGNOSTICS                         
=============================================================

--- Residual series a[1] ---
Unconditional residuals (seasonal period: 12)
215 observations: from 1/1 to 11/18

                  Mean:           0.000026
Standard error of mean:           0.013581
              Variance:           0.039653
    Standard deviation:           0.199130
              Skewness:          -0.119188
              Kurtosis:           1.034814
               Minimum:          -0.582027 at  3/15 (observation 171)
               Maximum:           0.674134 at  8/11 (observation 128)

Standardized time series plot (original values on right-side column):

                -3     -2      -1      0     +1      +2     +3    
-------------+---+------+-------+------+------+-------+------+---+--------------
   1  1/   1 |          :       :      *      :       :          | -0.0133574535
   2  2/   1 |          :       :      | *    :       :          |  0.0559737929
   3  3/   1 |          :       :      |  *   :       :          |  0.0908525863
   4  4/   1 |          :       :      *      :       :          |  0.0051503863
   5  5/   1 |          :       :   *  |      :       :          | -0.0710841013
   6  6/   1 |          :       :     *|      :       :          | -0.0252527129
   7  7/   1 |          :       :     *|      :       :          | -0.0391201275
   8  8/   1 |          :       :      |  *   :       :          |  0.0926039041
   9  9/   1 |          :       :      |     *:       :          |  0.1539796096
  10 10/   1 |          :       :      *      :       :          | -0.0124687021
  11 11/   1 |          :       :      |   *  :       :          |  0.0962006167
  12 12/   1 +          :       :      |      :*      :          +  0.2213542290
  13  1/   2 |          :       : *    |      :       :          | -0.1378314180
  14  2/   2 |          :       :      |      :  *    :          |  0.2819180043
  15  3/   2 |          :       :      |    * :       :          |  0.1395571910
  16  4/   2 |          :       :*     |      :       :          | -0.1617943425
  17  5/   2 |          :       :*     |      :       :          | -0.1732099658
  18  6/   2 |          :       :      |*     :       :          |  0.0160625171
  19  7/   2 |          :       :      |      : *     :          |  0.2300327453
  20  8/   2 |          :       :      |      :*      :          |  0.2175661479
  21  9/   2 |          :      *:      |      :       :          | -0.2119573682
  22 10/   2 |          :       :    * |      :       :          | -0.0516396878
  23 11/   2 |          :       :     *|      :       :          | -0.0228475690
  24 12/   2 +          :       :      |    * :       :          +  0.1436425404
  25  1/   3 |          :       :  *   |      :       :          | -0.0974087348
  26  2/   3 |          :       :      |     *:       :          |  0.1604276132
  27  3/   3 |          :       :      |      :    *  :          |  0.3119935262
  28  4/   3 |          :       :      |    * :       :          |  0.1360532017
  29  5/   3 |          :       :    * |      :       :          | -0.0479944211
  30  6/   3 |          :       : *    |      :       :          | -0.1352265713
  31  7/   3 |          :       :      | *    :       :          |  0.0475571237
  32  8/   3 |          :       : *    |      :       :          | -0.1359654645
  33  9/   3 |          :       :      *      :       :          | -0.0055446499
  34 10/   3 |          :       :    * |      :       :          | -0.0440507310
  35 11/   3 |          :       :      | *    :       :          |  0.0641984303
  36 12/   3 +          :       :      |   *  :       :          +  0.1061967655
  37  1/   4 |          :       :      |  *   :       :          |  0.0864927808
  38  2/   4 |          :       :      |  *   :       :          |  0.0769249801
  39  3/   4 |          :       :      |      :     * :          |  0.3547277962
  40  4/   4 |          :       :      *      :       :          |  0.0070174190
  41  5/   4 |          :       :    * |      :       :          | -0.0629721862
  42  6/   4 |          :       : *    |      :       :          | -0.1254639332
  43  7/   4 |          :       :      |  *   :       :          |  0.0710893737
  44  8/   4 |          :       :      |      :    *  :          |  0.3101503137
  45  9/   4 |          :       :     *|      :       :          | -0.0176843962
  46 10/   4 |          :       :      *      :       :          | -0.0073473806
  47 11/   4 |          :       :      |   *  :       :          |  0.1130796197
  48 12/   4 +          :       :      |      :     * :          +  0.3528940019
  49  1/   5 |          :       :   *  |      :       :          | -0.0861981194
  50  2/   5 |          :       :      |      :   *   :          |  0.2844878604
  51  3/   5 |          :       :      |      *       :          |  0.1768525826
  52  4/   5 |          :       :    * |      :       :          | -0.0559238622
  53  5/   5 |          :       :      *      :       :          | -0.0032282792
  54  6/   5 |          :       :      *      :       :          |  0.0055879579
  55  7/   5 |          :       :      *      :       :          | -0.0130924689
  56  8/   5 |          :       :   *  |      :       :          | -0.0894506437
  57  9/   5 |          :       :   *  |      :       :          | -0.0893541698
  58 10/   5 |          :       :      | *    :       :          |  0.0544971265
  59 11/   5 |          :       :      | *    :       :          |  0.0493228805
  60 12/   5>+          :       :      |      :       : *        +> 0.4453618826
  61  1/   6 |          :       :   *  |      :       :          | -0.0792671164
  62  2/   6 |          :       :      |     *:       :          |  0.1690204857
  63  3/   6 |          :       :      |      : *     :          |  0.2561525972
  64  4/   6 |          :       :    * |      :       :          | -0.0615970333
  65  5/   6 |          :       :    * |      :       :          | -0.0460989728
  66  6/   6 |          :    *  :      |      :       :          | -0.2578935608
  67  7/   6 |          :       :    * |      :       :          | -0.0417003014
  68  8/   6 |          :       :      | *    :       :          |  0.0602201330
  69  9/   6 |          :       :      |      : *     :          |  0.2436574358
  70 10/   6 |          :       :      |   *  :       :          |  0.1063548616
  71 11/   6 |          :       :      |      *       :          |  0.1768935083
  72 12/   6 +          :       :      |      :   *   :          +  0.2966675060
  73  1/   7 |          :       :     *|      :       :          | -0.0230652827
  74  2/   7 |          :       :      |      :*      :          |  0.2190297064
  75  3/   7 |          :       :*     |      :       :          | -0.1639651133
  76  4/   7 |          :       :      |      :  *    :          |  0.2566987271
  77  5/   7 |          :       :      |     *:       :          |  0.1533423305
  78  6/   7 |          :       :      |  *   :       :          |  0.0696113535
  79  7/   7 |          :      *:      |      :       :          | -0.2247931293
  80  8/   7 |          :       :      |      *       :          |  0.2012538712
  81  9/   7 |          :       :      |   *  :       :          |  0.1176645457
  82 10/   7 |          :       :      |*     :       :          |  0.0290187596
  83 11/   7 |          :       :      |      *       :          |  0.1883506055
  84 12/   7 +          :       :      *      :       :          +  0.0057366764
  85  1/   8 |          :       :      | *    :       :          |  0.0623211955
  86  2/   8>|    *     :       :      |      :       :          |>-0.5701147982
  87  3/   8 |          :       :   *  |      :       :          | -0.0936043041
  88  4/   8>|       *  :       :      |      :       :          |>-0.4807983305
  89  5/   8 |          :       :      |*     :       :          |  0.0208788068
  90  6/   8 |          :       :*     |      :       :          | -0.1722643755
  91  7/   8 |          :       :      |    * :       :          |  0.1376279060
  92  8/   8>|      *   :       :      |      :       :          |>-0.5003295428
  93  9/   8 |          :       :   *  |      :       :          | -0.0723623105
  94 10/   8 |          :       :      |     *:       :          |  0.1603082722
  95 11/   8 |          :       : *    |      :       :          | -0.1431806813
  96 12/   8 +          :       :     *|      :       :          + -0.0310320456
  97  1/   9 |          :       *      |      :       :          | -0.1943161388
  98  2/   9 |          :       :      |      :  *    :          |  0.2807148135
  99  3/   9 |          :       :   *  |      :       :          | -0.0826156161
 100  4/   9 |          :       :      |      :*      :          |  0.2093553452
 101  5/   9 |          :       :      |   *  :       :          |  0.1012266652
 102  6/   9 |          :       :      |    * :       :          |  0.1418954631
 103  7/   9 |          :       :     *|      :       :          | -0.0236997100
 104  8/   9 |          :       :   *  |      :       :          | -0.0822082229
 105  9/   9 |          :       :      *      :       :          |  0.0100916405
 106 10/   9 |          :       :      |   *  :       :          |  0.1095409023
 107 11/   9 |          :       :      |      :    *  :          |  0.3206057900
 108 12/   9 +          :       :      | *    :       :          +  0.0671705191
 109  1/  10 |          :       :      | *    :       :          |  0.0550601091
 110  2/  10 |          :       :      |*     :       :          |  0.0379441037
 111  3/  10 |          :       :      *      :       :          |  0.0093426855
 112  4/  10 |          :       *      |      :       :          | -0.1756400448
 113  5/  10 |          :       :    * |      :       :          | -0.0475244380
 114  6/  10 |          :       :      |      :*      :          |  0.2107806000
 115  7/  10 |          :       :      | *    :       :          |  0.0601927458
 116  8/  10 |          :       :      |      *       :          |  0.1837646861
 117  9/  10 |          :       :   *  |      :       :          | -0.0904793458
 118 10/  10 |          :       :   *  |      :       :          | -0.0903516170
 119 11/  10 |          :       : *    |      :       :          | -0.1288144008
 120 12/  10 +          :       : *    |      :       :          + -0.1290420414
 121  1/  11 |          :       :      |  *   :       :          |  0.0909257533
 122  2/  11 |          :       :      |    * :       :          |  0.1301926783
 123  3/  11>|          :       :      |      :       *          |> 0.4098819851
 124  4/  11 |          :   *   :      |      :       :          | -0.3066373813
 125  5/  11 |          :       :      | *    :       :          |  0.0578291335
 126  6/  11>|          :       :      |      :       :  *       |> 0.4899443602
 127  7/  11 |          :       :      |*     :       :          |  0.0384303246
 128  8/  11>|          :       :      |      :       :         *|> 0.6741338628
 129  9/  11 |          :       :   *  |      :       :          | -0.0891134128
 130 10/  11 |          : *     :      |      :       :          | -0.3470562698
 131 11/  11 |          :       :      |*     :       :          |  0.0292822666
 132 12/  11>+         *:       :      |      :       :          +>-0.4295606082
 133  1/  12 |          :       :      |      :*      :          |  0.2047414586
 134  2/  12 |          :       :   *  |      :       :          | -0.0834227630
 135  3/  12>|      *   :       :      |      :       :          |>-0.5121092330
 136  4/  12 |          :       :      |   *  :       :          |  0.1062825216
 137  5/  12 |          :       :     *|      :       :          | -0.0142472739
 138  6/  12 |          :       :      |*     :       :          |  0.0174177157
 139  7/  12 |          :       :      *      :       :          | -0.0130215609
 140  8/  12 |          :*      :      |      :       :          | -0.3679357440
 141  9/  12 |          :       *      |      :       :          | -0.1956396946
 142 10/  12 |          :       :      |     *:       :          |  0.1708662329
 143 11/  12 |          :       :    * |      :       :          | -0.0636673786
 144 12/  12 +          : *     :      |      :       :          + -0.3446875104
 145  1/  13 |          :       :     *|      :       :          | -0.0227492838
 146  2/  13 |          :     * :      |      :       :          | -0.2524875973
 147  3/  13 |          :       :      *      :       :          |  0.0041276634
 148  4/  13 |          :       :*     |      :       :          | -0.1661462758
 149  5/  13 |          :       :  *   |      :       :          | -0.1029301565
 150  6/  13 |          :      *:      |      :       :          | -0.2193989859
 151  7/  13 |          :       :      |      *       :          |  0.1801554355
 152  8/  13 |          :       :      |  *   :       :          |  0.0887993216
 153  9/  13 |          :       :*     |      :       :          | -0.1751605318
 154 10/  13 |          :       :    * |      :       :          | -0.0442716582
 155 11/  13 |          :       *      |      :       :          | -0.1791966615
 156 12/  13 +          :       :      | *    :       :          +  0.0522649245
 157  1/  14 |          :       :      |      :    *  :          |  0.3261528624
 158  2/  14 |          :       :      |   *  :       :          |  0.1137460430
 159  3/  14 |          :     * :      |      :       :          | -0.2468656078
 160  4/  14 |          :       :      | *    :       :          |  0.0540401896
 161  5/  14 |          :       :      |*     :       :          |  0.0322312942
 162  6/  14 |          :       :      *      :       :          | -0.0060327895
 163  7/  14 |          :       :   *  |      :       :          | -0.0720750956
 164  8/  14 |          :*      :      |      :       :          | -0.3672968832
 165  9/  14 |          :       : *    |      :       :          | -0.1426349650
 166 10/  14 |          :       :      |      :  *    :          |  0.2645710017
 167 11/  14 |          :       *      |      :       :          | -0.1782120173
 168 12/  14>+      *   :       :      |      :       :          +>-0.5107287644
 169  1/  15 |          :       :      |*     :       :          |  0.0381805049
 170  2/  15 |          :       :   *  |      :       :          | -0.0726897503
 171  3/  15>|   *      :       :      |      :       :          |>-0.5820267441
 172  4/  15 |          :       :      |      :*      :          |  0.2164244686
 173  5/  15 |          :       :      |   *  :       :          |  0.1055203386
 174  6/  15 |          :       :      |*     :       :          |  0.0151139472
 175  7/  15 |          :       :      *      :       :          |  0.0114409386
 176  8/  15 |          :       *      |      :       :          | -0.1887764033
 177  9/  15 |          :       :      |      :*      :          |  0.2141053880
 178 10/  15 |          :       :      | *    :       :          |  0.0507251486
 179 11/  15 |          :       :      |      :   *   :          |  0.3053765901
 180 12/  15 +          :       :      |     *:       :          +  0.1670080217
 181  1/  16>|       *  :       :      |      :       :          |>-0.4951396369
 182  2/  16 |          :     * :      |      :       :          | -0.2298036280
 183  3/  16 |          :       :      |    * :       :          |  0.1426730537
 184  4/  16 |          :      *:      |      :       :          | -0.2208134393
 185  5/  16 |          :       :      |     *:       :          |  0.1484199895
 186  6/  16 |          :       :      *      :       :          | -0.0128135517
 187  7/  16 |          :       :   *  |      :       :          | -0.0825593866
 188  8/  16 |          :       :    * |      :       :          | -0.0625495837
 189  9/  16 |          :       :      | *    :       :          |  0.0421972487
 190 10/  16 |          :       :    * |      :       :          | -0.0406010273
 191 11/  16 |          :      *:      |      :       :          | -0.2187550733
 192 12/  16 +          :      *:      |      :       :          + -0.2233084118
 193  1/  17 |          :       :      |    * :       :          |  0.1405616989
 194  2/  17 |          :  *    :      |      :       :          | -0.3312263068
 195  3/  17 |          :       : *    |      :       :          | -0.1290789621
 196  4/  17>|          :       :      |      :       :       *  |> 0.6164590937
 197  5/  17 |          :       :     *|      :       :          | -0.0393760481
 198  6/  17 |          :       :  *   |      :       :          | -0.1145741237
 199  7/  17 |          :       :      *      :       :          | -0.0092003389
 200  8/  17 |          :       :      |  *   :       :          |  0.0801933165
 201  9/  17 |          :       :      | *    :       :          |  0.0477879301
 202 10/  17 |          :       :   *  |      :       :          | -0.0829535037
 203 11/  17 |          :       :  *   |      :       :          | -0.1053876300
 204 12/  17 +          :       *      |      :       :          + -0.1859934042
 205  1/  18 |          :       :      |    * :       :          |  0.1448968329
 206  2/  18 |          :    *  :      |      :       :          | -0.2706352217
 207  3/  18 |          :       :   *  |      :       :          | -0.0858960343
 208  4/  18 |          :       :      |*     :       :          |  0.0218695761
 209  5/  18 |          :       :      *      :       :          | -0.0107819715
 210  6/  18 |          :       :      |   *  :       :          |  0.1025092749
 211  7/  18 |          :    *  :      |      :       :          | -0.2572556190
 212  8/  18 |          :       :  *   |      :       :          | -0.1141430435
 213  9/  18 |          :       :      |      :  *    :          |  0.2605485989
 214 10/  18 |          :      *:      |      :       :          | -0.2247977972
 215 11/  18 |          :   *   :      |      :       :          | -0.3020841933
-------------+---+------+-------+------+------+-------+------+---+--------------
                -3     -2      -1      0     +1      +2     +3    

                 +------------------------------------------+
                 |       Table of standardized values       |
                 |       greater than or equal to 2.0       |
                 +------------------------------------------+
                 |                                          |
                 | Observation    Date   Standardized value |
                 |                                          |
                 |     60       12/   5         2.24        |
                 |     86        2/   8        -2.86        |
                 |     88        4/   8        -2.41        |
                 |     92        8/   8        -2.51        |
                 |    123        3/  11         2.06        |
                 |    126        6/  11         2.46        |
                 |    128        8/  11         3.39        |
                 |    132       12/  11        -2.16        |
                 |    135        3/  12        -2.57        |
                 |    168       12/  14        -2.56        |
                 |    171        3/  15        -2.92        |
                 |    181        1/  16        -2.49        |
                 |    196        4/  17         3.10        |
                 +------------------------------------------+

Standardized time series histogram:

       -4      -3      -2      -1       0      +1      +2      +3      +4
        +---+---+---+---+---+---+---+---+---+---+---+---+---+---+---+---+
        |                             53                                |
        |                            ....                                |
        |                            .... 45                             |
        |                            ........                            |
        |                            ........                            |
        |                            ........                            |
        |                            ........ 32                         |
        |                            ............                        |
        |                         26 ............                        |
        |                        ................                        |
        |                        ................ 19                     |
        |                        ....................                    |
        |                     13 ....................                    |
        |                  7 ........................ 7                  |
        |          5     ................................                |
        |        ....  3 ................................ 3      2       |
        |        ............................................    ....    |
        +---+---+---+---+---+---+---+---+---+---+---+---+---+---+---+---+
       -4      -3      -2      -1       0      +1      +2      +3      +4

              59 values outside (-1,+1): 27.44 % (31.74 % expected)
              13 values outside (-2,+2):  6.05 % ( 4.56 % expected)

Autocorrelation function (acf bands =  0.136):

            -1                         0                         1  L-B Q  DF
-------------+-------------------------+-------------------------+--------------
   1   0.002 |                      :  |  :                      | 
   2  -0.033 |                      : *|  :                      | 
   3   0.101 |                      :  |***                      | 
   4  -0.000 |                      :  |  :                      | 
   5   0.113 |                      :  |***                      | 
   6   0.014 |                      :  |  :                      | 
   7  -0.016 |                      :  |  :                      | 
   8   0.001 |                      :  |  :                      | 
   9   0.075 |                      :  |**:                      | 
  10  -0.022 |                      : *|  :                      | 
  11   0.079 |                      :  |**:                      | 
  12  -0.016 +                      :  |  :                      +   8.32  12
  13   0.094 |                      :  |**:                      | 
  14  -0.036 |                      : *|  :                      | 
  15  -0.075 |                      :**|  :                      | 
  16   0.001 |                      :  |  :                      | 
  17   0.040 |                      :  |* :                      | 
  18  -0.058 |                      : *|  :                      | 
  19  -0.040 |                      : *|  :                      | 
  20   0.103 |                      :  |***                      | 
  21   0.051 |                      :  |* :                      | 
  22   0.006 |                      :  |  :                      | 
  23   0.076 |                      :  |**:                      | 
  24   0.142 +                      :  |++++                     +  23.00  24
  25  -0.014 |                      :  |  :                      | 
  26  -0.001 |                      :  |  :                      | 
  27   0.043 |                      :  |* :                      | 
  28  -0.020 |                      : *|  :                      | 
  29  -0.004 |                      :  |  :                      | 
  30   0.069 |                      :  |**:                      | 
  31   0.018 |                      :  |  :                      | 
  32   0.000 |                      :  |  :                      | 
  33   0.080 |                      :  |**:                      | 
  34  -0.022 |                      : *|  :                      | 
  35   0.041 |                      :  |* :                      | 
  36   0.051 +                      :  |+ :                      +  27.73  36
  37  -0.088 |                      :**|  :                      | 
  38   0.021 |                      :  |* :                      | 
  39  -0.010 |                      :  |  :                      | 
  40  -0.049 |                      : *|  :                      | 
  41   0.006 |                      :  |  :                      | 
  42  -0.123 |                      ***|  :                      |  34.62  42
-------------+-------------------------+-------------------------+--------------
            -1                         0                         1  L-B Q  DF

Partial autocorrelation function (pacf bands =  0.136):

            -1                         0                         1
-------------+-------------------------+-------------------------+--------------
   1   0.002 |                      :  |  :                      | 
   2  -0.033 |                      : *|  :                      | 
   3   0.102 |                      :  |***                      | 
   4  -0.002 |                      :  |  :                      | 
   5   0.121 |                      :  |***                      | 
   6   0.003 |                      :  |  :                      | 
   7  -0.007 |                      :  |  :                      | 
   8  -0.023 |                      : *|  :                      | 
   9   0.074 |                      :  |**:                      | 
  10  -0.036 |                      : *|  :                      | 
  11   0.089 |                      :  |**:                      | 
  12  -0.035 +                      : +|  :                      + 
  13   0.117 |                      :  |***                      | 
  14  -0.083 |                      :**|  :                      | 
  15  -0.049 |                      : *|  :                      | 
  16  -0.050 |                      : *|  :                      | 
  17   0.063 |                      :  |**:                      | 
  18  -0.089 |                      :**|  :                      | 
  19  -0.002 |                      :  |  :                      | 
  20   0.088 |                      :  |**:                      | 
  21   0.090 |                      :  |**:                      | 
  22  -0.030 |                      : *|  :                      | 
  23   0.107 |                      :  |***                      | 
  24   0.129 +                      :  |+++                      + 
  25  -0.013 |                      :  |  :                      | 
  26  -0.048 |                      : *|  :                      | 
  27   0.055 |                      :  |* :                      | 
  28  -0.035 |                      : *|  :                      | 
  29  -0.043 |                      : *|  :                      | 
  30   0.045 |                      :  |* :                      | 
  31   0.048 |                      :  |* :                      | 
  32  -0.021 |                      : *|  :                      | 
  33   0.033 |                      :  |* :                      | 
  34  -0.035 |                      : *|  :                      | 
  35   0.055 |                      :  |* :                      | 
  36   0.014 +                      :  |  :                      + 
  37  -0.107 |                      ***|  :                      | 
  38   0.045 |                      :  |* :                      | 
  39   0.025 |                      :  |* :                      | 
  40  -0.071 |                      :**|  :                      | 
  41  -0.026 |                      : *|  :                      | 
  42  -0.083 |                      :**|  :                      | 
-------------+-------------------------+-------------------------+--------------
            -1                         0                         1


--- Residual series a[2] ---
Unconditional residuals (seasonal period: 12)
215 observations: from 1/1 to 11/18

                  Mean:           0.367452
Standard error of mean:           0.565243
              Variance:          68.692457
    Standard deviation:           8.288091
              Skewness:          -0.374229
              Kurtosis:           0.435010
               Minimum:         -26.965062 at  9/7 (observation  81)
               Maximum:          22.699380 at  2/15 (observation 170)

Standardized time series plot (original values on right-side column):

               -3      -2     -1       0      +1     +2      +3   
-------------+--+-------+------+-------+-------+------+-------+--+--------------
   1  1/   1 |          :      :       |   *   :      :          |  4.8227932982
   2  2/   1 |          :      :       |       :    * :          | 14.7490158832
   3  3/   1 |          :      :       | *     :      :          |  2.4155523587
   4  4/   1 |          :      :       *       :      :          |  0.6301143916
   5  5/   1 |          :      : *     |       :      :          | -6.5537066507
   6  6/   1 |          :      :       |     * :      :          |  7.1238064012
   7  7/   1 |          :      :       |  *    :      :          |  3.5871303836
   8  8/   1 |          :      :       | *     :      :          |  2.8872052183
   9  9/   1 |          :      :   *   |       :      :          | -4.1326082755
  10 10/   1 |          :      *       |       :      :          | -8.5297083517
  11 11/   1 |          :      :       |       :    * :          | 14.1276195389
  12 12/   1 +          :      :       |      *:      :          +  7.9130304239
  13  1/   2 |          :      :       |   *   :      :          |  5.1400903029
  14  2/   2 |          :     *:       |       :      :          | -9.2359702459
  15  3/   2 |          :*     :       |       :      :          | -15.1938059232
  16  4/   2 |          :      :       |   *   :      :          |  4.7542800293
  17  5/   2 |          :      :       |       *      :          |  8.8889128632
  18  6/   2 |          :      :    *  |       :      :          | -2.4944499889
  19  7/   2 |          :      :       | *     :      :          |  2.6236149800
  20  8/   2 |          :   *  :       |       :      :          | -11.8298374939
  21  9/   2 |          :      :       |       :*     :          | 10.2639530411
  22 10/   2 |          :      :       *       :      :          |  0.3916435177
  23 11/   2 |          :      :       | *     :      :          |  2.6121536502
  24 12/   2 +          :      :       |    *  :      :          +  5.3827084041
  25  1/   3 |          :      :      *|       :      :          | -0.5484386070
  26  2/   3 |          :      :       |   *   :      :          |  5.2443106219
  27  3/   3 |          :      :     * |       :      :          | -1.8815990855
  28  4/   3 |          :      :       |       *      :          |  9.3921108395
  29  5/   3 |          :      *       |       :      :          | -8.5672614450
  30  6/   3 |          :      :       |      *:      :          |  8.5146226591
  31  7/   3 |          :      :       |      *:      :          |  7.9039690954
  32  8/   3 |          :      :      *|       :      :          | -0.7497984173
  33  9/   3 |          :      :       |       :   *  :          | 13.8538160489
  34 10/   3 |          : *    :       |       :      :          | -13.5442177628
  35 11/   3 |          :      *       |       :      :          | -8.4366849172
  36 12/   3 +          :      :       |       : *    :          + 11.1370011594
  37  1/   4 |          :      :       *       :      :          |  0.0533470901
  38  2/   4 |          :      :       |       : *    :          | 11.7000318920
  39  3/   4 |          :      : *     |       :      :          | -6.0801576847
  40  4/   4 |          :      :  *    |       :      :          | -5.5349628863
  41  5/   4 |          :      :       |       :   *  :          | 14.0044929758
  42  6/   4 |          :      :       *       :      :          |  0.6143929769
  43  7/   4 |          :      :       |       *      :          |  8.8783396986
  44  8/   4 |          :      :     * |       :      :          | -2.1171187142
  45  9/   4 |          :      :  *    |       :      :          | -5.2784257025
  46 10/   4 |          :      :  *    |       :      :          | -5.2512526055
  47 11/   4 |          :      :       |  *    :      :          |  3.9387264506
  48 12/   4 +          :      :       |       *      :          +  9.1660034971
  49  1/   5 |          :     *:       |       :      :          | -9.0196496617
  50  2/   5 |          :      :       |  *    :      :          |  3.8664319137
  51  3/   5 |          :      :       |       *      :          |  9.6407919613
  52  4/   5 |          :      :     * |       :      :          | -1.2892827402
  53  5/   5 |          :      :      *|       :      :          | -0.5037043062
  54  6/   5 |          :      :       |   *   :      :          |  4.7389664389
  55  7/   5 |          :      :    *  |       :      :          | -3.2650076916
  56  8/   5 |          :  *   :       |       :      :          | -12.8775401884
  57  9/   5 |          :      :   *   |       :      :          | -4.1168402214
  58 10/   5 |          :      :       |  *    :      :          |  3.2626386664
  59 11/   5 |          :      :       |  *    :      :          |  4.1349509374
  60 12/   5 +          : *    :       |       :      :          + -14.1247200336
  61  1/   6 |          :      :       |       :  *   :          | 12.0786971619
  62  2/   6 |          :      :      *|       :      :          | -0.2968446502
  63  3/   6 |          :      :       |   *   :      :          |  4.8287113413
  64  4/   6 |          :      :    *  |       :      :          | -2.4394096228
  65  5/   6 |          :      :       |     * :      :          |  6.3816340470
  66  6/   6 |          :      :       |      *:      :          |  7.6286460494
  67  7/   6 |          :      :  *    |       :      :          | -5.2748973275
  68  8/   6 |          :      :       |       :*     :          | 10.6391284223
  69  9/   6 |          :      :       |   *   :      :          |  4.5873994053
  70 10/   6 |          :      :       |     * :      :          |  7.0603983628
  71 11/   6 |          :      : *     |       :      :          | -5.8903756082
  72 12/   6 +          :      :       | *     :      :          +  2.2493008879
  73  1/   7 |          :      :       | *     :      :          |  2.1539614155
  74  2/   7 |          :      :       |       *      :          |  9.4097975251
  75  3/   7 |          :      :       |  *    :      :          |  3.3860310927
  76  4/   7 |          :      :       |       *      :          |  8.8616816274
  77  5/   7 |          :      :       |  *    :      :          |  3.3619380017
  78  6/   7 |          :      :     * |       :      :          | -2.3378661486
  79  7/   7 |          : *    :       |       :      :          | -13.3720263188
  80  8/   7 |          :      :*      |       :      :          | -7.5069906011
  81  9/   7>|*         :      :       |       :      :          |>-26.9650623316
  82 10/   7>|       *  :      :       |       :      :          |>-19.7500466656
  83 11/   7>|  *       :      :       |       :      :          |>-25.0361490438
  84 12/   7 +          :      :       |       : *    :          + 11.8132686886
  85  1/   8 |          :      :*      |       :      :          | -6.9010080977
  86  2/   8>|          :      :       |       :      :    *     |>22.2218153817
  87  3/   8 |          :      :    *  |       :      :          | -2.3744636434
  88  4/   8 |          :      :       |       :     *:          | 16.1352401671
  89  5/   8 |          :      :       |       : *    :          | 11.2077461129
  90  6/   8 |          :  *   :       |       :      :          | -13.2593161143
  91  7/   8 |          :      :       |       :  *   :          | 12.8256227992
  92  8/   8 |          :      :  *    |       :      :          | -5.3661070795
  93  9/   8 |          :      :       |       *      :          |  9.4424739927
  94 10/   8 |          :      :       *       :      :          |  0.3159244468
  95 11/   8 |          :      : *     |       :      :          | -5.8410827143
  96 12/   8 +          :      :       |     * :      :          +  6.6261252451
  97  1/   9 |          :      :   *   |       :      :          | -3.8663744045
  98  2/   9 |          :      :       |     * :      :          |  6.8128777430
  99  3/   9 |          :      :       | *     :      :          |  2.0807473971
 100  4/   9 |          :*     :       |       :      :          | -14.6314782307
 101  5/   9 |          :      :       |    *  :      :          |  6.0518925326
 102  6/   9 |          :      :       *       :      :          |  0.7389366472
 103  7/   9 |          :      :       *       :      :          |  0.1852122285
 104  8/   9 |          :      :     * |       :      :          | -2.1609873870
 105  9/   9 |          :      :       |       *      :          |  8.9825663940
 106 10/   9 |          :      :       *       :      :          |  0.1884992448
 107 11/   9 |          :      :       |   *   :      :          |  4.8530486945
 108 12/   9 +          :      :      *|       :      :          + -1.2676726838
 109  1/  10 |          :      :       *       :      :          |  0.0513548981
 110  2/  10 |          :      :       |       :   *  :          | 13.8479343730
 111  3/  10 |          :      :       | *     :      :          |  2.5105608530
 112  4/  10 |          :    * :       |       :      :          | -10.2416863953
 113  5/  10 |          :      :    *  |       :      :          | -2.6346194436
 114  6/  10 |          :      :       | *     :      :          |  2.4567579584
 115  7/  10 |          :   *  :       |       :      :          | -12.1274158644
 116  8/  10 |          :      :       | *     :      :          |  2.7076474091
 117  9/  10 |          :      :       |*      :      :          |  1.1807068684
 118 10/  10 |          :      :       |       : *    :          | 11.4987292903
 119 11/  10 |          :      :     * |       :      :          | -2.1342604525
 120 12/  10 +          :      :       |*      :      :          +  1.2643560829
 121  1/  11 |          :      :       |*      :      :          |  1.4826941339
 122  2/  11 |          :      :       |  *    :      :          |  3.1869130561
 123  3/  11 |          :      :   *   |       :      :          | -3.8614411873
 124  4/  11 |          :      *       |       :      :          | -7.9045134332
 125  5/  11 |          :   *  :       |       :      :          | -11.2913496926
 126  6/  11 |          :      :       |       :*     :          | 10.6424192962
 127  7/  11 |          :      :       |   *   :      :          |  4.9056485996
 128  8/  11 |          :      :     * |       :      :          | -1.4551352188
 129  9/  11 |          :      : *     |       :      :          | -5.7678853856
 130 10/  11 |          :      :     * |       :      :          | -1.6301741301
 131 11/  11 |          :      :       | *     :      :          |  2.8063022746
 132 12/  11 +          :      :       |     * :      :          +  6.4994996674
 133  1/  12 |          :      :     * |       :      :          | -1.4442292175
 134  2/  12 |          :      :    *  |       :      :          | -2.6086691784
 135  3/  12 |          :      :      *|       :      :          | -0.3376483921
 136  4/  12 |          :      :       |  *    :      :          |  3.2388051799
 137  5/  12 |          :      :       *       :      :          |  0.1750790595
 138  6/  12 |          :      :       |      *:      :          |  8.4836953230
 139  7/  12 |          :      :      *|       :      :          | -0.7759016153
 140  8/  12 |          :      :      *|       :      :          | -0.8184721315
 141  9/  12 |          :      :  *    |       :      :          | -5.4828421637
 142 10/  12 |          :      :  *    |       :      :          | -5.2111583370
 143 11/  12 |          :      :       |    *  :      :          |  5.9950412024
 144 12/  12 +          :      :   *   |       :      :          + -4.3098313717
 145  1/  13 |          :      :       |     * :      :          |  7.2837381966
 146  2/  13 |          :      :     * |       :      :          | -1.9187516854
 147  3/  13 |          :      :       |*      :      :          |  1.2579854514
 148  4/  13 |          :      :      *|       :      :          | -0.2668929339
 149  5/  13 |          :      :       |  *    :      :          |  3.4397769237
 150  6/  13 |          :      :    *  |       :      :          | -3.1403176237
 151  7/  13 |          :      : *     |       :      :          | -6.4195777016
 152  8/  13 |          :      :     * |       :      :          | -1.4014310743
 153  9/  13 |          :      *       |       :      :          | -8.8785224356
 154 10/  13 |          :      :*      |       :      :          | -7.7894918779
 155 11/  13>|     *    :      :       |       :      :          |>-21.3332256821
 156 12/  13 +          :*     :       |       :      :          + -15.4163636977
 157  1/  14 |          :      :       |       :   *  :          | 13.6841879791
 158  2/  14 |          :      :*      |       :      :          | -7.6678397073
 159  3/  14 |          :      :       |       :    * :          | 14.6627269830
 160  4/  14 |          :      :       |   *   :      :          |  4.5973583406
 161  5/  14 |          :      :     * |       :      :          | -1.6140872213
 162  6/  14>|          *      :       |       :      :          |>-16.4240705713
 163  7/  14 |          :  *   :       |       :      :          | -12.3377869833
 164  8/  14 |          :      :       |       : *    :          | 11.0468969672
 165  9/  14 |          :      :       *       :      :          | -0.1542466837
 166 10/  14 |          :     *:       |       :      :          | -9.0150241590
 167 11/  14 |          :    * :       |       :      :          | -10.6523901154
 168 12/  14 +          :   *  :       |       :      :          + -12.0845528677
 169  1/  15 |          :      :       *       :      :          |  0.4098836809
 170  2/  15>|          :      :       |       :      :    *     |>22.6993795135
 171  3/  15 |          :      :       |*      :      :          |  1.7795377131
 172  4/  15 |          :      :       |       : *    :          | 11.2033722046
 173  5/  15 |          :      :       *       :      :          |  0.2111502541
 174  6/  15 |          :    * :       |       :      :          | -10.0906929738
 175  7/  15 |          :      :       | *     :      :          |  2.7912230218
 176  8/  15 |          :      :       |*      :      :          |  0.9764990440
 177  9/  15 |          :      :       |       *      :          |  9.3896943229
 178 10/  15 |          :   *  :       |       :      :          | -11.5400013601
 179 11/  15 |          :      :       |       :     *:          | 15.5291438662
 180 12/  15 +          :      :    *  |       :      :          + -2.8582151423
 181  1/  16 |          :      :       |*      :      :          |  1.5271808825
 182  2/  16 |          :      *       |       :      :          | -8.6065827215
 183  3/  16 |          :      :       |    *  :      :          |  5.8580435079
 184  4/  16 |          :      : *     |       :      :          | -6.2162941072
 185  5/  16 |          :      :  *    |       :      :          | -5.4983669967
 186  6/  16 |          :      :       |   *   :      :          |  5.2681734594
 187  7/  16 |          :      :       | *     :      :          |  2.0338509777
 188  8/  16 |          :      :       | *     :      :          |  2.7469597057
 189  9/  16 |          :      :       | *     :      :          |  2.3832109628
 190 10/  16 |          :      :       |      *:      :          |  8.3194230315
 191 11/  16 |          :      :      *|       :      :          | -0.6342430930
 192 12/  16 +          :      :       |       *      :          +  8.9333209065
 193  1/  17 |          :      :  *    |       :      :          | -5.2013809539
 194  2/  17 |          :      :       |*      :      :          |  1.4987963634
 195  3/  17 |          :      :       |   *   :      :          |  5.2201342464
 196  4/  17 |          :      :       |  *    :      :          |  3.8439400114
 197  5/  17 |          :      :  *    |       :      :          | -4.7003361982
 198  6/  17 |          :      :       |    *  :      :          |  5.3963932573
 199  7/  17 |          :      :  *    |       :      :          | -5.5413517329
 200  8/  17 |          :      :       |   *   :      :          |  4.3954529720
 201  9/  17 |          :      :      *|       :      :          | -0.2013465110
 202 10/  17>|     *    :      :       |       :      :          |>-21.9010403659
 203 11/  17 |          :      :*      |       :      :          | -7.5106690288
 204 12/  17 +          :      :       |      *:      :          +  7.8751150424
 205  1/  18 |          :      :       |    *  :      :          |  5.6142748444
 206  2/  18 |          :      :       |  *    :      :          |  3.6504023693
 207  3/  18 |          :      :       |      *:      :          |  7.6732345698
 208  4/  18 |          :      :*      |       :      :          | -7.6634670762
 209  5/  18 |          :     *:       |       :      :          | -9.2407122673
 210  6/  18 |          :      :       |      *:      :          |  8.0039590451
 211  7/  18 |          :      : *     |       :      :          | -5.9673598638
 212  8/  18 |          :      :       |   *   :      :          |  5.1854513866
 213  9/  18 |          :      : *     |       :      :          | -6.5390046126
 214 10/  18 |          :      :       |     * :      :          |  7.1470071406
 215 11/  18 |          :      :       |  *    :      :          |  3.2209463521
-------------+--+-------+------+-------+-------+------+-------+--+--------------
               -3      -2     -1       0      +1     +2      +3   

                 +------------------------------------------+
                 |       Table of standardized values       |
                 |       greater than or equal to 2.0       |
                 +------------------------------------------+
                 |                                          |
                 | Observation    Date   Standardized value |
                 |                                          |
                 |     81        9/   7        -3.30        |
                 |     82       10/   7        -2.43        |
                 |     83       11/   7        -3.07        |
                 |     86        2/   8         2.64        |
                 |    155       11/  13        -2.62        |
                 |    162        6/  14        -2.03        |
                 |    170        2/  15         2.69        |
                 |    202       10/  17        -2.69        |
                 +------------------------------------------+

Standardized time series histogram:

       -4      -3      -2      -1       0      +1      +2      +3      +4
        +---+---+---+---+---+---+---+---+---+---+---+---+---+---+---+---+
        |                                 42                            |
        |                             39 ....                            |
        |                            ........ 36                         |
        |                         32 ............                        |
        |                        ................                        |
        |                        ................                        |
        |                        ................                        |
        |                        ................ 22                     |
        |                        ....................                    |
        |                        ....................                    |
        |                     15 ....................                    |
        |                 11 ........................                    |
        |                ............................ 10                 |
        |                ................................                |
        |                ................................                |
        |      2  2  2   ................................   2            |
        |    ............................................    ....        |
        +---+---+---+---+---+---+---+---+---+---+---+---+---+---+---+---+
       -4      -3      -2      -1       0      +1      +2      +3      +4

              66 values outside (-1,+1): 30.70 % (31.74 % expected)
               8 values outside (-2,+2):  3.72 % ( 4.56 % expected)

Autocorrelation function (acf bands =  0.136):

            -1                         0                         1  L-B Q  DF
-------------+-------------------------+-------------------------+--------------
   1  -0.017 |                      :  |  :                      | 
   2   0.086 |                      :  |**:                      | 
   3  -0.103 |                      ***|  :                      | 
   4  -0.065 |                      :**|  :                      | 
   5   0.055 |                      :  |* :                      | 
   6  -0.115 |                      ***|  :                      | 
   7  -0.015 |                      :  |  :                      | 
   8  -0.124 |                      ***|  :                      | 
   9  -0.038 |                      : *|  :                      | 
  10   0.051 |                      :  |* :                      | 
  11   0.055 |                      :  |* :                      | 
  12   0.031 +                      :  |+ :                      +  13.93  12
  13  -0.049 |                      : *|  :                      | 
  14  -0.056 |                      : *|  :                      | 
  15   0.027 |                      :  |* :                      | 
  16  -0.060 |                      : *|  :                      | 
  17  -0.005 |                      :  |  :                      | 
  18  -0.043 |                      : *|  :                      | 
  19   0.035 |                      :  |* :                      | 
  20   0.053 |                      :  |* :                      | 
  21   0.034 |                      :  |* :                      | 
  22   0.038 |                      :  |* :                      | 
  23  -0.044 |                      : *|  :                      | 
  24  -0.079 +                      :++|  :                      +  20.27  24
  25   0.135 |                      :  |***                      | 
  26  -0.015 |                      :  |  :                      | 
  27   0.027 |                      :  |* :                      | 
  28  -0.054 |                      : *|  :                      | 
  29  -0.046 |                      : *|  :                      | 
  30   0.052 |                      :  |* :                      | 
  31  -0.008 |                      :  |  :                      | 
  32  -0.039 |                      : *|  :                      | 
  33   0.024 |                      :  |* :                      | 
  34   0.037 |                      :  |* :                      | 
  35   0.050 |                      :  |* :                      | 
  36  -0.054 +                      : +|  :                      +  29.23  36
  37  -0.016 |                      :  |  :                      | 
  38  -0.014 |                      :  |  :                      | 
  39  -0.058 |                      : *|  :                      | 
  40   0.058 |                      :  |* :                      | 
  41   0.028 |                      :  |* :                      | 
  42   0.033 |                      :  |* :                      |  31.65  42
-------------+-------------------------+-------------------------+--------------
            -1                         0                         1  L-B Q  DF

Partial autocorrelation function (pacf bands =  0.136):

            -1                         0                         1
-------------+-------------------------+-------------------------+--------------
   1  -0.017 |                      :  |  :                      | 
   2   0.086 |                      :  |**:                      | 
   3  -0.101 |                      ***|  :                      | 
   4  -0.076 |                      :**|  :                      | 
   5   0.072 |                      :  |**:                      | 
   6  -0.115 |                      ***|  :                      | 
   7  -0.045 |                      : *|  :                      | 
   8  -0.099 |                      :**|  :                      | 
   9  -0.054 |                      : *|  :                      | 
  10   0.045 |                      :  |* :                      | 
  11   0.051 |                      :  |* :                      | 
  12  -0.011 +                      :  |  :                      + 
  13  -0.048 |                      : *|  :                      | 
  14  -0.066 |                      :**|  :                      | 
  15   0.022 |                      :  |* :                      | 
  16  -0.072 |                      :**|  :                      | 
  17  -0.030 |                      : *|  :                      | 
  18  -0.018 |                      :  |  :                      | 
  19   0.040 |                      :  |* :                      | 
  20   0.037 |                      :  |* :                      | 
  21   0.016 |                      :  |  :                      | 
  22   0.002 |                      :  |  :                      | 
  23  -0.036 |                      : *|  :                      | 
  24  -0.094 +                      :++|  :                      + 
  25   0.157 |                      :  |****                     | 
  26  -0.000 |                      :  |  :                      | 
  27  -0.009 |                      :  |  :                      | 
  28  -0.003 |                      :  |  :                      | 
  29  -0.027 |                      : *|  :                      | 
  30   0.015 |                      :  |  :                      | 
  31   0.008 |                      :  |  :                      | 
  32  -0.096 |                      :**|  :                      | 
  33   0.073 |                      :  |**:                      | 
  34   0.083 |                      :  |**:                      | 
  35   0.030 |                      :  |* :                      | 
  36  -0.080 +                      :++|  :                      + 
  37  -0.029 |                      : *|  :                      | 
  38   0.010 |                      :  |  :                      | 
  39  -0.041 |                      : *|  :                      | 
  40   0.027 |                      :  |* :                      | 
  41   0.072 |                      :  |**:                      | 
  42   0.017 |                      :  |  :                      | 
-------------+-------------------------+-------------------------+--------------
            -1                         0                         1


--- Cross-correlation functions between residuals ---

CROSS CORRELATION a[2] - a[1]
      a[2] --> a[1] IF k > 0
      a[1] --> a[2] IF k < 0
CCF BANDS  2.0/SQRT(N) =  0.13640:

            -1                         0                         1
-------------+-------------------------+-------------------------+--------------
  -9  -0.034 |                      : *|  :                      |                            
  -8  -0.020 |                      :  |  :                      |                            
  -7   0.025 |                      :  |* :                      |                            
  -6  -0.096 |                      :**|  :                      |                            
  -5  -0.038 |                      : *|  :                      |                            
  -4   0.108 |                      :  |***                      |                            
  -3   0.056 |                      :  |* :                      |                            
  -2  -0.029 |                      : *|  :                      |                            
  -1  -0.106 |                      ***|  :                      |                            
   0  -0.000 |                      :  |  :                      |                            
   1  -0.000 |                      :  |  :                      |                            
   2  -0.003 |                      :  |  :                      |                            
   3   0.062 |                      :  |**:                      |                            
   4  -0.067 |                      :**|  :                      |                            
   5   0.071 |                      :  |**:                      |                            
   6   0.095 |                      :  |**:                      |                            
   7   0.172 |                      :  |****                     |                            
   8   0.070 |                      :  |**:                      |                            
   9   0.134 |                      :  |***                      |                            
-------------+-------------------------+-------------------------+--------------
            -1                         0                         1
Q(10) = 16.764     k >= 0      Q( 9) = 16.764      k > 0
Q(10) =  8.737     k <= 0      Q( 9) =  8.737      k < 0

=============================================================

--- Diagnóstico multivariante (Hosking + JB) ---


=============================================================
           MULTIVARIATE RESIDUAL DIAGNOSTICS                
=============================================================

Hosking's Multivariate Portmanteau Test (lag 14):
  Q(56) = 58.7999, p-value = 0.3732
  Cannot reject H0: residuals appear white noise.

Multivariate Jarque-Bera Test (normality):
  JB(4) = 16.8156, p-value = 0.0021
  *** REJECT H0: residuals are not normally distributed.
=============================================================

=============================================================
  ADECUACION DE LA TRANSFERENCIA                             
  CCF entre el ruido estimado y la entrada preblanqueada      
=============================================================
  Si (b, r, s) es correcta, esta CCF debe ser ruido blanco.
    k >= 0 significativo -> falta estructura en la TRANSFERENCIA
    k <  0 significativo -> RETROALIMENTACION (X no es exogena)

CCF BANDS  2.0/SQRT(N) =  0.13640:

            -1                         0                         1
-------------+-------------------------+-------------------------+--------------
 -24   0.030 +                      :  |* :                      +                            
 -23  -0.037 |                      : *|  :                      |                            
 -22   0.016 |                      :  |  :                      |                            
 -21   0.041 |                      :  |* :                      |                            
 -20  -0.038 |                      : *|  :                      |                            
 -19  -0.008 |                      :  |  :                      |                            
 -18   0.032 |                      :  |* :                      |                            
 -17   0.050 |                      :  |* :                      |                            
 -16   0.041 |                      :  |* :                      |                            
 -15   0.069 |                      :  |**:                      |                            
 -14   0.094 |                      :  |**:                      |                            
 -13  -0.015 |                      :  |  :                      |                            
 -12   0.034 +                      :  |* :                      +                            
 -11  -0.019 |                      :  |  :                      |                            
 -10   0.041 |                      :  |* :                      |                            
  -9  -0.034 |                      : *|  :                      |                            
  -8  -0.020 |                      :  |  :                      |                            
  -7   0.025 |                      :  |* :                      |                            
  -6  -0.096 |                      :**|  :                      |                            
  -5  -0.038 |                      : *|  :                      |                            
  -4   0.108 |                      :  |***                      |                            
  -3   0.056 |                      :  |* :                      |                            
  -2  -0.029 |                      : *|  :                      |                            
  -1  -0.106 |                      ***|  :                      |                            
   0  -0.000 +                      :  |  :                      +                            
   1  -0.000 |                      :  |  :                      |                            
   2  -0.003 |                      :  |  :                      |                            
   3   0.062 |                      :  |**:                      |                            
   4  -0.067 |                      :**|  :                      |                            
   5   0.071 |                      :  |**:                      |                            
   6   0.095 |                      :  |**:                      |                            
   7   0.172 |                      :  |****                     |                            
   8   0.070 |                      :  |**:                      |                            
   9   0.134 |                      :  |***                      |                            
  10   0.078 |                      :  |**:                      |                            
  11  -0.093 |                      :**|  :                      |                            
  12   0.041 +                      :  |* :                      +                            
  13   0.109 |                      :  |***                      |                            
  14  -0.058 |                      : *|  :                      |                            
  15   0.096 |                      :  |**:                      |                            
  16   0.003 |                      :  |  :                      |                            
  17  -0.004 |                      :  |  :                      |                            
  18   0.021 |                      :  |* :                      |                            
  19  -0.010 |                      :  |  :                      |                            
  20   0.052 |                      :  |* :                      |                            
  21   0.017 |                      :  |  :                      |                            
  22  -0.039 |                      : *|  :                      |                            
  23  -0.034 |                      : *|  :                      |                            
  24  -0.061 +                      :**|  :                      +                            
-------------+-------------------------+-------------------------+--------------
            -1                         0                         1

  Portmanteau de la CCF (k >= 0), que es el test de la transferencia:
    Q(23) = 28.5428   [25 retardos - 2 parametros de nu(B)]
    p-valor = 0.1959

  VEREDICTO:
    La transferencia es ADECUADA (p = 0.1959): la CCF es
    compatible con ruido blanco en k >= 0.
    (1 retardo(s) cruzan las bandas individuales; por azar se
     esperarian ~1.2, asi que no contradicen el test conjunto:
       k =  7   r =  0.1717

  Portmanteau de la CCF (k < 0), que es el test de EXOGENEIDAD:
    Q(24) = 15.2040   p-valor = 0.9146   [0 significativa(s)]
    X se comporta como exogena. OK
=============================================================


=============================================================
  PREVISION DE Y DADO EL MODELO DE X                         
=============================================================
  Prever Y exige prever X: la transferencia necesita el futuro
  de la entrada. El error de prevision de Y tiene por tanto DOS
  fuentes: la innovacion del ruido y la de la entrada, esta
  ultima propagada por nu(B).

  Serie estacionaria (w) y NIVEL, con bandas al 95%:

   l     w_Y prev    sd(w)   |     NIVEL      inferior      superior
  ---------------------------------------------------------------------
    1      0.1134    0.2412  |     82.0152     81.6284     82.4038
    2      0.1327    0.2804  |     82.0208     81.3128     82.7350
    3      0.1382    0.2836  |     82.3850     81.4157     83.3659
    4      0.1397    0.2839  |     83.1686     81.9752     84.3794
    5      0.1402    0.2839  |     83.3329     81.9528     84.7362
    6      0.1403    0.2839  |     83.4401     81.8953     85.0140
    7      0.1403    0.2839  |     82.8732     81.1928     84.5885
    8      0.1404    0.2839  |     83.0349     81.2168     84.8938
    9      0.1404    0.2839  |     83.1743     81.2280     85.1672
   10      0.1404    0.2839  |     83.8469     81.7667     85.9801
   11      0.1404    0.2839  |     84.0990     81.9006     86.3564
   12      0.1404    0.2839  |     84.2154     81.9075     86.5883
=============================================================

