
Input file             : PS.inp
Output file            : PS.out
Estimation method      : exact maximum likelihood
Check for invertibility: constrained search

Observations: 216.
Parameters  : 13.

**** GRADIENT STOPPING CRITERIUM SATISFIED TO WITHIN TOLERANCE LIMITS
**** CONVERGENCE OBTAINED AFTER 20 ITERATIONS [GRADIENT NORM = 0.0000]

Omegas for deterministic variable 1:
     -0.160991  (0.051023) [ 1]
Omegas for deterministic variable 2:
     -0.166280  (0.052449) [ 2]
Omegas for deterministic variable 3:
      0.289269  (0.028228) [ 3]
Omegas for deterministic variable 4:
     -0.577331  (0.028361) [ 4]
Omegas for deterministic variable 5:
      0.086102  (0.016129) [ 5]
Omegas for deterministic variable 6:
     -0.033221  (0.015849) [ 6]
Omegas for deterministic variable 7:
      0.058566  (0.011308) [ 7]
Omegas for deterministic variable 8:
     -0.017306  (0.011146) [ 8]
Omegas for deterministic variable 9:
     -0.002650  (0.009430) [ 9]
Omegas for deterministic variable 10:
      0.011584  (0.009288) [10]
Omegas for deterministic variable 11:
      0.114940  (0.005973) [11]
Coefficients for regular AR factor 1:
      0.402725  (0.062259) [12]
Mean parameter (mu):
      0.154475  (0.028433) [13]

Box-Cox lambda     :  0.0
Seasonal period    : 12
Regular differences:  1
Annual differences :  0
Irreducible factors:  0 0 0 0 0 0 0

Coefficients of the non-stationary operator: 
  u[ 1]     =    1.0000000000
Coefficients of the Autoregressive operator: 
  phi[ 1]   =    0.4027250769
Coefficients of the Moving-Average operator: 

Transformed-Differenced-Stochastic series: 
  w[  1]    =    0.1899316821
  w[  2]    =    0.4240611748
  w[  3]    =    0.4420613154
  w[  4]    =    0.2572850900
  w[  5]    =    0.0058289342
  w[  6]    =    0.1112607840
  w[  7]    =    0.2411337752
  w[  8]    =    0.3756556730
  w[  9]    =    0.3496993458
  w[ 10]    =    0.0772311389
  w[ 11]    =    0.4355866885
  w[ 12]    =    0.7350928419
  w[ 13]    =    0.3156233370
  w[ 14]    =    0.2920869911
  w[ 15]    =   -0.0967382438
  w[ 16]    =   -0.1947740611
  w[ 17]    =    0.0684620727
  w[ 18]    =    0.1779692016
  w[ 19]    =    0.4137706883
  w[ 20]    =    0.2994730527
  w[ 21]    =    0.0355405500
  w[ 22]    =    0.2487785305
  w[ 23]    =    0.2746744106
  w[ 24]    =    0.4437547189
  w[ 25]    =    0.1497519090
  w[ 26]    =    0.2965306128
  w[ 27]    =    0.4533952504
  w[ 28]    =    0.4855649178
  w[ 29]    =    0.1598453494
  w[ 30]    =    0.0454301537
  w[ 31]    =    0.3962440754
  w[ 32]    =    0.1804226234
  w[ 33]    =    0.3862134323
  w[ 34]    =    0.1737278464
  w[ 35]    =    0.0058396812
  w[ 36]    =    0.3015950836
  w[ 37]    =    0.3623939671
  w[ 38]    =    0.3889690564
  w[ 39]    =    0.5232416833
  w[ 40]    =    0.0889246616
  w[ 41]    =    0.2343833273
  w[ 42]    =    0.1934230462
  w[ 43]    =    0.3937488186
  w[ 44]    =    0.6145025047
  w[ 45]    =    0.1731135635
  w[ 46]    =    0.0745816041
  w[ 47]    =    0.3187572276
  w[ 48]    =    0.7406684692
  w[ 49]    =    0.1516229133
  w[ 50]    =    0.3063855420
  w[ 51]    =    0.4935655924
  w[ 52]    =    0.2579938024
  w[ 53]    =    0.1528940992
  w[ 54]    =    0.2106169195
  w[ 55]    =    0.1589245798
  w[ 56]    =   -0.1620667272
  w[ 57]    =   -0.2268674587
  w[ 58]    =    0.1703740633
  w[ 59]    =    0.3769823934
  w[ 60]    =    0.4730723624
  w[ 61]    =    0.1714454971
  w[ 62]    =    0.3570939551
  w[ 63]    =    0.4649389907
  w[ 64]    =    0.1725197102
  w[ 65]    =    0.1854438761
  w[ 66]    =    0.0759149009
  w[ 67]    =    0.0928976842
  w[ 68]    =    0.3300470162
  w[ 69]    =    0.6515565166
  w[ 70]    =    0.6371857073
  w[ 71]    =    0.5214914556
  w[ 72]    =    0.5264792151
  w[ 73]    =    0.2595856511
  w[ 74]    =    0.4847976603
  w[ 75]    =    0.1634751284
  w[ 76]    =    0.5704529202
  w[ 77]    =    0.5759348737
  w[ 78]    =    0.3259445004
  w[ 79]    =   -0.2598589529
  w[ 80]    =   -0.0185664620
  w[ 81]    =   -0.2926627338
  w[ 82]    =   -0.5021031527
  w[ 83]    =   -0.4104651900
  w[ 84]    =   -0.0924281658
  w[ 85]    =    0.1142279858
  w[ 86]    =   -0.2348007825
  w[ 87]    =    0.0644789478
  w[ 88]    =   -0.1368167221
  w[ 89]    =    0.4413192045
  w[ 90]    =   -0.0508585849
  w[ 91]    =    0.3038918609
  w[ 92]    =   -0.2336936412
  w[ 93]    =    0.0742013314
  w[ 94]    =    0.4635158479
  w[ 95]    =    0.0783105186
  w[ 96]    =    0.1393373878
  w[ 97]    =   -0.0787143921
  w[ 98]    =    0.3403015854
  w[ 99]    =    0.1526808326
  w[100]    =    0.1192785112
  w[101]    =    0.1803711206
  w[102]    =    0.3579997385
  w[103]    =    0.2073499290
  w[104]    =    0.0716535902
  w[105]    =    0.2729829388
  w[106]    =    0.4647098661
  w[107]    =    0.7157354192
  w[108]    =    0.4129120065
  w[109]    =    0.2305965795
  w[110]    =    0.3459828674
  w[111]    =    0.3298078828
  w[112]    =   -0.1350529920
  w[113]    =   -0.1393790833
  w[114]    =    0.2688731188
  w[115]    =    0.0792073716
  w[116]    =    0.2464922135
  w[117]    =    0.1490445907
  w[118]    =    0.3278649259
  w[119]    =    0.2333531485
  w[120]    =    0.0418192832
  w[121]    =    0.2071994286
  w[122]    =    0.2714956991
  w[123]    =    0.4882131508
  w[124]    =   -0.2498629650
  w[125]    =   -0.1853618414
  w[126]    =    0.5732211426
  w[127]    =    0.5163767537
  w[128]    =    0.9818545612
  w[129]    =    0.2100906107
  w[130]    =   -0.2006513293
  w[131]    =    0.1735298306
  w[132]    =   -0.1383622815
  w[133]    =    0.2762951406
  w[134]    =   -0.0469908462
  w[135]    =   -0.5341004454
  w[136]    =    0.0817849911
  w[137]    =    0.1490738840
  w[138]    =    0.2896224393
  w[139]    =    0.2657934699
  w[140]    =   -0.1849664775
  w[141]    =   -0.2306067653
  w[142]    =    0.1308265687
  w[143]    =    0.1934476670
  w[144]    =   -0.1918530071
  w[145]    =    0.0608270720
  w[146]    =   -0.1762020912
  w[147]    =   -0.0215072480
  w[148]    =   -0.0787246709
  w[149]    =    0.0291658622
  w[150]    =   -0.1377417014
  w[151]    =    0.1132594835
  w[152]    =    0.1546834480
  w[153]    =   -0.1716154034
  w[154]    =   -0.1467357848
  w[155]    =   -0.4809529069
  w[156]    =   -0.4726772293
  w[157]    =    0.3096685794
  w[158]    =    0.2370840752
  w[159]    =    0.0078479273
  w[160]    =    0.3745730816
  w[161]    =    0.2687222647
  w[162]    =   -0.1254558859
  w[163]    =   -0.3776772526
  w[164]    =   -0.3059761075
  w[165]    =    0.0025225242
  w[166]    =    0.2880452491
  w[167]    =   -0.1885254010
  w[168]    =   -0.7788461203
  w[169]    =   -0.2495973126
  w[170]    =    0.2403068814
  w[171]    =   -0.2083562511
  w[172]    =    0.4429033420
  w[173]    =    0.4625522353
  w[174]    =    0.0768406668
  w[175]    =    0.0840439112
  w[176]    =    0.0064477017
  w[177]    =    0.5003489933
  w[178]    =    0.2855917880
  w[179]    =    0.6939808522
  w[180]    =    0.5962139057
  w[181]    =   -0.2563459614
  w[182]    =   -0.4200302057
  w[183]    =    0.0486170648
  w[184]    =   -0.1619545477
  w[185]    =    0.0447304079
  w[186]    =    0.1152644855
  w[187]    =    0.1539336116
  w[188]    =    0.1762920808
  w[189]    =    0.2821249164
  w[190]    =    0.3788555037
  w[191]    =    0.1482988700
  w[192]    =    0.0635651210
  w[193]    =    0.2381049764
  w[194]    =   -0.2813340608
  w[195]    =   -0.0843612432
  w[196]    =    0.7953531463
  w[197]    =    0.2630100767
  w[198]    =    0.0872378082
  w[199]    =    0.0979009058
  w[200]    =    0.2458049012
  w[201]    =    0.2844008046
  w[202]    =   -0.1860758225
  w[203]    =   -0.3464476226
  w[204]    =   -0.1388844711
  w[205]    =    0.3479516958
  w[206]    =   -0.0371330351
  w[207]    =    0.0965194655
  w[208]    =    0.0923616353
  w[209]    =   -0.1159893589
  w[210]    =    0.1851009731
  w[211]    =   -0.1004691787
  w[212]    =    0.0021541504
  w[213]    =    0.3295644071
  w[214]    =    0.0925498259
  w[215]    =    0.0312337878

sigma2:   0.0626721385 (   0.0060446378)
sigma :   0.2503440403
logelf:  -7.4026486498

Selection Model Criterium:
Hannan-Quinn =  -2.74
Schwarz   =  -2.67

Estimated covariance matrix:

x[ 1] ->  0.002603329
x[ 2] ->  0.000986786  0.002750884
x[ 3] -> -0.000028200 -0.000054808  0.000796799
x[ 4] ->  0.000050096  0.000042012 -0.000002548  0.000804342
x[ 5] -> -0.000002343 -0.000006838  0.000009291 -0.000016237  0.000260151
x[ 6] ->  0.000011878  0.000012908 -0.000003033  0.000006272 -0.000004254  0.000251178
x[ 7] ->  0.000009060  0.000005840  0.000000881  0.000001960 -0.000000050 -0.000001301  0.000127869
x[ 8] ->  0.000009210  0.000011425  0.000000288  0.000003248 -0.000001482  0.000000940 -0.000001177  0.000124223
x[ 9] -> -0.000002442 -0.000004448  0.000005593 -0.000009036  0.000004120 -0.000001399  0.000000723 -0.000001320  0.000088921
x[10] ->  0.000020714  0.000020635 -0.000002323  0.000006560 -0.000003497  0.000000879 -0.000000133 -0.000000169 -0.000000207  0.000086270
x[11] -> -0.000015796 -0.000015728  0.000000811 -0.000002699  0.000002745 -0.000000763  0.000001948 -0.000000605  0.000000663  0.000000823  0.000035676
x[12] ->  0.000080351  0.000106435  0.000068073  0.000031806 -0.000007789 -0.000004680 -0.000006783  0.000004254  0.000005059 -0.000008389  0.000016172  0.003876208
x[13] -> -0.000086144 -0.000078767  0.000000008  0.000012479  0.000000293  0.000003243  0.000002215  0.000001474 -0.000004174  0.000004793 -0.000006475  0.000044969  0.000808454


Estimated correlation matrix:

x[ 1] ->  1.00
x[ 2] ->  0.37  1.00
x[ 3] -> -0.02 -0.04  1.00
x[ 4] ->  0.03  0.03 -0.00  1.00
x[ 5] -> -0.00 -0.01  0.02 -0.04  1.00
x[ 6] ->  0.01  0.02 -0.01  0.01 -0.02  1.00
x[ 7] ->  0.02  0.01  0.00  0.01 -0.00 -0.01  1.00
x[ 8] ->  0.02  0.02  0.00  0.01 -0.01  0.01 -0.01  1.00
x[ 9] -> -0.01 -0.01  0.02 -0.03  0.03 -0.01  0.01 -0.01  1.00
x[10] ->  0.04  0.04 -0.01  0.02 -0.02  0.01 -0.00 -0.00 -0.00  1.00
x[11] -> -0.05 -0.05  0.00 -0.02  0.03 -0.01  0.03 -0.01  0.01  0.01  1.00
x[12] ->  0.03  0.03  0.04  0.02 -0.01 -0.00 -0.01  0.01  0.01 -0.01  0.04  1.00
x[13] -> -0.06 -0.05  0.00  0.02  0.00  0.01  0.01  0.00 -0.02  0.02 -0.04  0.03  1.00

Correlations greater than or equal to 0.7 in absolute value:


Unconditional residuals (seasonal period: 12)
215 observations: from 2/2002 to 12/2019

                  Mean:          -0.000093
Standard error of mean:           0.017073
              Variance:           0.062671
    Standard deviation:           0.250342
              Skewness:          -0.135644
              Kurtosis:           0.111692
           Jarque-Bera:           0.753135
               Minimum:          -0.795186 at  1/2016 (observation 168)
               Maximum:           0.737063 at  5/2018 (observation 196)

Standardized time series plot (original values on right-side column):

              -3      -2      -1       0      +1      +2      +3  
-------------+-+-------+-------+-------+-------+-------+-------+-+--------------
   1  2/2002 |         :       :       |*      :       :         |  0.0297060469
   2  3/2002 |         :       :       |       *       :         |  0.2553068762
   3  4/2002 |         :       :       |     * :       :         |  0.1790171989
   4  5/2002 |         :       :       *       :       :         | -0.0130081345
   5  6/2002 |         :       : *     |       :       :         | -0.1900502708
   6  7/2002 |         :       :       |*      :       :         |  0.0166492787
   7  8/2002 |         :       :       |  *    :       :         |  0.1040622202
   8  9/2002 |         :       :       |     * :       :         |  0.1862810075
   9 10/2002 |         :       :       |  *    :       :         |  0.1061493388
  10 11/2002 |         :       :  *    |       :       :         | -0.1558656043
  11 12/2002 +         :       :       |       : *     :         +  0.3122197248
  12  1/2003 |         :       :       |       :      *:         |  0.4674071120
  13  2/2003 |         :       :     * |       :       :         | -0.0726810315
  14  3/2003 |         :       :       | *     :       :         |  0.0727135111
  15  4/2003 |         :     * :       |       :       :         | -0.3066330470
  16  5/2003 |         :       *       |       :       :         | -0.2480791917
  17  6/2003 |         :       :       | *     :       :         |  0.0546384242
  18  7/2003 |         :       :       | *     :       :         |  0.0581337608
  19  8/2003 |         :       :       |       *       :         |  0.2498339806
  20  9/2003 |         :       :       |*      :       :         |  0.0405731732
  21 10/2003 |         :       : *     |       :       :         | -0.1773288054
  22 11/2003 |         :       :       |   *   :       :         |  0.1422014124
  23 12/2003 +         :       :       |  *    :       :         +  0.0822210105
  24  1/2004 |         :       :       |       *       :         |  0.2408723985
  25  2/2004 |         :       :   *   |       :       :         | -0.1212232916
  26  3/2004 |         :       :       |    *  :       :         |  0.1439577164
  27  4/2004 |         :       :       |       *       :         |  0.2417108892
  28  5/2004 |         :       :       |      *:       :         |  0.2107072335
  29  6/2004 |         :       :   *   |       :       :         | -0.1279678667
  30  7/2004 |         :       :    *  |       :       :         | -0.1112076243
  31  8/2004 |         :       :       |       :*      :         |  0.2856841660
  32  9/2004 |         :       :     * |       :       :         | -0.0714188497
  33 10/2004 |         :       :       |      *:       :         |  0.2212886701
  34 11/2004 |         :       :     * |       :       :         | -0.0740740351
  35 12/2004 +         :       :  *    |       :       :         + -0.1563889263
  36  1/2005 |         :       :       |      *:       :         |  0.2069792502
  37  2/2005 |         :       :       |    *  :       :         |  0.1486700166
  38  3/2005 |         :       :       |    *  :       :         |  0.1507598709
  39  4/2005 |         :       :       |       :*      :         |  0.2743300429
  40  5/2005 |         :       :*      |       :       :         | -0.2140619329
  41  6/2005 |         :       :       |  *    :       :         |  0.1063070888
  42  7/2005 |         :       :       *       :       :         |  0.0067669554
  43  8/2005 |         :       :       |      *:       :         |  0.2235884602
  44  9/2005 |         :       :       |       :  *    :         |  0.3636659342
  45 10/2005 |         :       :  *    |       :       :         | -0.1666260522
  46 11/2005 |         :       :    *  |       :       :         | -0.0873996164
  47 12/2005 +         :       :       |     * :       :         +  0.1964572981
  48  1/2006@|         :       :       |       :       *         |@ 0.5200328929
  49  2/2006 |         :       *       |       :       :         | -0.2389269002
  50  3/2006 |         :       :       |    *  :       :         |  0.1530591453
  51  4/2006 |         :       :       |       :*      :         |  0.2779124042
  52  5/2006 |         :       :      *|       :       :         | -0.0330414860
  53  6/2006 |         :       :      *|       :       :         | -0.0432705220
  54  7/2006 |         :       :       | *     :       :         |  0.0567785843
  55  8/2006 |         :       :      *|       :       :         | -0.0181601826
  56  9/2006 |         :     * :       |       :       :         | -0.3183336881
  57 10/2006 |         :       *       |       :       :         | -0.2538631708
  58 11/2006 |         :       :       |    *  :       :         |  0.1694752308
  59 12/2006 +         :       :       |      *:       :         +  0.2161044383
  60  1/2007 |         :       :       |      *:       :         |  0.2289880518
  61  2/2007 |         :       :    *  |       :       :         | -0.1113366537
  62  3/2007 |         :       :       |     * :       :         |  0.1957845068
  63  4/2007 |         :       :       |      *:       :         |  0.2288642529
  64  5/2007 |         :       :    *  |       :       :         | -0.1069869278
  65  6/2007 |         :       :       |*      :       :         |  0.0237018153
  66  7/2007 |         :       :    *  |       :       :         | -0.0910320457
  67  8/2007 |         :       :      *|       :       :         | -0.0299391974
  68  9/2007 |         :       :       |     * :       :         |  0.2003707419
  69 10/2007 |         :       :       |       :    *  :         |  0.4263742593
  70 11/2007 |         :       :       |       :*      :         |  0.2825235118
  71 12/2007 +         :       :       |    *  :       :         +  0.1726167453
  72  1/2008 |         :       :       |      *:       :         |  0.2241974813
  73  2/2008 |         :       :      *|       :       :         | -0.0447047786
  74  3/2008 |         :       :       |       :*      :         |  0.2879919617
  75  4/2008 |         :       :   *   |       :       :         | -0.1240290939
  76  5/2008 |         :       :       |       :    *  :         |  0.4123533392
  77  6/2008 |         :       :       |       *       :         |  0.2539351303
  78  7/2008 |         :       :       *       :       :         |  0.0017370368
  79  8/2008 |         :*      :       |       :       :         | -0.4833890242
  80  9/2008 |         :       :       *       :       :         | -0.0061787925
  81 10/2008 |         :   *   :       |       :       :         | -0.3774496012
  82 11/2008 |         :*      :       |       :       :         | -0.4765045780
  83 12/2008 +         :      *:       |       :       :         + -0.3005197066
  84  1/2009 |         :       :      *|       :       :         | -0.0193875879
  85  2/2009 |         :       :       | *     :       :         |  0.0591870786
  86  3/2009 |         :   *   :       |       :       :         | -0.3730673042
  87  4/2009 |         :       :       | *     :       :         |  0.0667750637
  88  5/2009 |         :       *       |       :       :         | -0.2550480586
  89  6/2009 |         :       :       |       :    *  :         |  0.4041546822
  90  7/2009 |         :     * :       |       :       :         | -0.3208529428
  91  8/2009 |         :       :       |      *:       :         |  0.2321098411
  92  9/2009 |         : *     :       |       :       :         | -0.4483425616
  93 10/2009 |         :       :       | *     :       :         |  0.0760515737
  94 11/2009 |         :       :       |       :  *    :         |  0.3413690637
  95 12/2009 +         :       : *     |       :       :         + -0.2006229842
  96  1/2010 |         :       :       *       :       :         |  0.0155357309
  97  2/2010 |         :       :*      |       :       :         | -0.2270930996
  98  3/2010 |         :       :       |       :*      :         |  0.2797377977
  99  4/2010 |         :       :     * |       :       :         | -0.0766311968
 100  5/2010 |         :       :      *|       :       :         | -0.0344739362
 101  6/2010 |         :       :       |*      :       :         |  0.0400706257
 102  7/2010 |         :       :       |     * :       :         |  0.1930957178
 103  8/2010 |         :       :      *|       :       :         | -0.0290895905
 104  9/2010 |         :       :    *  |       :       :         | -0.1041154732
 105 10/2010 |         :       :       |    *  :       :         |  0.1518621939
 106 11/2010 |         :       :       |       *       :         |  0.2625087438
 107 12/2010 +         :       :       |       :     * :         +  0.4363210554
 108  1/2011 |         :       :       |*      :       :         |  0.0324033575
 109  2/2011 |         :       :      *|       :       :         | -0.0279574873
 110  3/2011 |         :       :       |    *  :       :         |  0.1608517949
 111  4/2011 |         :       :       |  *    :       :         |  0.0982078587
 112  5/2011 |         :    *  :       |       :       :         | -0.3601389443
 113  6/2011 |         :       : *     |       :       :         | -0.1772539040
 114  7/2011 |         :       :       |      *:       :         |  0.2327405235
 115  8/2011 |         :       :   *   |       :       :         | -0.1213386231
 116  9/2011 |         :       :       |   *   :       :         |  0.1223293714
 117 10/2011 |         :       :      *|       :       :         | -0.0424880522
 118 11/2011 |         :       :       |     * :       :         |  0.1755768844
 119 12/2011 +         :       :       *       :       :         +  0.0090496737
 120  1/2012 |         :       :  *    |       :       :         | -0.1444219287
 121  2/2012 |         :       :       |  *    :       :         |  0.0980937072
 122  3/2012 |         :       :       |  *    :       :         |  0.0957872461
 123  4/2012 |         :       :       |       :*      :         |  0.2866109772
 124  5/2012@|        *:       :       |       :       :         |@-0.5387426910
 125  6/2012 |         :       : *     |       :       :         | -0.1769998069
 126  7/2012@|         :       :       |       :       :*        |@ 0.5556069571
 127  8/2012 |         :       :       |     * :       :         |  0.1932621777
 128  9/2012@|         :       :       |       :       :    *    |@ 0.6816326461
 129 10/2012 |         :      *:       |       :       :         | -0.2775908902
 130 11/2012 |         :   *   :       |       :       :         | -0.3775241340
 131 12/2012 +         :       :       |    *  :       :         +  0.1620731053
 132  1/2013 |         :      *:       |       :       :         | -0.3005111432
 133  2/2013 |         :       :       |       *       :         |  0.2397530538
 134  3/2013 |         :       *       |       :       :         | -0.2505258752
 135  4/2013@|      *  :       :       |       :       :         |@-0.6074401005
 136  5/2013 |         :       :       |     * :       :         |  0.2046165867
 137  6/2013 |         :       :       |*      :       :         |  0.0238729699
 138  7/2013 |         :       :       |   *   :       :         |  0.1373226006
 139  8/2013 |         :       :       | *     :       :         |  0.0568912035
 140  9/2013 |         :   *   :       |       :       :         | -0.3842722204
 141 10/2013 |         :       *       |       :       :         | -0.2483801738
 142 11/2013 |         :       :       |   *   :       :         |  0.1314336487
 143 12/2013 +         :       :       | *     :       :         +  0.0484964798
 144  1/2014 |         :    *  :       |       :       :         | -0.3620232809
 145  2/2014 |         :       :       |*      :       :         |  0.0458270417
 146  3/2014 |         :      *:       |       :       :         | -0.2929627258
 147  4/2014 |         :       :      *|       :       :         | -0.0428102945
 148  5/2014 |         :       :  *    |       :       :         | -0.1623272101
 149  6/2014 |         :       :      *|       :       :         | -0.0313937859
 150  7/2014 |         :       *       |       :       :         | -0.2417515728
 151  8/2014 |         :       :       | *     :       :         |  0.0764674735
 152  9/2014 |         :       :       |*      :       :         |  0.0168069665
 153 10/2014 |         :     * :       |       :       :         | -0.3261743542
 154 11/2014 |         :       :  *    |       :       :         | -0.1698860056
 155 12/2014@+         *       :       |       :       :         +@-0.5141227740
 156  1/2015 |         :   *   :       |       :       :         | -0.3712494802
 157  2/2015 |         :       :       |       :    *  :         |  0.4077635056
 158  3/2015 |         :       :       |*      :       :         |  0.0201087254
 159  4/2015 |         :       : *     |       :       :         | -0.1798958224
 160  5/2015 |         :       :       |       :*      :         |  0.2791484772
 161  6/2015 |         :       :       |*      :       :         |  0.0256082443
 162  7/2015 |         :     * :       |       :       :         | -0.3259411279
 163  8/2015 |         :  *    :       |       :       :         | -0.4194170685
 164  9/2015 |         :       *       |       :       :         | -0.2461400542
 165 10/2015 |         :       :       |*      :       :         |  0.0334827283
 166 11/2015 |         :       :       |     * :       :         |  0.1947653181
 167 12/2015 +         :   *   :       |       :       :         + -0.3967924933
 168  1/2016@|*        :       :       |       :       :         |@-0.7951862610
 169  2/2016 |         :       :      *|       :       :         | -0.0282004962
 170  3/2016 |         :       :       |       *       :         |  0.2485619311
 171  4/2016 |         :   *   :       |       :       :         | -0.3973979057
 172  5/2016 |         :       :       |       :     * :         |  0.4345495820
 173  6/2016 |         :       :       |     * :       :         |  0.1919199055
 174  7/2016 |         :       : *     |       :       :         | -0.2017047650
 175  8/2016 |         :       :      *|       :       :         | -0.0391657996
 176  9/2016 |         :       :   *   |       :       :         | -0.1196629362
 177 10/2016 |         :       :       |       :    *  :         |  0.4054882949
 178 11/2016 |         :       :       *       :       :         | -0.0081753461
 179 12/2016 +         :       :       |       :      *:         +  0.4867018302
 180  1/2017 |         :       :       |      *:       :         |  0.2244663663
 181  2/2017@|      *  :       :       |       :       :         |@-0.5887202997
 182  3/2017 |         :  *    :       |       :       :         | -0.4090573059
 183  4/2017 |         :       :       |   *   :       :         |  0.1255097144
 184  5/2017 |         :      *:       |       :       :         | -0.2737979062
 185  6/2017 |         :       :       |*      :       :         |  0.0176895183
 186  7/2017 |         :       :       *       :       :         |  0.0049863813
 187  8/2017 |         :       :       *       :       :         |  0.0152496656
 188  9/2017 |         :       :       |*      :       :         |  0.0220351079
 189 10/2017 |         :       :       |   *   :       :         |  0.1188636273
 190 11/2017 |         :       :       |    *  :       :         |  0.1729726777
 191 12/2017 +         :       :    *  |       :       :         + -0.0965397892
 192  1/2018 |         :       :    *  |       :       :         | -0.0884226001
 193  2/2018 |         :       :       |   *   :       :         |  0.1202416608
 194  3/2018 |         :*      :       |       :       :         | -0.4694889530
 195  4/2018 |         :       :     * |       :       :         | -0.0633250093
 196  5/2018@|         :       :       |       :       :      *  |@ 0.7370634872
 197  6/2018 |         :       :  *    |       :       :         | -0.1495626276
 198  7/2018 |         :       :    *  |       :       :         | -0.1109469925
 199  8/2018 |         :       :      *|       :       :         | -0.0294959945
 200  9/2018 |         :       :       |   *   :       :         |  0.1141137041
 201 10/2018 |         :       :       |  *    :       :         |  0.0931449596
 202 11/2018 |         :   *   :       |       :       :         | -0.3928752057
 203 12/2018 +         :    *  :       |       :       :         + -0.3637742700
 204  1/2019 |         :       :    *  |       :       :         | -0.0916253729
 205  2/2019 |         :       :       |       : *     :         |  0.3116199078
 206  3/2019 |         :       *       |       :       :         | -0.2695259558
 207  4/2019 |         :       :       |*      :       :         |  0.0192098226
 208  5/2019 |         :       :      *|       :       :         | -0.0387732212
 209  6/2019 |         :       *       |       :       :         | -0.2454497529
 210  7/2019 |         :       :       |   *   :       :         |  0.1395487493
 211  8/2019 |         :       *       |       :       :         | -0.2672780296
 212  9/2019 |         :       :     * |       :       :         | -0.0496484391
 213 10/2019 |         :       :       |      *:       :         |  0.2364328295
 214 11/2019 |         :       :   *   |       :       :         | -0.1324380726
 215 12/2019 +         :       :    *  |       :       :         + -0.0983023953
-------------+-+-------+-------+-------+-------+-------+-------+-+--------------
              -3      -2      -1       0      +1      +2      +3  

                 +------------------------------------------+
                 |       Table of standardized values       |
                 |       greater than or equal to 2.0       |
                 +------------------------------------------+
                 |                                          |
                 | Observation    Date   Standardized value |
                 |                                          |
                 |     48        1/2006         2.08        |
                 |    124        5/2012        -2.15        |
                 |    126        7/2012         2.22        |
                 |    128        9/2012         2.72        |
                 |    135        4/2013        -2.43        |
                 |    155       12/2014        -2.05        |
                 |    168        1/2016        -3.18        |
                 |    181        2/2017        -2.35        |
                 |    196        5/2018         2.94        |
                 +------------------------------------------+

Standardized time series histogram:

       -4      -3      -2      -1       0      +1      +2      +3      +4
        +---+---+---+---+---+---+---+---+---+---+---+---+---+---+---+---+
        |                                 43  43                        |
        |                             40 ........                       |
        |                            ............                       |
        |                            ............                       |
        |                            ............                       |
        |                            ............                       |
        |                            ............                       |
        |                         24 ............                       |
        |                     20 ................                       |
        |                    ....................                       |
        |                    .................... 15                    |
        |                 12 ........................                   |
        |                ............................  9                |
        |                ................................               |
        |              4 ................................               |
        |      1     ....................................  2   2        |
        |    ....    ............................................       |
        +---+---+---+---+---+---+---+---+---+---+---+---+---+---+---+---+
       -4      -3      -2      -1       0      +1      +2      +3      +4

              65 values outside (-1,+1): 30.23 % (31.74 % expected)
               9 values outside (-2,+2):  4.19 % ( 4.56 % expected)

Autocorrelation function (acf bands = +- 0.136):

            -1                         0                         1  L-B Q  DF
-------------+-------------------------+-------------------------+--------------
   1   0.030 |                      :  |* :                      | 
   2  -0.095 |                      :**|  :                      | 
   3   0.035 |                      :  |* :                      | 
   4   0.005 |                      :  |  :                      | 
   5   0.142 |                      :  |****                     | 
   6  -0.002 |                      :  |  :                      | 
   7   0.019 |                      :  |  :                      | 
   8   0.006 |                      :  |  :                      | 
   9   0.076 |                      :  |**:                      | 
  10   0.004 |                      :  |  :                      | 
  11   0.031 |                      :  |* :                      | 
  12   0.021 +                      :  |+ :                      +   8.64  11
  13   0.040 |                      :  |* :                      | 
  14  -0.033 |                      : *|  :                      | 
  15   0.036 |                      :  |* :                      | 
  16   0.015 |                      :  |  :                      | 
  17   0.055 |                      :  |* :                      | 
  18  -0.009 |                      :  |  :                      | 
  19   0.006 |                      :  |  :                      | 
  20   0.113 |                      :  |***                      | 
  21   0.064 |                      :  |**:                      | 
  22   0.004 |                      :  |  :                      | 
  23  -0.044 |                      : *|  :                      | 
  24   0.005 +                      :  |  :                      +  14.89  23
  25  -0.018 |                      :  |  :                      | 
  26   0.058 |                      :  |* :                      | 
  27   0.020 |                      :  |* :                      | 
  28  -0.053 |                      : *|  :                      | 
  29   0.036 |                      :  |* :                      | 
  30   0.052 |                      :  |* :                      | 
  31   0.026 |                      :  |* :                      | 
  32   0.030 |                      :  |* :                      | 
  33   0.010 |                      :  |  :                      | 
  34   0.019 |                      :  |  :                      | 
  35   0.021 |                      :  |* :                      | 
  36   0.013 +                      :  |  :                      +  18.31  35
  37  -0.057 |                      : *|  :                      | 
  38   0.035 |                      :  |* :                      | 
  39   0.082 |                      :  |**:                      |  21.25  38
-------------+-------------------------+-------------------------+--------------
            -1                         0                         1  L-B Q  DF

Partial autocorrelation function (pacf bands = +- 0.136):

            -1                         0                         1
-------------+-------------------------+-------------------------+--------------
   1   0.030 |                      :  |* :                      | 
   2  -0.096 |                      :**|  :                      | 
   3   0.042 |                      :  |* :                      | 
   4  -0.007 |                      :  |  :                      | 
   5   0.151 |                      :  |****                     | 
   6  -0.015 |                      :  |  :                      | 
   7   0.050 |                      :  |* :                      | 
   8  -0.012 |                      :  |  :                      | 
   9   0.089 |                      :  |**:                      | 
  10  -0.030 |                      : *|  :                      | 
  11   0.057 |                      :  |* :                      | 
  12  -0.006 +                      :  |  :                      + 
  13   0.057 |                      :  |* :                      | 
  14  -0.071 |                      :**|  :                      | 
  15   0.063 |                      :  |**:                      | 
  16  -0.029 |                      : *|  :                      | 
  17   0.082 |                      :  |**:                      | 
  18  -0.056 |                      : *|  :                      | 
  19   0.055 |                      :  |* :                      | 
  20   0.067 |                      :  |**:                      | 
  21   0.086 |                      :  |**:                      | 
  22  -0.027 |                      : *|  :                      | 
  23  -0.009 |                      :  |  :                      | 
  24  -0.032 +                      : +|  :                      + 
  25  -0.035 |                      : *|  :                      | 
  26   0.024 |                      :  |* :                      | 
  27   0.022 |                      :  |* :                      | 
  28  -0.059 |                      : *|  :                      | 
  29   0.039 |                      :  |* :                      | 
  30   0.029 |                      :  |* :                      | 
  31   0.032 |                      :  |* :                      | 
  32   0.018 |                      :  |  :                      | 
  33   0.023 |                      :  |* :                      | 
  34   0.016 |                      :  |  :                      | 
  35   0.010 |                      :  |  :                      | 
  36   0.002 +                      :  |  :                      + 
  37  -0.079 |                      :**|  :                      | 
  38   0.035 |                      :  |* :                      | 
  39   0.047 |                      :  |* :                      | 
-------------+-------------------------+-------------------------+--------------
            -1                         0                         1

      +------------------------------------------------------+
      |         Calibration of distortions of the ACF        |
      |                                                      |
      +------------------------------------------------------+
      |                                                      |
      |     Lag                 Dates          Contribution  |
      |                                                      |
      |  r(1) = 0.030       12/2015 -  1/2016        0.023    |
      |                     2/2017 -  3/2017        0.018    |
      |                    12/2014 -  1/2015        0.014    |
      |                    10/2008 - 11/2008        0.013    |
      |                                                      |
      |  r(2) = -0.095       3/2018 -  5/2018       -0.026    |
      |                     5/2012 -  7/2012       -0.022    |
      |                    12/2016 -  2/2017       -0.021    |
      |                     9/2012 - 11/2012       -0.019    |
      |                                                      |
      |  r(3) = 0.035        1/2016 -  4/2016        0.023    |
      |                     8/2008 - 11/2008        0.017    |
      |                     1/2013 -  4/2013        0.014    |
      |                     2/2017 -  5/2017        0.012    |
      |                                                      |
      |  r(4) = 0.005        9/2015 -  1/2016        0.015    |
      |                     9/2005 -  1/2006        0.014    |
      |                    11/2008 -  3/2009        0.013    |
      |                     8/2015 - 12/2015        0.012    |
      |                                                      |
      |  r(5) = 0.142        8/2015 -  1/2016        0.025    |
      |                     4/2013 -  9/2013        0.017    |
      |                    11/2012 -  4/2013        0.017    |
      |                     4/2012 -  9/2012        0.015    |
      |                                                      |
      |  r(6) = -0.002       5/2018 - 11/2018       -0.021    |
      |                     5/2008 - 11/2008       -0.015    |
      |                     2/2015 -  8/2015       -0.013    |
      |                     9/2012 -  3/2013       -0.013    |
      |                                                      |
      |  r(7) = 0.019        5/2016 - 12/2016        0.016    |
      |                     8/2008 -  3/2009        0.013    |
      |                    10/2007 -  5/2008        0.013    |
      |                    12/2014 -  7/2015        0.012    |
      |                                                      |
      |  r(8) = 0.006       12/2014 -  8/2015        0.016    |
      |                     3/2018 - 11/2018        0.014    |
      |                     8/2015 -  4/2016        0.012    |
      |                     5/2012 -  1/2013        0.012    |
      |                                                      |
      |  r(9) = 0.076        5/2018 -  2/2019        0.017    |
      |                     4/2013 -  1/2014        0.016    |
      |                     3/2018 - 12/2018        0.013    |
      |                     3/2014 - 12/2014        0.011    |
      |                                                      |
      |  r(10) = 0.004        4/2016 -  2/2017        0.017    |
      |                    11/2008 -  9/2009        0.016    |
      |                    11/2012 -  9/2013        0.011    |
      |                    10/2014 -  8/2015        0.010    |
      |                                                      |
      |  r(11) = 0.031        5/2012 -  4/2013        0.024    |
      |                     1/2014 - 12/2014        0.014    |
      |                     4/2013 -  3/2014        0.013    |
      |                    10/2008 -  9/2009        0.013    |
      |                                                      |
      |  r(12) = 0.021        1/2015 -  1/2016        0.022    |
      |                    12/2014 - 12/2015        0.015    |
      |                     5/2011 -  5/2012        0.014    |
      |                     3/2017 -  3/2018        0.014    |
      |                                                      |
      |  r(13) = 0.040        1/2016 -  2/2017        0.035    |
      |                    12/2014 -  1/2016        0.030    |
      |                     2/2017 -  3/2018        0.021    |
      |                     8/2008 -  9/2009        0.016    |
      |                                                      |
      |  r(14) = -0.033       3/2017 -  5/2018       -0.022    |
      |                     7/2012 -  9/2013       -0.016    |
      |                     5/2011 -  7/2012       -0.015    |
      |                     8/2015 - 10/2016       -0.013    |
      |                                                      |
      |  r(15) = 0.036       10/2014 -  1/2016        0.019    |
      |                     9/2013 - 12/2014        0.015    |
      |                     2/2015 -  5/2016        0.013    |
      |                    12/2015 -  3/2017        0.012    |
      |                                                      |
      |  r(16) = 0.015        1/2016 -  5/2017        0.016    |
      |                     5/2012 -  9/2013        0.015    |
      |                    12/2014 -  4/2016        0.015    |
      |                     1/2017 -  5/2018        0.012    |
      |                                                      |
      |  r(17) = 0.055       12/2016 -  5/2018        0.027    |
      |                     5/2018 - 10/2019        0.013    |
      |                     8/2004 -  1/2006        0.011    |
      |                     9/2015 -  2/2017        0.011    |
      |                                                      |
      |  r(18) = -0.009       7/2012 -  1/2014       -0.015    |
      |                     9/2012 -  3/2014       -0.015    |
      |                    11/2010 -  5/2012       -0.010    |
      |                     3/2008 -  9/2009       -0.010    |
      |                                                      |
      |  r(19) = 0.006       10/2016 -  5/2018        0.022    |
      |                    12/2010 -  7/2012        0.018    |
      |                     7/2015 -  2/2017        0.014    |
      |                     8/2015 -  3/2017        0.013    |
      |                                                      |
      |  r(20) = 0.113        4/2013 - 12/2014        0.023    |
      |                     5/2012 -  1/2014        0.014    |
      |                    10/2007 -  6/2009        0.013    |
      |                     2/2015 - 10/2016        0.012    |
      |                                                      |
      |  r(21) = 0.064       12/2010 -  9/2012        0.022    |
      |                     2/2017 - 11/2018        0.017    |
      |                     4/2013 -  1/2015        0.017    |
      |                     1/2006 - 10/2007        0.016    |
      |                                                      |
      |  r(22) = 0.004        3/2014 -  1/2016        0.017    |
      |                     2/2017 - 12/2018        0.016    |
      |                     2/2015 - 12/2016        0.015    |
      |                    11/2010 -  9/2012        0.013    |
      |                                                      |
      |  r(23) = -0.044      12/2016 - 11/2018       -0.014    |
      |                    10/2007 -  9/2009       -0.014    |
      |                     1/2015 - 12/2016       -0.013    |
      |                    12/2010 - 11/2012       -0.012    |
      |                                                      |
      |  r(24) = 0.005        5/2016 -  5/2018        0.024    |
      |                     1/2014 -  1/2016        0.021    |
      |                     1/2004 -  1/2006        0.009    |
      |                     1/2006 -  1/2008        0.009    |
      |                                                      |
      |  r(25) = -0.018       4/2016 -  5/2018       -0.022    |
      |                     9/2012 - 10/2014       -0.016    |
      |                    11/2008 - 12/2010       -0.015    |
      |                     4/2013 -  5/2015       -0.013    |
      |                                                      |
      |  r(26) = 0.058        1/2016 -  3/2018        0.028    |
      |                    12/2014 -  2/2017        0.022    |
      |                     3/2016 -  5/2018        0.014    |
      |                     1/2015 -  3/2017        0.011    |
      |                                                      |
      |  r(27) = 0.020       12/2014 -  3/2017        0.016    |
      |                     4/2013 -  7/2015        0.015    |
      |                    10/2013 -  1/2016        0.015    |
      |                    12/2015 -  3/2018        0.014    |
      |                                                      |
      |  r(28) = -0.053       1/2016 -  5/2018       -0.043    |
      |                    12/2010 -  4/2013       -0.020    |
      |                     9/2012 -  1/2015       -0.019    |
      |                     8/2008 - 12/2010       -0.016    |
      |                                                      |
      |  r(29) = 0.036        9/2012 -  2/2015        0.021    |
      |                     5/2012 - 10/2014        0.013    |
      |                     4/2013 -  9/2015        0.011    |
      |                    12/2014 -  5/2017        0.010    |
      |                                                      |
      |  r(30) = 0.052        3/2010 -  9/2012        0.014    |
      |                    11/2008 -  5/2011        0.013    |
      |                     2/2017 -  8/2019        0.012    |
      |                    11/2015 -  5/2018        0.011    |
      |                                                      |
      |  r(31) = 0.026        5/2012 - 12/2014        0.021    |
      |                     7/2012 -  2/2015        0.017    |
      |                     8/2015 -  3/2018        0.015    |
      |                     5/2008 - 12/2010        0.013    |
      |                                                      |
      |  r(32) = 0.030        9/2009 -  5/2012        0.018    |
      |                     4/2013 - 12/2015        0.018    |
      |                     5/2012 -  1/2015        0.015    |
      |                     9/2012 -  5/2015        0.014    |
      |                                                      |
      |  r(33) = 0.010        4/2013 -  1/2016        0.036    |
      |                     8/2008 -  5/2011        0.013    |
      |                    11/2012 -  8/2015        0.012    |
      |                     5/2016 -  2/2019        0.010    |
      |                                                      |
      |  r(34) = 0.019        1/2016 - 11/2018        0.023    |
      |                    11/2009 -  9/2012        0.017    |
      |                     3/2013 -  1/2016        0.015    |
      |                     7/2009 -  5/2012        0.013    |
      |                                                      |
      |  r(35) = 0.021        1/2016 - 12/2018        0.021    |
      |                     3/2014 -  2/2017        0.013    |
      |                    12/2015 - 11/2018        0.012    |
      |                     8/2009 -  7/2012        0.010    |
      |                                                      |
      |  r(36) = 0.013        1/2003 -  1/2006        0.018    |
      |                     4/2013 -  4/2016        0.018    |
      |                     1/2013 -  1/2016        0.018    |
      |                     5/2015 -  5/2018        0.015    |
      |                                                      |
      |  r(37) = -0.057       4/2013 -  5/2016       -0.020    |
      |                     1/2016 -  2/2019       -0.018    |
      |                     7/2012 -  8/2015       -0.017    |
      |                     2/2015 -  3/2018       -0.014    |
      |                                                      |
      |  r(38) = 0.035       11/2012 -  1/2016        0.022    |
      |                     1/2016 -  3/2019        0.016    |
      |                     3/2009 -  5/2012        0.015    |
      |                    10/2007 - 12/2010        0.014    |
      |                                                      |
      |  r(39) = 0.082        2/2015 -  5/2018        0.022    |
      |                     6/2009 -  9/2012        0.020    |
      |                    12/2014 -  3/2018        0.018    |
      |                     5/2012 -  8/2015        0.017    |
      |                                                      |
      +------------------------------------------------------+
