Input Data File  : PSW.inp
Output File      : PSW.out
Model: VARMA(2,0)
Include mean     : yes
Diagonal AR      : no
Diagonal MA      : no
Diagonal Cov     : no
Estimation method: 1
Two-step init    : no

Number of parameters: 13
AFTER 0 ITERATIONS: 
OBJECTIVE FUNCTION = 1.000000000000000 
    i           x[i]             g[i] 
    1         0.154759         0.006049 
    2         0.517790         0.000671 
    3         0.253555         0.007750 
    4         0.010015        -0.005031 
    5        -4.225021        -0.001579 
    6         0.336929        -0.004516 
    7         0.001382         0.003434 
    8        -0.001623         0.018822 
    9        -0.636652        -0.002442 
   10         0.104272        -0.042015 
   11         1.000000         0.659732 
   12         0.521400         1.375396 
   13         1.000000        -1.376863 

STEP LENGTH =         0.468533
STEP LENGTH =         1.000000
STEP LENGTH =         0.026457
STEP LENGTH =         0.006433
STEP LENGTH =         0.007206
STEP LENGTH =         0.000619
STEP LENGTH =         0.002141
STEP LENGTH =         0.001691
STEP LENGTH =         0.013040
STEP LENGTH =         0.010000
AFTER 10 ITERATIONS: 
OBJECTIVE FUNCTION = 0.004150355834069 
    i           x[i]             g[i] 
    1         0.151153        -0.000135 
    2         0.517425        -0.000000 
    3         0.247617         0.001186 
    4         0.013244         0.034548 
    5        -4.224119        -0.000004 
    6         0.325661        -0.000223 
    7        -0.000864         0.001191 
    8         0.013131         0.071940 
    9        -0.636082        -0.000001 
   10         0.098612        -0.000164 
   11         0.005481         0.333602 
   12         0.000237        -0.032373 
   13         1.890762        -0.000963 

STEP LENGTH =         0.100000
STEP LENGTH =         0.100000
STEP LENGTH =         1.000000
STEP LENGTH =         0.118834
STEP LENGTH =         0.412043
STEP LENGTH =         0.327502
STEP LENGTH =         1.000000
STEP LENGTH =         1.000000
STEP LENGTH =         1.000000
STEP LENGTH =         1.000000
AFTER 20 ITERATIONS: 
OBJECTIVE FUNCTION = 0.001835401698813 
    i           x[i]             g[i] 
    1         0.152166        -0.000085 
    2         0.517407         0.000001 
    3         0.247688        -0.000022 
    4         0.009887         0.000024 
    5        -4.224142        -0.000001 
    6         0.325866        -0.000065 
    7        -0.000994        -0.000017 
    8        -0.001585        -0.000009 
    9        -0.636013        -0.000000 
   10         0.099631        -0.000036 
   11         0.001610         0.001326 
   12         0.028766        -0.000041 
   13         1.895429        -0.000001 

STEP LENGTH =         1.000000
STEP LENGTH =         1.000000
STEP LENGTH =         1.000000
STEP LENGTH =         1.000000
STEP LENGTH =         1.000000
STEP LENGTH =         1.000000
STEP LENGTH =         1.000000
STEP LENGTH =         1.000000
STEP LENGTH =         1.000000
STEP LENGTH =         1.000000
AFTER 30 ITERATIONS: 
OBJECTIVE FUNCTION = 0.001834807101359 
    i           x[i]             g[i] 
    1         0.154018        -0.000006 
    2         0.517531        -0.000001 
    3         0.251085         0.000007 
    4         0.010062         0.000554 
    5        -4.224030        -0.000000 
    6         0.335798        -0.000026 
    7         0.001517         0.000005 
    8        -0.001544         0.000386 
    9        -0.635989        -0.000000 
   10         0.104901        -0.000008 
   11         0.001603        -0.005847 
   12         0.028889         0.000399 
   13         1.894863        -0.000001 

STEP LENGTH =         1.000000
STEP LENGTH =         1.000000
STEP LENGTH =         1.000000
STEP LENGTH =         1.000000
STEP LENGTH =         1.000000
STEP LENGTH =         1.000000
STEP LENGTH =         1.000000
STEP LENGTH =         1.000000
STEP LENGTH =         1.000000
STEP LENGTH =         1.000000
AFTER 40 ITERATIONS: 
OBJECTIVE FUNCTION = 0.001834701111198 
    i           x[i]             g[i] 
    1         0.154263         0.000004 
    2         0.517872        -0.000001 
    3         0.251982        -0.000002 
    4         0.010035        -0.000012 
    5        -4.224055         0.000000 
    6         0.339767        -0.000002 
    7         0.001013        -0.000002 
    8        -0.001592        -0.000008 
    9        -0.636027         0.000000 
   10         0.104204        -0.000000 
   11         0.001607         0.000154 
   12         0.028751        -0.000010 
   13         1.894694         0.000000 

STEP LENGTH =         1.000000
STEP LENGTH =         1.000000
STEP LENGTH =         1.000000
STEP LENGTH =         1.000000
STEP LENGTH =         1.000000
STEP LENGTH =         1.000000
STEP LENGTH =         1.000000
STEP LENGTH =         1.000000
STEP LENGTH =         1.000000
STEP LENGTH =         1.000000
AFTER 50 ITERATIONS: 
OBJECTIVE FUNCTION = 0.001834699700287 
    i           x[i]             g[i] 
    1         0.154164        -0.000000 
    2         0.518148        -0.000001 
    3         0.252378         0.000000 
    4         0.010039         0.000000 
    5        -4.224105         0.000000 
    6         0.340215        -0.000000 
    7         0.001381         0.000000 
    8        -0.001602         0.000000 
    9        -0.636054         0.000000 
   10         0.104148        -0.000000 
   11         0.001607        -0.000001 
   12         0.028754         0.000000 
   13         1.894679        -0.000000 

STEP LENGTH =         1.000000
STEP LENGTH =         1.000000
STEP LENGTH =         1.000000
STEP LENGTH =         1.000000
STEP LENGTH =         1.000000
STEP LENGTH =         1.000000
STEP LENGTH =         1.000000
STEP LENGTH =         1.000000
STEP LENGTH =         1.000000
STEP LENGTH =         1.000000
AFTER 60 ITERATIONS: 
OBJECTIVE FUNCTION = 0.001834694118770 
    i           x[i]             g[i] 
    1         0.154445         0.000001 
    2         0.529712        -0.000001 
    3         0.251246        -0.000005 
    4         0.010061        -0.000003 
    5        -4.226173         0.000000 
    6         0.340787         0.000002 
    7         0.000858        -0.000003 
    8        -0.001587        -0.000002 
    9        -0.636872         0.000000 
   10         0.103889        -0.000001 
   11         0.001607         0.000035 
   12         0.028753        -0.000002 
   13         1.894689        -0.000000 

STEP LENGTH =         1.000000
STEP LENGTH =         1.000000
STEP LENGTH =         1.000000
STEP LENGTH =         1.000000
STEP LENGTH =         1.000000
STEP LENGTH =         1.000000
STEP LENGTH =         1.000000
STEP LENGTH =         1.000000
STEP LENGTH =         1.000000
STEP LENGTH =         1.000000
AFTER 70 ITERATIONS: 
OBJECTIVE FUNCTION = 0.001834682650986 
    i           x[i]             g[i] 
    1         0.154752        -0.000000 
    2         0.547102        -0.000000 
    3         0.252412         0.000001 
    4         0.010037         0.000001 
    5        -4.229378         0.000000 
    6         0.340151        -0.000000 
    7         0.001570         0.000002 
    8        -0.001604         0.000001 
    9        -0.638120         0.000000 
   10         0.104370        -0.000000 
   11         0.001607        -0.000007 
   12         0.028756         0.000001 
   13         1.894764        -0.000000 

STEP LENGTH =         1.000000
STEP LENGTH =         1.000000
STEP LENGTH =         1.000000
STEP LENGTH =         1.000000
STEP LENGTH =         1.000000
STEP LENGTH =         1.000000
STEP LENGTH =         1.000000
STEP LENGTH =         1.000000
STEP LENGTH =         1.000000
STEP LENGTH =         1.000000
AFTER 80 ITERATIONS: 
OBJECTIVE FUNCTION = 0.001834681024219 
    i           x[i]             g[i] 
    1         0.154963        -0.000000 
    2         0.556641         0.000000 
    3         0.252167        -0.000000 
    4         0.010041         0.000000 
    5        -4.231197         0.000000 
    6         0.340304         0.000000 
    7         0.001308         0.000000 
    8        -0.001598         0.000000 
    9        -0.638829         0.000000 
   10         0.104375        -0.000000 
   11         0.001607        -0.000000 
   12         0.028756         0.000000 
   13         1.894786        -0.000000 

STEP LENGTH =         1.000000
STEP LENGTH =         1.000000
STEP LENGTH =         1.000000
STEP LENGTH =         1.000000
STEP LENGTH =         1.000000
STEP LENGTH =         1.000000
STEP LENGTH =         1.000000
STEP LENGTH =         1.000000
STEP LENGTH =         1.000000
STEP LENGTH =         1.000000
AFTER 90 ITERATIONS: 
OBJECTIVE FUNCTION = 0.001834676908049 
    i           x[i]             g[i] 
    1         0.154949         0.000000 
    2         0.556120        -0.000000 
    3         0.251440        -0.000000 
    4         0.010051         0.000000 
    5        -4.280553         0.000000 
    6         0.340959        -0.000000 
    7         0.001012         0.000000 
    8        -0.001585         0.000000 
    9        -0.656524        -0.000000 
   10         0.105186        -0.000000 
   11         0.001608        -0.000000 
   12         0.028770         0.000000 
   13         1.895730        -0.000000 

STEP LENGTH =         1.000000

**** NORM OF SCALED GRADIENT <= GRADTOL

**** CONVERGED:

AFTER 91 ITERATIONS: 
OBJECTIVE FUNCTION = 0.001834676907633 
    i           x[i]             g[i] 
    1         0.154950         0.000000 
    2         0.556144        -0.000000 
    3         0.251447         0.000000 
    4         0.010051        -0.000000 
    5        -4.280135         0.000000 
    6         0.340953        -0.000000 
    7         0.001013        -0.000000 
    8        -0.001585        -0.000000 
    9        -0.656375        -0.000000 
   10         0.105180         0.000000 
   11         0.001608        -0.000000 
   12         0.028770         0.000000 
   13         1.895722        -0.000000 



=============================================================
  Estimated Parameters and Standard Deviations               
=============================================================

                        Parameter     Estimate    Std.Error   t-stat  p-val
--------------------------------------------------------------------
mu[1]                   0.154950     0.025204    6.148 0.0000 ***
mu[2]                   0.556144     0.812968    0.684 0.4939    
phi[1]_11              0.251447     0.074277    3.385 0.0007 ***
phi[1]_12              0.010051     0.002177    4.617 0.0000 ***
phi[1]_21             -4.280135     2.224657   -1.924 0.0544 .  
phi[1]_22              0.340953     0.071182    4.790 0.0000 ***
phi[2]_11              0.001013     0.062008    0.016 0.9870    
phi[2]_12             -0.001585     0.002235   -0.709 0.4783    
phi[2]_21             -0.656375     0.798011   -0.823 0.4108    
phi[2]_22              0.105180     0.073725    1.427 0.1537    
cov[1,1]               0.001608     0.000176    9.159 0.0000 ***
cov[2,1]               0.028770     0.003108    9.256 0.0000 ***
cov[2,2]               1.895722     0.042695   44.402 0.0000 ***
--------------------------------------------------------------------
Signif. codes:  0 '***' 0.001 '**' 0.01 '*' 0.05 '.' 0.1 ' ' 1



=============================================================
           JOINT HYPOTHESIS TESTS (WALD)                    
=============================================================

Test of joint significance of last lag (AR(2) and MA(0)):
  Wald chi2(4) = 5.1464, p-value = 0.2726
  Conclusion: Cannot reject H0 → last lag is not significant.

Test of joint significance of last AR lag (AR(2)):
  Wald chi2(4) = 5.1464, p-value = 0.2726
  Conclusion: Cannot reject H0 → last AR lag is not significant.

Test of joint significance of all cross effects:
  H0: all cross coefficients = 0
  Wald chi2(4) = 17477.9686, p-value = 0.0000
  Conclusion: REJECT H0 → cross effects are jointly significant.

--- Directional cross-effects tests ---

Variable 1: effects of other variables on it:
  H0: all coefficients in equation 1 from other vars = 0
  Wald chi2(2) = 21.3224, p-value = 0.0000
  Conclusion: REJECT H0 → variable 1 is influenced by others.

Variable 1: effects of it on other variables:
  H0: all coefficients of variable 1 in other equations = 0
  Wald chi2(2) = 16967.9744, p-value = 0.0000
  Conclusion: REJECT H0 → variable 1 influences others.

Variable 2: effects of other variables on it:
  H0: all coefficients in equation 2 from other vars = 0
  Wald chi2(2) = 16967.9744, p-value = 0.0000
  Conclusion: REJECT H0 → variable 2 is influenced by others.

Variable 2: effects of it on other variables:
  H0: all coefficients of variable 2 in other equations = 0
  Wald chi2(2) = 21.3224, p-value = 0.0000
  Conclusion: REJECT H0 → variable 2 influences others.


=============================================================
           ORTHOGONALIZED IMPULSE RESPONSE FUNCTIONS        
=============================================================
Shocks are orthogonalized via Cholesky decomposition of Sigma Matrix.
Order of variables: as in the model.

Shock a la variable 1:
Horizonte   var1   var2
    0    0.2393  4.2812
    1    0.1032  0.4354
    2    0.0238 -0.0001
    3    0.0054 -0.1238
    4    0.0001 -0.0809
    5   -0.0006 -0.0447
    6   -0.0005 -0.0214
    7   -0.0003 -0.0096
    8   -0.0001 -0.0041
    9   -0.0001 -0.0017
   10   -0.0000 -0.0007
   11   -0.0000 -0.0003
   12   -0.0000 -0.0001
   13   -0.0000 -0.0000
   14   -0.0000 -0.0000
   15   -0.0000 -0.0000
   16   -0.0000 -0.0000
   17   -0.0000 -0.0000
   18   -0.0000 -0.0000
   19   -0.0000 -0.0000
   20   -0.0000 -0.0000

Shock a la variable 2:
Horizonte   var1   var2
    0    0.0000  7.0131
    1    0.0705  2.3911
    2    0.0306  1.2512
    3    0.0166  0.5007
    4    0.0072  0.2113
    5    0.0032  0.0828
    6    0.0013  0.0322
    7    0.0005  0.0120
    8    0.0002  0.0044
    9    0.0001  0.0016
   10    0.0000  0.0005
   11    0.0000  0.0002
   12    0.0000  0.0001
   13    0.0000  0.0000
   14    0.0000  0.0000
   15    0.0000  0.0000
   16    0.0000 -0.0000
   17    0.0000 -0.0000
   18   -0.0000 -0.0000
   19   -0.0000 -0.0000
   20   -0.0000 -0.0000


=============================================================
  LONG‑RUN GAIN, SHOCK STD. DEVIATIONS AND MEAN LAG        
=============================================================

Structural shock standard deviations (one‑s.d. shock size):
  Shock 1 : 0.2393
  Shock 2 : 7.0131

Shock to variable 1:
  Variable 1 : gain =   0.3703  mean lag =   0.43 months
  Variable 2 : gain =   4.4292  mean lag =  -0.17 months

Shock to variable 2:
  Variable 1 : gain =   0.1302  mean lag =   1.85 months
  Variable 2 : gain =  11.5011  mean lag =   0.69 months
=============================================================



=============================================================
           FORECAST ERROR VARIANCE DECOMPOSITION             
=============================================================
Values are percentages of forecast error variance accounted for by each shock.
Shocks are orthogonalized via Cholesky decomposition.

Variable 1:
Horizonte   shock1   shock2
    1    100.00    0.00
    2     93.18    6.82
    3     92.06    7.94
    4     91.73    8.27
    5     91.66    8.34
    6     91.65    8.35
    7     91.65    8.35
    8     91.65    8.35
    9     91.65    8.35
   10     91.65    8.35
   11     91.65    8.35
   12     91.65    8.35
   13     91.65    8.35
   14     91.65    8.35
   15     91.65    8.35
   16     91.65    8.35
   17     91.65    8.35
   18     91.65    8.35
   19     91.65    8.35
   20     91.65    8.35

Variable 2:
Horizonte   shock1   shock2
    1     27.15   72.85
    2     25.22   74.78
    3     24.70   75.30
    4     24.63   75.37
    5     24.62   75.38
    6     24.62   75.38
    7     24.62   75.38
    8     24.62   75.38
    9     24.62   75.38
   10     24.62   75.38
   11     24.62   75.38
   12     24.62   75.38
   13     24.62   75.38
   14     24.62   75.38
   15     24.62   75.38
   16     24.62   75.38
   17     24.62   75.38
   18     24.62   75.38
   19     24.62   75.38
   20     24.62   75.38



=============================================================
           MULTIVARIATE RESIDUAL DIAGNOSTICS                
=============================================================

Hosking's Multivariate Portmanteau Test (lag 14):
  Q(56) = 58.5700, p-value = 0.3812
  Cannot reject H0: residuals appear white noise.

Multivariate Jarque-Bera Test (normality):
  JB(4) = 7.0314, p-value = 0.1342
  Cannot reject H0: residuals appear normal.
=============================================================

Normalized model:
mu vector:
      0.154950
      0.556144
phi(1) matrix:
      0.251447      0.010051
     -4.280135      0.340953
phi(2) matrix:
      0.001013     -0.001585
     -0.656375      0.105180
Q matrix:
      0.001608
      0.028770      1.895722
Sigma = sigma2 * Q:
      0.057274
      1.024576     67.511625

Inverse roots of |phi(B)|=0:
      0.372389     -0.062613 i  (modulus     0.377616)
      0.372389      0.062613 i  (modulus     0.377616)
      0.034957      0.000000 i  (modulus     0.034957)
     -0.187335      0.000000 i  (modulus     0.187335)



=============================================================
                RESIDUAL DIAGNOSTICS                         
=============================================================

--- Residual series a[1] ---
Unconditional residuals (seasonal period: 12)
215 observations: from 1/1 to 11/18

                  Mean:           0.000095
Standard error of mean:           0.016320
              Variance:           0.057262
    Standard deviation:           0.239295
              Skewness:          -0.050333
              Kurtosis:           0.339470
               Minimum:          -0.725608 at 12/14 (observation 168)
               Maximum:           0.682014 at  8/11 (observation 128)

Standardized time series plot (original values on right-side column):

             -3       -2      -1       0      +1      +2       +3 
-------------++--------+-------+-------+-------+-------+--------++--------------
   1  1/   1 |         :       :       |*      :       :         |  0.0148364361
   2  2/   1 |         :       :       |      *:       :         |  0.2159065920
   3  3/   1 |         :       :       | *     :       :         |  0.0684922701
   4  4/   1 |         :       :       *       :       :         | -0.0127412456
   5  5/   1 |         :       : *     |       :       :         | -0.1869493514
   6  6/   1 |         :       :       | *     :       :         |  0.0604900464
   7  7/   1 |         :       :       |*      :       :         |  0.0387696162
   8  8/   1 |         :       :       |     * :       :         |  0.1602631450
   9  9/   1 |         :       :       |   *   :       :         |  0.1077080679
  10 10/   1 |         :       :    *  |       :       :         | -0.0866633208
  11 11/   1 |         :       :       |       :     * :         |  0.3949033899
  12 12/   1 +         :       :       |       :    *  :         +  0.3837445433
  13  1/   2 |         :       :    *  |       :       :         | -0.0767915260
  14  2/   2 |         :       :       |*      :       :         |  0.0331694919
  15  3/   2 |         :       :*      |       :       :         | -0.2007688917
  16  4/   2 |         :       :   *   |       :       :         | -0.1194624739
  17  5/   2 |         :       :      *|       :       :         | -0.0167155991
  18  6/   2 |         :       :      *|       :       :         | -0.0387438078
  19  7/   2 |         :       :       |       :*      :         |  0.2706428330
  20  8/   2 |         :       :       | *     :       :         |  0.0578031476
  21  9/   2 |         :       :      *|       :       :         | -0.0359336817
  22 10/   2 |         :       :       |*      :       :         |  0.0412717957
  23 11/   2 |         :       :       |  *    :       :         |  0.0876205484
  24 12/   2 +         :       :       |       *       :         +  0.2315905485
  25  1/   3 |         :       :  *    |       :       :         | -0.1324756987
  26  2/   3 |         :       :       |    *  :       :         |  0.1437809958
  27  3/   3 |         :       :       |      *:       :         |  0.2130591380
  28  4/   3 |         :       :       |       :*      :         |  0.2711984927
  29  5/   3 |         :       : *     |       :       :         | -0.1677528284
  30  6/   3 |         :       :      *|       :       :         | -0.0333328385
  31  7/   3 |         :       :       |      *:       :         |  0.1963868916
  32  8/   3 |         :       :   *   |       :       :         | -0.1192437471
  33  9/   3 |         :       :       |       *       :         |  0.2229875529
  34 10/   3 |         :       : *     |       :       :         | -0.1767661553
  35 11/   3 |         :       :      *|       :       :         | -0.0333777220
  36 12/   3 +         :       :       |       : *     :         +  0.2847567642
  37  1/   4 |         :       :       |  *    :       :         |  0.0790305437
  38  2/   4 |         :       :       |     * :       :         |  0.1748503165
  39  3/   4 |         :       :       |      *:       :         |  0.1931086814
  40  4/   4 |         :       :   *   |       :       :         | -0.1105154461
  41  5/   4 |         :       :       |    *  :       :         |  0.1595708230
  42  6/   4 |         :       :   *   |       :       :         | -0.1083909764
  43  7/   4 |         :       :       |      *:       :         |  0.2105363186
  44  8/   4 |         :       :       |       :  *    :         |  0.3091346718
  45  9/   4 |         :       :    *  |       :       :         | -0.0858197770
  46 10/   4 |         :       :      *|       :       :         | -0.0286217318
  47 11/   4 |         :       :       |       :*      :         |  0.2490981021
  48 12/   4>+         :       :       |       :       : *       +> 0.5173796310
  49  1/   5 |         :       *       |       :       :         | -0.2412936913
  50  2/   5 |         :       :       |       *       :         |  0.2332359827
  51  3/   5 |         :       :       |       :*      :         |  0.2752175535
  52  4/   5 |         :       :    *  |       :       :         | -0.0771550057
  53  5/   5 |         :       :      *|       :       :         | -0.0250165575
  54  6/   5 |         :       :       | *     :       :         |  0.0635342286
  55  7/   5 |         :       :     * |       :       :         | -0.0527641021
  56  8/   5 |         :     * :       |       :       :         | -0.2870698176
  57  9/   5 |         :       : *     |       :       :         | -0.1650910636
  58 10/   5 |         :       :       |     * :       :         |  0.1772614848
  59 11/   5 |         :       :       |      *:       :         |  0.2025239106
  60 12/   5 +         :       :       |       *       :         +  0.2222986487
  61  1/   6 |         :       :       |  *    :       :         |  0.0763418700
  62  2/   6 |         :       :       |  *    :       :         |  0.0992503698
  63  3/   6 |         :       :       |       :*      :         |  0.2552563910
  64  4/   6 |         :       :   *   |       :       :         | -0.1073034280
  65  5/   6 |         :       :       | *     :       :         |  0.0474023516
  66  6/   6 |         :       :  *    |       :       :         | -0.1448021308
  67  7/   6 |         :       :   *   |       :       :         | -0.1226917742
  68  8/   6 |         :       :       |       *       :         |  0.2352720348
  69  9/   6 |         :       :       |       :   *   :         |  0.3541497536
  70 10/   6 |         :       :       |       : *     :         |  0.3020250888
  71 11/   6 |         :       :       |     * :       :         |  0.1682861142
  72 12/   6 +         :       :       |       :  *    :         +  0.3275832337
  73  1/   7 |         :       :       *       :       :         | -0.0030205421
  74  2/   7 |         :       :       |       : *     :         |  0.2843879261
  75  3/   7 |         :       : *     |       :       :         | -0.1678667730
  76  4/   7 |         :       :       |       :    *  :         |  0.3694230630
  77  5/   7 |         :       :       |       *       :         |  0.2232016848
  78  6/   7 |         :       :       |*      :       :         |  0.0205109706
  79  7/   7 |         :*      :       |       :       :         | -0.4391779655
  80  8/   7 |         :       :       | *     :       :         |  0.0704710027
  81  9/   7 |         :     * :       |       :       :         | -0.3039734319
  82 10/   7 |         :      *:       |       :       :         | -0.2518612440
  83 11/   7 |         :       :  *    |       :       :         | -0.1527815252
  84 12/   7 +         :       :       |      *:       :         +  0.1908792145
  85  1/   8 |         :       :     * |       :       :         | -0.0444677383
  86  2/   8 |         :    *  :       |       :       :         | -0.3076208401
  87  3/   8 |         :       :*      |       :       :         | -0.2018460012
  88  4/   8 |         :      *:       |       :       :         | -0.2687489776
  89  5/   8 |         :       :       |      *:       :         |  0.1973006554
  90  6/   8 |         : *     :       |       :       :         | -0.4097668742
  91  7/   8 |         :       :       |       :  *    :         |  0.3153189604
  92  8/   8>|      *  :       :       |       :       :         |>-0.5379627718
  93  9/   8 |         :       :       | *     :       :         |  0.0610414603
  94 10/   8 |         :       :       |       *       :         |  0.2426324757
  95 11/   8 |         :       : *     |       :       :         | -0.1645738029
  96 12/   8 +         :       :       | *     :       :         +  0.0606351023
  97  1/   9 |         :     * :       |       :       :         | -0.2848706410
  98  2/   9 |         :       :       |       : *     :         |  0.2804248042
  99  3/   9 |         :       :   *   |       :       :         | -0.1089478878
 100  4/   9 |         :       :     * |       :       :         | -0.0600040448
 101  5/   9 |         :       :       |     * :       :         |  0.1808012006
 102  6/   9 |         :       :       |     * :       :         |  0.1599317385
 103  7/   9 |         :       :       *       :       :         | -0.0040613711
 104  8/   9 |         :       :    *  |       :       :         | -0.0955136139
 105  9/   9 |         :       :       |     * :       :         |  0.1647745466
 106 10/   9 |         :       :       |      *:       :         |  0.1977409653
 107 11/   9 |         :       :       |       :       *         |  0.4741600436
 108 12/   9 +         :       :       | *     :       :         +  0.0667849315
 109  1/  10 |         :       :       |*      :       :         |  0.0192373636
 110  2/  10 |         :       :       |     * :       :         |  0.1753832359
 111  3/  10 |         :       :       *       :       :         | -0.0078353141
 112  4/  10 |         :  *    :       |       :       :         | -0.3742699916
 113  5/  10 |         :       :   *   |       :       :         | -0.1232218201
 114  6/  10 |         :       :       |       *       :         |  0.2313528769
 115  7/  10 |         :       :   *   |       :       :         | -0.1166012925
 116  8/  10 |         :       :       |       *       :         |  0.2359771256
 117  9/  10 |         :       :      *|       :       :         | -0.0342447548
 118 10/  10 |         :       :       |     * :       :         |  0.1686653330
 119 11/  10 |         :       :    *  |       :       :         | -0.0767567321
 120 12/  10 +         :       :   *   |       :       :         + -0.1255580622
 121  1/  11 |         :       :       | *     :       :         |  0.0702640509
 122  2/  11 |         :       :       |  *    :       :         |  0.0909856853
 123  3/  11 |         :       :       |       :*      :         |  0.2739050466
 124  4/  11 |         *       :       |       :       :         | -0.4503992170
 125  5/  11 |         :       :  *    |       :       :         | -0.1506182753
 126  6/  11>|         :       :       |       :       :     *   |> 0.6350616814
 127  7/  11 |         :       :       |     * :       :         |  0.1743287987
 128  8/  11>|         :       :       |       :       :      *  |> 0.6820135826
 129  9/  11 |         :       :  *    |       :       :         | -0.1432925917
 130 10/  11 |         :    *  :       |       :       :         | -0.3081411618
 131 11/  11 |         :       :       |    *  :       :         |  0.1374794977
 132 12/  11 +         :    *  :       |       :       :         + -0.3183734301
 133  1/  12 |         :       :       |    *  :       :         |  0.1314999719
 134  2/  12 |         :       *       |       :       :         | -0.2229023364
 135  3/  12>|    *    :       :       |       :       :         |>-0.6082650530
 136  4/  12 |         :       :       |   *   :       :         |  0.1120167064
 137  5/  12 |         :       :       *       :       :         | -0.0129152082
 138  6/  12 |         :       :       |    *  :       :         |  0.1352297179
 139  7/  12 |         :       :       *       :       :         | -0.0048465527
 140  8/  12 |         :  *    :       |       :       :         | -0.3676989880
 141  9/  12 |         :     * :       |       :       :         | -0.2896459399
 142 10/  12 |         :       :       |    *  :       :         |  0.1336833091
 143 11/  12 |         :       :       |   *   :       :         |  0.1104452359
 144 12/  12 +         : *     :       |       :       :         + -0.4041775488
 145  1/  13 |         :       :       |*      :       :         |  0.0350890868
 146  2/  13 |         :  *    :       |       :       :         | -0.3711330206
 147  3/  13 |         :       :    *  |       :       :         | -0.0779809894
 148  4/  13 |         :       :*      |       :       :         | -0.1966891351
 149  5/  13 |         :       :     * |       :       :         | -0.0610340585
 150  6/  13 |         :     * :       |       :       :         | -0.2906315890
 151  7/  13 |         :       :       | *     :       :         |  0.0635850858
 152  8/  13 |         :       :       |  *    :       :         |  0.0829610638
 153  9/  13 |         :     * :       |       :       :         | -0.2973819457
 154 10/  13 |         :       :   *   |       :       :         | -0.1203089577
 155 11/  13 |         *       :       |       :       :         | -0.4620975965
 156 12/  13 +         :       *       |       :       :         + -0.2349500870
 157  1/  14>|         :       :       |       :       :*        |> 0.5073711665
 158  2/  14 |         :       :     * |       :       :         | -0.0565453283
 159  3/  14 |         :       :    *  |       :       :         | -0.0957645182
 160  4/  14 |         :       :       |   *   :       :         |  0.1220327703
 161  5/  14 |         :       :       *       :       :         | -0.0010604683
 162  6/  14 |         :     * :       |       :       :         | -0.3001547094
 163  7/  14 |         :     * :       |       :       :         | -0.2935482086
 164  8/  14 |         :       : *     |       :       :         | -0.1748091892
 165  9/  14 |         :       :   *   |       :       :         | -0.1176373749
 166 10/  14 |         :       :       |     * :       :         |  0.1700701115
 167 11/  14 |         :     * :       |       :       :         | -0.2832688302
 168 12/  14>+*        :       :       |       :       :         +>-0.7256082483
 169  1/  15 |         :       :      *|       :       :         | -0.0248301839
 170  2/  15 |         :       :       |      *:       :         |  0.2114640269
 171  3/  15>|    *    :       :       |       :       :         |>-0.6014104957
 172  4/  15 |         :       :       |       :   *   :         |  0.3358154740
 173  5/  15 |         :       :       |   *   :       :         |  0.1162458969
 174  6/  15 |         :       : *     |       :       :         | -0.1723606143
 175  7/  15 |         :       :       | *     :       :         |  0.0486598629
 176  8/  15 |         :       :  *    |       :       :         | -0.1411876197
 177  9/  15 |         :       :       |       :    *  :         |  0.3777399473
 178 10/  15 |         :       :     * |       :       :         | -0.0468519326
 179 11/  15>|         :       :       |       :       :    *    |> 0.6132345716
 180 12/  15 +         :       :       |     * :       :         +  0.1645587320
 181  1/  16>|       * :       :       |       :       :         |>-0.5081458313
 182  2/  16>|        *:       :       |       :       :         |>-0.4840458145
 183  3/  16 |         :       :       |   *   :       :         |  0.1274141124
 184  4/  16 |         :    *  :       |       :       :         | -0.3321063761
 185  5/  16 |         :       :       |*      :       :         |  0.0320624870
 186  6/  16 |         :       :       | *     :       :         |  0.0559067841
 187  7/  16 |         :       :      *|       :       :         | -0.0289230366
 188  8/  16 |         :       :       *       :       :         |  0.0016411647
 189  9/  16 |         :       :       |  *    :       :         |  0.0949302741
 190 10/  16 |         :       :       |     * :       :         |  0.1678135787
 191 11/  16 |         :       :  *    |       :       :         | -0.1464281032
 192 12/  16 +         :       :    *  |       :       :         + -0.0941143073
 193  1/  17 |         :       :       |*      :       :         |  0.0176056524
 194  2/  17 |         : *     :       |       :       :         | -0.4136939479
 195  3/  17 |         :       :  *    |       :       :         | -0.1365823621
 196  4/  17>|         :       :       |       :       :     *   |> 0.6523109889
 197  5/  17 |         :       :    *  |       :       :         | -0.0942111643
 198  6/  17 |         :       :     * |       :       :         | -0.0511594298
 199  7/  17 |         :       :    *  |       :       :         | -0.0850901091
 200  8/  17 |         :       :       |    *  :       :         |  0.1595291409
 201  9/  17 |         :       :       |  *    :       :         |  0.0734250555
 202 10/  17 |         :  *    :       |       :       :         | -0.3710735750
 203 11/  17 |         :       :*      |       :       :         | -0.1914994976
 204 12/  17 +         :       :     * |       :       :         + -0.0583355254
 205  1/  18 |         :       :       |      *:       :         |  0.2124790975
 206  2/  18 |         :     * :       |       :       :         | -0.2972318614
 207  3/  18 |         :       :     * |       :       :         | -0.0517146643
 208  4/  18 |         :       :   *   |       :       :         | -0.1279772389
 209  5/  18 |         :       : *     |       :       :         | -0.1865264626
 210  6/  18 |         :       :       |      *:       :         |  0.2030503442
 211  7/  18 |         :    *  :       |       :       :         | -0.3230358344
 212  8/  18 |         :       :      *|       :       :         | -0.0305190389
 213  9/  18 |         :       :       |     * :       :         |  0.1725831147
 214 10/  18 |         :       :      *|       :       :         | -0.0408422779
 215 11/  18 |         :       : *     |       :       :         | -0.1671600438
-------------++--------+-------+-------+-------+-------+--------++--------------
             -3       -2      -1       0      +1      +2       +3 

                 +------------------------------------------+
                 |       Table of standardized values       |
                 |       greater than or equal to 2.0       |
                 +------------------------------------------+
                 |                                          |
                 | Observation    Date   Standardized value |
                 |                                          |
                 |     48       12/   4         2.16        |
                 |     92        8/   8        -2.25        |
                 |    126        6/  11         2.65        |
                 |    128        8/  11         2.85        |
                 |    135        3/  12        -2.54        |
                 |    157        1/  14         2.12        |
                 |    168       12/  14        -3.03        |
                 |    171        3/  15        -2.51        |
                 |    179       11/  15         2.56        |
                 |    181        1/  16        -2.12        |
                 |    182        2/  16        -2.02        |
                 |    196        4/  17         2.73        |
                 +------------------------------------------+

Standardized time series histogram:

       -4      -3      -2      -1       0      +1      +2      +3      +4
        +---+---+---+---+---+---+---+---+---+---+---+---+---+---+---+---+
        |                             47                                |
        |                            ....     43                         |
        |                            ....    ....                        |
        |                            ....    ....                        |
        |                            .... 35 ....                        |
        |                            ............                        |
        |                         29 ............                        |
        |                        ................                        |
        |                        ................                        |
        |                     18 ................                        |
        |                    .................... 16                     |
        |                    ........................                    |
        |                 10 ........................                    |
        |                ............................                    |
        |              3 ............................ 5      4           |
        |      1  2  ....................................2   ....        |
        |    ....................................................        |
        +---+---+---+---+---+---+---+---+---+---+---+---+---+---+---+---+
       -4      -3      -2      -1       0      +1      +2      +3      +4

              61 values outside (-1,+1): 28.37 % (31.74 % expected)
              12 values outside (-2,+2):  5.58 % ( 4.56 % expected)

Autocorrelation function (acf bands =  0.136):

            -1                         0                         1  L-B Q  DF
-------------+-------------------------+-------------------------+--------------
   1   0.001 |                      :  |  :                      | 
   2  -0.017 |                      :  |  :                      | 
   3   0.088 |                      :  |**:                      | 
   4   0.008 |                      :  |  :                      | 
   5   0.114 |                      :  |***                      | 
   6  -0.016 |                      :  |  :                      | 
   7   0.072 |                      :  |**:                      | 
   8   0.002 |                      :  |  :                      | 
   9   0.094 |                      :  |**:                      | 
  10   0.059 |                      :  |* :                      | 
  11   0.024 |                      :  |* :                      | 
  12   0.031 +                      :  |+ :                      +   9.02  12
  13   0.081 |                      :  |**:                      | 
  14  -0.025 |                      : *|  :                      | 
  15   0.033 |                      :  |* :                      | 
  16   0.004 |                      :  |  :                      | 
  17   0.049 |                      :  |* :                      | 
  18  -0.021 |                      : *|  :                      | 
  19  -0.016 |                      :  |  :                      | 
  20   0.106 |                      :  |***                      | 
  21   0.086 |                      :  |**:                      | 
  22   0.018 |                      :  |  :                      | 
  23   0.002 |                      :  |  :                      | 
  24   0.044 +                      :  |+ :                      +  16.66  24
  25  -0.018 |                      :  |  :                      | 
  26   0.063 |                      :  |**:                      | 
  27   0.022 |                      :  |* :                      | 
  28  -0.056 |                      : *|  :                      | 
  29   0.002 |                      :  |  :                      | 
  30   0.062 |                      :  |**:                      | 
  31   0.033 |                      :  |* :                      | 
  32   0.039 |                      :  |* :                      | 
  33   0.039 |                      :  |* :                      | 
  34  -0.000 |                      :  |  :                      | 
  35   0.033 |                      :  |* :                      | 
  36   0.016 +                      :  |  :                      +  20.98  36
  37  -0.005 |                      :  |  :                      | 
  38   0.032 |                      :  |* :                      | 
  39   0.014 |                      :  |  :                      | 
  40  -0.036 |                      : *|  :                      | 
  41   0.009 |                      :  |  :                      | 
  42  -0.071 |                      :**|  :                      |  23.03  42
-------------+-------------------------+-------------------------+--------------
            -1                         0                         1  L-B Q  DF

Partial autocorrelation function (pacf bands =  0.136):

            -1                         0                         1
-------------+-------------------------+-------------------------+--------------
   1   0.001 |                      :  |  :                      | 
   2  -0.017 |                      :  |  :                      | 
   3   0.088 |                      :  |**:                      | 
   4   0.008 |                      :  |  :                      | 
   5   0.118 |                      :  |***                      | 
   6  -0.024 |                      : *|  :                      | 
   7   0.077 |                      :  |**:                      | 
   8  -0.021 |                      : *|  :                      | 
   9   0.104 |                      :  |***                      | 
  10   0.031 |                      :  |* :                      | 
  11   0.039 |                      :  |* :                      | 
  12  -0.002 +                      :  |  :                      + 
  13   0.085 |                      :  |**:                      | 
  14  -0.062 |                      :**|  :                      | 
  15   0.038 |                      :  |* :                      | 
  16  -0.037 |                      : *|  :                      | 
  17   0.061 |                      :  |**:                      | 
  18  -0.068 |                      :**|  :                      | 
  19   0.002 |                      :  |  :                      | 
  20   0.062 |                      :  |**:                      | 
  21   0.110 |                      :  |***                      | 
  22  -0.018 |                      :  |  :                      | 
  23   0.018 |                      :  |  :                      | 
  24   0.009 +                      :  |  :                      + 
  25  -0.025 |                      : *|  :                      | 
  26   0.032 |                      :  |* :                      | 
  27   0.022 |                      :  |* :                      | 
  28  -0.068 |                      :**|  :                      | 
  29  -0.018 |                      :  |  :                      | 
  30   0.030 |                      :  |* :                      | 
  31   0.028 |                      :  |* :                      | 
  32   0.035 |                      :  |* :                      | 
  33   0.022 |                      :  |* :                      | 
  34  -0.011 |                      :  |  :                      | 
  35   0.026 |                      :  |* :                      | 
  36  -0.003 +                      :  |  :                      + 
  37  -0.018 |                      :  |  :                      | 
  38   0.034 |                      :  |* :                      | 
  39   0.003 |                      :  |  :                      | 
  40  -0.052 |                      : *|  :                      | 
  41  -0.016 |                      :  |  :                      | 
  42  -0.102 |                      ***|  :                      | 
-------------+-------------------------+-------------------------+--------------
            -1                         0                         1


--- Residual series a[2] ---
Unconditional residuals (seasonal period: 12)
215 observations: from 1/1 to 11/18

                  Mean:          -0.012307
Standard error of mean:           0.560449
              Variance:          67.532047
    Standard deviation:           8.217788
              Skewness:          -0.365751
              Kurtosis:           0.352752
               Minimum:         -26.386611 at  9/7 (observation  81)
               Maximum:          21.912025 at  2/15 (observation 170)

Standardized time series plot (original values on right-side column):

               -3     -2      -1       0      +1      +2     +3   
-------------+--+------+-------+-------+-------+-------+------+--+--------------
   1  1/   1 |         :       :       |   *   :       :         |  3.9773183984
   2  2/   1 |         :       :       |       :    *  :         | 14.0958279156
   3  3/   1 |         :       :       | *     :       :         |  2.0418308121
   4  4/   1 |         :       :       *       :       :         | -0.2950049856
   5  5/   1 |         :       :*      |       :       :         | -7.1199216454
   6  6/   1 |         :       :       |     * :       :         |  6.1883689953
   7  7/   1 |         :       :       |  *    :       :         |  3.3701832185
   8  8/   1 |         :       :       | *     :       :         |  2.1337909400
   9  9/   1 |         :       :   *   |       :       :         | -4.1712647082
  10 10/   1 |         :       *       |       :       :         | -8.2081952193
  11 11/   1 |         :       :       |       :     * :         | 14.3027469262
  12 12/   1 +         :       :       |       :*      :         +  9.2704188154
  13  1/   2 |         :       :       |     * :       :         |  5.8289769725
  14  2/   2 |         :      *:       |       :       :         | -10.0247536133
  15  3/   2 |         :*      :       |       :       :         | -15.4277002878
  16  4/   2 |         :       :       |    *  :       :         |  4.8806625719
  17  5/   2 |         :       :       |       *       :         |  8.7445889200
  18  6/   2 |         :       :   *   |       :       :         | -3.7262596162
  19  7/   2 |         :       :       |*      :       :         |  1.4306102940
  20  8/   2 |         :    *  :       |       :       :         | -11.1384292143
  21  9/   2 |         :       :       |       : *     :         | 10.9265726124
  22 10/   2 |         :       :       |*      :       :         |  0.5387101143
  23 11/   2 |         :       :       | *     :       :         |  1.7936141389
  24 12/   2 +         :       :       |    *  :       :         +  5.2512319088
  25  1/   3 |         :       :       *       :       :         | -0.1683618688
  26  2/   3 |         :       :       |   *   :       :         |  4.3703302155
  27  3/   3 |         :       :     * |       :       :         | -1.9675940711
  28  4/   3 |         :       :       |       :*      :         |  9.8682376856
  29  5/   3 |         :       :*      |       :       :         | -7.6331259345
  30  6/   3 |         :       :       |      *:       :         |  7.7050744812
  31  7/   3 |         :       :       |      *:       :         |  7.4556604300
  32  8/   3 |         :       :      *|       :       :         | -1.2242551743
  33  9/   3 |         :       :       |       :   *   :         | 12.6769428823
  34 10/   3 |         :  *    :       |       :       :         | -13.6841411747
  35 11/   3 |         :      *:       |       :       :         | -9.6534469330
  36 12/   3 +         :       :       |       :  *    :         + 11.6408839637
  37  1/   4 |         :       :       |*      :       :         |  1.1194167266
  38  2/   4 |         :       :       |       :  *    :         | 11.4526023514
  39  3/   4 |         :       : *     |       :       :         | -6.0207516470
  40  4/   4 |         :       :  *    |       :       :         | -5.3195200529
  41  5/   4 |         :       :       |       :    *  :         | 14.1661677601
  42  6/   4 |         :       :       |*      :       :         |  0.7540548868
  43  7/   4 |         :       :       |      *:       :         |  7.3346455380
  44  8/   4 |         :       :     * |       :       :         | -2.2467480474
  45  9/   4 |         :       :   *   |       :       :         | -4.5670973249
  46 10/   4 |         :       :  *    |       :       :         | -5.0660203861
  47 11/   4 |         :       :       |   *   :       :         |  4.1086709116
  48 12/   4 +         :       :       |       : *     :         + 10.1387933139
  49  1/   5 |         :       :*      |       :       :         | -7.3291798165
  50  2/   5 |         :       :       |  *    :       :         |  3.1543645371
  51  3/   5 |         :       :       |       : *     :         | 10.5344841179
  52  4/   5 |         :       :      *|       :       :         | -0.6908816484
  53  5/   5 |         :       :      *|       :       :         | -1.2998925399
  54  6/   5 |         :       :       |   *   :       :         |  4.3028551994
  55  7/   5 |         :       :    *  |       :       :         | -3.5359871249
  56  8/   5 |         :  *    :       |       :       :         | -13.5529015230
  57  9/   5 |         :       :  *    |       :       :         | -5.0228152246
  58 10/   5 |         :       :       |  *    :       :         |  2.8661404973
  59 11/   5 |         :       :       |   *   :       :         |  4.4653066551
  60 12/   5 +         :  *    :       |       :       :         + -13.7396533600
  61  1/   6 |         :       :       |       :    *  :         | 13.3448113497
  62  2/   6 |         :       :       |*      :       :         |  0.6732039224
  63  3/   6 |         :       :       |   *   :       :         |  4.4376365871
  64  4/   6 |         :       :     * |       :       :         | -1.7446271001
  65  5/   6 |         :       :       |     * :       :         |  5.8105116764
  66  6/   6 |         :       :       |      *:       :         |  7.2916033439
  67  7/   6 |         :       :*      |       :       :         | -6.9411832551
  68  8/   6 |         :       :       |       :*      :         |  9.1213848388
  69  9/   6 |         :       :       |    *  :       :         |  4.8327031664
  70 10/   6 |         :       :       |      *:       :         |  7.6369434436
  71 11/   6 |         :       :  *    |       :       :         | -4.9899431486
  72 12/   6 +         :       :       |  *    :       :         +  2.9787660754
  73  1/   7 |         :       :       |   *   :       :         |  3.9405050125
  74  2/   7 |         :       :       |       :*      :         |  9.5433347257
  75  3/   7 |         :       :       |   *   :       :         |  3.8642913588
  76  4/   7 |         :       :       |      *:       :         |  7.4685375100
  77  5/   7 |         :       :       |   *   :       :         |  3.7122362915
  78  6/   7 |         :       :     * |       :       :         | -1.9796068951
  79  7/   7 |         :  *    :       |       :       :         | -13.3482014578
  80  8/   7 |         :       *       |       :       :         | -8.8752554911
  81  9/   7>|*        :       :       |       :       :         |>-26.3866109202
  82 10/   7>|      *  :       :       |       :       :         |>-19.6020815192
  83 11/   7>|  *      :       :       |       :       :         |>-24.0441094069
  84 12/   7 +         :       :       |       :   *   :         + 13.0972745590
  85  1/   8 |         :       :  *    |       :       :         | -5.1777340232
  86  2/   8>|         :       :       |       :       :    *    |>21.6558272452
  87  3/   8 |         :       :   *   |       :       :         | -4.5558371518
  88  4/   8 |         :       :       |       :   *   :         | 12.8933600255
  89  5/   8 |         :       :       |       *       :         |  8.4829553779
  90  6/   8 |         : *     :       |       :       :         | -15.0290191007
  91  7/   8 |         :       :       |       : *     :         | 10.4537973996
  92  8/   8 |         :       :   *   |       :       :         | -4.7218701254
  93  9/   8 |         :       :       |     * :       :         |  6.5795098624
  94 10/   8 |         :       :      *|       :       :         | -0.7175249963
  95 11/   8 |         :       : *     |       :       :         | -5.9235839692
  96 12/   8 +         :       :       |     * :       :         +  6.0937423675
  97  1/   9 |         :       :   *   |       :       :         | -3.9916060655
  98  2/   9 |         :       :       |    *  :       :         |  5.0462051054
  99  3/   9 |         :       :       | *     :       :         |  2.4008802144
 100  4/   9 |         :*      :       |       :       :         | -15.6338478988
 101  5/   9 |         :       :       |    *  :       :         |  5.7415032522
 102  6/   9 |         :       :       | *     :       :         |  1.8488747330
 103  7/   9 |         :       :       *       :       :         |  0.4952347114
 104  8/   9 |         :       :     * |       :       :         | -2.2760052105
 105  9/   9 |         :       :       |       *       :         |  8.3750032146
 106 10/   9 |         :       :       *       :       :         |  0.1911141906
 107 11/   9 |         :       :       |    *  :       :         |  4.9552882404
 108 12/   9 +         :       :       *       :       :         +  0.5105112548
 109  1/  10 |         :       :       |*      :       :         |  0.5950825428
 110  2/  10 |         :       :       |       :    *  :         | 13.9760172400
 111  3/  10 |         :       :       | *     :       :         |  2.4692535112
 112  4/  10 |         :    *  :       |       :       :         | -11.4162528872
 113  5/  10 |         :       :   *   |       :       :         | -4.4253068784
 114  6/  10 |         :       :       | *     :       :         |  1.7802345456
 115  7/  10 |         :    *  :       |       :       :         | -11.6419145602
 116  8/  10 |         :       :       | *     :       :         |  2.5485881783
 117  9/  10 |         :       :       | *     :       :         |  2.4975155845
 118 10/  10 |         :       :       |       :  *    :         | 11.2763819796
 119 11/  10 |         :       :     * |       :       :         | -2.2937363289
 120 12/  10 +         :       :       *       :       :         +  0.1115214791
 121  1/  11 |         :       :       |*      :       :         |  0.5183248408
 122  2/  11 |         :       :       |  *    :       :         |  2.7639224615
 123  3/  11 |         :       :   *   |       :       :         | -4.0042991569
 124  4/  11 |         :       :*      |       :       :         | -6.9929575492
 125  5/  11 |         :   *   :       |       :       :         | -12.4609323884
 126  6/  11 |         :       :       |       : *     :         | 10.1111590019
 127  7/  11 |         :       :       |      *:       :         |  7.3571874054
 128  8/  11 |         :       :      *|       :       :         | -0.9080434955
 129  9/  11 |         :       :    *  |       :       :         | -3.0427009441
 130 10/  11 |         :       :      *|       :       :         | -0.9867183538
 131 11/  11 |         :       :       | *     :       :         |  1.7403497928
 132 12/  11 +         :       :       |     * :       :         +  6.3118910837
 133  1/  12 |         :       :    *  |       :       :         | -3.4881480609
 134  2/  12 |         :       :    *  |       :       :         | -3.3630948952
 135  3/  12 |         :       :      *|       :       :         | -1.4007044305
 136  4/  12 |         :       :       *       :       :         |  0.1470632118
 137  5/  12 |         :       :      *|       :       :         | -0.9080591280
 138  6/  12 |         :       :       |      *:       :         |  7.7525781406
 139  7/  12 |         :       :      *|       :       :         | -0.9877748956
 140  8/  12 |         :       :      *|       :       :         | -1.5651174833
 141  9/  12 |         :       :*      |       :       :         | -7.3557789941
 142 10/  12 |         :       :*      |       :       :         | -7.1309849632
 143 11/  12 |         :       :       |     * :       :         |  6.2047370644
 144 12/  12 +         :       :   *   |       :       :         + -3.9074056949
 145  1/  13 |         :       :       |    *  :       :         |  5.2258862712
 146  2/  13 |         :       :    *  |       :       :         | -2.7976608230
 147  3/  13 |         :       :      *|       :       :         | -1.1971695772
 148  4/  13 |         :       :     * |       :       :         | -1.5974042372
 149  5/  13 |         :       :       | *     :       :         |  1.8805604839
 150  6/  13 |         :       :   *   |       :       :         | -4.2951746456
 151  7/  13 |         :       *       |       :       :         | -8.3389948282
 152  8/  13 |         :       :      *|       :       :         | -1.5632215814
 153  9/  13 |         :       *       |       :       :         | -8.3256417745
 154 10/  13 |         :       *       |       :       :         | -8.7099794913
 155 11/  13>|    *    :       :       |       :       :         |>-21.6512331655
 156 12/  13>+         *       :       |       :       :         +>-16.4842479410
 157  1/  14 |         :       :       |       :    *  :         | 13.7981342449
 158  2/  14 |         :       :  *    |       :       :         | -5.6232592929
 159  3/  14 |         :       :       |       :     * :         | 14.3178850244
 160  4/  14 |         :       :       |   *   :       :         |  3.7619362336
 161  5/  14 |         :       :    *  |       :       :         | -2.7975253970
 162  6/  14>|         *       :       |       :       :         |>-17.0304487642
 163  7/  14 |         :   *   :       |       :       :         | -13.1927726379
 164  8/  14 |         :       :       |       : *     :         | 10.6919141883
 165  9/  14 |         :       :      *|       :       :         | -1.2241906484
 166 10/  14 |         :     * :       |       :       :         | -10.9653958016
 167 11/  14 |         :     * :       |       :       :         | -10.3022815329
 168 12/  14 +         :   *   :       |       :       :         + -12.3236407460
 169  1/  15 |         :       :     * |       :       :         | -2.0691102452
 170  2/  15>|         :       :       |       :       :    *    |>21.9120248535
 171  3/  15 |         :       :       |*      :       :         |  1.1384631907
 172  4/  15 |         :       :       |     * :       :         |  6.8057455033
 173  5/  15 |         :       :       *       :       :         | -0.5321068121
 174  6/  15 |         :     * :       |       :       :         | -10.5069886046
 175  7/  15 |         :       :       | *     :       :         |  2.2680909187
 176  8/  15 |         :       :       |*      :       :         |  1.2347566085
 177  9/  15 |         :       :       |       *       :         |  8.3417845171
 178 10/  15 |         :     * :       |       :       :         | -10.9780631136
 179 11/  15 |         :       :       |       :      *:         | 15.3499260327
 180 12/  15 +         :       :       *       :       :         + -0.4024357500
 181  1/  16 |         :       :       | *     :       :         |  2.0504654989
 182  2/  16 |         :     * :       |       :       :         | -10.5732782502
 183  3/  16 |         :       :       |  *    :       :         |  2.9617934858
 184  4/  16 |         :       : *     |       :       :         | -6.6528260790
 185  5/  16 |         :       :*      |       :       :         | -7.3776190298
 186  6/  16 |         :       :       |    *  :       :         |  5.1213830606
 187  7/  16 |         :       :       | *     :       :         |  2.0945390655
 188  8/  16 |         :       :       | *     :       :         |  1.9532852383
 189  9/  16 |         :       :       | *     :       :         |  1.7020789196
 190 10/  16 |         :       :       |       *       :         |  8.0437042367
 191 11/  16 |         :       :      *|       :       :         | -0.6544335499
 192 12/  16 +         :       :       |      *:       :         +  7.6719065970
 193  1/  17 |         :       : *     |       :       :         | -6.5401161347
 194  2/  17 |         :       :       |*      :       :         |  0.5717186051
 195  3/  17 |         :       :       |  *    :       :         |  3.3102331178
 196  4/  17 |         :       :       | *     :       :         |  1.9134339972
 197  5/  17 |         :       :    *  |       :       :         | -3.2264218987
 198  6/  17 |         :       :       |    *  :       :         |  5.5242039728
 199  7/  17 |         :       : *     |       :       :         | -5.9320068573
 200  8/  17 |         :       :       |  *    :       :         |  3.5043973059
 201  9/  17 |         :       :       *       :       :         |  0.1543075972
 202 10/  17>|    *    :       :       |       :       :         |>-21.9546663413
 203 11/  17 |         :       *       |       :       :         | -8.3636066216
 204 12/  17 +         :       :       |       *       :         +  8.0649007206
 205  1/  18 |         :       :       |    *  :       :         |  5.0304388511
 206  2/  18 |         :       :       |  *    :       :         |  3.3025076763
 207  3/  18 |         :       :       |    *  :       :         |  5.7255849942
 208  4/  18 |         :      *:       |       :       :         | -9.3338245391
 209  5/  18 |         :     * :       |       :       :         | -10.6361917788
 210  6/  18 |         :       :       |      *:       :         |  7.4543472731
 211  7/  18 |         :       :  *    |       :       :         | -5.3985337797
 212  8/  18 |         :       :       |  *    :       :         |  3.4892834535
 213  9/  18 |         :       :*      |       :       :         | -7.3506668906
 214 10/  18 |         :       :       |      *:       :         |  7.3100531339
 215 11/  18 |         :       :       |  *    :       :         |  3.0985850463
-------------+--+------+-------+-------+-------+-------+------+--+--------------
               -3     -2      -1       0      +1      +2     +3   

                 +------------------------------------------+
                 |       Table of standardized values       |
                 |       greater than or equal to 2.0       |
                 +------------------------------------------+
                 |                                          |
                 | Observation    Date   Standardized value |
                 |                                          |
                 |     81        9/   7        -3.21        |
                 |     82       10/   7        -2.38        |
                 |     83       11/   7        -2.92        |
                 |     86        2/   8         2.64        |
                 |    155       11/  13        -2.63        |
                 |    156       12/  13        -2.00        |
                 |    162        6/  14        -2.07        |
                 |    170        2/  15         2.67        |
                 |    202       10/  17        -2.67        |
                 +------------------------------------------+

Standardized time series histogram:

       -4      -3      -2      -1       0      +1      +2      +3      +4
        +---+---+---+---+---+---+---+---+---+---+---+---+---+---+---+---+
        |                                 49                            |
        |                                ....                            |
        |                                ....                            |
        |                             37 ....37                          |
        |                            ............                        |
        |                            ............                        |
        |                         28 ............                        |
        |                        ................                        |
        |                        ................                        |
        |                        ................                        |
        |                     18 ................17                      |
        |                    ........................                    |
        |                    ........................ 11                 |
        |                  9 ............................                |
        |                ................................                |
        |      1  3  3   ................................   2            |
        |    ............................................    ....        |
        +---+---+---+---+---+---+---+---+---+---+---+---+---+---+---+---+
       -4      -3      -2      -1       0      +1      +2      +3      +4

              64 values outside (-1,+1): 29.77 % (31.74 % expected)
               9 values outside (-2,+2):  4.19 % ( 4.56 % expected)

Autocorrelation function (acf bands =  0.136):

            -1                         0                         1  L-B Q  DF
-------------+-------------------------+-------------------------+--------------
   1   0.015 |                      :  |  :                      | 
   2   0.053 |                      :  |* :                      | 
   3  -0.102 |                      ***|  :                      | 
   4  -0.068 |                      :**|  :                      | 
   5   0.047 |                      :  |* :                      | 
   6  -0.094 |                      :**|  :                      | 
   7  -0.009 |                      :  |  :                      | 
   8  -0.104 |                      ***|  :                      | 
   9  -0.020 |                      :  |  :                      | 
  10   0.075 |                      :  |**:                      | 
  11   0.081 |                      :  |**:                      | 
  12   0.031 +                      :  |+ :                      +  11.94  12
  13  -0.041 |                      : *|  :                      | 
  14  -0.041 |                      : *|  :                      | 
  15   0.031 |                      :  |* :                      | 
  16  -0.040 |                      : *|  :                      | 
  17   0.000 |                      :  |  :                      | 
  18  -0.039 |                      : *|  :                      | 
  19   0.040 |                      :  |* :                      | 
  20   0.064 |                      :  |**:                      | 
  21   0.045 |                      :  |* :                      | 
  22   0.038 |                      :  |* :                      | 
  23  -0.057 |                      : *|  :                      | 
  24  -0.086 +                      :++|  :                      +  18.48  24
  25   0.132 |                      :  |***                      | 
  26  -0.015 |                      :  |  :                      | 
  27   0.027 |                      :  |* :                      | 
  28  -0.059 |                      : *|  :                      | 
  29  -0.059 |                      : *|  :                      | 
  30   0.066 |                      :  |**:                      | 
  31   0.005 |                      :  |  :                      | 
  32  -0.039 |                      : *|  :                      | 
  33   0.037 |                      :  |* :                      | 
  34   0.032 |                      :  |* :                      | 
  35   0.043 |                      :  |* :                      | 
  36  -0.050 +                      : +|  :                      +  27.97  36
  37  -0.012 |                      :  |  :                      | 
  38  -0.014 |                      :  |  :                      | 
  39  -0.073 |                      :**|  :                      | 
  40   0.068 |                      :  |**:                      | 
  41   0.054 |                      :  |* :                      | 
  42   0.042 |                      :  |* :                      |  31.97  42
-------------+-------------------------+-------------------------+--------------
            -1                         0                         1  L-B Q  DF

Partial autocorrelation function (pacf bands =  0.136):

            -1                         0                         1
-------------+-------------------------+-------------------------+--------------
   1   0.015 |                      :  |  :                      | 
   2   0.053 |                      :  |* :                      | 
   3  -0.104 |                      ***|  :                      | 
   4  -0.068 |                      :**|  :                      | 
   5   0.061 |                      :  |**:                      | 
   6  -0.101 |                      ***|  :                      | 
   7  -0.027 |                      : *|  :                      | 
   8  -0.087 |                      :**|  :                      | 
   9  -0.029 |                      : *|  :                      | 
  10   0.069 |                      :  |**:                      | 
  11   0.071 |                      :  |**:                      | 
  12  -0.005 +                      :  |  :                      + 
  13  -0.033 |                      : *|  :                      | 
  14  -0.033 |                      : *|  :                      | 
  15   0.036 |                      :  |* :                      | 
  16  -0.048 |                      : *|  :                      | 
  17  -0.006 |                      :  |  :                      | 
  18  -0.012 |                      :  |  :                      | 
  19   0.053 |                      :  |* :                      | 
  20   0.054 |                      :  |* :                      | 
  21   0.028 |                      :  |* :                      | 
  22   0.013 |                      :  |  :                      | 
  23  -0.038 |                      : *|  :                      | 
  24  -0.083 +                      :++|  :                      + 
  25   0.162 |                      :  |****                     | 
  26  -0.014 |                      :  |  :                      | 
  27   0.003 |                      :  |  :                      | 
  28  -0.011 |                      :  |  :                      | 
  29  -0.042 |                      : *|  :                      | 
  30   0.039 |                      :  |* :                      | 
  31   0.011 |                      :  |  :                      | 
  32  -0.103 |                      ***|  :                      | 
  33   0.092 |                      :  |**:                      | 
  34   0.072 |                      :  |**:                      | 
  35   0.014 |                      :  |  :                      | 
  36  -0.076 +                      :++|  :                      + 
  37  -0.015 |                      :  |  :                      | 
  38   0.008 |                      :  |  :                      | 
  39  -0.055 |                      : *|  :                      | 
  40   0.044 |                      :  |* :                      | 
  41   0.083 |                      :  |**:                      | 
  42   0.014 |                      :  |  :                      | 
-------------+-------------------------+-------------------------+--------------
            -1                         0                         1


--- Cross-correlation functions between residuals ---

CROSS CORRELATION a[2] - a[1]
      a[2] --> a[1] IF k > 0
      a[1] --> a[2] IF k < 0
CCF BANDS  2.0/SQRT(N) =  0.13640:

            -1                         0                         1
-------------+-------------------------+-------------------------+--------------
  -9  -0.040 |                      : *|  :                      |                            
  -8  -0.058 |                      : *|  :                      |                            
  -7   0.036 |                      :  |* :                      |                            
  -6  -0.117 |                      ***|  :                      |                            
  -5   0.011 |                      :  |  :                      |                            
  -4   0.091 |                      :  |**:                      |                            
  -3   0.012 |                      :  |  :                      |                            
  -2   0.039 |                      :  |* :                      |                            
  -1  -0.007 |                      :  |  :                      |                            
   0   0.521 |                      :  |*************            |                            
   1   0.006 |                      :  |  :                      |                            
   2   0.023 |                      :  |* :                      |                            
   3  -0.007 |                      :  |  :                      |                            
   4  -0.077 |                      :**|  :                      |                            
   5   0.100 |                      :  |***                      |                            
   6   0.038 |                      :  |* :                      |                            
   7   0.147 |                      :  |****                     |                            
   8   0.026 |                      :  |* :                      |                            
   9   0.112 |                      :  |***                      |                            
-------------+-------------------------+-------------------------+--------------
            -1                         0                         1
Q(10) = 70.812     k >= 0      Q( 9) = 11.825      k > 0
Q(10) = 65.719     k <= 0      Q( 9) =  6.732      k < 0

=============================================================
