Input Data File  : data/models_group1/IPC_ES.inp
Output File      : data/models_group1/IPC_ES.out
Model: VARMA(3,0)
Include mean     : yes
Diagonal AR      : no
Diagonal MA      : no
Diagonal Cov     : no
Estimation method: 1
Two-step init    : no
Frequency        : 12
Start            : 1 2002
Box-Cox lambda   : 0
Rescale factor   : 1
Differences      : d=1, D=0 (seasonal lag=12)
Deseasonalize    : harmonic (auto)
Series names     : IPC_ES
Observations     : 215 (raw 216)

Number of parameters: 5

=============================================================
  OPTIMIZER CONVERGED after 8 iterations
  Objective function = 0.999998326829
  Convergence criterion: norm of scaled gradient <= gradtol
=============================================================



=============================================================
  Estimated Parameters and Standard Deviations               
=============================================================

                        Parameter     Estimate    Std.Error   t-stat  p-val
--------------------------------------------------------------------
mu[1]                   0.001539     0.000280    5.491 0.0000 ***
phi[1]_11              0.419776     0.067979    6.175 0.0000 ***
phi[2]_11             -0.094610     0.073495   -1.287 0.1980    
phi[3]_11              0.048186     0.067975    0.709 0.4784    
cov[1,1]               1.000000     0.096448   10.368 0.0000 ***
--------------------------------------------------------------------
Signif. codes:  0 '***' 0.001 '**' 0.01 '*' 0.05 '.' 0.1 ' ' 1



=============================================================
           JOINT HYPOTHESIS TESTS (WALD)                    
=============================================================

Test of joint significance of last lag (AR(3) and MA(0)):
  Wald chi2(1) = 0.5025, p-value = 0.4784
  Conclusion: Cannot reject H0 → last lag is not significant.

Test of joint significance of last AR lag (AR(3)):
  Wald chi2(1) = 0.5025, p-value = 0.4784
  Conclusion: Cannot reject H0 → last AR lag is not significant.

No cross effects to test (model already diagonal).

--- Directional cross-effects tests ---


=============================================================
           ORTHOGONALIZED IMPULSE RESPONSE FUNCTIONS        
=============================================================
Shocks are orthogonalized via Cholesky decomposition of Sigma Matrix.
Order of variables: as in the model.

Shock to IPC_ES:
Horizon   IPC_ES
    0     0.0026
    1     0.0011
    2     0.0002
    3     0.0001
    4     0.0001
    5     0.0000
    6     0.0000
    7     0.0000
    8     0.0000
    9     0.0000
   10     0.0000
   11     0.0000
   12     0.0000
   13     0.0000
   14     0.0000
   15     0.0000
   16     0.0000
   17     0.0000
   18     0.0000
   19     0.0000
   20     0.0000


=============================================================
        ACCUMULATED IMPULSE RESPONSE FUNCTIONS               
=============================================================
Cumulative response of each variable to a one-s.d. shock
(sum of responses up to each horizon).

Shock to IPC_ES:
Horizon   IPC_ES
    0     0.0026
    1     0.0037
    2     0.0039
    3     0.0040
    4     0.0041
    5     0.0041
    6     0.0041
    7     0.0041
    8     0.0041
    9     0.0041
   10     0.0041
   11     0.0041
   12     0.0041
   13     0.0041
   14     0.0041
   15     0.0041
   16     0.0041
   17     0.0041
   18     0.0041
   19     0.0041
   20     0.0041


=============================================================
  LONG‑RUN GAIN, SHOCK STD. DEVIATIONS AND MEAN LAG        
=============================================================

Structural shock standard deviations (one‑s.d. shock size):
  IPC_ES   : 0.0026

Shock to IPC_ES:
  IPC_ES   : gain =   0.0041  mean lag =   0.60 months
=============================================================



=============================================================
           FORECAST ERROR VARIANCE DECOMPOSITION             
=============================================================
Values are percentages of forecast error variance accounted for by each shock.
Shocks are orthogonalized via Cholesky decomposition.

IPC_ES:
Horizon   IPC_ES
    1     100.00
    2     100.00
    3     100.00
    4     100.00
    5     100.00
    6     100.00
    7     100.00
    8     100.00
    9     100.00
   10     100.00
   11     100.00
   12     100.00
   13     100.00
   14     100.00
   15     100.00
   16     100.00
   17     100.00
   18     100.00
   19     100.00
   20     100.00



=============================================================
           MULTIVARIATE RESIDUAL DIAGNOSTICS                
=============================================================

Hosking's Multivariate Portmanteau Test (lag 14):
  Q(14) = 5.4667, p-value = 0.9782
  Cannot reject H0: residuals appear white noise.

Multivariate Jarque-Bera Test (normality):
  JB(2) = 0.2434, p-value = 0.8854
  Cannot reject H0: residuals appear normal.
=============================================================

Normalized model:
mu vector:
      0.001539
phi(1) matrix:
      0.419776
phi(2) matrix:
     -0.094610
phi(3) matrix:
      0.048186
Q matrix:
      1.000000
Sigma = sigma2 * Q:
      0.000007

Inverse roots of |phi(B)|=0:
      0.448425      0.000000 i  (modulus     0.448425)
     -0.014325     -0.327493 i  (modulus     0.327806)
     -0.014325      0.327493 i  (modulus     0.327806)



=============================================================
                RESIDUAL DIAGNOSTICS                         
=============================================================

--- Residual series a[1] (IPC_ES) ---
Unconditional residuals (seasonal period: 12)
215 observations: from 2/2002 to 12/2019

                  Mean:          -0.000001
Standard error of mean:           0.000176
              Variance:           0.000007
    Standard deviation:           0.002577
              Skewness:          -0.054320
              Kurtosis:           0.123955
               Minimum:          -0.008226 at  1/2016 (observation 168)
               Maximum:           0.007224 at  9/2012 (observation 128)

Standardized time series plot (original values on right-side column):

               -3     -2      -1       0      +1      +2     +3   
-------------+--+------+-------+-------+-------+-------+------+--+--------------
   1  2/2002 |         :       :       | *     :       :         |  0.0005187850
   2  3/2002 |         :       :       |    *  :       :         |  0.0016436635
   3  4/2002 |         :       :       |*      :       :         |  0.0001652167
   4  5/2002 |         :       :       | *     :       :         |  0.0004943432
   5  6/2002 |         :       : *     |       :       :         | -0.0018737789
   6  7/2002 |         :       :       |     * :       :         |  0.0019979450
   7  8/2002 |         :       :       *       :       :         |  0.0000534795
   8  9/2002 |         :       :       |     * :       :         |  0.0020625554
   9 10/2002 |         :       :      *|       :       :         | -0.0004424998
  10 11/2002 |         :       :    *  |       :       :         | -0.0010277493
  11 12/2002 +         :       :       |       : *     :         +  0.0034300961
  12  1/2003>|         :       :       |       :       :    *    |> 0.0069157972
  13  2/2003 |         :       :   *   |       :       :         | -0.0013987878
  14  3/2003 |         :       :       | *     :       :         |  0.0006381955
  15  4/2003 |         : *     :       |       :       :         | -0.0046610523
  16  5/2003 |         :       : *     |       :       :         | -0.0020718210
  17  6/2003 |         :       :       |*      :       :         |  0.0002305772
  18  7/2003 |         :       :       |     * :       :         |  0.0019500986
  19  8/2003 |         :       :       |     * :       :         |  0.0018980423
  20  9/2003 |         :       :       | *     :       :         |  0.0005815393
  21 10/2003 |         :      *:       |       :       :         | -0.0029132399
  22 11/2003 |         :       :       |    *  :       :         |  0.0017997465
  23 12/2003 +         :       :       | *     :       :         +  0.0008023063
  24  1/2004 |         :       :       |       :     * :         |  0.0046746465
  25  2/2004 |         :       : *     |       :       :         | -0.0019469696
  26  3/2004 |         :       :       |   *   :       :         |  0.0012517138
  27  4/2004 |         :       :       |  *    :       :         |  0.0010303039
  28  5/2004 |         :       :       |       *       :         |  0.0024874091
  29  6/2004 |         :       :   *   |       :       :         | -0.0011985221
  30  7/2004 |         :       :       |*      :       :         |  0.0002923772
  31  8/2004 |         :       :       |      *:       :         |  0.0021862060
  32  9/2004 |         :       :     * |       :       :         | -0.0007396281
  33 10/2004 |         :       :       |   *   :       :         |  0.0014121062
  34 11/2004 |         :       :     * |       :       :         | -0.0006056727
  35 12/2004 +         :       :   *   |       :       :         + -0.0012248348
  36  1/2005 |         :       :       |       :  *    :         |  0.0037411211
  37  2/2005 |         :       :       | *     :       :         |  0.0006699110
  38  3/2005 |         :       :       |   *   :       :         |  0.0014041380
  39  4/2005 |         :       :       |     * :       :         |  0.0019125791
  40  5/2005 |         :       : *     |       :       :         | -0.0018981746
  41  6/2005 |         :       :       |   *   :       :         |  0.0012578194
  42  7/2005 |         :       :       | *     :       :         |  0.0007475848
  43  8/2005 |         :       :       |     * :       :         |  0.0019372616
  44  9/2005 |         :       :       |       :  *    :         |  0.0036708366
  45 10/2005 |         :       :*      |       :       :         | -0.0023384172
  46 11/2005 |         :       :      *|       :       :         | -0.0003737412
  47 12/2005 +         :       :       |     * :       :         +  0.0018977142
  48  1/2006>|         :       :       |       :       :  *      |> 0.0063156563
  49  2/2006 |         :       *       |       :       :         | -0.0027502273
  50  3/2006 |         :       :       |     * :       :         |  0.0018619081
  51  4/2006 |         :       :       |     * :       :         |  0.0018778929
  52  5/2006 |         :       :       *       :       :         | -0.0001445514
  53  6/2006 |         :       :      *|       :       :         | -0.0002537552
  54  7/2006 |         :       :       |  *    :       :         |  0.0010835229
  55  8/2006 |         :       :      *|       :       :         | -0.0004774554
  56  9/2006 |         :      *:       |       :       :         | -0.0030769368
  57 10/2006 |         :      *:       |       :       :         | -0.0031136714
  58 11/2006 |         :       :       |    *  :       :         |  0.0015924634
  59 12/2006 +         :       :       |     * :       :         +  0.0020512942
  60  1/2007 |         :       :       |       : *     :         |  0.0033755318
  61  2/2007 |         :       :   *   |       :       :         | -0.0013212239
  62  3/2007 |         :       :       |     * :       :         |  0.0020843303
  63  4/2007 |         :       :       |    *  :       :         |  0.0017304692
  64  5/2007 |         :       :    *  |       :       :         | -0.0009045807
  65  6/2007 |         :       :       |*      :       :         |  0.0003896538
  66  7/2007 |         :       :     * |       :       :         | -0.0006740251
  67  8/2007 |         :       :      *|       :       :         | -0.0004069043
  68  9/2007 |         :       :       |     * :       :         |  0.0019427949
  69 10/2007 |         :       :       |       :   *   :         |  0.0038430651
  70 11/2007 |         :       :       |       :*      :         |  0.0030315610
  71 12/2007 +         :       :       |     * :       :         +  0.0020902067
  72  1/2008 |         :       :       |       :*      :         |  0.0028260092
  73  2/2008 |         :       :     * |       :       :         | -0.0005968481
  74  3/2008 |         :       :       |       :*      :         |  0.0031131420
  75  4/2008 |         :       :   *   |       :       :         | -0.0014171917
  76  5/2008 |         :       :       |       :    *  :         |  0.0043382370
  77  6/2008 |         :       :       |      *:       :         |  0.0023015812
  78  7/2008 |         :       :       |*      :       :         |  0.0002780851
  79  8/2008 |         : *     :       |       :       :         | -0.0046054706
  80  9/2008 |         :       :       *       :       :         | -0.0000588663
  81 10/2008 |         :  *    :       |       :       :         | -0.0043180888
  82 11/2008 |         : *     :       |       :       :         | -0.0046935839
  83 12/2008 +         :     * :       |       :       :         + -0.0031998483
  84  1/2009 |         :       :      *|       :       :         | -0.0001826228
  85  2/2009 |         :       :       |*      :       :         |  0.0002654938
  86  3/2009 |         :    *  :       |       :       :         | -0.0035588772
  87  4/2009 |         :       :       | *     :       :         |  0.0007453470
  88  5/2009 |         :      *:       |       :       :         | -0.0029596816
  89  6/2009 |         :       :       |       :    *  :         |  0.0041827475
  90  7/2009 |         :    *  :       |       :       :         | -0.0034556717
  91  8/2009 |         :       :       |       *       :         |  0.0027717250
  92  9/2009 |         :*      :       |       :       :         | -0.0048465823
  93 10/2009 |         :       :       |  *    :       :         |  0.0009089105
  94 11/2009 |         :       :       |       :*      :         |  0.0030140037
  95 12/2009 +         :       : *     |       :       :         + -0.0019216057
  96  1/2010 |         :       :       | *     :       :         |  0.0007091849
  97  2/2010 |         :       *       |       :       :         | -0.0025873898
  98  3/2010 |         :       :       |       :*      :         |  0.0029764211
  99  4/2010 |         :       :    *  |       :       :         | -0.0009464527
 100  5/2010 |         :       :       *       :       :         | -0.0001563877
 101  6/2010 |         :       :       |*      :       :         |  0.0002907233
 102  7/2010 |         :       :       |    *  :       :         |  0.0017997352
 103  8/2010 |         :       :      *|       :       :         | -0.0002177914
 104  9/2010 |         :       :    *  |       :       :         | -0.0008983518
 105 10/2010 |         :       :       |    *  :       :         |  0.0014813221
 106 11/2010 |         :       :       |       *       :         |  0.0024837631
 107 12/2010 +         :       :       |       :     * :         +  0.0044956051
 108  1/2011 |         :       :       |*      :       :         |  0.0003103383
 109  2/2011 |         :       :       *       :       :         |  0.0000516583
 110  3/2011 |         :       :       |     * :       :         |  0.0018108713
 111  4/2011 |         :       :       |   *   :       :         |  0.0012353777
 112  5/2011 |         :    *  :       |       :       :         | -0.0036781293
 113  6/2011 |         :       :  *    |       :       :         | -0.0016768294
 114  7/2011 |         :       :       |    *  :       :         |  0.0016744928
 115  8/2011 |         :       :   *   |       :       :         | -0.0011898090
 116  9/2011 |         :       :       |   *   :       :         |  0.0014248979
 117 10/2011 |         :       :      *|       :       :         | -0.0003658176
 118 11/2011 |         :       :       |    *  :       :         |  0.0017987629
 119 12/2011 +         :       :       *       :       :         +  0.0000078492
 120  1/2012 |         :       :  *    |       :       :         | -0.0016685516
 121  2/2012 |         :       :       |  *    :       :         |  0.0010618378
 122  3/2012 |         :       :       |  *    :       :         |  0.0011084634
 123  4/2012 |         :       :       |       : *     :         |  0.0034339733
 124  5/2012>|        *:       :       |       :       :         |>-0.0055968338
 125  6/2012 |         :       :   *   |       :       :         | -0.0014645520
 126  7/2012 |         :       :       |       :     * :         |  0.0045685690
 127  8/2012 |         :       :       |     * :       :         |  0.0019785695
 128  9/2012>|         :       :       |       :       :     *   |> 0.0072239538
 129 10/2012 |         :       :*      |       :       :         | -0.0023545795
 130 11/2012 |         :     * :       |       :       :         | -0.0033444176
 131 12/2012 +         :       :       |   *   :       :         +  0.0013203007
 132  1/2013 |         :   *   :       |       :       :         | -0.0040415131
 133  2/2013 |         :       :       |       :*      :         |  0.0027984764
 134  3/2013 |         :       :*      |       :       :         | -0.0024096441
 135  4/2013>|         *       :       |       :       :         |>-0.0051746309
 136  5/2013 |         :       :       |    *  :       :         |  0.0016515628
 137  6/2013 |         :       :      *|       :       :         | -0.0003114738
 138  7/2013 |         :       :       |  *    :       :         |  0.0009766962
 139  8/2013 |         :       :       |  *    :       :         |  0.0008937270
 140  9/2013 |         :   *   :       |       :       :         | -0.0038174478
 141 10/2013 |         :       : *     |       :       :         | -0.0019627294
 142 11/2013 |         :       :       |  *    :       :         |  0.0008522527
 143 12/2013 +         :       :       |*      :       :         +  0.0002647196
 144  1/2014 |         :  *    :       |       :       :         | -0.0041555086
 145  2/2014 |         :       :       | *     :       :         |  0.0007517527
 146  3/2014 |         :      *:       |       :       :         | -0.0028609625
 147  4/2014 |         :       :       |*      :       :         |  0.0003238439
 148  5/2014 |         :       : *     |       :       :         | -0.0021313696
 149  6/2014 |         :       :      *|       :       :         | -0.0002931632
 150  7/2014 |         :     * :       |       :       :         | -0.0031865957
 151  8/2014 |         :       :       |  *    :       :         |  0.0011259362
 152  9/2014 |         :       :       *       :       :         | -0.0001342842
 153 10/2014 |         :       *       |       :       :         | -0.0027409967
 154 11/2014 |         :       :  *    |       :       :         | -0.0017877509
 155 12/2014>+        *:       :       |       :       :         +>-0.0054380440
 156  1/2015 |         :  *    :       |       :       :         | -0.0042824994
 157  2/2015 |         :       :       |       :   *   :         |  0.0038496524
 158  3/2015 |         :       :       |*      :       :         |  0.0002465239
 159  4/2015 |         :       :     * |       :       :         | -0.0007843218
 160  5/2015 |         :       :       |       *       :         |  0.0025830842
 161  6/2015 |         :       :       *       :       :         |  0.0000309518
 162  7/2015 |         :    *  :       |       :       :         | -0.0036599256
 163  8/2015 |         :   *   :       |       :       :         | -0.0038140873
 164  9/2015 |         :       *       |       :       :         | -0.0027796059
 165 10/2015 |         :       :       |*      :       :         |  0.0004145688
 166 11/2015 |         :       :       |    *  :       :         |  0.0016646503
 167 12/2015 +         :   *   :       |       :       :         + -0.0039497007
 168  1/2016>|*        :       :       |       :       :         |>-0.0082264232
 169  2/2016 |         :       :      *|       :       :         | -0.0003504634
 170  3/2016 |         :       :       |      *:       :         |  0.0021460912
 171  4/2016 |         :     * :       |       :       :         | -0.0034043403
 172  5/2016 |         :       :       |       :     * :         |  0.0044672541
 173  6/2016 |         :       :       |    *  :       :         |  0.0014826711
 174  7/2016 |         :       :*      |       :       :         | -0.0022280818
 175  8/2016 |         :       :       *       :       :         |  0.0000707796
 176  9/2016 |         :       :  *    |       :       :         | -0.0014923607
 177 10/2016 |         :       :       |       :     * :         |  0.0044500346
 178 11/2016 |         :       :      *|       :       :         | -0.0003842906
 179 12/2016>+         :       :       |       :       *         +> 0.0052333238
 180  1/2017 |         :       :       |   *   :       :         |  0.0013007242
 181  2/2017>|         *       :       |       :       :         |>-0.0052679192
 182  3/2017 |         :     * :       |       :       :         | -0.0034343382
 183  4/2017 |         :       :       |   *   :       :         |  0.0014211951
 184  5/2017 |         :     * :       |       :       :         | -0.0033551396
 185  6/2017 |         :       :       |*      :       :         |  0.0003989612
 186  7/2017 |         :       :    *  |       :       :         | -0.0008998145
 187  8/2017 |         :       :       | *     :       :         |  0.0005546449
 188  9/2017 |         :       :       *       :       :         |  0.0001351828
 189 10/2017 |         :       :       |    *  :       :         |  0.0017072565
 190 11/2017 |         :       :       |    *  :       :         |  0.0015659559
 191 12/2017 +         :       :    *  |       :       :         + -0.0009367878
 192  1/2018 |         :       :  *    |       :       :         | -0.0016100362
 193  2/2018 |         :       :       |   *   :       :         |  0.0013367632
 194  3/2018 |         :  *    :       |       :       :         | -0.0043200873
 195  4/2018 |         :       :       |*      :       :         |  0.0003140023
 196  5/2018>|         :       :       |       :       :   *     |> 0.0066916131
 197  6/2018 |         :       :  *    |       :       :         | -0.0016343881
 198  7/2018 |         :       :   *   |       :       :         | -0.0012937634
 199  8/2018 |         :       :       *       :       :         | -0.0000661039
 200  9/2018 |         :       :       |  *    :       :         |  0.0009122544
 201 10/2018 |         :       :       |    *  :       :         |  0.0015389112
 202 11/2018 |         :   *   :       |       :       :         | -0.0040647478
 203 12/2018 +         :    *  :       |       :       :         + -0.0035615858
 204  1/2019 |         :       :*      |       :       :         | -0.0021960498
 205  2/2019 |         :       :       |       :*      :         |  0.0031153787
 206  3/2019 |         :       :*      |       :       :         | -0.0022668520
 207  4/2019 |         :       :       |   *   :       :         |  0.0014058257
 208  5/2019 |         :       :    *  |       :       :         | -0.0009828488
 209  6/2019 |         :       :*      |       :       :         | -0.0024203580
 210  7/2019 |         :       :       |*      :       :         |  0.0004906705
 211  8/2019 |         :       :*      |       :       :         | -0.0024613366
 212  9/2019 |         :       :      *|       :       :         | -0.0004162354
 213 10/2019 |         :       :       |       *       :         |  0.0027851427
 214 11/2019 |         :       :  *    |       :       :         | -0.0015920298
 215 12/2019 +         :       :     * |       :       :         + -0.0007897906
-------------+--+------+-------+-------+-------+-------+------+--+--------------
               -3     -2      -1       0      +1      +2     +3   

                 +------------------------------------------+
                 |       Table of standardized values       |
                 |       greater than or equal to 2.0       |
                 +------------------------------------------+
                 |                                          |
                 | Observation    Date   Standardized value |
                 |                                          |
                 |     12        1/2003         2.68        |
                 |     48        1/2006         2.45        |
                 |    124        5/2012        -2.17        |
                 |    128        9/2012         2.80        |
                 |    135        4/2013        -2.01        |
                 |    155       12/2014        -2.11        |
                 |    168        1/2016        -3.19        |
                 |    179       12/2016         2.03        |
                 |    181        2/2017        -2.04        |
                 |    196        5/2018         2.60        |
                 +------------------------------------------+

Standardized time series histogram:

       -4      -3      -2      -1       0      +1      +2      +3      +4
        +---+---+---+---+---+---+---+---+---+---+---+---+---+---+---+---+
        |                                 45                            |
        |                                .... 42                         |
        |                                ........                        |
        |                             34 ........                        |
        |                            ............                        |
        |                            ............                        |
        |                         27 ............                        |
        |                        ................                        |
        |                     22 ................                        |
        |                    .................... 17                     |
        |                    ........................                    |
        |                    ........................                    |
        |                 11 ........................                    |
        |                ............................  7                 |
        |              4 ................................     3          |
        |      1     .................................... 2  ....        |
        |    ....    ............................................        |
        +---+---+---+---+---+---+---+---+---+---+---+---+---+---+---+---+
       -4      -3      -2      -1       0      +1      +2      +3      +4

              67 values outside (-1,+1): 31.16 % (31.74 % expected)
              10 values outside (-2,+2):  4.65 % ( 4.56 % expected)

Autocorrelation function (acf bands =  0.136):

            -1                         0                         1  L-B Q  DF
-------------+-------------------------+-------------------------+--------------
   1  -0.001 |                      :  |  :                      | 
   2  -0.002 |                      :  |  :                      | 
   3  -0.013 |                      :  |  :                      | 
   4   0.001 |                      :  |  :                      | 
   5   0.119 |                      :  |***                      | 
   6   0.054 |                      :  |* :                      | 
   7   0.014 |                      :  |  :                      | 
   8   0.014 |                      :  |  :                      | 
   9   0.020 |                      :  |  :                      | 
  10   0.013 |                      :  |  :                      | 
  11   0.028 |                      :  |* :                      | 
  12   0.073 +                      :  |++:                      +   5.43  12
  13   0.021 |                      :  |* :                      | 
  14  -0.027 |                      : *|  :                      | 
  15   0.005 |                      :  |  :                      | 
  16   0.029 |                      :  |* :                      | 
  17   0.042 |                      :  |* :                      | 
  18   0.043 |                      :  |* :                      | 
  19  -0.011 |                      :  |  :                      | 
  20   0.115 |                      :  |***                      | 
  21   0.021 |                      :  |* :                      | 
  22   0.020 |                      :  |  :                      | 
  23  -0.050 |                      : *|  :                      | 
  24   0.050 +                      :  |+ :                      +  11.39  24
  25  -0.041 |                      : *|  :                      | 
  26   0.057 |                      :  |* :                      | 
  27  -0.002 |                      :  |  :                      | 
  28  -0.036 |                      : *|  :                      | 
  29   0.026 |                      :  |* :                      | 
  30   0.082 |                      :  |**:                      | 
  31   0.010 |                      :  |  :                      | 
  32   0.042 |                      :  |* :                      | 
  33  -0.018 |                      :  |  :                      | 
  34   0.020 |                      :  |  :                      | 
  35   0.007 |                      :  |  :                      | 
  36   0.058 +                      :  |+ :                      +  16.33  36
  37  -0.057 |                      : *|  :                      | 
  38   0.036 |                      :  |* :                      | 
  39   0.043 |                      :  |* :                      | 
  40  -0.027 |                      : *|  :                      | 
  41   0.014 |                      :  |  :                      | 
  42  -0.026 |                      : *|  :                      |  18.42  42
-------------+-------------------------+-------------------------+--------------
            -1                         0                         1  L-B Q  DF

Partial autocorrelation function (pacf bands =  0.136):

            -1                         0                         1
-------------+-------------------------+-------------------------+--------------
   1  -0.001 |                      :  |  :                      | 
   2  -0.002 |                      :  |  :                      | 
   3  -0.013 |                      :  |  :                      | 
   4   0.001 |                      :  |  :                      | 
   5   0.119 |                      :  |***                      | 
   6   0.055 |                      :  |* :                      | 
   7   0.015 |                      :  |  :                      | 
   8   0.017 |                      :  |  :                      | 
   9   0.021 |                      :  |* :                      | 
  10  -0.000 |                      :  |  :                      | 
  11   0.016 |                      :  |  :                      | 
  12   0.068 +                      :  |++:                      + 
  13   0.018 |                      :  |  :                      | 
  14  -0.033 |                      : *|  :                      | 
  15   0.002 |                      :  |  :                      | 
  16   0.024 |                      :  |* :                      | 
  17   0.022 |                      :  |* :                      | 
  18   0.032 |                      :  |* :                      | 
  19  -0.007 |                      :  |  :                      | 
  20   0.118 |                      :  |***                      | 
  21   0.016 |                      :  |  :                      | 
  22   0.010 |                      :  |  :                      | 
  23  -0.062 |                      :**|  :                      | 
  24   0.044 +                      :  |+ :                      + 
  25  -0.073 |                      :**|  :                      | 
  26   0.043 |                      :  |* :                      | 
  27  -0.011 |                      :  |  :                      | 
  28  -0.034 |                      : *|  :                      | 
  29   0.008 |                      :  |  :                      | 
  30   0.090 |                      :  |**:                      | 
  31   0.001 |                      :  |  :                      | 
  32   0.031 |                      :  |* :                      | 
  33  -0.018 |                      :  |  :                      | 
  34   0.028 |                      :  |* :                      | 
  35  -0.011 |                      :  |  :                      | 
  36   0.045 +                      :  |+ :                      + 
  37  -0.080 |                      :**|  :                      | 
  38   0.027 |                      :  |* :                      | 
  39   0.035 |                      :  |* :                      | 
  40  -0.036 |                      : *|  :                      | 
  41  -0.005 |                      :  |  :                      | 
  42  -0.035 |                      : *|  :                      | 
-------------+-------------------------+-------------------------+--------------
            -1                         0                         1


=============================================================
